hey there this is message 0
hey there this is message 1
hey there this is message 2
hey there this is message 3
hey there this is message 4
hey there this is message 5
hey there this is message 6
hey there this is message 7
hey there this is message 8
hey there this is message 9
hey there this is message 10
hey there this is message 11
hey there this is message 12
hey there this is message 13
hey there this is message 14
hey there this is message 15
hey there this is message 16
hey there this is message 17
hey there this is message 18
hey there this is message 19
hey there this is message 20
hey there this is message 21
hey there this is message 22
hey there this is message 23
hey there this is message 24
hey there this is message 25
hey there this is message 26
hey there this is message 27
hey there this is message 28
hey there this is message 29
hey there this is message 30
hey there this is message 31
hey there this is message 32
hey there this is message 33
hey there this is message 34
hey there this is message 35
hey there this is message 36
hey there this is message 37
hey there this is message 38
hey there this is message 39
hey there this is message 40
hey there this is message 41
hey there this is message 42
hey there this is message 43
hey there this is message 44
hey there this is message 45
hey there this is message 46
hey there this is message 47
hey there this is message 48
hey there this is message 49
hey there this is message 50
hey there this is message 51
hey there this is message 52
hey there this is message 53
hey there this is message 54
hey there this is message 55
hey there this is message 56
hey there this is message 57
hey there this is message 58
hey there this is message 59
hey there this is message 60
hey there this is message 61
hey there this is message 62
hey there this is message 63
hey there this is message 64
hey there this is message 65
hey there this is message 66
hey there this is message 67
hey there this is message 68
hey there this is message 69
hey there this is message 70
hey there this is message 71
hey there this is message 72
hey there this is message 73
hey there this is message 74
hey there this is message 75
hey there this is message 76
hey there this is message 77
hey there this is message 78
hey there this is message 79
hey there this is message 80
hey there this is message 81
hey there this is message 82
hey there this is message 83
hey there this is message 84
hey there this is message 85
hey there this is message 86
hey there this is message 87
hey there this is message 88
hey there this is message 89
hey there this is message 90
hey there this is message 91
hey there this is message 92
hey there this is message 93
hey there this is message 0
hey there this is message 1
hey there this is message 2
hey there this is message 3
hey there this is message 4
hey there this is message 5
hey there this is message 6
hey there this is message 7
hey there this is message 8
hey there this is message 9
hey there this is message 10
hey there this is message 11
hey there this is message 12
hey there this is message 13
hey there this is message 14
hey there this is message 15
hey there this is message 16
hey there this is message 17
hey there this is message 18
hey there this is message 19
hey there this is message 20
hey there this is message 21
hey there this is message 22
hey there this is message 23
hey there this is message 24
hey there this is message 25
hey there this is message 26
hey there this is message 27
hey there this is message 28
hey there this is message 29
hey there this is message 30
hey there this is message 31
hey there this is message 32
hey there this is message 33
hey there this is message 34
hey there this is message 35
hey there this is message 36
hey there this is message 37
hey there this is message 38
hey there this is message 39
hey there this is message 40
hey there this is message 41
hey there this is message 42
hey there this is message 43
hey there this is message 44
hey there this is message 45
hey there this is message 46
hey there this is message 47
hey there this is message 48
hey there this is message 49
hey there this is message 50
hey there this is message 51
hey there this is message 52
hey there this is message 53
hey there this is message 54
hey there this is message 55
hey there this is message 56
hey there this is message 57
hey there this is message 58
hey there this is message 59
hey there this is message 60
hey there this is message 61
hey there this is message 62
hey there this is message 63
hey there this is message 64
hey there this is message 65
hey there this is message 66
hey there this is message 67
hey there this is message 68
hey there this is message 69
hey there this is message 70
hey there this is message 71
hey there this is message 72
hey there this is message 73
hey there this is message 74
hey there this is message 75
hey there this is message 76
hey there this is message 77
hey there this is message 78
hey there this is message 79
hey there this is message 80
hey there this is message 81
hey there this is message 82
hey there this is message 83
hey there this is message 84
hey there this is message 85
hey there this is message 86
hey there this is message 87
hey there this is message 88
hey there this is message 89
hey there this is message 90
hey there this is message 91
hey there this is message 92
hey there this is message 93
hey there this is message 94
hey there this is message 95
hey there this is message 96
hey there this is message 97
hey there this is message 98
hey there this is message 99
hey there this is message 100
hey there this is message 101
hey there this is message 102
hey there this is message 103
hey there this is message 104
hey there this is message 105
hey there this is message 106
hey there this is message 107
hey there this is message 108
hey there this is message 109
hey there this is message 110
hey there this is message 111
hey there this is message 112
hey there this is message 113
hey there this is message 114
hey there this is message 115
hey there this is message 116
hey there this is message 117
hey there this is message 118
hey there this is message 119
hey there this is message 120
hey there this is message 121
hey there this is message 122
hey there this is message 123
hey there this is message 124
hey there this is message 125
hey there this is message 126
hey there this is message 127
hey there this is message 128
hey there this is message 129
hey there this is message 130
hey there this is message 131
hey there this is message 132
hey there this is message 133
hey there this is message 134
hey there this is message 135
hey there this is message 136
hey there this is message 137
hey there this is message 138
hey there this is message 139
hey there this is message 140
hey there this is message 141
hey there this is message 142
hey there this is message 143
hey there this is message 144
hey there this is message 145
hey there this is message 146
hey there this is message 147
hey there this is message 148
hey there this is message 149
hey there this is message 150
hey there this is message 151
hey there this is message 152
hey there this is message 153
hey there this is message 154
hey there this is message 155
hey there this is message 156
hey there this is message 157
hey there this is message 158
hey there this is message 159
hey there this is message 160
hey there this is message 161
hey there this is message 162
hey there this is message 163
hey there this is message 164
hey there this is message 165
hey there this is message 166
hey there this is message 167
hey there this is message 168
hey there this is message 169
hey there this is message 170
hey there this is message 171
hey there this is message 172
hey there this is message 173
hey there this is message 174
hey there this is message 175
hey there this is message 176
hey there this is message 177
hey there this is message 178
hey there this is message 179
hey there this is message 180
hey there this is message 181
hey there this is message 182
hey there this is message 183
hey there this is message 184
hey there this is message 185
hey there this is message 186
hey there this is message 187
hey there this is message 188
hey there this is message 189
hey there this is message 190
hey there this is message 191
hey there this is message 192
hey there this is message 193
hey there this is message 194
hey there this is message 195
hey there this is message 196
hey there this is message 197
hey there this is message 198
hey there this is message 199
hey there this is message 200
hey there this is message 201
hey there this is message 202
hey there this is message 203
hey there this is message 204
hey there this is message 205
hey there this is message 206
hey there this is message 207
hey there this is message 208
hey there this is message 209
hey there this is message 210
hey there this is message 211
hey there this is message 212
hey there this is message 213
hey there this is message 214
hey there this is message 215
hey there this is message 216
hey there this is message 217
hey there this is message 218
hey there this is message 219
hey there this is message 220
hey there this is message 221
hey there this is message 222
hey there this is message 223
hey there this is message 224
hey there this is message 225
hey there this is message 226
hey there this is message 227
hey there this is message 228
hey there this is message 229
hey there this is message 230
hey there this is message 231
hey there this is message 232
hey there this is message 233
hey there this is message 234
hey there this is message 235
hey there this is message 236
hey there this is message 237
hey there this is message 238
hey there this is message 239
hey there this is message 240
hey there this is message 241
hey there this is message 242
hey there this is message 243
hey there this is message 244
hey there this is message 245
hey there this is message 246
hey there this is message 247
hey there this is message 248
hey there this is message 249
hey there this is message 250
hey there this is message 251
hey there this is message 252
hey there this is message 253
hey there this is message 254
hey there this is message 255
hey there this is message 256
hey there this is message 257
hey there this is message 258
hey there this is message 259
hey there this is message 260
hey there this is message 261
hey there this is message 262
hey there this is message 263
hey there this is message 264
hey there this is message 265
hey there this is message 266
hey there this is message 267
hey there this is message 268
hey there this is message 269
hey there this is message 270
hey there this is message 271
hey there this is message 272
hey there this is message 273
hey there this is message 274
hey there this is message 275
hey there this is message 276
hey there this is message 277
hey there this is message 278
hey there this is message 279
hey there this is message 280
hey there this is message 281
hey there this is message 282
hey there this is message 283
hey there this is message 284
hey there this is message 285
hey there this is message 286
hey there this is message 287
hey there this is message 288
hey there this is message 289
hey there this is message 290
hey there this is message 291
hey there this is message 292
hey there this is message 293
hey there this is message 294
hey there this is message 295
hey there this is message 296
hey there this is message 297
hey there this is message 298
hey there this is message 299
hey there this is message 300
hey there this is message 301
hey there this is message 302
hey there this is message 303
hey there this is message 304
hey there this is message 305
hey there this is message 306
hey there this is message 307
hey there this is message 308
hey there this is message 309
hey there this is message 310
hey there this is message 311
hey there this is message 312
hey there this is message 313
hey there this is message 314
hey there this is message 315
hey there this is message 316
hey there this is message 317
hey there this is message 318
hey there this is message 319
hey there this is message 320
hey there this is message 321
hey there this is message 322
hey there this is message 323
hey there this is message 324
hey there this is message 325
hey there this is message 326
hey there this is message 327
hey there this is message 328
hey there this is message 329
hey there this is message 330
hey there this is message 331
hey there this is message 332
hey there this is message 333
hey there this is message 334
hey there this is message 335
hey there this is message 336
hey there this is message 337
hey there this is message 338
hey there this is message 339
hey there this is message 340
hey there this is message 341
hey there this is message 342
hey there this is message 343
hey there this is message 344
hey there this is message 345
hey there this is message 346
hey there this is message 347
hey there this is message 348
hey there this is message 349
hey there this is message 350
hey there this is message 351
hey there this is message 352
hey there this is message 353
hey there this is message 354
hey there this is message 355
hey there this is message 356
hey there this is message 357
hey there this is message 358
hey there this is message 359
hey there this is message 360
hey there this is message 361
hey there this is message 362
hey there this is message 363
hey there this is message 364
hey there this is message 365
hey there this is message 366
hey there this is message 367
hey there this is message 368
hey there this is message 369
hey there this is message 370
hey there this is message 371
hey there this is message 372
hey there this is message 373
hey there this is message 374
hey there this is message 375
hey there this is message 376
hey there this is message 377
hey there this is message 378
hey there this is message 379
hey there this is message 380
hey there this is message 381
hey there this is message 382
hey there this is message 383
hey there this is message 384
hey there this is message 385
hey there this is message 386
hey there this is message 387
hey there this is message 388
hey there this is message 389
hey there this is message 390
hey there this is message 391
hey there this is message 392
hey there this is message 393
hey there this is message 394
hey there this is message 395
hey there this is message 396
hey there this is message 397
hey there this is message 398
hey there this is message 399
hey there this is message 400
hey there this is message 401
hey there this is message 402
hey there this is message 403
hey there this is message 404
hey there this is message 405
hey there this is message 406
hey there this is message 407
hey there this is message 408
hey there this is message 409
hey there this is message 410
hey there this is message 411
hey there this is message 412
hey there this is message 413
hey there this is message 414
hey there this is message 415
hey there this is message 416
hey there this is message 417
hey there this is message 418
hey there this is message 419
hey there this is message 420
hey there this is message 421
hey there this is message 422
hey there this is message 423
hey there this is message 424
hey there this is message 425
hey there this is message 426
hey there this is message 427
hey there this is message 428
hey there this is message 429
hey there this is message 430
hey there this is message 431
hey there this is message 432
hey there this is message 433
hey there this is message 434
hey there this is message 435
hey there this is message 436
hey there this is message 437
hey there this is message 438
hey there this is message 439
hey there this is message 440
hey there this is message 441
hey there this is message 442
hey there this is message 443
hey there this is message 444
hey there this is message 445
hey there this is message 446
hey there this is message 447
hey there this is message 448
hey there this is message 449
hey there this is message 450
hey there this is message 451
hey there this is message 452
hey there this is message 453
hey there this is message 454
hey there this is message 455
hey there this is message 456
hey there this is message 457
hey there this is message 458
hey there this is message 459
hey there this is message 460
hey there this is message 461
hey there this is message 462
hey there this is message 463
hey there this is message 464
hey there this is message 465
hey there this is message 466
hey there this is message 467
hey there this is message 468
hey there this is message 469
hey there this is message 470
hey there this is message 471
hey there this is message 472
hey there this is message 473
hey there this is message 474
hey there this is message 475
hey there this is message 476
hey there this is message 477
hey there this is message 478
hey there this is message 479
hey there this is message 480
hey there this is message 481
hey there this is message 482
hey there this is message 483
hey there this is message 484
hey there this is message 485
hey there this is message 486
hey there this is message 487
hey there this is message 488
hey there this is message 489
hey there this is message 490
hey there this is message 491
hey there this is message 492
hey there this is message 493
hey there this is message 494
hey there this is message 495
hey there this is message 496
hey there this is message 497
hey there this is message 498
hey there this is message 499
hey there this is message 500
hey there this is message 501
hey there this is message 502
hey there this is message 503
hey there this is message 504
hey there this is message 505
hey there this is message 506
hey there this is message 507
hey there this is message 508
hey there this is message 509
hey there this is message 510
hey there this is message 511
hey there this is message 512
hey there this is message 513
hey there this is message 514
hey there this is message 515
hey there this is message 516
hey there this is message 517
hey there this is message 518
hey there this is message 519
hey there this is message 520
hey there this is message 521
hey there this is message 522
hey there this is message 523
hey there this is message 524
hey there this is message 525
hey there this is message 526
hey there this is message 527
hey there this is message 528
hey there this is message 529
hey there this is message 530
hey there this is message 531
hey there this is message 532
hey there this is message 533
hey there this is message 534
hey there this is message 535
hey there this is message 536
hey there this is message 537
hey there this is message 538
hey there this is message 539
hey there this is message 540
hey there this is message 541
hey there this is message 542
hey there this is message 543
hey there this is message 544
hey there this is message 545
hey there this is message 546
hey there this is message 547
hey there this is message 548
hey there this is message 549
hey there this is message 550
hey there this is message 551
hey there this is message 552
hey there this is message 553
hey there this is message 554
hey there this is message 555
hey there this is message 556
hey there this is message 557
hey there this is message 558
hey there this is message 559
hey there this is message 560
hey there this is message 561
hey there this is message 562
hey there this is message 563
hey there this is message 564
hey there this is message 565
hey there this is message 566
hey there this is message 567
hey there this is message 568
hey there this is message 569
hey there this is message 570
hey there this is message 571
hey there this is message 572
hey there this is message 573
hey there this is message 574
hey there this is message 575
hey there this is message 576
hey there this is message 577
hey there this is message 578
hey there this is message 579
hey there this is message 580
hey there this is message 581
hey there this is message 582
hey there this is message 583
hey there this is message 584
hey there this is message 585
hey there this is message 586
hey there this is message 587
hey there this is message 588
hey there this is message 589
hey there this is message 590
hey there this is message 591
hey there this is message 592
hey there this is message 593
hey there this is message 594
hey there this is message 595
hey there this is message 596
hey there this is message 597
hey there this is message 598
hey there this is message 599
hey there this is message 600
hey there this is message 601
hey there this is message 602
hey there this is message 603
hey there this is message 604
hey there this is message 605
hey there this is message 606
hey there this is message 607
hey there this is message 608
hey there this is message 609
hey there this is message 610
hey there this is message 611
hey there this is message 612
hey there this is message 613
hey there this is message 614
hey there this is message 615
hey there this is message 616
hey there this is message 617
hey there this is message 618
hey there this is message 619
hey there this is message 620
hey there this is message 621
hey there this is message 622
hey there this is message 623
hey there this is message 624
hey there this is message 625
hey there this is message 626
hey there this is message 627
hey there this is message 628
hey there this is message 629
hey there this is message 630
hey there this is message 631
hey there this is message 632
hey there this is message 633
hey there this is message 634
hey there this is message 635
hey there this is message 636
hey there this is message 637
hey there this is message 638
hey there this is message 639
hey there this is message 640
hey there this is message 641
hey there this is message 642
hey there this is message 643
hey there this is message 644
hey there this is message 645
hey there this is message 646
hey there this is message 647
hey there this is message 648
hey there this is message 649
hey there this is message 650
hey there this is message 651
hey there this is message 652
hey there this is message 653
hey there this is message 654
hey there this is message 655
hey there this is message 656
hey there this is message 657
hey there this is message 658
hey there this is message 659
hey there this is message 660
hey there this is message 661
hey there this is message 662
hey there this is message 663
hey there this is message 664
hey there this is message 665
hey there this is message 666
hey there this is message 667
hey there this is message 668
hey there this is message 669
hey there this is message 670
hey there this is message 671
hey there this is message 672
hey there this is message 673
hey there this is message 674
hey there this is message 675
hey there this is message 676
hey there this is message 677
hey there this is message 678
hey there this is message 679
hey there this is message 680
hey there this is message 681
hey there this is message 682
hey there this is message 683
hey there this is message 684
hey there this is message 685
hey there this is message 686
hey there this is message 687
hey there this is message 688
hey there this is message 689
hey there this is message 690
hey there this is message 691
hey there this is message 692
hey there this is message 693
hey there this is message 694
hey there this is message 695
hey there this is message 696
hey there this is message 697
hey there this is message 698
hey there this is message 699
hey there this is message 700
hey there this is message 701
hey there this is message 702
hey there this is message 703
hey there this is message 704
hey there this is message 705
hey there this is message 706
hey there this is message 707
hey there this is message 708
hey there this is message 709
hey there this is message 710
hey there this is message 711
hey there this is message 712
hey there this is message 713
hey there this is message 714
hey there this is message 715
hey there this is message 716
hey there this is message 717
hey there this is message 718
hey there this is message 719
hey there this is message 720
hey there this is message 721
hey there this is message 722
hey there this is message 723
hey there this is message 724
hey there this is message 725
hey there this is message 726
hey there this is message 727
hey there this is message 728
hey there this is message 729
hey there this is message 730
hey there this is message 731
hey there this is message 732
hey there this is message 733
hey there this is message 734
hey there this is message 735
hey there this is message 736
hey there this is message 737
hey there this is message 738
hey there this is message 739
hey there this is message 740
hey there this is message 741
hey there this is message 742
hey there this is message 743
hey there this is message 744
hey there this is message 745
hey there this is message 746
hey there this is message 747
hey there this is message 748
hey there this is message 749
hey there this is message 750
hey there this is message 751
hey there this is message 752
hey there this is message 753
hey there this is message 754
hey there this is message 755
hey there this is message 756
hey there this is message 757
hey there this is message 758
hey there this is message 759
hey there this is message 760
hey there this is message 761
hey there this is message 762
hey there this is message 763
hey there this is message 764
hey there this is message 765
hey there this is message 766
hey there this is message 767
hey there this is message 768
hey there this is message 769
hey there this is message 770
hey there this is message 771
hey there this is message 772
hey there this is message 773
hey there this is message 774
hey there this is message 775
hey there this is message 776
hey there this is message 777
hey there this is message 778
hey there this is message 779
hey there this is message 780
hey there this is message 781
hey there this is message 782
hey there this is message 783
hey there this is message 784
hey there this is message 785
hey there this is message 786
hey there this is message 787
hey there this is message 788
hey there this is message 789
hey there this is message 790
hey there this is message 791
hey there this is message 792
hey there this is message 793
hey there this is message 794
hey there this is message 795
hey there this is message 796
hey there this is message 797
hey there this is message 798
hey there this is message 799
hey there this is message 800
hey there this is message 801
hey there this is message 802
hey there this is message 803
hey there this is message 804
hey there this is message 805
hey there this is message 806
hey there this is message 807
hey there this is message 808
hey there this is message 809
hey there this is message 810
hey there this is message 811
hey there this is message 812
hey there this is message 813
hey there this is message 814
hey there this is message 815
hey there this is message 816
hey there this is message 817
hey there this is message 818
hey there this is message 819
hey there this is message 820
hey there this is message 821
hey there this is message 822
hey there this is message 823
hey there this is message 824
hey there this is message 825
hey there this is message 826
hey there this is message 827
hey there this is message 828
hey there this is message 829
hey there this is message 830
hey there this is message 831
hey there this is message 832
hey there this is message 833
hey there this is message 834
hey there this is message 835
hey there this is message 836
hey there this is message 837
hey there this is message 838
hey there this is message 839
hey there this is message 840
hey there this is message 841
hey there this is message 842
hey there this is message 843
hey there this is message 844
hey there this is message 845
hey there this is message 846
hey there this is message 847
hey there this is message 848
hey there this is message 849
hey there this is message 850
hey there this is message 851
hey there this is message 852
hey there this is message 853
hey there this is message 854
hey there this is message 855
hey there this is message 856
hey there this is message 857
hey there this is message 858
hey there this is message 859
hey there this is message 860
hey there this is message 861
hey there this is message 862
hey there this is message 863
hey there this is message 864
hey there this is message 865
hey there this is message 866
hey there this is message 867
hey there this is message 868
hey there this is message 869
hey there this is message 870
hey there this is message 871
hey there this is message 872
hey there this is message 873
hey there this is message 874
hey there this is message 875
hey there this is message 876
hey there this is message 877
hey there this is message 878
hey there this is message 879
hey there this is message 880
hey there this is message 881
hey there this is message 882
hey there this is message 883
hey there this is message 884
hey there this is message 885
hey there this is message 886
hey there this is message 887
hey there this is message 888
hey there this is message 889
hey there this is message 890
hey there this is message 891
hey there this is message 892
hey there this is message 893
hey there this is message 894
hey there this is message 895
hey there this is message 896
hey there this is message 897
hey there this is message 898
hey there this is message 899
hey there this is message 900
hey there this is message 901
hey there this is message 902
hey there this is message 903
hey there this is message 904
hey there this is message 905
hey there this is message 906
hey there this is message 907
hey there this is message 908
hey there this is message 909
hey there this is message 910
hey there this is message 911
hey there this is message 912
hey there this is message 913
hey there this is message 914
hey there this is message 915
hey there this is message 916
hey there this is message 917
hey there this is message 918
hey there this is message 919
hey there this is message 920
hey there this is message 921
hey there this is message 922
hey there this is message 923
hey there this is message 924
hey there this is message 925
hey there this is message 926
hey there this is message 927
hey there this is message 928
hey there this is message 929
hey there this is message 930
hey there this is message 931
hey there this is message 932
hey there this is message 933
hey there this is message 934
hey there this is message 935
hey there this is message 936
hey there this is message 937
hey there this is message 938
hey there this is message 939
hey there this is message 940
hey there this is message 941
hey there this is message 942
hey there this is message 943
hey there this is message 944
hey there this is message 945
hey there this is message 946
hey there this is message 947
hey there this is message 948
hey there this is message 949
hey there this is message 950
hey there this is message 951
hey there this is message 952
hey there this is message 953
hey there this is message 954
hey there this is message 955
hey there this is message 956
hey there this is message 957
hey there this is message 958
hey there this is message 959
hey there this is message 960
hey there this is message 961
hey there this is message 962
hey there this is message 963
hey there this is message 964
hey there this is message 965
hey there this is message 966
hey there this is message 967
hey there this is message 968
hey there this is message 969
hey there this is message 970
hey there this is message 971
hey there this is message 972
hey there this is message 973
hey there this is message 974
hey there this is message 975
hey there this is message 976
hey there this is message 977
hey there this is message 978
hey there this is message 979
hey there this is message 980
hey there this is message 981
hey there this is message 982
hey there this is message 983
hey there this is message 984
hey there this is message 985
hey there this is message 986
hey there this is message 987
hey there this is message 988
hey there this is message 989
hey there this is message 990
hey there this is message 991
hey there this is message 992
hey there this is message 993
hey there this is message 994
hey there this is message 995
hey there this is message 996
hey there this is message 997
hey there this is message 998
hey there this is message 999

I, [2009-02-04T00:00:25.682493 #21189]  INFO -- : SCS HIT "/scs/nextsong" [:scs, :nextsong] {:colid=>"2464235", :transid=>"c4256e8ad510bef2e2764ca312725b7c", :serendipity=>"0"}
I, [2009-02-04T00:00:25.682493 #21189]  INFO -- : SCS HIT "/scs/nextsong" [:scs, :nextsong] {:colid=>"2464235", :transid=>"c4256e8ad510bef2e2764ca312725b7c", :serendipity=>"0"}hey there this is message 0
hey there this is message 1
hey there this is message 2
hey there this is message 3
hey there this is message 4
hey there this is message 5
hey there this is message 6
hey there this is message 7
hey there this is message 8
hey there this is message 9
hey there this is message 10
hey there this is message 11
hey there this is message 12
hey there this is message 13
hey there this is message 14
hey there this is message 15
hey there this is message 16
hey there this is message 17
hey there this is message 18
hey there this is message 19
hey there this is message 20
hey there this is message 21
hey there this is message 22
hey there this is message 23
hey there this is message 24
hey there this is message 25
hey there this is message 26
hey there this is message 27
hey there this is message 28
hey there this is message 29
hey there this is message 30
hey there this is message 31
hey there this is message 32
hey there this is message 33
hey there this is message 34
hey there this is message 35
hey there this is message 36
hey there this is message 37
hey there this is message 38
hey there this is message 39
hey there this is message 40
hey there this is message 41
hey there this is message 42
hey there this is message 43
hey there this is message 44
hey there this is message 45
hey there this is message 46
hey there this is message 47
hey there this is message 48
hey there this is message 49
hey there this is message 50
hey there this is message 51
hey there this is message 52
hey there this is message 53
hey there this is message 54
hey there this is message 55
hey there this is message 56
hey there this is message 57
hey there this is message 58
hey there this is message 59
hey there this is message 60
hey there this is message 61
hey there this is message 62
hey there this is message 63
hey there this is message 64
hey there this is message 65
hey there this is message 66
hey there this is message 67
hey there this is message 68
hey there this is message 69
hey there this is message 70
hey there this is message 71
hey there this is message 72
hey there this is message 73
hey there this is message 74
hey there this is message 75
hey there this is message 76
hey there this is message 77
hey there this is message 78
hey there this is message 79
hey there this is message 80
hey there this is message 81
hey there this is message 82
hey there this is message 83
hey there this is message 84
hey there this is message 85
hey there this is message 86
hey there this is message 87
hey there this is message 88
hey there this is message 89
hey there this is message 90
hey there this is message 91
hey there this is message 92
hey there this is message 93
hey there this is message 94
hey there this is message 95
hey there this is message 96
hey there this is message 97
hey there this is message 98
hey there this is message 99
hey there this is message 100
hey there this is message 101
hey there this is message 102
hey there this is message 103
hey there this is message 104
hey there this is message 105
hey there this is message 106
hey there this is message 107
hey there this is message 108
hey there this is message 109
hey there this is message 110
hey there this is message 111
hey there this is message 112
hey there this is message 113
hey there this is message 114
hey there this is message 115
hey there this is message 116
hey there this is message 117
hey there this is message 118
hey there this is message 119
hey there this is message 120
hey there this is message 121
hey there this is message 122
hey there this is message 123
hey there this is message 124
hey there this is message 125
hey there this is message 126
hey there this is message 127
hey there this is message 128
hey there this is message 129
hey there this is message 130
hey there this is message 131
hey there this is message 132
hey there this is message 133
hey there this is message 134
hey there this is message 135
hey there this is message 136
hey there this is message 137
hey there this is message 138
hey there this is message 139
hey there this is message 140
hey there this is message 141
hey there this is message 142
hey there this is message 143
hey there this is message 144
hey there this is message 145
hey there this is message 146
hey there this is message 147
hey there this is message 148
hey there this is message 149
hey there this is message 150
hey there this is message 151
hey there this is message 152
hey there this is message 153
hey there this is message 154
hey there this is message 155
hey there this is message 156
hey there this is message 157
hey there this is message 158
hey there this is message 159
hey there this is message 160
hey there this is message 161
hey there this is message 162
hey there this is message 163
hey there this is message 164
hey there this is message 165
hey there this is message 166
hey there this is message 167
hey there this is message 168
hey there this is message 169
hey there this is message 170
hey there this is message 171
hey there this is message 172
hey there this is message 173
hey there this is message 174
hey there this is message 175
hey there this is message 176
hey there this is message 177
hey there this is message 178
hey there this is message 179
hey there this is message 180
hey there this is message 181
hey there this is message 182
hey there this is message 183
hey there this is message 184
hey there this is message 185
hey there this is message 186
hey there this is message 187
hey there this is message 188
hey there this is message 189
hey there this is message 190
hey there this is message 191
hey there this is message 192
hey there this is message 193
hey there this is message 194
hey there this is message 195
hey there this is message 196
hey there this is message 197
hey there this is message 198
hey there this is message 199
hey there this is message 200
hey there this is message 201
hey there this is message 202
hey there this is message 203
hey there this is message 204
hey there this is message 205
hey there this is message 206
hey there this is message 207
hey there this is message 208
hey there this is message 209
hey there this is message 210
hey there this is message 211
hey there this is message 212
hey there this is message 213
hey there this is message 214
hey there this is message 215
hey there this is message 216
hey there this is message 217
hey there this is message 218
hey there this is message 219
hey there this is message 220
hey there this is message 221
hey there this is message 222
hey there this is message 223
hey there this is message 224
hey there this is message 225
hey there this is message 226
hey there this is message 227
hey there this is message 228
hey there this is message 229
hey there this is message 230
hey there this is message 231
hey there this is message 232
hey there this is message 233
hey there this is message 234
hey there this is message 235
hey there this is message 236
hey there this is message 237
hey there this is message 238
hey there this is message 239
hey there this is message 240
hey there this is message 241
hey there this is message 242
hey there this is message 243
hey there this is message 244
hey there this is message 245
hey there this is message 246
hey there this is message 247
hey there this is message 248
hey there this is message 249
hey there this is message 250
hey there this is message 251
hey there this is message 252
hey there this is message 253
hey there this is message 254
hey there this is message 255
hey there this is message 256
hey there this is message 257
hey there this is message 258
hey there this is message 259
hey there this is message 260
hey there this is message 261
hey there this is message 262
hey there this is message 263
hey there this is message 264
hey there this is message 265
hey there this is message 266
hey there this is message 267
hey there this is message 268
hey there this is message 269
hey there this is message 270
hey there this is message 271
hey there this is message 272
hey there this is message 273
hey there this is message 274
hey there this is message 275
hey there this is message 276
hey there this is message 277
hey there this is message 278
hey there this is message 279
hey there this is message 280
hey there this is message 281
hey there this is message 282
hey there this is message 283
hey there this is message 284
hey there this is message 285
hey there this is message 286
hey there this is message 287
hey there this is message 288
hey there this is message 289
hey there this is message 290
hey there this is message 291
hey there this is message 292
hey there this is message 293
hey there this is message 294
hey there this is message 295
hey there this is message 296
hey there this is message 297
hey there this is message 298
hey there this is message 299
hey there this is message 300
hey there this is message 301
hey there this is message 302
hey there this is message 303
hey there this is message 304
hey there this is message 305
hey there this is message 306
hey there this is message 307
hey there this is message 308
hey there this is message 309
hey there this is message 310
hey there this is message 311
hey there this is message 312
hey there this is message 313
hey there this is message 314
hey there this is message 315
hey there this is message 316
hey there this is message 317
hey there this is message 318
hey there this is message 319
hey there this is message 320
hey there this is message 321
hey there this is message 322
hey there this is message 323
hey there this is message 324
hey there this is message 325
hey there this is message 326
hey there this is message 327
hey there this is message 328
hey there this is message 329
hey there this is message 330
hey there this is message 331
hey there this is message 332
hey there this is message 333
hey there this is message 334
hey there this is message 335
hey there this is message 336
hey there this is message 337
hey there this is message 338
hey there this is message 339
hey there this is message 340
hey there this is message 341
hey there this is message 342
hey there this is message 343
hey there this is message 344
hey there this is message 345
hey there this is message 346
hey there this is message 347
hey there this is message 348
hey there this is message 349
hey there this is message 350
hey there this is message 351
hey there this is message 352
hey there this is message 353
hey there this is message 354
hey there this is message 355
hey there this is message 356
hey there this is message 357
hey there this is message 358
hey there this is message 359
hey there this is message 360
hey there this is message 361
hey there this is message 362
hey there this is message 363
hey there this is message 364
hey there this is message 365
hey there this is message 366
hey there this is message 367
hey there this is message 368
hey there this is message 369
hey there this is message 370
hey there this is message 371
hey there this is message 372
hey there this is message 373
hey there this is message 374
hey there this is message 375
hey there this is message 376
hey there this is message 377
hey there this is message 378
hey there this is message 379
hey there this is message 380
hey there this is message 381
hey there this is message 382
hey there this is message 383
hey there this is message 384
hey there this is message 385
hey there this is message 386
hey there this is message 387
hey there this is message 388
hey there this is message 389
hey there this is message 390
hey there this is message 391
hey there this is message 392
hey there this is message 393
hey there this is message 394
hey there this is message 395
hey there this is message 396
hey there this is message 397
hey there this is message 398
hey there this is message 399
hey there this is message 400
hey there this is message 401
hey there this is message 402
hey there this is message 403
hey there this is message 404
hey there this is message 405
hey there this is message 406
hey there this is message 407
hey there this is message 408
hey there this is message 409
hey there this is message 410
hey there this is message 411
hey there this is message 412
hey there this is message 413
hey there this is message 414
hey there this is message 415
hey there this is message 416
hey there this is message 417
hey there this is message 418
hey there this is message 419
hey there this is message 420
hey there this is message 421
hey there this is message 422
hey there this is message 423
hey there this is message 424
hey there this is message 425
hey there this is message 426
hey there this is message 427
hey there this is message 428
hey there this is message 429
hey there this is message 430
hey there this is message 431
hey there this is message 432
hey there this is message 433
hey there this is message 434
hey there this is message 435
hey there this is message 436
hey there this is message 437
hey there this is message 438
hey there this is message 439
hey there this is message 440
hey there this is message 441
hey there this is message 442
hey there this is message 443
hey there this is message 444
hey there this is message 445
hey there this is message 446
hey there this is message 447
hey there this is message 448
hey there this is message 449
hey there this is message 450
hey there this is message 451
hey there this is message 452
hey there this is message 453
hey there this is message 454
hey there this is message 455
hey there this is message 456
hey there this is message 457
hey there this is message 458
hey there this is message 459
hey there this is message 460
hey there this is message 461
hey there this is message 462
hey there this is message 463
hey there this is message 464
hey there this is message 465
hey there this is message 466
hey there this is message 467
hey there this is message 468
hey there this is message 469
hey there this is message 470
hey there this is message 471
hey there this is message 472
hey there this is message 473
hey there this is message 474
hey there this is message 475
hey there this is message 476
hey there this is message 477
hey there this is message 478
hey there this is message 479
hey there this is message 480
hey there this is message 481
hey there this is message 482
hey there this is message 483
hey there this is message 484
hey there this is message 485
hey there this is message 486
hey there this is message 487
hey there this is message 488
hey there this is message 489
hey there this is message 490
hey there this is message 491
hey there this is message 492
hey there this is message 493
hey there this is message 494
hey there this is message 495
hey there this is message 496
hey there this is message 497
hey there this is message 498
hey there this is message 499
hey there this is message 500
hey there this is message 501
hey there this is message 502
hey there this is message 503
hey there this is message 504
hey there this is message 505
hey there this is message 506
hey there this is message 507
hey there this is message 508
hey there this is message 509
hey there this is message 510
hey there this is message 511
hey there this is message 512
hey there this is message 513
hey there this is message 514
hey there this is message 515
hey there this is message 516
hey there this is message 517
hey there this is message 518
hey there this is message 519
hey there this is message 520
hey there this is message 521
hey there this is message 522
hey there this is message 523
hey there this is message 524
hey there this is message 525
hey there this is message 526
hey there this is message 527
hey there this is message 528
hey there this is message 529
hey there this is message 530
hey there this is message 531
hey there this is message 532
hey there this is message 533
hey there this is message 534
hey there this is message 535
hey there this is message 536
hey there this is message 537
hey there this is message 538
hey there this is message 539
hey there this is message 540
hey there this is message 541
hey there this is message 542
hey there this is message 543
hey there this is message 544
hey there this is message 545
hey there this is message 546
hey there this is message 547
hey there this is message 548
hey there this is message 549
hey there this is message 550
hey there this is message 551
hey there this is message 552
hey there this is message 553
hey there this is message 554
hey there this is message 555
hey there this is message 556
hey there this is message 557
hey there this is message 558
hey there this is message 559
hey there this is message 560
hey there this is message 561
hey there this is message 562
hey there this is message 563
hey there this is message 564
hey there this is message 565
hey there this is message 566
hey there this is message 567
hey there this is message 568
hey there this is message 569
hey there this is message 570
hey there this is message 571
hey there this is message 572
hey there this is message 573
hey there this is message 574
hey there this is message 575
hey there this is message 576
hey there this is message 577
hey there this is message 578
hey there this is message 579
hey there this is message 580
hey there this is message 581
hey there this is message 582
hey there this is message 583
hey there this is message 584
hey there this is message 585
hey there this is message 586
hey there this is message 587
hey there this is message 588
hey there this is message 589
hey there this is message 590
hey there this is message 591
hey there this is message 592
hey there this is message 593
hey there this is message 594
hey there this is message 595
hey there this is message 596
hey there this is message 597
hey there this is message 598
hey there this is message 599
hey there this is message 600
hey there this is message 601
hey there this is message 602
hey there this is message 603
hey there this is message 604
hey there this is message 605
hey there this is message 606
hey there this is message 607
hey there this is message 608
hey there this is message 609
hey there this is message 610
hey there this is message 611
hey there this is message 612
hey there this is message 613
hey there this is message 614
hey there this is message 615
hey there this is message 616
hey there this is message 617
hey there this is message 618
hey there this is message 619
hey there this is message 620
hey there this is message 621
hey there this is message 622
hey there this is message 623
hey there this is message 624
hey there this is message 625
hey there this is message 626
hey there this is message 627
hey there this is message 628
hey there this is message 629
hey there this is message 630
hey there this is message 631
hey there this is message 632
hey there this is message 633
hey there this is message 634
hey there this is message 635
hey there this is message 636
hey there this is message 637
hey there this is message 638
hey there this is message 639
hey there this is message 640
hey there this is message 641
hey there this is message 642
hey there this is message 643
hey there this is message 644
hey there this is message 645
hey there this is message 646
hey there this is message 647
hey there this is message 648
hey there this is message 649
hey there this is message 650
hey there this is message 651
hey there this is message 652
hey there this is message 653
hey there this is message 654
hey there this is message 655
hey there this is message 656
hey there this is message 657
hey there this is message 658
hey there this is message 659
hey there this is message 660
hey there this is message 661
hey there this is message 662
hey there this is message 663
hey there this is message 664
hey there this is message 665
hey there this is message 666
hey there this is message 667
hey there this is message 668
hey there this is message 669
hey there this is message 670
hey there this is message 671
hey there this is message 672
hey there this is message 673
hey there this is message 674
hey there this is message 675
hey there this is message 676
hey there this is message 677
hey there this is message 678
hey there this is message 679
hey there this is message 680
hey there this is message 681
hey there this is message 682
hey there this is message 683
hey there this is message 684
hey there this is message 685
hey there this is message 686
hey there this is message 687
hey there this is message 688
hey there this is message 689
hey there this is message 690
hey there this is message 691
hey there this is message 692
hey there this is message 693
hey there this is message 694
hey there this is message 695
hey there this is message 696
hey there this is message 697
hey there this is message 698
hey there this is message 699
hey there this is message 700
hey there this is message 701
hey there this is message 702
hey there this is message 703
hey there this is message 704
hey there this is message 705
hey there this is message 706
hey there this is message 707
hey there this is message 708
hey there this is message 709
hey there this is message 710
hey there this is message 711
hey there this is message 712
hey there this is message 713
hey there this is message 714
hey there this is message 715
hey there this is message 716
hey there this is message 717
hey there this is message 718
hey there this is message 719
hey there this is message 720
hey there this is message 721
hey there this is message 722
hey there this is message 723
hey there this is message 724
hey there this is message 725
hey there this is message 726
hey there this is message 727
hey there this is message 728
hey there this is message 729
hey there this is message 730
hey there this is message 731
hey there this is message 732
hey there this is message 733
hey there this is message 734
hey there this is message 735
hey there this is message 736
hey there this is message 737
hey there this is message 738
hey there this is message 739
hey there this is message 740
hey there this is message 741
hey there this is message 742
hey there this is message 743
hey there this is message 744
hey there this is message 745
hey there this is message 746
hey there this is message 747
hey there this is message 748
hey there this is message 749
hey there this is message 750
hey there this is message 751
hey there this is message 752
hey there this is message 753
hey there this is message 754
hey there this is message 755
hey there this is message 756
hey there this is message 757
hey there this is message 758
hey there this is message 759
hey there this is message 760
hey there this is message 761
hey there this is message 762
hey there this is message 763
hey there this is message 764
hey there this is message 765
hey there this is message 766
hey there this is message 767
hey there this is message 768
hey there this is message 769
hey there this is message 770
hey there this is message 771
hey there this is message 772
hey there this is message 773
hey there this is message 774
hey there this is message 775
hey there this is message 776
hey there this is message 777
hey there this is message 778
hey there this is message 779
hey there this is message 780
hey there this is message 781
hey there this is message 782
hey there this is message 783
hey there this is message 784
hey there this is message 785
hey there this is message 786
hey there this is message 787
hey there this is message 788
hey there this is message 789
hey there this is message 790
hey there this is message 791
hey there this is message 792
hey there this is message 793
hey there this is message 794
hey there this is message 795
hey there this is message 796
hey there this is message 797
hey there this is message 798
hey there this is message 799
hey there this is message 800
hey there this is message 801
hey there this is message 802
hey there this is message 803
hey there this is message 804
hey there this is message 805
hey there this is message 806
hey there this is message 807
hey there this is message 808
hey there this is message 809
hey there this is message 810
hey there this is message 811
hey there this is message 812
hey there this is message 813
hey there this is message 814
hey there this is message 815
hey there this is message 816
hey there this is message 817
hey there this is message 818
hey there this is message 819
hey there this is message 820
hey there this is message 821
hey there this is message 822
hey there this is message 823
hey there this is message 824
hey there this is message 825
hey there this is message 826
hey there this is message 827
hey there this is message 828
hey there this is message 829
hey there this is message 830
hey there this is message 831
hey there this is message 832
hey there this is message 833
hey there this is message 834
hey there this is message 835
hey there this is message 836
hey there this is message 837
hey there this is message 838
hey there this is message 839
hey there this is message 840
hey there this is message 841
hey there this is message 842
hey there this is message 843
hey there this is message 844
hey there this is message 845
hey there this is message 846
hey there this is message 847
hey there this is message 848
hey there this is message 849
hey there this is message 850
hey there this is message 851
hey there this is message 852
hey there this is message 853
hey there this is message 854
hey there this is message 855
hey there this is message 856
hey there this is message 857
hey there this is message 858
hey there this is message 859
hey there this is message 860
hey there this is message 861
hey there this is message 862
hey there this is message 863
hey there this is message 864
hey there this is message 865
hey there this is message 866
hey there this is message 867
hey there this is message 868
hey there this is message 869
hey there this is message 870
hey there this is message 871
hey there this is message 872
hey there this is message 873
hey there this is message 874
hey there this is message 875
hey there this is message 876
hey there this is message 877
hey there this is message 878
hey there this is message 879
hey there this is message 880
hey there this is message 881
hey there this is message 882
hey there this is message 883
hey there this is message 884
hey there this is message 885
hey there this is message 886
hey there this is message 887
hey there this is message 888
hey there this is message 889
hey there this is message 890
hey there this is message 891
hey there this is message 892
hey there this is message 893
hey there this is message 894
hey there this is message 895
hey there this is message 896
hey there this is message 897
hey there this is message 898
hey there this is message 899
hey there this is message 900
hey there this is message 901
hey there this is message 902
hey there this is message 903
hey there this is message 904
hey there this is message 905
hey there this is message 906
hey there this is message 907
hey there this is message 908
hey there this is message 909
hey there this is message 910
hey there this is message 911
hey there this is message 912
hey there this is message 913
hey there this is message 914
hey there this is message 915
hey there this is message 916
hey there this is message 917
hey there this is message 918
hey there this is message 919
hey there this is message 920
hey there this is message 921
hey there this is message 922
hey there this is message 923
hey there this is message 924
hey there this is message 925
hey there this is message 926
hey there this is message 927
hey there this is message 928
hey there this is message 929
hey there this is message 930
hey there this is message 931
hey there this is message 932
hey there this is message 933
hey there this is message 934
hey there this is message 935
hey there this is message 936
hey there this is message 937
hey there this is message 938
hey there this is message 939
hey there this is message 940
hey there this is message 941
hey there this is message 942
hey there this is message 943
hey there this is message 944
hey there this is message 945
hey there this is message 946
hey there this is message 947
hey there this is message 948
hey there this is message 949
hey there this is message 950
hey there this is message 951
hey there this is message 952
hey there this is message 953
hey there this is message 954
hey there this is message 955
hey there this is message 956
hey there this is message 957
hey there this is message 958
hey there this is message 959
hey there this is message 960
hey there this is message 961
hey there this is message 962
hey there this is message 963
hey there this is message 964
hey there this is message 965
hey there this is message 966
hey there this is message 967
hey there this is message 968
hey there this is message 969
hey there this is message 970
hey there this is message 971
hey there this is message 972
hey there this is message 973
hey there this is message 974
hey there this is message 975
hey there this is message 976
hey there this is message 977
hey there this is message 978
hey there this is message 979
hey there this is message 980
hey there this is message 981
hey there this is message 982
hey there this is message 983
hey there this is message 984
hey there this is message 985
hey there this is message 986
hey there this is message 987
hey there this is message 988
hey there this is message 989
hey there this is message 990
hey there this is message 991
hey there this is message 992
hey there this is message 993
hey there this is message 994
hey there this is message 995
hey there this is message 996
hey there this is message 997
hey there this is message 998
hey there this is message 999
hey there this is message 0
hey there this is message 1
hey there this is message 2
hey there this is message 3
hey there this is message 4
hey there this is message 5
hey there this is message 6
hey there this is message 7
hey there this is message 8
hey there this is message 9
hey there this is message 10
hey there this is message 11
hey there this is message 12
hey there this is message 13
hey there this is message 14
hey there this is message 15
hey there this is message 16
hey there this is message 17
hey there this is message 18
hey there this is message 19
hey there this is message 20
hey there this is message 21
hey there this is message 22
hey there this is message 23
hey there this is message 24
hey there this is message 25
hey there this is message 26
hey there this is message 27
hey there this is message 28
hey there this is message 29
hey there this is message 30
hey there this is message 31
hey there this is message 32
hey there this is message 33
hey there this is message 34
hey there this is message 35
hey there this is message 36
hey there this is message 37
hey there this is message 38
hey there this is message 39
hey there this is message 40
hey there this is message 41
hey there this is message 42
hey there this is message 43
hey there this is message 44
hey there this is message 45
hey there this is message 46
hey there this is message 47
hey there this is message 48
hey there this is message 49
hey there this is message 50
hey there this is message 51
hey there this is message 52
hey there this is message 53
hey there this is message 54
hey there this is message 55
hey there this is message 56
hey there this is message 57
hey there this is message 58
hey there this is message 59
hey there this is message 60
hey there this is message 61
hey there this is message 62
hey there this is message 63
hey there this is message 64
hey there this is message 65
hey there this is message 66
hey there this is message 67
hey there this is message 68
hey there this is message 69
hey there this is message 70
hey there this is message 71
hey there this is message 72
hey there this is message 73
hey there this is message 74
hey there this is message 75
hey there this is message 76
hey there this is message 77
hey there this is message 78
hey there this is message 79
hey there this is message 80
hey there this is message 81
hey there this is message 82
hey there this is message 83
hey there this is message 84
hey there this is message 85
hey there this is message 86
hey there this is message 87
hey there this is message 88
hey there this is message 89
hey there this is message 90
hey there this is message 91
hey there this is message 92
hey there this is message 93
hey there this is message 94
hey there this is message 95
hey there this is message 96
hey there this is message 97
hey there this is message 98
hey there this is message 99
hey there this is message 100
hey there this is message 101
hey there this is message 102
hey there this is message 103
hey there this is message 104
hey there this is message 105
hey there this is message 106
hey there this is message 107
hey there this is message 108
hey there this is message 109
hey there this is message 110
hey there this is message 111
hey there this is message 112
hey there this is message 113
hey there this is message 114
hey there this is message 115
hey there this is message 116
hey there this is message 117
hey there this is message 118
hey there this is message 119
hey there this is message 120
hey there this is message 121
hey there this is message 122
hey there this is message 123
hey there this is message 124
hey there this is message 125
hey there this is message 126
hey there this is message 127
hey there this is message 128
hey there this is message 129
hey there this is message 130
hey there this is message 131
hey there this is message 132
hey there this is message 133
hey there this is message 134
hey there this is message 135
hey there this is message 136
hey there this is message 137
hey there this is message 138
hey there this is message 139
hey there this is message 140
hey there this is message 141
hey there this is message 142
hey there this is message 143
hey there this is message 144
hey there this is message 145
hey there this is message 146
hey there this is message 147
hey there this is message 148
hey there this is message 149
hey there this is message 150
hey there this is message 151
hey there this is message 152
hey there this is message 153
hey there this is message 154
hey there this is message 155
hey there this is message 156
hey there this is message 157
hey there this is message 158
hey there this is message 159
hey there this is message 160
hey there this is message 161
hey there this is message 162
hey there this is message 163
hey there this is message 164
hey there this is message 165
hey there this is message 166
hey there this is message 167
hey there this is message 168
hey there this is message 169
hey there this is message 170
hey there this is message 171
hey there this is message 172
hey there this is message 173
hey there this is message 174
hey there this is message 175
hey there this is message 176
hey there this is message 177
hey there this is message 178
hey there this is message 179
hey there this is message 180
hey there this is message 181
hey there this is message 182
hey there this is message 183
hey there this is message 184
hey there this is message 185
hey there this is message 186
hey there this is message 187
hey there this is message 188
hey there this is message 189
hey there this is message 190
hey there this is message 191
hey there this is message 192
hey there this is message 193
hey there this is message 194
hey there this is message 195
hey there this is message 196
hey there this is message 197
hey there this is message 198
hey there this is message 199
hey there this is message 200
hey there this is message 201
hey there this is message 202
hey there this is message 203
hey there this is message 204
hey there this is message 205
hey there this is message 206
hey there this is message 207
hey there this is message 208
hey there this is message 209
hey there this is message 210
hey there this is message 211
hey there this is message 212
hey there this is message 213
hey there this is message 214
hey there this is message 215
hey there this is message 216
hey there this is message 217
hey there this is message 218
hey there this is message 219
hey there this is message 220
hey there this is message 221
hey there this is message 222
hey there this is message 223
hey there this is message 224
hey there this is message 225
hey there this is message 226
hey there this is message 227
hey there this is message 228
hey there this is message 229
hey there this is message 230
hey there this is message 231
hey there this is message 232
hey there this is message 233
hey there this is message 234
hey there this is message 235
hey there this is message 236
hey there this is message 237
hey there this is message 238
hey there this is message 239
hey there this is message 240
hey there this is message 241
hey there this is message 242
hey there this is message 243
hey there this is message 244
hey there this is message 245
hey there this is message 246
hey there this is message 247
hey there this is message 248
hey there this is message 249
hey there this is message 250
hey there this is message 251
hey there this is message 252
hey there this is message 253
hey there this is message 254
hey there this is message 255
hey there this is message 256
hey there this is message 257
hey there this is message 258
hey there this is message 259
hey there this is message 260
hey there this is message 261
hey there this is message 262
hey there this is message 263
hey there this is message 264
hey there this is message 265
hey there this is message 266
hey there this is message 267
hey there this is message 268
hey there this is message 269
hey there this is message 270
hey there this is message 271
hey there this is message 272
hey there this is message 273
hey there this is message 274
hey there this is message 275
hey there this is message 276
hey there this is message 277
hey there this is message 278
hey there this is message 279
hey there this is message 280
hey there this is message 281
hey there this is message 282
hey there this is message 283
hey there this is message 284
hey there this is message 285
hey there this is message 286
hey there this is message 287
hey there this is message 288
hey there this is message 289
hey there this is message 290
hey there this is message 291
hey there this is message 292
hey there this is message 293
hey there this is message 294
hey there this is message 295
hey there this is message 296
hey there this is message 297
hey there this is message 298
hey there this is message 299
hey there this is message 300
hey there this is message 301
hey there this is message 302
hey there this is message 303
hey there this is message 304
hey there this is message 305
hey there this is message 306
hey there this is message 307
hey there this is message 308
hey there this is message 309
hey there this is message 310
hey there this is message 311
hey there this is message 312
hey there this is message 313
hey there this is message 314
hey there this is message 315
hey there this is message 316
hey there this is message 317
hey there this is message 318
hey there this is message 319
hey there this is message 320
hey there this is message 321
hey there this is message 322
hey there this is message 323
hey there this is message 324
hey there this is message 325
hey there this is message 326
hey there this is message 327
hey there this is message 328
hey there this is message 329
hey there this is message 330
hey there this is message 331
hey there this is message 332
hey there this is message 333
hey there this is message 334
hey there this is message 335
hey there this is message 336
hey there this is message 337
hey there this is message 338
hey there this is message 339
hey there this is message 340
hey there this is message 341
hey there this is message 342
hey there this is message 343
hey there this is message 344
hey there this is message 345
hey there this is message 346
hey there this is message 347
hey there this is message 348
hey there this is message 349
hey there this is message 350
hey there this is message 351
hey there this is message 352
hey there this is message 353
hey there this is message 354
hey there this is message 355
hey there this is message 356
hey there this is message 357
hey there this is message 358
hey there this is message 359
hey there this is message 360
hey there this is message 361
hey there this is message 362
hey there this is message 363
hey there this is message 364
hey there this is message 365
hey there this is message 366
hey there this is message 367
hey there this is message 368
hey there this is message 369
hey there this is message 370
hey there this is message 371
hey there this is message 372
hey there this is message 373
hey there this is message 374
hey there this is message 375
hey there this is message 376
hey there this is message 377
hey there this is message 378
hey there this is message 379
hey there this is message 380
hey there this is message 381
hey there this is message 382
hey there this is message 383
hey there this is message 384
hey there this is message 385
hey there this is message 386
hey there this is message 387
hey there this is message 388
hey there this is message 389
hey there this is message 390
hey there this is message 391
hey there this is message 392
hey there this is message 393
hey there this is message 394
hey there this is message 395
hey there this is message 396
hey there this is message 397
hey there this is message 398
hey there this is message 399
hey there this is message 400
hey there this is message 401
hey there this is message 402
hey there this is message 403
hey there this is message 404
hey there this is message 405
hey there this is message 406
hey there this is message 407
hey there this is message 408
hey there this is message 409
hey there this is message 410
hey there this is message 411
hey there this is message 412
hey there this is message 413
hey there this is message 414
hey there this is message 415
hey there this is message 416
hey there this is message 417
hey there this is message 418
hey there this is message 419
hey there this is message 420
hey there this is message 421
hey there this is message 422
hey there this is message 423
hey there this is message 424
hey there this is message 425
hey there this is message 426
hey there this is message 427
hey there this is message 428
hey there this is message 429
hey there this is message 430
hey there this is message 431
hey there this is message 432
hey there this is message 433
hey there this is message 434
hey there this is message 435
hey there this is message 436
hey there this is message 437
hey there this is message 438
hey there this is message 439
hey there this is message 440
hey there this is message 441
hey there this is message 442
hey there this is message 443
hey there this is message 444
hey there this is message 445
hey there this is message 446
hey there this is message 447
hey there this is message 448
hey there this is message 449
hey there this is message 450
hey there this is message 451
hey there this is message 452
hey there this is message 453
hey there this is message 454
hey there this is message 455
hey there this is message 456
hey there this is message 457
hey there this is message 458
hey there this is message 459
hey there this is message 460
hey there this is message 461
hey there this is message 462
hey there this is message 463
hey there this is message 464
hey there this is message 465
hey there this is message 466
hey there this is message 467
hey there this is message 468
hey there this is message 469
hey there this is message 470
hey there this is message 471
hey there this is message 472
hey there this is message 473
hey there this is message 474
hey there this is message 475
hey there this is message 476
hey there this is message 477
hey there this is message 478
hey there this is message 479
hey there this is message 480
hey there this is message 481
hey there this is message 482
hey there this is message 483
hey there this is message 484
hey there this is message 485
hey there this is message 486
hey there this is message 487
hey there this is message 488
hey there this is message 489
hey there this is message 490
hey there this is message 491
hey there this is message 492
hey there this is message 493
hey there this is message 494
hey there this is message 495
hey there this is message 496
hey there this is message 497
hey there this is message 498
hey there this is message 499
hey there this is message 500
hey there this is message 501
hey there this is message 502
hey there this is message 503
hey there this is message 504
hey there this is message 505
hey there this is message 506
hey there this is message 507
hey there this is message 508
hey there this is message 509
hey there this is message 510
hey there this is message 511
hey there this is message 512
hey there this is message 513
hey there this is message 514
hey there this is message 515
hey there this is message 516
hey there this is message 517
hey there this is message 518
hey there this is message 519
hey there this is message 520
hey there this is message 521
hey there this is message 522
hey there this is message 523
hey there this is message 524
hey there this is message 525
hey there this is message 526
hey there this is message 527
hey there this is message 528
hey there this is message 529
hey there this is message 530
hey there this is message 531
hey there this is message 532
hey there this is message 533
hey there this is message 534
hey there this is message 535
hey there this is message 536
hey there this is message 537
hey there this is message 538
hey there this is message 539
hey there this is message 540
hey there this is message 541
hey there this is message 542
hey there this is message 543
hey there this is message 544
hey there this is message 545
hey there this is message 546
hey there this is message 547
hey there this is message 548
hey there this is message 549
hey there this is message 550
hey there this is message 551
hey there this is message 552
hey there this is message 553
hey there this is message 554
hey there this is message 555
hey there this is message 556
hey there this is message 557
hey there this is message 558
hey there this is message 559
hey there this is message 560
hey there this is message 561
hey there this is message 562
hey there this is message 563
hey there this is message 564
hey there this is message 565
hey there this is message 566
hey there this is message 567
hey there this is message 568
hey there this is message 569
hey there this is message 570
hey there this is message 571
hey there this is message 572
hey there this is message 573
hey there this is message 574
hey there this is message 575
hey there this is message 576
hey there this is message 577
hey there this is message 578
hey there this is message 579
hey there this is message 580
hey there this is message 581
hey there this is message 582
hey there this is message 583
hey there this is message 584
hey there this is message 585
hey there this is message 586
hey there this is message 587
hey there this is message 588
hey there this is message 589
hey there this is message 590
hey there this is message 591
hey there this is message 592
hey there this is message 593
hey there this is message 594
hey there this is message 595
hey there this is message 596
hey there this is message 597
hey there this is message 598
hey there this is message 599
hey there this is message 600
hey there this is message 601
hey there this is message 602
hey there this is message 603
hey there this is message 604
hey there this is message 605
hey there this is message 606
hey there this is message 607
hey there this is message 608
hey there this is message 609
hey there this is message 610
hey there this is message 611
hey there this is message 612
hey there this is message 613
hey there this is message 614
hey there this is message 615
hey there this is message 616
hey there this is message 617
hey there this is message 618
hey there this is message 619
hey there this is message 620
hey there this is message 621
hey there this is message 622
hey there this is message 623
hey there this is message 624
hey there this is message 625
hey there this is message 626
hey there this is message 627
hey there this is message 628
hey there this is message 629
hey there this is message 630
hey there this is message 631
hey there this is message 632
hey there this is message 633
hey there this is message 634
hey there this is message 635
hey there this is message 636
hey there this is message 637
hey there this is message 638
hey there this is message 639
hey there this is message 640
hey there this is message 641
hey there this is message 642
hey there this is message 643
hey there this is message 644
hey there this is message 645
hey there this is message 646
hey there this is message 647
hey there this is message 648
hey there this is message 649
hey there this is message 650
hey there this is message 651
hey there this is message 652
hey there this is message 653
hey there this is message 654
hey there this is message 655
hey there this is message 656
hey there this is message 657
hey there this is message 658
hey there this is message 659
hey there this is message 660
hey there this is message 661
hey there this is message 662
hey there this is message 663
hey there this is message 664
hey there this is message 665
hey there this is message 666
hey there this is message 667
hey there this is message 668
hey there this is message 669
hey there this is message 670
hey there this is message 671
hey there this is message 672
hey there this is message 673
hey there this is message 674
hey there this is message 675
hey there this is message 676
hey there this is message 677
hey there this is message 678
hey there this is message 679
hey there this is message 680
hey there this is message 681
hey there this is message 682
hey there this is message 683
hey there this is message 684
hey there this is message 685
hey there this is message 686
hey there this is message 687
hey there this is message 688
hey there this is message 689
hey there this is message 690
hey there this is message 691
hey there this is message 692
hey there this is message 693
hey there this is message 694
hey there this is message 695
hey there this is message 696
hey there this is message 697
hey there this is message 698
hey there this is message 699
hey there this is message 700
hey there this is message 701
hey there this is message 702
hey there this is message 703
hey there this is message 704
hey there this is message 705
hey there this is message 706
hey there this is message 707
hey there this is message 708
hey there this is message 709
hey there this is message 710
hey there this is message 711
hey there this is message 712
hey there this is message 713
hey there this is message 714
hey there this is message 715
hey there this is message 716
hey there this is message 717
hey there this is message 718
hey there this is message 719
hey there this is message 720
hey there this is message 721
hey there this is message 722
hey there this is message 723
hey there this is message 724
hey there this is message 725
hey there this is message 726
hey there this is message 727
hey there this is message 728
hey there this is message 729
hey there this is message 730
hey there this is message 731
hey there this is message 732
hey there this is message 733
hey there this is message 734
hey there this is message 735
hey there this is message 736
hey there this is message 737
hey there this is message 738
hey there this is message 739
hey there this is message 740
hey there this is message 741
hey there this is message 742
hey there this is message 743
hey there this is message 744
hey there this is message 745
hey there this is message 746
hey there this is message 747
hey there this is message 748
hey there this is message 749
hey there this is message 750
hey there this is message 751
hey there this is message 752
hey there this is message 753
hey there this is message 754
hey there this is message 755
hey there this is message 756
hey there this is message 757
hey there this is message 758
hey there this is message 759
hey there this is message 760
hey there this is message 761
hey there this is message 762
hey there this is message 763
hey there this is message 764
hey there this is message 765
hey there this is message 766
hey there this is message 767
hey there this is message 768
hey there this is message 769
hey there this is message 770
hey there this is message 771
hey there this is message 772
hey there this is message 773
hey there this is message 774
hey there this is message 775
hey there this is message 776
hey there this is message 777
hey there this is message 778
hey there this is message 779
hey there this is message 780
hey there this is message 781
hey there this is message 782
hey there this is message 783
hey there this is message 784
hey there this is message 785
hey there this is message 786
hey there this is message 787
hey there this is message 788
hey there this is message 789
hey there this is message 790
hey there this is message 791
hey there this is message 792
hey there this is message 793
hey there this is message 794
hey there this is message 795
hey there this is message 796
hey there this is message 797
hey there this is message 798
hey there this is message 799
hey there this is message 800
hey there this is message 801
hey there this is message 802
hey there this is message 803
hey there this is message 804
hey there this is message 805
hey there this is message 806
hey there this is message 807
hey there this is message 808
hey there this is message 809
hey there this is message 810
hey there this is message 811
hey there this is message 812
hey there this is message 813
hey there this is message 814
hey there this is message 815
hey there this is message 816
hey there this is message 817
hey there this is message 818
hey there this is message 819
hey there this is message 820
hey there this is message 821
hey there this is message 822
hey there this is message 823
hey there this is message 824
hey there this is message 825
hey there this is message 826
hey there this is message 827
hey there this is message 828
hey there this is message 829
hey there this is message 830
hey there this is message 831
hey there this is message 832
hey there this is message 833
hey there this is message 834
hey there this is message 835
hey there this is message 836
hey there this is message 837
hey there this is message 838
hey there this is message 839
hey there this is message 840
hey there this is message 841
hey there this is message 842
hey there this is message 843
hey there this is message 844
hey there this is message 845
hey there this is message 846
hey there this is message 847
hey there this is message 848
hey there this is message 849
hey there this is message 850
hey there this is message 851
hey there this is message 852
hey there this is message 853
hey there this is message 854
hey there this is message 855
hey there this is message 856
hey there this is message 857
hey there this is message 858
hey there this is message 859
hey there this is message 860
hey there this is message 861
hey there this is message 862
hey there this is message 863
hey there this is message 864
hey there this is message 865
hey there this is message 866
hey there this is message 867
hey there this is message 868
hey there this is message 869
hey there this is message 870
hey there this is message 871
hey there this is message 872
hey there this is message 873
hey there this is message 874
hey there this is message 875
hey there this is message 876
hey there this is message 877
hey there this is message 878
hey there this is message 879
hey there this is message 880
hey there this is message 881
hey there this is message 882
hey there this is message 883
hey there this is message 884
hey there this is message 885
hey there this is message 886
hey there this is message 887
hey there this is message 888
hey there this is message 889
hey there this is message 890
hey there this is message 891
hey there this is message 892
hey there this is message 893
hey there this is message 894
hey there this is message 895
hey there this is message 896
hey there this is message 897
hey there this is message 898
hey there this is message 899
hey there this is message 900
hey there this is message 901
hey there this is message 902
hey there this is message 903
hey there this is message 904
hey there this is message 905
hey there this is message 906
hey there this is message 907
hey there this is message 908
hey there this is message 909
hey there this is message 910
hey there this is message 911
hey there this is message 912
hey there this is message 913
hey there this is message 914
hey there this is message 915
hey there this is message 916
hey there this is message 917
hey there this is message 918
hey there this is message 919
hey there this is message 920
hey there this is message 921
hey there this is message 922
hey there this is message 923
hey there this is message 924
hey there this is message 925
hey there this is message 926
hey there this is message 927
hey there this is message 928
hey there this is message 929
hey there this is message 930
hey there this is message 931
hey there this is message 932
hey there this is message 933
hey there this is message 934
hey there this is message 935
hey there this is message 936
hey there this is message 937
hey there this is message 938
hey there this is message 939
hey there this is message 940
hey there this is message 941
hey there this is message 942
hey there this is message 943
hey there this is message 944
hey there this is message 945
hey there this is message 946
hey there this is message 947
hey there this is message 948
hey there this is message 949
hey there this is message 950
hey there this is message 951
hey there this is message 952
hey there this is message 953
hey there this is message 954
hey there this is message 955
hey there this is message 956
hey there this is message 957
hey there this is message 958
hey there this is message 959
hey there this is message 960
hey there this is message 961
hey there this is message 962
hey there this is message 963
hey there this is message 964
hey there this is message 965
hey there this is message 966
hey there this is message 967
hey there this is message 968
hey there this is message 969
hey there this is message 970
hey there this is message 971
hey there this is message 972
hey there this is message 973
hey there this is message 974
hey there this is message 975
hey there this is message 976
hey there this is message 977
hey there this is message 978
hey there this is message 979
hey there this is message 980
hey there this is message 981
hey there this is message 982
hey there this is message 983
hey there this is message 984
hey there this is message 985
hey there this is message 986
hey there this is message 987
hey there this is message 988
hey there this is message 989
hey there this is message 990
hey there this is message 991
hey there this is message 992
hey there this is message 993
hey there this is message 994
hey there this is message 995
hey there this is message 996
hey there this is message 997
hey there this is message 998
hey there this is message 999
hey there this is message 0
hey there this is message 1
hey there this is message 2
hey there this is message 3
hey there this is message 4
hey there this is message 5
hey there this is message 6
hey there this is message 7
hey there this is message 8
hey there this is message 9
hey there this is message 10
hey there this is message 11
hey there this is message 12
hey there this is message 13
hey there this is message 14
hey there this is message 15
hey there this is message 16
hey there this is message 17
hey there this is message 18
hey there this is message 19
hey there this is message 20
hey there this is message 21
hey there this is message 22
hey there this is message 23
hey there this is message 24
hey there this is message 25
hey there this is message 26
hey there this is message 27
hey there this is message 28
hey there this is message 29
hey there this is message 30
hey there this is message 31
hey there this is message 32
hey there this is message 33
hey there this is message 34
hey there this is message 35
hey there this is message 36
hey there this is message 37
hey there this is message 38
hey there this is message 39
hey there this is message 40
hey there this is message 41
hey there this is message 42
hey there this is message 43
hey there this is message 44
hey there this is message 45
hey there this is message 46
hey there this is message 47
hey there this is message 48
hey there this is message 49
hey there this is message 50
hey there this is message 51
hey there this is message 52
hey there this is message 53
hey there this is message 54
hey there this is message 55
hey there this is message 56
hey there this is message 57
hey there this is message 58
hey there this is message 59
hey there this is message 60
hey there this is message 61
hey there this is message 62
hey there this is message 63
hey there this is message 64
hey there this is message 65
hey there this is message 66
hey there this is message 67
hey there this is message 68
hey there this is message 69
hey there this is message 70
hey there this is message 71
hey there this is message 72
hey there this is message 73
hey there this is message 74
hey there this is message 75
hey there this is message 76
hey there this is message 77
hey there this is message 78
hey there this is message 79
hey there this is message 80
hey there this is message 81
hey there this is message 82
hey there this is message 83
hey there this is message 84
hey there this is message 85
hey there this is message 86
hey there this is message 87
hey there this is message 88
hey there this is message 89
hey there this is message 90
hey there this is message 91
hey there this is message 92
hey there this is message 93
hey there this is message 94
hey there this is message 95
hey there this is message 96
hey there this is message 97
hey there this is message 98
hey there this is message 99
hey there this is message 100
hey there this is message 101
hey there this is message 102
hey there this is message 103
hey there this is message 104
hey there this is message 105
hey there this is message 106
hey there this is message 107
hey there this is message 108
hey there this is message 109
hey there this is message 110
hey there this is message 111
hey there this is message 112
hey there this is message 113
hey there this is message 114
hey there this is message 115
hey there this is message 116
hey there this is message 117
hey there this is message 118
hey there this is message 119
hey there this is message 120
hey there this is message 121
hey there this is message 122
hey there this is message 123
hey there this is message 124
hey there this is message 125
hey there this is message 126
hey there this is message 127
hey there this is message 128
hey there this is message 129
hey there this is message 130
hey there this is message 131
hey there this is message 132
hey there this is message 133
hey there this is message 134
hey there this is message 135
hey there this is message 136
hey there this is message 137
hey there this is message 138
hey there this is message 139
hey there this is message 140
hey there this is message 141
hey there this is message 142
hey there this is message 143
hey there this is message 144
hey there this is message 145
hey there this is message 146
hey there this is message 147
hey there this is message 148
hey there this is message 149
hey there this is message 150
hey there this is message 151
hey there this is message 152
hey there this is message 153
hey there this is message 154
hey there this is message 155
hey there this is message 156
hey there this is message 157
hey there this is message 158
hey there this is message 159
hey there this is message 160
hey there this is message 161
hey there this is message 162
hey there this is message 163
hey there this is message 164
hey there this is message 165
hey there this is message 166
hey there this is message 167
hey there this is message 168
hey there this is message 169
hey there this is message 170
hey there this is message 171
hey there this is message 172
hey there this is message 173
hey there this is message 174
hey there this is message 175
hey there this is message 176
hey there this is message 177
hey there this is message 178
hey there this is message 179
hey there this is message 180
hey there this is message 181
hey there this is message 182
hey there this is message 183
hey there this is message 184
hey there this is message 185
hey there this is message 186
hey there this is message 187
hey there this is message 188
hey there this is message 189
hey there this is message 190
hey there this is message 191
hey there this is message 192
hey there this is message 193
hey there this is message 194
hey there this is message 195
hey there this is message 196
hey there this is message 197
hey there this is message 198
hey there this is message 199
hey there this is message 200
hey there this is message 201
hey there this is message 202
hey there this is message 203
hey there this is message 204
hey there this is message 205
hey there this is message 206
hey there this is message 207
hey there this is message 208
hey there this is message 209
hey there this is message 210
hey there this is message 211
hey there this is message 212
hey there this is message 213
hey there this is message 214
hey there this is message 215
hey there this is message 216
hey there this is message 217
hey there this is message 218
hey there this is message 219
hey there this is message 220
hey there this is message 221
hey there this is message 222
hey there this is message 223
hey there this is message 224
hey there this is message 225
hey there this is message 226
hey there this is message 227
hey there this is message 228
hey there this is message 229
hey there this is message 230
hey there this is message 231
hey there this is message 232
hey there this is message 233
hey there this is message 234
hey there this is message 235
hey there this is message 236
hey there this is message 237
hey there this is message 238
hey there this is message 239
hey there this is message 240
hey there this is message 241
hey there this is message 242
hey there this is message 243
hey there this is message 244
hey there this is message 245
hey there this is message 246
hey there this is message 247
hey there this is message 248
hey there this is message 249
hey there this is message 250
hey there this is message 251
hey there this is message 252
hey there this is message 253
hey there this is message 254
hey there this is message 255
hey there this is message 256
hey there this is message 257
hey there this is message 258
hey there this is message 259
hey there this is message 260
hey there this is message 261
hey there this is message 262
hey there this is message 263
hey there this is message 264
hey there this is message 265
hey there this is message 266
hey there this is message 267
hey there this is message 268
hey there this is message 269
hey there this is message 270
hey there this is message 271
hey there this is message 272
hey there this is message 273
hey there this is message 274
hey there this is message 275
hey there this is message 276
hey there this is message 277
hey there this is message 278
hey there this is message 279
hey there this is message 280
hey there this is message 281
hey there this is message 282
hey there this is message 283
hey there this is message 284
hey there this is message 285
hey there this is message 286
hey there this is message 287
hey there this is message 288
hey there this is message 289
hey there this is message 290
hey there this is message 291
hey there this is message 292
hey there this is message 293
hey there this is message 294
hey there this is message 295
hey there this is message 296
hey there this is message 297
hey there this is message 298
hey there this is message 299
hey there this is message 300
hey there this is message 301
hey there this is message 302
hey there this is message 303
hey there this is message 304
hey there this is message 305
hey there this is message 306
hey there this is message 307
hey there this is message 308
hey there this is message 309
hey there this is message 310
hey there this is message 311
hey there this is message 312
hey there this is message 313
hey there this is message 314
hey there this is message 315
hey there this is message 316
hey there this is message 317
hey there this is message 318
hey there this is message 319
hey there this is message 320
hey there this is message 321
hey there this is message 322
hey there this is message 323
hey there this is message 324
hey there this is message 325
hey there this is message 326
hey there this is message 327
hey there this is message 328
hey there this is message 329
hey there this is message 330
hey there this is message 331
hey there this is message 332
hey there this is message 333
hey there this is message 334
hey there this is message 335
hey there this is message 336
hey there this is message 337
hey there this is message 338
hey there this is message 339
hey there this is message 340
hey there this is message 341
hey there this is message 342
hey there this is message 343
hey there this is message 344
hey there this is message 345
hey there this is message 346
hey there this is message 347
hey there this is message 348
hey there this is message 349
hey there this is message 350
hey there this is message 351
hey there this is message 352
hey there this is message 353
hey there this is message 354
hey there this is message 355
hey there this is message 356
hey there this is message 357
hey there this is message 358
hey there this is message 359
hey there this is message 360
hey there this is message 361
hey there this is message 362
hey there this is message 363
hey there this is message 364
hey there this is message 365
hey there this is message 366
hey there this is message 367
hey there this is message 368
hey there this is message 369
hey there this is message 370
hey there this is message 371
hey there this is message 372
hey there this is message 373
hey there this is message 374
hey there this is message 375
hey there this is message 376
hey there this is message 377
hey there this is message 378
hey there this is message 379
hey there this is message 380
hey there this is message 381
hey there this is message 382
hey there this is message 383
hey there this is message 384
hey there this is message 385
hey there this is message 386
hey there this is message 387
hey there this is message 388
hey there this is message 389
hey there this is message 390
hey there this is message 391
hey there this is message 392
hey there this is message 393
hey there this is message 394
hey there this is message 395
hey there this is message 396
hey there this is message 397
hey there this is message 398
hey there this is message 399
hey there this is message 400
hey there this is message 401
hey there this is message 402
hey there this is message 403
hey there this is message 404
hey there this is message 405
hey there this is message 406
hey there this is message 407
hey there this is message 408
hey there this is message 409
hey there this is message 410
hey there this is message 411
hey there this is message 412
hey there this is message 413
hey there this is message 414
hey there this is message 415
hey there this is message 416
hey there this is message 417
hey there this is message 418
hey there this is message 419
hey there this is message 420
hey there this is message 421
hey there this is message 422
hey there this is message 423
hey there this is message 424
hey there this is message 425
hey there this is message 426
hey there this is message 427
hey there this is message 428
hey there this is message 429
hey there this is message 430
hey there this is message 431
hey there this is message 432
hey there this is message 433
hey there this is message 434
hey there this is message 435
hey there this is message 436
hey there this is message 437
hey there this is message 438
hey there this is message 439
hey there this is message 440
hey there this is message 441
hey there this is message 442
hey there this is message 443
hey there this is message 444
hey there this is message 445
hey there this is message 446
hey there this is message 447
hey there this is message 448
hey there this is message 449
hey there this is message 450
hey there this is message 451
hey there this is message 452
hey there this is message 453
hey there this is message 454
hey there this is message 455
hey there this is message 456
hey there this is message 457
hey there this is message 458
hey there this is message 459
hey there this is message 460
hey there this is message 461
hey there this is message 462
hey there this is message 463
hey there this is message 464
hey there this is message 465
hey there this is message 466
hey there this is message 467
hey there this is message 468
hey there this is message 469
hey there this is message 470
hey there this is message 471
hey there this is message 472
hey there this is message 473
hey there this is message 474
hey there this is message 475
hey there this is message 476
hey there this is message 477
hey there this is message 478
hey there this is message 479
hey there this is message 480
hey there this is message 481
hey there this is message 482
hey there this is message 483
hey there this is message 484
hey there this is message 485
hey there this is message 486
hey there this is message 487
hey there this is message 488
hey there this is message 489
hey there this is message 490
hey there this is message 491
hey there this is message 492
hey there this is message 493
hey there this is message 494
hey there this is message 495
hey there this is message 496
hey there this is message 497
hey there this is message 498
hey there this is message 499
hey there this is message 500
hey there this is message 501
hey there this is message 502
hey there this is message 503
hey there this is message 504
hey there this is message 505
hey there this is message 506
hey there this is message 507
hey there this is message 508
hey there this is message 509
hey there this is message 510
hey there this is message 511
hey there this is message 512
hey there this is message 513
hey there this is message 514
hey there this is message 515
hey there this is message 516
hey there this is message 517
hey there this is message 518
hey there this is message 519
hey there this is message 520
hey there this is message 521
hey there this is message 522
hey there this is message 523
hey there this is message 524
hey there this is message 525
hey there this is message 526
hey there this is message 527
hey there this is message 528
hey there this is message 529
hey there this is message 530
hey there this is message 531
hey there this is message 532
hey there this is message 533
hey there this is message 534
hey there this is message 535
hey there this is message 536
hey there this is message 537
hey there this is message 538
hey there this is message 539
hey there this is message 540
hey there this is message 541
hey there this is message 542
hey there this is message 543
hey there this is message 544
hey there this is message 545
hey there this is message 546
hey there this is message 547
hey there this is message 548
hey there this is message 549
hey there this is message 550
hey there this is message 551
hey there this is message 552
hey there this is message 553
hey there this is message 554
hey there this is message 555
hey there this is message 556
hey there this is message 557
hey there this is message 558
hey there this is message 559
hey there this is message 560
hey there this is message 561
hey there this is message 562
hey there this is message 563
hey there this is message 564
hey there this is message 565
hey there this is message 566
hey there this is message 567
hey there this is message 568
hey there this is message 569
hey there this is message 570
hey there this is message 571
hey there this is message 572
hey there this is message 573
hey there this is message 574
hey there this is message 575
hey there this is message 576
hey there this is message 577
hey there this is message 578
hey there this is message 579
hey there this is message 580
hey there this is message 581
hey there this is message 582
hey there this is message 583
hey there this is message 584
hey there this is message 585
hey there this is message 586
hey there this is message 587
hey there this is message 588
hey there this is message 589
hey there this is message 590
hey there this is message 591
hey there this is message 592
hey there this is message 593
hey there this is message 594
hey there this is message 595
hey there this is message 596
hey there this is message 597
hey there this is message 598
hey there this is message 599
hey there this is message 600
hey there this is message 601
hey there this is message 602
hey there this is message 603
hey there this is message 604
hey there this is message 605
hey there this is message 606
hey there this is message 607
hey there this is message 608
hey there this is message 609
hey there this is message 610
hey there this is message 611
hey there this is message 612
hey there this is message 613
hey there this is message 614
hey there this is message 615
hey there this is message 616
hey there this is message 617
hey there this is message 618
hey there this is message 619
hey there this is message 620
hey there this is message 621
hey there this is message 622
hey there this is message 623
hey there this is message 624
hey there this is message 625
hey there this is message 626
hey there this is message 627
hey there this is message 628
hey there this is message 629
hey there this is message 630
hey there this is message 631
hey there this is message 632
hey there this is message 633
hey there this is message 634
hey there this is message 635
hey there this is message 636
hey there this is message 637
hey there this is message 638
hey there this is message 639
hey there this is message 640
hey there this is message 641
hey there this is message 642
hey there this is message 643
hey there this is message 644
hey there this is message 645
hey there this is message 646
hey there this is message 647
hey there this is message 648
hey there this is message 649
hey there this is message 650
hey there this is message 651
hey there this is message 652
hey there this is message 653
hey there this is message 654
hey there this is message 655
hey there this is message 656
hey there this is message 657
hey there this is message 658
hey there this is message 659
hey there this is message 660
hey there this is message 661
hey there this is message 662
hey there this is message 663
hey there this is message 664
hey there this is message 665
hey there this is message 666
hey there this is message 667
hey there this is message 668
hey there this is message 669
hey there this is message 670
hey there this is message 671
hey there this is message 672
hey there this is message 673
hey there this is message 674
hey there this is message 675
hey there this is message 676
hey there this is message 677
hey there this is message 678
hey there this is message 679
hey there this is message 680
hey there this is message 681
hey there this is message 682
hey there this is message 683
hey there this is message 684
hey there this is message 685
hey there this is message 686
hey there this is message 687
hey there this is message 688
hey there this is message 689
hey there this is message 690
hey there this is message 691
hey there this is message 692
hey there this is message 693
hey there this is message 694
hey there this is message 695
hey there this is message 696
hey there this is message 697
hey there this is message 698
hey there this is message 699
hey there this is message 700
hey there this is message 701
hey there this is message 702
hey there this is message 703
hey there this is message 704
hey there this is message 705
hey there this is message 706
hey there this is message 707
hey there this is message 708
hey there this is message 709
hey there this is message 710
hey there this is message 711
hey there this is message 712
hey there this is message 713
hey there this is message 714
hey there this is message 715
hey there this is message 716
hey there this is message 717
hey there this is message 718
hey there this is message 719
hey there this is message 720
hey there this is message 721
hey there this is message 722
hey there this is message 723
hey there this is message 724
hey there this is message 725
hey there this is message 726
hey there this is message 727
hey there this is message 728
hey there this is message 729
hey there this is message 730
hey there this is message 731
hey there this is message 732
hey there this is message 733
hey there this is message 734
hey there this is message 735
hey there this is message 736
hey there this is message 737
hey there this is message 738
hey there this is message 739
hey there this is message 740
hey there this is message 741
hey there this is message 742
hey there this is message 743
hey there this is message 744
hey there this is message 745
hey there this is message 746
hey there this is message 747
hey there this is message 748
hey there this is message 749
hey there this is message 750
hey there this is message 751
hey there this is message 752
hey there this is message 753
hey there this is message 754
hey there this is message 755
hey there this is message 756
hey there this is message 757
hey there this is message 758
hey there this is message 759
hey there this is message 760
hey there this is message 761
hey there this is message 762
hey there this is message 763
hey there this is message 764
hey there this is message 765
hey there this is message 766
hey there this is message 767
hey there this is message 768
hey there this is message 769
hey there this is message 770
hey there this is message 771
hey there this is message 772
hey there this is message 773
hey there this is message 774
hey there this is message 775
hey there this is message 776
hey there this is message 777
hey there this is message 778
hey there this is message 779
hey there this is message 780
hey there this is message 781
hey there this is message 782
hey there this is message 783
hey there this is message 784
hey there this is message 785
hey there this is message 786
hey there this is message 787
hey there this is message 788
hey there this is message 789
hey there this is message 790
hey there this is message 791
hey there this is message 792
hey there this is message 793
hey there this is message 794
hey there this is message 795
hey there this is message 796
hey there this is message 797
hey there this is message 798
hey there this is message 799
hey there this is message 800
hey there this is message 801
hey there this is message 802
hey there this is message 803
hey there this is message 804
hey there this is message 805
hey there this is message 806
hey there this is message 807
hey there this is message 808
hey there this is message 809
hey there this is message 810
hey there this is message 811
hey there this is message 812
hey there this is message 813
hey there this is message 814
hey there this is message 815
hey there this is message 816
hey there this is message 817
hey there this is message 818
hey there this is message 819
hey there this is message 820
hey there this is message 821
hey there this is message 822
hey there this is message 823
hey there this is message 824
hey there this is message 825
hey there this is message 826
hey there this is message 827
hey there this is message 828
hey there this is message 829
hey there this is message 830
hey there this is message 831
hey there this is message 832
hey there this is message 833
hey there this is message 834
hey there this is message 835
hey there this is message 836
hey there this is message 837
hey there this is message 838
hey there this is message 839
hey there this is message 840
hey there this is message 841
hey there this is message 842
hey there this is message 843
hey there this is message 844
hey there this is message 845
hey there this is message 846
hey there this is message 847
hey there this is message 848
hey there this is message 849
hey there this is message 850
hey there this is message 851
hey there this is message 852
hey there this is message 853
hey there this is message 854
hey there this is message 855
hey there this is message 856
hey there this is message 857
hey there this is message 858
hey there this is message 859
hey there this is message 860
hey there this is message 861
hey there this is message 862
hey there this is message 863
hey there this is message 864
hey there this is message 865
hey there this is message 866
hey there this is message 867
hey there this is message 868
hey there this is message 869
hey there this is message 870
hey there this is message 871
hey there this is message 872
hey there this is message 873
hey there this is message 874
hey there this is message 875
hey there this is message 876
hey there this is message 877
hey there this is message 878
hey there this is message 879
hey there this is message 880
hey there this is message 881
hey there this is message 882
hey there this is message 883
hey there this is message 884
hey there this is message 885
hey there this is message 886
hey there this is message 887
hey there this is message 888
hey there this is message 889
hey there this is message 890
hey there this is message 891
hey there this is message 892
hey there this is message 893
hey there this is message 894
hey there this is message 895
hey there this is message 896
hey there this is message 897
hey there this is message 898
hey there this is message 899
hey there this is message 900
hey there this is message 901
hey there this is message 902
hey there this is message 903
hey there this is message 904
hey there this is message 905
hey there this is message 906
hey there this is message 907
hey there this is message 908
hey there this is message 909
hey there this is message 910
hey there this is message 911
hey there this is message 912
hey there this is message 913
hey there this is message 914
hey there this is message 915
hey there this is message 916
hey there this is message 917
hey there this is message 918
hey there this is message 919
hey there this is message 920
hey there this is message 921
hey there this is message 922
hey there this is message 923
hey there this is message 924
hey there this is message 925
hey there this is message 926
hey there this is message 927
hey there this is message 928
hey there this is message 929
hey there this is message 930
hey there this is message 931
hey there this is message 932
hey there this is message 933
hey there this is message 934
hey there this is message 935
hey there this is message 936
hey there this is message 937
hey there this is message 938
hey there this is message 939
hey there this is message 940
hey there this is message 941
hey there this is message 942
hey there this is message 943
hey there this is message 944
hey there this is message 945
hey there this is message 946
hey there this is message 947
hey there this is message 948
hey there this is message 949
hey there this is message 950
hey there this is message 951
hey there this is message 952
hey there this is message 953
hey there this is message 954
hey there this is message 955
hey there this is message 956
hey there this is message 957
hey there this is message 958
hey there this is message 959
hey there this is message 960
hey there this is message 961
hey there this is message 962
hey there this is message 963
hey there this is message 964
hey there this is message 965
hey there this is message 966
hey there this is message 967
hey there this is message 968
hey there this is message 969
hey there this is message 970
hey there this is message 971
hey there this is message 972
hey there this is message 973
hey there this is message 974
hey there this is message 975
hey there this is message 976
hey there this is message 977
hey there this is message 978
hey there this is message 979
hey there this is message 980
hey there this is message 981
hey there this is message 982
hey there this is message 983
hey there this is message 984
hey there this is message 985
hey there this is message 986
hey there this is message 987
hey there this is message 988
hey there this is message 989
hey there this is message 990
hey there this is message 991
hey there this is message 992
hey there this is message 993
hey there this is message 994
hey there this is message 995
hey there this is message 996
hey there this is message 997
hey there this is message 998
hey there this is message 999
hey there this is message 0
hey there this is message 1
hey there this is message 2
hey there this is message 3
hey there this is message 4
hey there this is message 5
hey there this is message 6
hey there this is message 7
hey there this is message 8
hey there this is message 9
hey there this is message 10
hey there this is message 11
hey there this is message 12
hey there this is message 13
hey there this is message 14
hey there this is message 15
hey there this is message 16
hey there this is message 17
hey there this is message 18
hey there this is message 19
hey there this is message 20
hey there this is message 21
hey there this is message 22
hey there this is message 23
hey there this is message 24
hey there this is message 25
hey there this is message 26
hey there this is message 27
hey there this is message 28
hey there this is message 29
hey there this is message 30
hey there this is message 31
hey there this is message 32
hey there this is message 33
hey there this is message 34
hey there this is message 35
hey there this is message 36
hey there this is message 37
hey there this is message 38
hey there this is message 39
hey there this is message 40
hey there this is message 41
hey there this is message 42
hey there this is message 43
hey there this is message 44
hey there this is message 45
hey there this is message 46
hey there this is message 47
hey there this is message 48
hey there this is message 49
hey there this is message 50
hey there this is message 51
hey there this is message 52
hey there this is message 53
hey there this is message 54
hey there this is message 55
hey there this is message 56
hey there this is message 57
hey there this is message 58
hey there this is message 59
hey there this is message 60
hey there this is message 61
hey there this is message 62
hey there this is message 63
hey there this is message 64
hey there this is message 65
hey there this is message 66
hey there this is message 67
hey there this is message 68
hey there this is message 69
hey there this is message 70
hey there this is message 71
hey there this is message 72
hey there this is message 73
hey there this is message 74
hey there this is message 75
hey there this is message 76
hey there this is message 77
hey there this is message 78
hey there this is message 79
hey there this is message 80
hey there this is message 81
hey there this is message 82
hey there this is message 83
hey there this is message 84
hey there this is message 85
hey there this is message 86
hey there this is message 87
hey there this is message 88
hey there this is message 89
hey there this is message 90
hey there this is message 91
hey there this is message 92
hey there this is message 93
hey there this is message 94
hey there this is message 95
hey there this is message 96
hey there this is message 97
hey there this is message 98
hey there this is message 99
hey there this is message 100
hey there this is message 101
hey there this is message 102
hey there this is message 103
hey there this is message 104
hey there this is message 105
hey there this is message 106
hey there this is message 107
hey there this is message 108
hey there this is message 109
hey there this is message 110
hey there this is message 111
hey there this is message 112
hey there this is message 113
hey there this is message 114
hey there this is message 115
hey there this is message 116
hey there this is message 117
hey there this is message 118
hey there this is message 119
hey there this is message 120
hey there this is message 121
hey there this is message 122
hey there this is message 123
hey there this is message 124
hey there this is message 125
hey there this is message 126
hey there this is message 127
hey there this is message 128
hey there this is message 129
hey there this is message 130
hey there this is message 131
hey there this is message 132
hey there this is message 133
hey there this is message 134
hey there this is message 135
hey there this is message 136
hey there this is message 137
hey there this is message 138
hey there this is message 139
hey there this is message 140
hey there this is message 141
hey there this is message 142
hey there this is message 143
hey there this is message 144
hey there this is message 145
hey there this is message 146
hey there this is message 147
hey there this is message 148
hey there this is message 149
hey there this is message 150
hey there this is message 151
hey there this is message 152
hey there this is message 153
hey there this is message 154
hey there this is message 155
hey there this is message 156
hey there this is message 157
hey there this is message 158
hey there this is message 159
hey there this is message 160
hey there this is message 161
hey there this is message 162
hey there this is message 163
hey there this is message 164
hey there this is message 165
hey there this is message 166
hey there this is message 167
hey there this is message 168
hey there this is message 169
hey there this is message 170
hey there this is message 171
hey there this is message 172
hey there this is message 173
hey there this is message 174
hey there this is message 175
hey there this is message 176
hey there this is message 177
hey there this is message 178
hey there this is message 179
hey there this is message 180
hey there this is message 181
hey there this is message 182
hey there this is message 183
hey there this is message 184
hey there this is message 185
hey there this is message 186
hey there this is message 187
hey there this is message 188
hey there this is message 189
hey there this is message 190
hey there this is message 191
hey there this is message 192
hey there this is message 193
hey there this is message 194
hey there this is message 195
hey there this is message 196
hey there this is message 197
hey there this is message 198
hey there this is message 199
hey there this is message 200
hey there this is message 201
hey there this is message 202
hey there this is message 203
hey there this is message 204
hey there this is message 205
hey there this is message 206
hey there this is message 207
hey there this is message 208
hey there this is message 209
hey there this is message 210
hey there this is message 211
hey there this is message 212
hey there this is message 213
hey there this is message 214
hey there this is message 215
hey there this is message 216
hey there this is message 217
hey there this is message 218
hey there this is message 219
hey there this is message 220
hey there this is message 221
hey there this is message 222
hey there this is message 223
hey there this is message 224
hey there this is message 225
hey there this is message 226
hey there this is message 227
hey there this is message 228
hey there this is message 229
hey there this is message 230
hey there this is message 231
hey there this is message 232
hey there this is message 233
hey there this is message 234
hey there this is message 235
hey there this is message 236
hey there this is message 237
hey there this is message 238
hey there this is message 239
hey there this is message 240
hey there this is message 241
hey there this is message 242
hey there this is message 243
hey there this is message 244
hey there this is message 245
hey there this is message 246
hey there this is message 247
hey there this is message 248
hey there this is message 249
hey there this is message 250
hey there this is message 251
hey there this is message 252
hey there this is message 253
hey there this is message 254
hey there this is message 255
hey there this is message 256
hey there this is message 257
hey there this is message 258
hey there this is message 259
hey there this is message 260
hey there this is message 261
hey there this is message 262
hey there this is message 263
hey there this is message 264
hey there this is message 265
hey there this is message 266
hey there this is message 267
hey there this is message 268
hey there this is message 269
hey there this is message 270
hey there this is message 271
hey there this is message 272
hey there this is message 273
hey there this is message 274
hey there this is message 275
hey there this is message 276
hey there this is message 277
hey there this is message 278
hey there this is message 279
hey there this is message 280
hey there this is message 281
hey there this is message 282
hey there this is message 283
hey there this is message 284
hey there this is message 285
hey there this is message 286
hey there this is message 287
hey there this is message 288
hey there this is message 289
hey there this is message 290
hey there this is message 291
hey there this is message 292
hey there this is message 293
hey there this is message 294
hey there this is message 295
hey there this is message 296
hey there this is message 297
hey there this is message 298
hey there this is message 299
hey there this is message 300
hey there this is message 301
hey there this is message 302
hey there this is message 303
hey there this is message 304
hey there this is message 305
hey there this is message 306
hey there this is message 307
hey there this is message 308
hey there this is message 309
hey there this is message 310
hey there this is message 311
hey there this is message 312
hey there this is message 313
hey there this is message 314
hey there this is message 315
hey there this is message 316
hey there this is message 317
hey there this is message 318
hey there this is message 319
hey there this is message 320
hey there this is message 321
hey there this is message 322
hey there this is message 323
hey there this is message 324
hey there this is message 325
hey there this is message 326
hey there this is message 327
hey there this is message 328
hey there this is message 329
hey there this is message 330
hey there this is message 331
hey there this is message 332
hey there this is message 333
hey there this is message 334
hey there this is message 335
hey there this is message 336
hey there this is message 337
hey there this is message 338
hey there this is message 339
hey there this is message 340
hey there this is message 341
hey there this is message 342
hey there this is message 343
hey there this is message 344
hey there this is message 345
hey there this is message 346
hey there this is message 347
hey there this is message 348
hey there this is message 349
hey there this is message 350
hey there this is message 351
hey there this is message 352
hey there this is message 353
hey there this is message 354
hey there this is message 355
hey there this is message 356
hey there this is message 357
hey there this is message 358
hey there this is message 359
hey there this is message 360
hey there this is message 361
hey there this is message 362
hey there this is message 363
hey there this is message 364
hey there this is message 365
hey there this is message 366
hey there this is message 367
hey there this is message 368
hey there this is message 369
hey there this is message 370
hey there this is message 371
hey there this is message 372
hey there this is message 373
hey there this is message 374
hey there this is message 375
hey there this is message 376
hey there this is message 377
hey there this is message 378
hey there this is message 379
hey there this is message 380
hey there this is message 381
hey there this is message 382
hey there this is message 383
hey there this is message 384
hey there this is message 385
hey there this is message 386
hey there this is message 387
hey there this is message 388
hey there this is message 389
hey there this is message 390
hey there this is message 391
hey there this is message 392
hey there this is message 393
hey there this is message 394
hey there this is message 395
hey there this is message 396
hey there this is message 397
hey there this is message 398
hey there this is message 399
hey there this is message 400
hey there this is message 401
hey there this is message 402
hey there this is message 403
hey there this is message 404
hey there this is message 405
hey there this is message 406
hey there this is message 407
hey there this is message 408
hey there this is message 409
hey there this is message 410
hey there this is message 411
hey there this is message 412
hey there this is message 413
hey there this is message 414
hey there this is message 415
hey there this is message 416
hey there this is message 417
hey there this is message 418
hey there this is message 419
hey there this is message 420
hey there this is message 421
hey there this is message 422
hey there this is message 423
hey there this is message 424
hey there this is message 425
hey there this is message 426
hey there this is message 427
hey there this is message 428
hey there this is message 429
hey there this is message 430
hey there this is message 431
hey there this is message 432
hey there this is message 433
hey there this is message 434
hey there this is message 435
hey there this is message 436
hey there this is message 437
hey there this is message 438
hey there this is message 439
hey there this is message 440
hey there this is message 441
hey there this is message 442
hey there this is message 443
hey there this is message 444
hey there this is message 445
hey there this is message 446
hey there this is message 447
hey there this is message 448
hey there this is message 449
hey there this is message 450
hey there this is message 451
hey there this is message 452
hey there this is message 453
hey there this is message 454
hey there this is message 455
hey there this is message 456
hey there this is message 457
hey there this is message 458
hey there this is message 459
hey there this is message 460
hey there this is message 461
hey there this is message 462
hey there this is message 463
hey there this is message 464
hey there this is message 465
hey there this is message 466
hey there this is message 467
hey there this is message 468
hey there this is message 469
hey there this is message 470
hey there this is message 471
hey there this is message 472
hey there this is message 473
hey there this is message 474
hey there this is message 475
hey there this is message 476
hey there this is message 477
hey there this is message 478
hey there this is message 479
hey there this is message 480
hey there this is message 481
hey there this is message 482
hey there this is message 483
hey there this is message 484
hey there this is message 485
hey there this is message 486
hey there this is message 487
hey there this is message 488
hey there this is message 489
hey there this is message 490
hey there this is message 491
hey there this is message 492
hey there this is message 493
hey there this is message 494
hey there this is message 495
hey there this is message 496
hey there this is message 497
hey there this is message 498
hey there this is message 499
hey there this is message 500
hey there this is message 501
hey there this is message 502
hey there this is message 503
hey there this is message 504
hey there this is message 505
hey there this is message 506
hey there this is message 507
hey there this is message 508
hey there this is message 509
hey there this is message 510
hey there this is message 511
hey there this is message 512
hey there this is message 513
hey there this is message 514
hey there this is message 515
hey there this is message 516
hey there this is message 517
hey there this is message 518
hey there this is message 519
hey there this is message 520
hey there this is message 521
hey there this is message 522
hey there this is message 523
hey there this is message 524
hey there this is message 525
hey there this is message 526
hey there this is message 527
hey there this is message 528
hey there this is message 529
hey there this is message 530
hey there this is message 531
hey there this is message 532
hey there this is message 533
hey there this is message 534
hey there this is message 535
hey there this is message 536
hey there this is message 537
hey there this is message 538
hey there this is message 539
hey there this is message 540
hey there this is message 541
hey there this is message 542
hey there this is message 543
hey there this is message 544
hey there this is message 545
hey there this is message 546
hey there this is message 547
hey there this is message 548
hey there this is message 549
hey there this is message 550
hey there this is message 551
hey there this is message 552
hey there this is message 553
hey there this is message 554
hey there this is message 555
hey there this is message 556
hey there this is message 557
hey there this is message 558
hey there this is message 559
hey there this is message 560
hey there this is message 561
hey there this is message 562
hey there this is message 563
hey there this is message 564
hey there this is message 565
hey there this is message 566
hey there this is message 567
hey there this is message 568
hey there this is message 569
hey there this is message 570
hey there this is message 571
hey there this is message 572
hey there this is message 573
hey there this is message 574
hey there this is message 575
hey there this is message 576
hey there this is message 577
hey there this is message 578
hey there this is message 579
hey there this is message 580
hey there this is message 581
hey there this is message 582
hey there this is message 583
hey there this is message 584
hey there this is message 585
hey there this is message 586
hey there this is message 587
hey there this is message 588
hey there this is message 589
hey there this is message 590
hey there this is message 591
hey there this is message 592
hey there this is message 593
hey there this is message 594
hey there this is message 595
hey there this is message 596
hey there this is message 597
hey there this is message 598
hey there this is message 599
hey there this is message 600
hey there this is message 601
hey there this is message 602
hey there this is message 603
hey there this is message 604
hey there this is message 605
hey there this is message 606
hey there this is message 607
hey there this is message 608
hey there this is message 609
hey there this is message 610
hey there this is message 611
hey there this is message 612
hey there this is message 613
hey there this is message 614
hey there this is message 615
hey there this is message 616
hey there this is message 617
hey there this is message 618
hey there this is message 619
hey there this is message 620
hey there this is message 621
hey there this is message 622
hey there this is message 623
hey there this is message 624
hey there this is message 625
hey there this is message 626
hey there this is message 627
hey there this is message 628
hey there this is message 629
hey there this is message 630
hey there this is message 631
hey there this is message 632
hey there this is message 633
hey there this is message 634
hey there this is message 635
hey there this is message 636
hey there this is message 637
hey there this is message 638
hey there this is message 639
hey there this is message 640
hey there this is message 641
hey there this is message 642
hey there this is message 643
hey there this is message 644
hey there this is message 645
hey there this is message 646
hey there this is message 647
hey there this is message 648
hey there this is message 649
hey there this is message 650
hey there this is message 651
hey there this is message 652
hey there this is message 653
hey there this is message 654
hey there this is message 655
hey there this is message 656
hey there this is message 657
hey there this is message 658
hey there this is message 659
hey there this is message 660
hey there this is message 661
hey there this is message 662
hey there this is message 663
hey there this is message 664
hey there this is message 665
hey there this is message 666
hey there this is message 667
hey there this is message 668
hey there this is message 669
hey there this is message 670
hey there this is message 671
hey there this is message 672
hey there this is message 673
hey there this is message 674
hey there this is message 675
hey there this is message 676
hey there this is message 677
hey there this is message 678
hey there this is message 679
hey there this is message 680
hey there this is message 681
hey there this is message 682
hey there this is message 683
hey there this is message 684
hey there this is message 685
hey there this is message 686
hey there this is message 687
hey there this is message 688
hey there this is message 689
hey there this is message 690
hey there this is message 691
hey there this is message 692
hey there this is message 693
hey there this is message 694
hey there this is message 695
hey there this is message 696
hey there this is message 697
hey there this is message 698
hey there this is message 699
hey there this is message 700
hey there this is message 701
hey there this is message 702
hey there this is message 703
hey there this is message 704
hey there this is message 705
hey there this is message 706
hey there this is message 707
hey there this is message 708
hey there this is message 709
hey there this is message 710
hey there this is message 711
hey there this is message 712
hey there this is message 713
hey there this is message 714
hey there this is message 715
hey there this is message 716
hey there this is message 717
hey there this is message 718
hey there this is message 719
hey there this is message 720
hey there this is message 721
hey there this is message 722
hey there this is message 723
hey there this is message 724
hey there this is message 725
hey there this is message 726
hey there this is message 727
hey there this is message 728
hey there this is message 729
hey there this is message 730
hey there this is message 731
hey there this is message 732
hey there this is message 733
hey there this is message 734
hey there this is message 735
hey there this is message 736
hey there this is message 737
hey there this is message 738
hey there this is message 739
hey there this is message 740
hey there this is message 741
hey there this is message 742
hey there this is message 743
hey there this is message 744
hey there this is message 745
hey there this is message 746
hey there this is message 747
hey there this is message 748
hey there this is message 749
hey there this is message 750
hey there this is message 751
hey there this is message 752
hey there this is message 753
hey there this is message 754
hey there this is message 755
hey there this is message 756
hey there this is message 757
hey there this is message 758
hey there this is message 759
hey there this is message 760
hey there this is message 761
hey there this is message 762
hey there this is message 763
hey there this is message 764
hey there this is message 765
hey there this is message 766
hey there this is message 767
hey there this is message 768
hey there this is message 769
hey there this is message 770
hey there this is message 771
hey there this is message 772
hey there this is message 773
hey there this is message 774
hey there this is message 775
hey there this is message 776
hey there this is message 777
hey there this is message 778
hey there this is message 779
hey there this is message 780
hey there this is message 781
hey there this is message 782
hey there this is message 783
hey there this is message 784
hey there this is message 785
hey there this is message 786
hey there this is message 787
hey there this is message 788
hey there this is message 789
hey there this is message 790
hey there this is message 791
hey there this is message 792
hey there this is message 793
hey there this is message 794
hey there this is message 795
hey there this is message 796
hey there this is message 797
hey there this is message 798
hey there this is message 799
hey there this is message 800
hey there this is message 801
hey there this is message 802
hey there this is message 803
hey there this is message 804
hey there this is message 805
hey there this is message 806
hey there this is message 807
hey there this is message 808
hey there this is message 809
hey there this is message 810
hey there this is message 811
hey there this is message 812
hey there this is message 813
hey there this is message 814
hey there this is message 815
hey there this is message 816
hey there this is message 817
hey there this is message 818
hey there this is message 819
hey there this is message 820
hey there this is message 821
hey there this is message 822
hey there this is message 823
hey there this is message 824
hey there this is message 825
hey there this is message 826
hey there this is message 827
hey there this is message 828
hey there this is message 829
hey there this is message 830
hey there this is message 831
hey there this is message 832
hey there this is message 833
hey there this is message 834
hey there this is message 835
hey there this is message 836
hey there this is message 837
hey there this is message 838
hey there this is message 839
hey there this is message 840
hey there this is message 841
hey there this is message 842
hey there this is message 843
hey there this is message 844
hey there this is message 845
hey there this is message 846
hey there this is message 847
hey there this is message 848
hey there this is message 849
hey there this is message 850
hey there this is message 851
hey there this is message 852
hey there this is message 853
hey there this is message 854
hey there this is message 855
hey there this is message 856
hey there this is message 857
hey there this is message 858
hey there this is message 859
hey there this is message 860
hey there this is message 861
hey there this is message 862
hey there this is message 863
hey there this is message 864
hey there this is message 865
hey there this is message 866
hey there this is message 867
hey there this is message 868
hey there this is message 869
hey there this is message 870
hey there this is message 871
hey there this is message 872
hey there this is message 873
hey there this is message 874
hey there this is message 875
hey there this is message 876
hey there this is message 877
hey there this is message 878
hey there this is message 879
hey there this is message 880
hey there this is message 881
hey there this is message 882
hey there this is message 883
hey there this is message 884
hey there this is message 885
hey there this is message 886
hey there this is message 887
hey there this is message 888
hey there this is message 889
hey there this is message 890
hey there this is message 891
hey there this is message 892
hey there this is message 893
hey there this is message 894
hey there this is message 895
hey there this is message 896
hey there this is message 897
hey there this is message 898
hey there this is message 899
hey there this is message 900
hey there this is message 901
hey there this is message 902
hey there this is message 903
hey there this is message 904
hey there this is message 905
hey there this is message 906
hey there this is message 907
hey there this is message 908
hey there this is message 909
hey there this is message 910
hey there this is message 911
hey there this is message 912
hey there this is message 913
hey there this is message 914
hey there this is message 915
hey there this is message 916
hey there this is message 917
hey there this is message 918
hey there this is message 919
hey there this is message 920
hey there this is message 921
hey there this is message 922
hey there this is message 923
hey there this is message 924
hey there this is message 925
hey there this is message 926
hey there this is message 927
hey there this is message 928
hey there this is message 929
hey there this is message 930
hey there this is message 931
hey there this is message 932
hey there this is message 933
hey there this is message 934
hey there this is message 935
hey there this is message 936
hey there this is message 937
hey there this is message 938
hey there this is message 939
hey there this is message 940
hey there this is message 941
hey there this is message 942
hey there this is message 943
hey there this is message 944
hey there this is message 945
hey there this is message 946
hey there this is message 947
hey there this is message 948
hey there this is message 949
hey there this is message 950
hey there this is message 951
hey there this is message 952
hey there this is message 953
hey there this is message 954
hey there this is message 955
hey there this is message 956
hey there this is message 957
hey there this is message 958
hey there this is message 959
hey there this is message 960
hey there this is message 961
hey there this is message 962
hey there this is message 963
hey there this is message 964
hey there this is message 965
hey there this is message 966
hey there this is message 967
hey there this is message 968
hey there this is message 969
hey there this is message 970
hey there this is message 971
hey there this is message 972
hey there this is message 973
hey there this is message 974
hey there this is message 975
hey there this is message 976
hey there this is message 977
hey there this is message 978
hey there this is message 979
hey there this is message 980
hey there this is message 981
hey there this is message 982
hey there this is message 983
hey there this is message 984
hey there this is message 985
hey there this is message 986
hey there this is message 987
hey there this is message 988
hey there this is message 989
hey there this is message 990
hey there this is message 991
hey there this is message 992
hey there this is message 993
hey there this is message 994
hey there this is message 995
hey there this is message 996
hey there this is message 997
hey there this is message 998
hey there this is message 999
hey there this is message 0
hey there this is message 1
hey there this is message 2
hey there this is message 3
hey there this is message 4
hey there this is message 5
hey there this is message 6
hey there this is message 7
hey there this is message 8
hey there this is message 9
hey there this is message 10
hey there this is message 11
hey there this is message 12
hey there this is message 13
hey there this is message 14
hey there this is message 15
hey there this is message 16
hey there this is message 17
hey there this is message 18
hey there this is message 19
hey there this is message 20
hey there this is message 21
hey there this is message 22
hey there this is message 23
hey there this is message 24
hey there this is message 25
hey there this is message 26
hey there this is message 27
hey there this is message 28
hey there this is message 29
hey there this is message 30
hey there this is message 31
hey there this is message 32
hey there this is message 33
hey there this is message 34
hey there this is message 35
hey there this is message 36
hey there this is message 37
hey there this is message 38
hey there this is message 39
hey there this is message 40
hey there this is message 41
hey there this is message 42
hey there this is message 43
hey there this is message 44
hey there this is message 45
hey there this is message 46
hey there this is message 47
hey there this is message 48
hey there this is message 0
hey there this is message 1
hey there this is message 2
hey there this is message 3
hey there this is message 4
hey there this is message 5
hey there this is message 6
hey there this is message 7
hey there this is message 8
hey there this is message 9
hey there this is message 0
hey there this is message 1
hey there this is message 2
hey there this is message 3
hey there this is message 4
hey there this is message 5
hey there this is message 6
hey there this is message 0
hey there this is message 1
hey there this is message 2
hey there this is message 3
hey there this is message 4
hey there this is message 5
hey there this is message 6
hey there this is message 7
hey there this is message 8
hey there this is message 9
hey there this is message 10
hey there this is message 11
hey there this is message 12
hey there this is message 0
hey there this is message 1
hey there this is message 2
hey there this is message 3
hey there this is message 4
hey there this is message 5
hey there this is message 6
hey there this is message 7
hey there this is message 8
hey there this is message 9
hey there this is message 10
hey there this is message 11
hey there this is message 12
hey there this is message 13
hey there this is message 14
hey there this is message 15
hey there this is message 16
hey there this is message 17
hey there this is message 18
hey there this is message 19
hey there this is message 20
hey there this is message 21
hey there this is message 22
hey there this is message 23
hey there this is message 24
hey there this is message 25
hey there this is message 26
hey there this is message 27
hey there this is message 28
hey there this is message 29
hey there this is message 30
hey there this is message 31
hey there this is message 0
hey there this is message 1
hey there this is message 2
hey there this is message 3
hey there this is message 4
hey there this is message 5
hey there this is message 6
hey there this is message 7
hey there this is message 8
hey there this is message 9
hey there this is message 10
hey there this is message 11
hey there this is message 12
hey there this is message 13
hey there this is message 14
hey there this is message 15
hey there this is message 16
hey there this is message 17
hey there this is message 18
hey there this is message 19
hey there this is message 20
hey there this is message 21
hey there this is message 22
hey there this is message 23
hey there this is message 24
hey there this is message 25
hey there this is message 26
hey there this is message 27
hey there this is message 28
hey there this is message 29
hey there this is message 30
hey there this is message 31
hey there this is message 32
hey there this is message 33
hey there this is message 34
hey there this is message 35
hey there this is message 36
hey there this is message 37
hey there this is message 38
hey there this is message 39
hey there this is message 40
hey there this is message 41
hey there this is message 42
hey there this is message 43
hey there this is message 44
hey there this is message 45
hey there this is message 46
hey there this is message 47
hey there this is message 48
hey there this is message 49
hey there this is message 0hey there this is message 1hey there this is message 2hey there this is message 3hey there this is message 4hey there this is message 5hey there this is message 6hey there this is message 7hey there this is message 0\nhey there this is message 1\nhey there this is message 2\nhey there this is message 3\nhey there this is message 4\nhey there this is message 0
hey there this is message 1
hey there this is message 2
hey there this is message 3
hey there this is message 4
hey there this is message 5
hey there this is message 6
hey there this is message 7
hey there this is message 8
hey there this is message 9
hey there this is message 10
hey there this is message 11
hey there this is message 12
hey there this is message 13
hey there this is message 14
hey there this is message 15
hey there this is message 16
hey there this is message 17
hey there this is message 18
hey there this is message 19
hey there this is message 20
hey there this is message 21
hey there this is message 22
hey there this is message 23
hey there this is message 24
hey there this is message 25
hey there this is message 26
hey there this is message 27
hey there this is message 28
hey there this is message 29
hey there this is message 30
hey there this is message 31
hey there this is message 32
hey there this is message 0
hey there this is message 1
hey there this is message 2
hey there this is message 3
hey there this is message 4
hey there this is message 5
hey there this is message 6
hey there this is message 7
hey there this is message 8
hey there this is message 0
hey there this is message 1
hey there this is message 2
hey there this is message 3
hey there this is message 4
hey there this is message 5
hey there this is message 6
hey there this is message 7
hey there this is message 8
hey there this is message 9
hey there this is message 10
hey there this is message 11
hey there this is message 12
hey there this is message 13
hey there this is message 14
hey there this is message 15
hey there this is message 16
hey there this is message 17
hey there this is message 18
hey there this is message 19
hey there this is message 20
hey there this is message 21
hey there this is message 22
hey there this is message 23
hey there this is message 24
hey there this is message 25
hey there this is message 26
hey there this is message 27
hey there this is message 28
hey there this is message 29
hey there this is message 30
hey there this is message 31
hey there this is message 32
hey there this is message 33
hey there this is message 34
hey there this is message 35
hey there this is message 36
hey there this is message 37
hey there this is message 38
hey there this is message 39
hey there this is message 40
hey there this is message 41
hey there this is message 42
hey there this is message 43
hey there this is message 44
hey there this is message 45
hey there this is message 46
hey there this is message 47
hey there this is message 48
hey there this is message 49
hey there this is message 50
hey there this is message 51
hey there this is message 52
hey there this is message 53
hey there this is message 54
hey there this is message 55
hey there this is message 56
hey there this is message 57
hey there this is message 58
hey there this is message 59
hey there this is message 60
hey there this is message 61
hey there this is message 62
hey there this is message 63
hey there this is message 64
hey there this is message 65
hey there this is message 66
hey there this is message 67
hey there this is message 68
hey there this is message 69
hey there this is message 70
hey there this is message 71
hey there this is message 72
hey there this is message 73
hey there this is message 74
hey there this is message 75
hey there this is message 76
hey there this is message 77
hey there this is message 78
hey there this is message 79
hey there this is message 80
hey there this is message 81
hey there this is message 82
hey there this is message 83
hey there this is message 84
hey there this is message 85
hey there this is message 86
hey there this is message 87
hey there this is message 88
hey there this is message 89
hey there this is message 90
hey there this is message 91
hey there this is message 92
hey there this is message 93
hey there this is message 94
hey there this is message 95
hey there this is message 96
hey there this is message 97
hey there this is message 98
hey there this is message 99
hey there this is message 100
hey there this is message 101
hey there this is message 102
hey there this is message 103
hey there this is message 104
hey there this is message 105
hey there this is message 106
hey there this is message 107
hey there this is message 108
hey there this is message 109
hey there this is message 110
hey there this is message 111
hey there this is message 112
hey there this is message 113
hey there this is message 114
hey there this is message 115
hey there this is message 116
hey there this is message 117
hey there this is message 118
hey there this is message 119
hey there this is message 120
hey there this is message 121
hey there this is message 122
hey there this is message 123
hey there this is message 124
hey there this is message 125
hey there this is message 126
hey there this is message 127
hey there this is message 128
hey there this is message 129
hey there this is message 130
hey there this is message 131
hey there this is message 132
hey there this is message 133
hey there this is message 134
hey there this is message 135
hey there this is message 136
hey there this is message 137
hey there this is message 138
hey there this is message 139
hey there this is message 140
hey there this is message 141
hey there this is message 142
hey there this is message 143
hey there this is message 144
hey there this is message 145
hey there this is message 146
hey there this is message 147
hey there this is message 148
hey there this is message 149
hey there this is message 150
hey there this is message 151
hey there this is message 152
hey there this is message 153
hey there this is message 154
hey there this is message 155
hey there this is message 156
hey there this is message 157
hey there this is message 158
hey there this is message 159
hey there this is message 160
hey there this is message 161
hey there this is message 162
hey there this is message 163
hey there this is message 164
hey there this is message 165
hey there this is message 166
hey there this is message 167
hey there this is message 168
hey there this is message 169
hey there this is message 170
hey there this is message 171
hey there this is message 172
hey there this is message 173
hey there this is message 174
hey there this is message 175
hey there this is message 176
hey there this is message 177
hey there this is message 178
hey there this is message 179
hey there this is message 180
hey there this is message 181
hey there this is message 182
hey there this is message 183
hey there this is message 184
hey there this is message 185
hey there this is message 186
hey there this is message 187
hey there this is message 188
hey there this is message 189
hey there this is message 190
hey there this is message 191
hey there this is message 192
hey there this is message 193
hey there this is message 194
hey there this is message 195
hey there this is message 196
hey there this is message 197
hey there this is message 198
hey there this is message 199
hey there this is message 200
hey there this is message 201
hey there this is message 202
hey there this is message 203
hey there this is message 204
hey there this is message 205
hey there this is message 206
hey there this is message 207
hey there this is message 208
hey there this is message 209
hey there this is message 210
hey there this is message 211
hey there this is message 212
hey there this is message 213
hey there this is message 214
hey there this is message 215
hey there this is message 216
hey there this is message 217
hey there this is message 218
hey there this is message 219
hey there this is message 220
hey there this is message 221
hey there this is message 222
hey there this is message 223
hey there this is message 224
hey there this is message 225
hey there this is message 226
hey there this is message 227
hey there this is message 228
hey there this is message 229
hey there this is message 230
hey there this is message 231
hey there this is message 232
hey there this is message 233
hey there this is message 234
hey there this is message 235
hey there this is message 236
hey there this is message 237
hey there this is message 238
hey there this is message 239
hey there this is message 240
hey there this is message 241
hey there this is message 242
hey there this is message 243
hey there this is message 244
hey there this is message 245
hey there this is message 246
hey there this is message 247
hey there this is message 248
hey there this is message 249
hey there this is message 250
hey there this is message 251
hey there this is message 252
hey there this is message 253
hey there this is message 254
hey there this is message 255
hey there this is message 256
hey there this is message 257
hey there this is message 258
hey there this is message 259
hey there this is message 260
hey there this is message 261
hey there this is message 262
hey there this is message 263
hey there this is message 264
hey there this is message 265
hey there this is message 266
hey there this is message 267
hey there this is message 268
hey there this is message 269
hey there this is message 270
hey there this is message 271
hey there this is message 272
hey there this is message 273
hey there this is message 274
hey there this is message 275
hey there this is message 276
hey there this is message 277
hey there this is message 278
hey there this is message 279
hey there this is message 280
hey there this is message 281
hey there this is message 282
hey there this is message 283
hey there this is message 284
hey there this is message 285
hey there this is message 286
hey there this is message 287
hey there this is message 288
hey there this is message 289
hey there this is message 290
hey there this is message 291
hey there this is message 292
hey there this is message 293
hey there this is message 294
hey there this is message 295
hey there this is message 296
hey there this is message 297
hey there this is message 298
hey there this is message 299
hey there this is message 300
hey there this is message 301
hey there this is message 302
hey there this is message 303
hey there this is message 304
hey there this is message 305
hey there this is message 306
hey there this is message 307
hey there this is message 308
hey there this is message 309
hey there this is message 310
hey there this is message 311
hey there this is message 312
hey there this is message 313
hey there this is message 314
hey there this is message 315
hey there this is message 316
hey there this is message 317
hey there this is message 318
hey there this is message 319
hey there this is message 320
hey there this is message 321
hey there this is message 322
hey there this is message 323
hey there this is message 324
hey there this is message 325
hey there this is message 326
hey there this is message 327
hey there this is message 328
hey there this is message 329
hey there this is message 330
hey there this is message 331
hey there this is message 332
hey there this is message 333
hey there this is message 334
hey there this is message 335
hey there this is message 336
hey there this is message 337
hey there this is message 338
hey there this is message 339
hey there this is message 340
hey there this is message 341
hey there this is message 342
hey there this is message 343
hey there this is message 344
hey there this is message 345
hey there this is message 346
hey there this is message 347
hey there this is message 348
hey there this is message 349
hey there this is message 350
hey there this is message 351
hey there this is message 352
hey there this is message 353
hey there this is message 354
hey there this is message 355
hey there this is message 356
hey there this is message 357
hey there this is message 358
hey there this is message 359
hey there this is message 360
hey there this is message 361
hey there this is message 362
hey there this is message 363
hey there this is message 364
hey there this is message 365
hey there this is message 366
hey there this is message 367
hey there this is message 368
hey there this is message 369
hey there this is message 370
hey there this is message 371
hey there this is message 372
hey there this is message 373
hey there this is message 374
hey there this is message 375
hey there this is message 376
hey there this is message 377
hey there this is message 378
hey there this is message 379
hey there this is message 380
hey there this is message 381
hey there this is message 382
hey there this is message 383
hey there this is message 384
hey there this is message 385
hey there this is message 386
hey there this is message 387
hey there this is message 388
hey there this is message 389
hey there this is message 390
hey there this is message 391
hey there this is message 392
hey there this is message 393
hey there this is message 394
hey there this is message 395
hey there this is message 396
hey there this is message 397
hey there this is message 398
hey there this is message 399
hey there this is message 400
hey there this is message 401
hey there this is message 402
hey there this is message 403
hey there this is message 404
hey there this is message 405
hey there this is message 406
hey there this is message 407
hey there this is message 408
hey there this is message 409
hey there this is message 410
hey there this is message 411
hey there this is message 412
hey there this is message 413
hey there this is message 414
hey there this is message 415
hey there this is message 416
hey there this is message 417
hey there this is message 418
hey there this is message 419
hey there this is message 420
hey there this is message 421
hey there this is message 422
hey there this is message 423
hey there this is message 424
hey there this is message 425
hey there this is message 426
hey there this is message 427
hey there this is message 428
hey there this is message 429
hey there this is message 430
hey there this is message 431
hey there this is message 432
hey there this is message 433
hey there this is message 434
hey there this is message 435
hey there this is message 436
hey there this is message 437
hey there this is message 438
hey there this is message 439
hey there this is message 440
hey there this is message 441
hey there this is message 442
hey there this is message 443
hey there this is message 444
hey there this is message 445
hey there this is message 446
hey there this is message 447
hey there this is message 448
hey there this is message 449
hey there this is message 450
hey there this is message 451
hey there this is message 452
hey there this is message 453
hey there this is message 454
hey there this is message 455
hey there this is message 456
hey there this is message 457
hey there this is message 458
hey there this is message 459
hey there this is message 460
hey there this is message 461
hey there this is message 462
hey there this is message 463
hey there this is message 464
hey there this is message 465
hey there this is message 466
hey there this is message 467
hey there this is message 468
hey there this is message 469
hey there this is message 470
hey there this is message 471
hey there this is message 472
hey there this is message 473
hey there this is message 474
hey there this is message 475
hey there this is message 476
hey there this is message 477
hey there this is message 478
hey there this is message 479
hey there this is message 480
hey there this is message 481
hey there this is message 482
hey there this is message 483
hey there this is message 484
hey there this is message 485
hey there this is message 486
hey there this is message 487
hey there this is message 488
hey there this is message 489
hey there this is message 490
hey there this is message 491
hey there this is message 492
hey there this is message 493
hey there this is message 494
hey there this is message 495
hey there this is message 496
hey there this is message 497
hey there this is message 498
hey there this is message 499
hey there this is message 500
hey there this is message 501
hey there this is message 502
hey there this is message 503
hey there this is message 504
hey there this is message 505
hey there this is message 506
hey there this is message 507
hey there this is message 508
hey there this is message 509
hey there this is message 510
hey there this is message 511
hey there this is message 512
hey there this is message 513
hey there this is message 514
hey there this is message 515
hey there this is message 516
hey there this is message 517
hey there this is message 518
hey there this is message 519
hey there this is message 520
hey there this is message 521
hey there this is message 522
hey there this is message 523
hey there this is message 524
hey there this is message 525
hey there this is message 526
hey there this is message 527
hey there this is message 528
hey there this is message 529
hey there this is message 530
hey there this is message 531
hey there this is message 532
hey there this is message 533
hey there this is message 534
hey there this is message 535
hey there this is message 536
hey there this is message 537
hey there this is message 538
hey there this is message 539
hey there this is message 540
hey there this is message 541
hey there this is message 542
hey there this is message 543
hey there this is message 544
hey there this is message 545
hey there this is message 546
hey there this is message 547
hey there this is message 548
hey there this is message 549
hey there this is message 550
hey there this is message 551
hey there this is message 552
hey there this is message 553
hey there this is message 554
hey there this is message 555
hey there this is message 556
hey there this is message 557
hey there this is message 558
hey there this is message 559
hey there this is message 560
hey there this is message 561
hey there this is message 562
hey there this is message 563
hey there this is message 564
hey there this is message 565
hey there this is message 566
hey there this is message 567
hey there this is message 568
hey there this is message 569
hey there this is message 570
hey there this is message 571
hey there this is message 572
hey there this is message 573
hey there this is message 574
hey there this is message 575
hey there this is message 576
hey there this is message 577
hey there this is message 578
hey there this is message 579
hey there this is message 580
hey there this is message 581
hey there this is message 582
hey there this is message 583
hey there this is message 584
hey there this is message 585
hey there this is message 586
hey there this is message 587
hey there this is message 588
hey there this is message 589
hey there this is message 590
hey there this is message 591
hey there this is message 592
hey there this is message 593
hey there this is message 594
hey there this is message 595
hey there this is message 596
hey there this is message 597
hey there this is message 598
hey there this is message 599
hey there this is message 600
hey there this is message 601
hey there this is message 602
hey there this is message 603
hey there this is message 604
hey there this is message 605
hey there this is message 606
hey there this is message 607
hey there this is message 608
hey there this is message 609
hey there this is message 610
hey there this is message 611
hey there this is message 612
hey there this is message 613
hey there this is message 614
hey there this is message 615
hey there this is message 616
hey there this is message 617
hey there this is message 618
hey there this is message 619
hey there this is message 620
hey there this is message 621
hey there this is message 622
hey there this is message 623
hey there this is message 624
hey there this is message 625
hey there this is message 626
hey there this is message 627
hey there this is message 628
hey there this is message 629
hey there this is message 630
hey there this is message 631
hey there this is message 632
hey there this is message 633
hey there this is message 634
hey there this is message 635
hey there this is message 636
hey there this is message 637
hey there this is message 638
hey there this is message 639
hey there this is message 640
hey there this is message 641
hey there this is message 642
hey there this is message 643
hey there this is message 644
hey there this is message 645
hey there this is message 646
hey there this is message 647
hey there this is message 648
hey there this is message 649
hey there this is message 650
hey there this is message 651
hey there this is message 652
hey there this is message 653
hey there this is message 654
hey there this is message 655
hey there this is message 656
hey there this is message 657
hey there this is message 658
hey there this is message 659
hey there this is message 660
hey there this is message 661
hey there this is message 662
hey there this is message 663
hey there this is message 664
hey there this is message 665
hey there this is message 666
hey there this is message 667
hey there this is message 668
hey there this is message 669
hey there this is message 670
hey there this is message 671
hey there this is message 672
hey there this is message 673
hey there this is message 674
hey there this is message 675
hey there this is message 676
hey there this is message 677
hey there this is message 678
hey there this is message 679
hey there this is message 680
hey there this is message 681
hey there this is message 682
hey there this is message 683
hey there this is message 684
hey there this is message 685
hey there this is message 686
hey there this is message 687
hey there this is message 688
hey there this is message 689
hey there this is message 690
hey there this is message 691
hey there this is message 692
hey there this is message 693
hey there this is message 694
hey there this is message 695
hey there this is message 696
hey there this is message 697
hey there this is message 698
hey there this is message 699
hey there this is message 700
hey there this is message 701
hey there this is message 702
hey there this is message 703
hey there this is message 704
hey there this is message 705
hey there this is message 706
hey there this is message 707
hey there this is message 708
hey there this is message 709
hey there this is message 710
hey there this is message 711
hey there this is message 712
hey there this is message 713
hey there this is message 714
hey there this is message 715
hey there this is message 716
hey there this is message 717
hey there this is message 718
hey there this is message 719
hey there this is message 720
hey there this is message 721
hey there this is message 722
hey there this is message 723
hey there this is message 724
hey there this is message 725
hey there this is message 726
hey there this is message 727
hey there this is message 728
hey there this is message 729
hey there this is message 730
hey there this is message 731
hey there this is message 732
hey there this is message 733
hey there this is message 734
hey there this is message 735
hey there this is message 736
hey there this is message 737
hey there this is message 738
hey there this is message 739
hey there this is message 740
hey there this is message 741
hey there this is message 742
hey there this is message 743
hey there this is message 744
hey there this is message 745
hey there this is message 746
hey there this is message 747
hey there this is message 748
hey there this is message 749
hey there this is message 750
hey there this is message 751
hey there this is message 752
hey there this is message 753
hey there this is message 754
hey there this is message 755
hey there this is message 756
hey there this is message 757
hey there this is message 758
hey there this is message 759
hey there this is message 760
hey there this is message 761
hey there this is message 762
hey there this is message 763
hey there this is message 764
hey there this is message 765
hey there this is message 766
hey there this is message 767
hey there this is message 768
hey there this is message 769
hey there this is message 770
hey there this is message 771
hey there this is message 772
hey there this is message 773
hey there this is message 774
hey there this is message 775
hey there this is message 776
hey there this is message 777
hey there this is message 778
hey there this is message 779
hey there this is message 780
hey there this is message 781
hey there this is message 782
hey there this is message 783
hey there this is message 784
hey there this is message 785
hey there this is message 786
hey there this is message 787
hey there this is message 788
hey there this is message 789
hey there this is message 790
hey there this is message 791
hey there this is message 792
hey there this is message 793
hey there this is message 794
hey there this is message 795
hey there this is message 796
hey there this is message 797
hey there this is message 798
hey there this is message 799
hey there this is message 800
hey there this is message 801
hey there this is message 802
hey there this is message 803
hey there this is message 804
hey there this is message 805
hey there this is message 806
hey there this is message 807
hey there this is message 808
hey there this is message 809
hey there this is message 810
hey there this is message 811
hey there this is message 812
hey there this is message 813
hey there this is message 814
hey there this is message 815
hey there this is message 816
hey there this is message 817
hey there this is message 818
hey there this is message 819
hey there this is message 820
hey there this is message 821
hey there this is message 822
hey there this is message 823
hey there this is message 824
hey there this is message 825
hey there this is message 826
hey there this is message 827
hey there this is message 828
hey there this is message 829
hey there this is message 830
hey there this is message 831
hey there this is message 832
hey there this is message 833
hey there this is message 834
hey there this is message 835
hey there this is message 836
hey there this is message 837
hey there this is message 838
hey there this is message 839
hey there this is message 840
hey there this is message 841
hey there this is message 842
hey there this is message 843
hey there this is message 844
hey there this is message 845
hey there this is message 846
hey there this is message 847
hey there this is message 848
hey there this is message 849
hey there this is message 850
hey there this is message 851
hey there this is message 852
hey there this is message 853
hey there this is message 854
hey there this is message 855
hey there this is message 856
hey there this is message 857
hey there this is message 858
hey there this is message 859
hey there this is message 860
hey there this is message 861
hey there this is message 862
hey there this is message 863
hey there this is message 864
hey there this is message 865
hey there this is message 866
hey there this is message 867
hey there this is message 868
hey there this is message 869
hey there this is message 870
hey there this is message 871
hey there this is message 872
hey there this is message 873
hey there this is message 874
hey there this is message 875
hey there this is message 876
hey there this is message 877
hey there this is message 878
hey there this is message 879
hey there this is message 880
hey there this is message 881
hey there this is message 882
hey there this is message 883
hey there this is message 884
hey there this is message 885
hey there this is message 886
hey there this is message 887
hey there this is message 888
hey there this is message 889
hey there this is message 890
hey there this is message 891
hey there this is message 892
hey there this is message 893
hey there this is message 894
hey there this is message 895
hey there this is message 896
hey there this is message 897
hey there this is message 898
hey there this is message 899
hey there this is message 900
hey there this is message 901
hey there this is message 902
hey there this is message 903
hey there this is message 904
hey there this is message 905
hey there this is message 906
hey there this is message 907
hey there this is message 908
hey there this is message 909
hey there this is message 910
hey there this is message 911
hey there this is message 912
hey there this is message 913
hey there this is message 914
hey there this is message 915
hey there this is message 916
hey there this is message 917
hey there this is message 918
hey there this is message 919
hey there this is message 920
hey there this is message 921
hey there this is message 922
hey there this is message 923
hey there this is message 924
hey there this is message 925
hey there this is message 926
hey there this is message 927
hey there this is message 928
hey there this is message 929
hey there this is message 930
hey there this is message 931
hey there this is message 932
hey there this is message 933
hey there this is message 934
hey there this is message 935
hey there this is message 936
hey there this is message 937
hey there this is message 938
hey there this is message 939
hey there this is message 940
hey there this is message 941
hey there this is message 942
hey there this is message 943
hey there this is message 944
hey there this is message 945
hey there this is message 946
hey there this is message 947
hey there this is message 948
hey there this is message 949
hey there this is message 950
hey there this is message 951
hey there this is message 952
hey there this is message 953
hey there this is message 954
hey there this is message 955
hey there this is message 956
hey there this is message 957
hey there this is message 958
hey there this is message 959
hey there this is message 960
hey there this is message 961
hey there this is message 962
hey there this is message 963
hey there this is message 964
hey there this is message 965
hey there this is message 966
hey there this is message 967
hey there this is message 968
hey there this is message 969
hey there this is message 970
hey there this is message 971
hey there this is message 972
hey there this is message 973
hey there this is message 974
hey there this is message 975
hey there this is message 976
hey there this is message 977
hey there this is message 978
hey there this is message 979
hey there this is message 980
hey there this is message 981
hey there this is message 982
hey there this is message 983
hey there this is message 984
hey there this is message 985
hey there this is message 986
hey there this is message 987
hey there this is message 988
hey there this is message 989
hey there this is message 990
hey there this is message 991
hey there this is message 992
hey there this is message 993
hey there this is message 994
hey there this is message 995
hey there this is message 996
hey there this is message 997
hey there this is message 998
hey there this is message 999
hey there this is message 1000
hey there this is message 1001
hey there this is message 1002
hey there this is message 1003
hey there this is message 1004
hey there this is message 1005
hey there this is message 1006
hey there this is message 1007
hey there this is message 1008
hey there this is message 1009
hey there this is message 1010
hey there this is message 1011
hey there this is message 1012
hey there this is message 1013
hey there this is message 1014
hey there this is message 1015
hey there this is message 1016
hey there this is message 1017
hey there this is message 1018
hey there this is message 1019
hey there this is message 1020
hey there this is message 1021
hey there this is message 1022
hey there this is message 1023
hey there this is message 1024
hey there this is message 1025
hey there this is message 1026
hey there this is message 1027
hey there this is message 1028
hey there this is message 1029
hey there this is message 1030
hey there this is message 1031
hey there this is message 1032
hey there this is message 1033
hey there this is message 1034
hey there this is message 1035
hey there this is message 1036
hey there this is message 1037
hey there this is message 1038
hey there this is message 1039
hey there this is message 1040
hey there this is message 1041
hey there this is message 1042
hey there this is message 1043
hey there this is message 1044
hey there this is message 1045
hey there this is message 1046
hey there this is message 1047
hey there this is message 1048
hey there this is message 1049
hey there this is message 1050
hey there this is message 1051
hey there this is message 1052
hey there this is message 1053
hey there this is message 1054
hey there this is message 1055
hey there this is message 1056
hey there this is message 1057
hey there this is message 1058
hey there this is message 1059
hey there this is message 1060
hey there this is message 1061
hey there this is message 1062
hey there this is message 1063
hey there this is message 1064
hey there this is message 1065
hey there this is message 1066
hey there this is message 1067
hey there this is message 1068
hey there this is message 1069
hey there this is message 1070
hey there this is message 1071
hey there this is message 1072
hey there this is message 1073
hey there this is message 1074
hey there this is message 1075
hey there this is message 1076
hey there this is message 1077
hey there this is message 1078
hey there this is message 1079
hey there this is message 1080
hey there this is message 1081
hey there this is message 1082
hey there this is message 1083
hey there this is message 1084
hey there this is message 1085
hey there this is message 1086
hey there this is message 1087
hey there this is message 1088
hey there this is message 1089
hey there this is message 1090
hey there this is message 1091
hey there this is message 1092
hey there this is message 1093
hey there this is message 1094
hey there this is message 1095
hey there this is message 1096
hey there this is message 1097
hey there this is message 1098
hey there this is message 1099
hey there this is message 1100
hey there this is message 1101
hey there this is message 1102
hey there this is message 1103
hey there this is message 1104
hey there this is message 1105
hey there this is message 1106
hey there this is message 1107
hey there this is message 1108
hey there this is message 1109
hey there this is message 1110
hey there this is message 1111
hey there this is message 1112
hey there this is message 1113
hey there this is message 1114
hey there this is message 1115
hey there this is message 1116
hey there this is message 1117
hey there this is message 1118
hey there this is message 1119
hey there this is message 1120
hey there this is message 1121
hey there this is message 1122
hey there this is message 1123
hey there this is message 1124
hey there this is message 1125
hey there this is message 1126
hey there this is message 1127
hey there this is message 1128
hey there this is message 1129
hey there this is message 1130
hey there this is message 1131
hey there this is message 1132
hey there this is message 1133
hey there this is message 1134
hey there this is message 1135
hey there this is message 1136
hey there this is message 1137
hey there this is message 1138
hey there this is message 1139
hey there this is message 1140
hey there this is message 1141
hey there this is message 1142
hey there this is message 1143
hey there this is message 1144
hey there this is message 1145
hey there this is message 1146
hey there this is message 1147
hey there this is message 1148
hey there this is message 1149
hey there this is message 1150
hey there this is message 1151
hey there this is message 1152
hey there this is message 1153
hey there this is message 1154
hey there this is message 1155
hey there this is message 1156
hey there this is message 1157
hey there this is message 1158
hey there this is message 1159
hey there this is message 1160
hey there this is message 1161
hey there this is message 1162
hey there this is message 1163
hey there this is message 1164
hey there this is message 1165
hey there this is message 1166
hey there this is message 1167
hey there this is message 1168
hey there this is message 1169
hey there this is message 1170
hey there this is message 1171
hey there this is message 1172
hey there this is message 1173
hey there this is message 1174
hey there this is message 1175
hey there this is message 1176
hey there this is message 1177
hey there this is message 1178
hey there this is message 1179
hey there this is message 1180
hey there this is message 1181
hey there this is message 1182
hey there this is message 1183
hey there this is message 1184
hey there this is message 1185
hey there this is message 1186
hey there this is message 1187
hey there this is message 1188
hey there this is message 1189
hey there this is message 1190
hey there this is message 1191
hey there this is message 1192
hey there this is message 1193
hey there this is message 1194
hey there this is message 1195
hey there this is message 1196
hey there this is message 1197
hey there this is message 1198
hey there this is message 1199
hey there this is message 1200
hey there this is message 1201
hey there this is message 1202
hey there this is message 1203
hey there this is message 1204
hey there this is message 1205
hey there this is message 1206
hey there this is message 1207
hey there this is message 1208
hey there this is message 1209
hey there this is message 1210
hey there this is message 1211
hey there this is message 1212
hey there this is message 1213
hey there this is message 1214
hey there this is message 1215
hey there this is message 1216
hey there this is message 1217
hey there this is message 1218
hey there this is message 1219
hey there this is message 1220
hey there this is message 1221
hey there this is message 1222
hey there this is message 1223
hey there this is message 1224
hey there this is message 1225
hey there this is message 1226
hey there this is message 1227
hey there this is message 1228
hey there this is message 1229
hey there this is message 1230
hey there this is message 1231
hey there this is message 1232
hey there this is message 1233
hey there this is message 1234
hey there this is message 1235
hey there this is message 1236
hey there this is message 1237
hey there this is message 1238
hey there this is message 1239
hey there this is message 1240
hey there this is message 1241
hey there this is message 1242
hey there this is message 1243
hey there this is message 1244
hey there this is message 1245
hey there this is message 1246
hey there this is message 1247
hey there this is message 1248
hey there this is message 1249
hey there this is message 1250
hey there this is message 1251
hey there this is message 1252
hey there this is message 1253
hey there this is message 1254
hey there this is message 1255
hey there this is message 1256
hey there this is message 1257
hey there this is message 1258
hey there this is message 1259
hey there this is message 1260
hey there this is message 1261
hey there this is message 1262
hey there this is message 1263
hey there this is message 1264
hey there this is message 1265
hey there this is message 1266
hey there this is message 1267
hey there this is message 1268
hey there this is message 1269
hey there this is message 1270
hey there this is message 1271
hey there this is message 1272
hey there this is message 1273
hey there this is message 1274
hey there this is message 1275
hey there this is message 1276
hey there this is message 1277
hey there this is message 1278
hey there this is message 1279
hey there this is message 1280
hey there this is message 1281
hey there this is message 1282
hey there this is message 1283
hey there this is message 1284
hey there this is message 1285
hey there this is message 1286
hey there this is message 1287
hey there this is message 1288
hey there this is message 1289
hey there this is message 1290
hey there this is message 1291
hey there this is message 1292
hey there this is message 1293
hey there this is message 1294
hey there this is message 1295
hey there this is message 1296
hey there this is message 1297
hey there this is message 1298
hey there this is message 1299
hey there this is message 1300
hey there this is message 1301
hey there this is message 1302
hey there this is message 1303
hey there this is message 1304
hey there this is message 1305
hey there this is message 1306
hey there this is message 1307
hey there this is message 1308
hey there this is message 1309
hey there this is message 1310
hey there this is message 1311
hey there this is message 1312
hey there this is message 1313
hey there this is message 1314
hey there this is message 1315
hey there this is message 1316
hey there this is message 1317
hey there this is message 1318
hey there this is message 1319
hey there this is message 1320
hey there this is message 1321
hey there this is message 1322
hey there this is message 1323
hey there this is message 1324
hey there this is message 1325
hey there this is message 1326
hey there this is message 1327
hey there this is message 1328
hey there this is message 1329
hey there this is message 1330
hey there this is message 1331
hey there this is message 1332
hey there this is message 1333
hey there this is message 1334
hey there this is message 1335
hey there this is message 1336
hey there this is message 1337
hey there this is message 1338
hey there this is message 1339
hey there this is message 1340
hey there this is message 1341
hey there this is message 1342
hey there this is message 1343
hey there this is message 1344
hey there this is message 1345
hey there this is message 1346
hey there this is message 1347
hey there this is message 1348
hey there this is message 1349
hey there this is message 1350
hey there this is message 1351
hey there this is message 1352
hey there this is message 1353
hey there this is message 1354
hey there this is message 1355
hey there this is message 1356
hey there this is message 1357
hey there this is message 1358
hey there this is message 1359
hey there this is message 1360
hey there this is message 1361
hey there this is message 1362
hey there this is message 1363
hey there this is message 1364
hey there this is message 1365
hey there this is message 1366
hey there this is message 1367
hey there this is message 1368
hey there this is message 1369
hey there this is message 1370
hey there this is message 1371
hey there this is message 1372
hey there this is message 1373
hey there this is message 1374
hey there this is message 1375
hey there this is message 1376
hey there this is message 1377
hey there this is message 1378
hey there this is message 1379
hey there this is message 1380
hey there this is message 1381
hey there this is message 1382
hey there this is message 1383
hey there this is message 1384
hey there this is message 1385
hey there this is message 1386
hey there this is message 1387
hey there this is message 1388
hey there this is message 1389
hey there this is message 1390
hey there this is message 1391
hey there this is message 1392
hey there this is message 1393
hey there this is message 1394
hey there this is message 1395
hey there this is message 1396
hey there this is message 1397
hey there this is message 1398
hey there this is message 1399
hey there this is message 1400
hey there this is message 1401
hey there this is message 1402
hey there this is message 1403
hey there this is message 1404
hey there this is message 1405
hey there this is message 1406
hey there this is message 1407
hey there this is message 1408
hey there this is message 1409
hey there this is message 1410
hey there this is message 1411
hey there this is message 1412
hey there this is message 1413
hey there this is message 1414
hey there this is message 1415
hey there this is message 1416
hey there this is message 1417
hey there this is message 1418
hey there this is message 1419
hey there this is message 1420
hey there this is message 1421
hey there this is message 1422
hey there this is message 1423
hey there this is message 1424
hey there this is message 1425
hey there this is message 1426
hey there this is message 1427
hey there this is message 1428
hey there this is message 1429
hey there this is message 1430
hey there this is message 1431
hey there this is message 1432
hey there this is message 1433
hey there this is message 1434
hey there this is message 1435
hey there this is message 1436
hey there this is message 1437
hey there this is message 1438
hey there this is message 1439
hey there this is message 1440
hey there this is message 1441
hey there this is message 1442
hey there this is message 1443
hey there this is message 1444
hey there this is message 1445
hey there this is message 1446
hey there this is message 1447
hey there this is message 1448
hey there this is message 1449
hey there this is message 1450
hey there this is message 1451
hey there this is message 1452
hey there this is message 1453
hey there this is message 1454
hey there this is message 1455
hey there this is message 1456
hey there this is message 1457
hey there this is message 1458
hey there this is message 1459
hey there this is message 1460
hey there this is message 1461
hey there this is message 1462
hey there this is message 1463
hey there this is message 1464
hey there this is message 1465
hey there this is message 1466
hey there this is message 1467
hey there this is message 1468
hey there this is message 1469
hey there this is message 1470
hey there this is message 1471
hey there this is message 1472
hey there this is message 1473
hey there this is message 1474
hey there this is message 1475
hey there this is message 1476
hey there this is message 1477
hey there this is message 1478
hey there this is message 1479
hey there this is message 1480
hey there this is message 1481
hey there this is message 1482
hey there this is message 1483
hey there this is message 1484
hey there this is message 1485
hey there this is message 1486
hey there this is message 1487
hey there this is message 1488
hey there this is message 1489
hey there this is message 1490
hey there this is message 1491
hey there this is message 1492
hey there this is message 1493
hey there this is message 1494
hey there this is message 1495
hey there this is message 1496
hey there this is message 1497
hey there this is message 1498
hey there this is message 1499
hey there this is message 1500
hey there this is message 1501
hey there this is message 1502
hey there this is message 1503
hey there this is message 1504
hey there this is message 1505
hey there this is message 1506
hey there this is message 1507
hey there this is message 1508
hey there this is message 1509
hey there this is message 1510
hey there this is message 1511
hey there this is message 1512
hey there this is message 1513
hey there this is message 1514
hey there this is message 1515
hey there this is message 1516
hey there this is message 1517
hey there this is message 1518
hey there this is message 1519
hey there this is message 1520
hey there this is message 1521
hey there this is message 1522
hey there this is message 1523
hey there this is message 1524
hey there this is message 1525
hey there this is message 1526
hey there this is message 1527
hey there this is message 1528
hey there this is message 1529
hey there this is message 1530
hey there this is message 1531
hey there this is message 1532
hey there this is message 1533
hey there this is message 1534
hey there this is message 1535
hey there this is message 1536
hey there this is message 1537
hey there this is message 1538
hey there this is message 1539
hey there this is message 1540
hey there this is message 1541
hey there this is message 1542
hey there this is message 1543
hey there this is message 1544
hey there this is message 1545
hey there this is message 1546
hey there this is message 1547
hey there this is message 1548
hey there this is message 1549
hey there this is message 1550
hey there this is message 1551
hey there this is message 1552
hey there this is message 1553
hey there this is message 1554
hey there this is message 1555
hey there this is message 1556
hey there this is message 1557
hey there this is message 1558
hey there this is message 1559
hey there this is message 1560
hey there this is message 1561
hey there this is message 1562
hey there this is message 1563
hey there this is message 1564
hey there this is message 1565
hey there this is message 1566
hey there this is message 1567
hey there this is message 1568
hey there this is message 1569
hey there this is message 1570
hey there this is message 1571
hey there this is message 1572
hey there this is message 1573
hey there this is message 1574
hey there this is message 1575
hey there this is message 1576
hey there this is message 1577
hey there this is message 1578
hey there this is message 1579
hey there this is message 1580
hey there this is message 1581
hey there this is message 1582
hey there this is message 1583
hey there this is message 1584
hey there this is message 1585
hey there this is message 1586
hey there this is message 1587
hey there this is message 1588
hey there this is message 1589
hey there this is message 1590
hey there this is message 1591
hey there this is message 1592
hey there this is message 1593
hey there this is message 1594
hey there this is message 1595
hey there this is message 1596
hey there this is message 1597
hey there this is message 1598
hey there this is message 1599
hey there this is message 1600
hey there this is message 1601
hey there this is message 1602
hey there this is message 1603
hey there this is message 1604
hey there this is message 1605
hey there this is message 1606
hey there this is message 1607
hey there this is message 1608
hey there this is message 1609
hey there this is message 1610
hey there this is message 1611
hey there this is message 1612
hey there this is message 1613
hey there this is message 1614
hey there this is message 1615
hey there this is message 1616
hey there this is message 1617
hey there this is message 1618
hey there this is message 1619
hey there this is message 1620
hey there this is message 1621
hey there this is message 1622
hey there this is message 1623
hey there this is message 1624
hey there this is message 1625
hey there this is message 1626
hey there this is message 1627
hey there this is message 1628
hey there this is message 1629
hey there this is message 1630
hey there this is message 1631
hey there this is message 1632
hey there this is message 1633
hey there this is message 1634
hey there this is message 1635
hey there this is message 1636
hey there this is message 1637
hey there this is message 1638
hey there this is message 1639
hey there this is message 1640
hey there this is message 1641
hey there this is message 1642
hey there this is message 1643
hey there this is message 1644
hey there this is message 1645
hey there this is message 1646
hey there this is message 1647
hey there this is message 1648
hey there this is message 1649
hey there this is message 1650
hey there this is message 1651
hey there this is message 1652
hey there this is message 1653
hey there this is message 1654
hey there this is message 1655
hey there this is message 1656
hey there this is message 1657
hey there this is message 1658
hey there this is message 1659
hey there this is message 1660
hey there this is message 1661
hey there this is message 1662
hey there this is message 1663
hey there this is message 1664
hey there this is message 1665
hey there this is message 1666
hey there this is message 1667
hey there this is message 1668
hey there this is message 1669
hey there this is message 1670
hey there this is message 1671
hey there this is message 1672
hey there this is message 1673
hey there this is message 1674
hey there this is message 1675
hey there this is message 1676
hey there this is message 1677
hey there this is message 1678
hey there this is message 1679
hey there this is message 1680
hey there this is message 1681
hey there this is message 1682
hey there this is message 1683
hey there this is message 1684
hey there this is message 1685
hey there this is message 1686
hey there this is message 1687
hey there this is message 1688
hey there this is message 1689
hey there this is message 1690
hey there this is message 1691
hey there this is message 1692
hey there this is message 1693
hey there this is message 1694
hey there this is message 1695
hey there this is message 1696
hey there this is message 1697
hey there this is message 1698
hey there this is message 1699
hey there this is message 1700
hey there this is message 1701
hey there this is message 1702
hey there this is message 1703
hey there this is message 1704
hey there this is message 1705
hey there this is message 1706
hey there this is message 1707
hey there this is message 1708
hey there this is message 1709
hey there this is message 1710
hey there this is message 1711
hey there this is message 1712
hey there this is message 1713
hey there this is message 1714
hey there this is message 1715
hey there this is message 1716
hey there this is message 1717
hey there this is message 1718
hey there this is message 1719
hey there this is message 1720
hey there this is message 1721
hey there this is message 1722
hey there this is message 1723
hey there this is message 1724
hey there this is message 1725
hey there this is message 1726
hey there this is message 1727
hey there this is message 1728
hey there this is message 1729
hey there this is message 1730
hey there this is message 1731
hey there this is message 1732
hey there this is message 1733
hey there this is message 1734
hey there this is message 1735
hey there this is message 1736
hey there this is message 1737
hey there this is message 1738
hey there this is message 1739
hey there this is message 1740
hey there this is message 1741
hey there this is message 1742
hey there this is message 1743
hey there this is message 1744
hey there this is message 1745
hey there this is message 1746
hey there this is message 1747
hey there this is message 1748
hey there this is message 1749
hey there this is message 1750
hey there this is message 1751
hey there this is message 1752
hey there this is message 1753
hey there this is message 1754
hey there this is message 1755
hey there this is message 1756
hey there this is message 1757
hey there this is message 1758
hey there this is message 1759
hey there this is message 1760
hey there this is message 1761
hey there this is message 1762
hey there this is message 1763
hey there this is message 1764
hey there this is message 1765
hey there this is message 1766
hey there this is message 1767
hey there this is message 1768
hey there this is message 1769
hey there this is message 1770
hey there this is message 1771
hey there this is message 1772
hey there this is message 1773
hey there this is message 1774
hey there this is message 1775
hey there this is message 1776
hey there this is message 1777
hey there this is message 1778
hey there this is message 1779
hey there this is message 1780
hey there this is message 1781
hey there this is message 1782
hey there this is message 1783
hey there this is message 1784
hey there this is message 1785
hey there this is message 1786
hey there this is message 1787
hey there this is message 1788
hey there this is message 1789
hey there this is message 1790
hey there this is message 1791
hey there this is message 1792
hey there this is message 1793
hey there this is message 1794
hey there this is message 1795
hey there this is message 1796
hey there this is message 1797
hey there this is message 1798
hey there this is message 1799
hey there this is message 1800
hey there this is message 1801
hey there this is message 1802
hey there this is message 1803
hey there this is message 1804
hey there this is message 1805
hey there this is message 1806
hey there this is message 1807
hey there this is message 1808
hey there this is message 1809
hey there this is message 1810
hey there this is message 1811
hey there this is message 1812
hey there this is message 1813
hey there this is message 1814
hey there this is message 1815
hey there this is message 1816
hey there this is message 1817
hey there this is message 1818
hey there this is message 1819
hey there this is message 1820
hey there this is message 1821
hey there this is message 1822
hey there this is message 1823
hey there this is message 1824
hey there this is message 1825
hey there this is message 1826
hey there this is message 1827
hey there this is message 1828
hey there this is message 1829
hey there this is message 1830
hey there this is message 1831
hey there this is message 1832
hey there this is message 1833
hey there this is message 1834
hey there this is message 1835
hey there this is message 1836
hey there this is message 1837
hey there this is message 1838
hey there this is message 1839
hey there this is message 1840
hey there this is message 1841
hey there this is message 1842
hey there this is message 1843
hey there this is message 1844
hey there this is message 1845
hey there this is message 1846
hey there this is message 1847
hey there this is message 1848
hey there this is message 1849
hey there this is message 1850
hey there this is message 1851
hey there this is message 1852
hey there this is message 1853
hey there this is message 1854
hey there this is message 1855
hey there this is message 1856
hey there this is message 1857
hey there this is message 1858
hey there this is message 1859
hey there this is message 1860
hey there this is message 1861
hey there this is message 1862
hey there this is message 1863
hey there this is message 1864
hey there this is message 1865
hey there this is message 1866
hey there this is message 1867
hey there this is message 1868
hey there this is message 1869
hey there this is message 1870
hey there this is message 1871
hey there this is message 1872
hey there this is message 1873
hey there this is message 1874
hey there this is message 1875
hey there this is message 1876
hey there this is message 1877
hey there this is message 1878
hey there this is message 1879
hey there this is message 1880
hey there this is message 1881
hey there this is message 1882
hey there this is message 1883
hey there this is message 1884
hey there this is message 1885
hey there this is message 1886
hey there this is message 1887
hey there this is message 1888
hey there this is message 1889
hey there this is message 1890
hey there this is message 1891
hey there this is message 1892
hey there this is message 1893
hey there this is message 1894
hey there this is message 1895
hey there this is message 1896
hey there this is message 1897
hey there this is message 1898
hey there this is message 1899
hey there this is message 1900
hey there this is message 1901
hey there this is message 1902
hey there this is message 1903
hey there this is message 1904
hey there this is message 1905
hey there this is message 1906
hey there this is message 1907
hey there this is message 1908
hey there this is message 1909
hey there this is message 1910
hey there this is message 1911
hey there this is message 1912
hey there this is message 1913
hey there this is message 1914
hey there this is message 1915
hey there this is message 1916
hey there this is message 1917
hey there this is message 1918
hey there this is message 1919
hey there this is message 1920
hey there this is message 1921
hey there this is message 1922
hey there this is message 1923
hey there this is message 1924
hey there this is message 1925
hey there this is message 1926
hey there this is message 1927
hey there this is message 1928
hey there this is message 1929
hey there this is message 1930
hey there this is message 1931
hey there this is message 1932
hey there this is message 1933
hey there this is message 1934
hey there this is message 1935
hey there this is message 1936
hey there this is message 1937
hey there this is message 1938
hey there this is message 1939
hey there this is message 1940
hey there this is message 1941
hey there this is message 1942
hey there this is message 1943
hey there this is message 1944
hey there this is message 1945
hey there this is message 1946
hey there this is message 1947
hey there this is message 1948
hey there this is message 1949
hey there this is message 1950
hey there this is message 1951
hey there this is message 1952
hey there this is message 1953
hey there this is message 1954
hey there this is message 1955
hey there this is message 1956
hey there this is message 1957
hey there this is message 1958
hey there this is message 1959
hey there this is message 1960
hey there this is message 1961
hey there this is message 1962
hey there this is message 1963
hey there this is message 1964
hey there this is message 1965
hey there this is message 1966
hey there this is message 1967
hey there this is message 1968
hey there this is message 1969
hey there this is message 1970
hey there this is message 1971
hey there this is message 1972
hey there this is message 1973
hey there this is message 1974
hey there this is message 1975
hey there this is message 1976
hey there this is message 1977
hey there this is message 1978
hey there this is message 1979
hey there this is message 1980
hey there this is message 1981
hey there this is message 1982
hey there this is message 1983
hey there this is message 1984
hey there this is message 1985
hey there this is message 1986
hey there this is message 1987
hey there this is message 1988
hey there this is message 1989
hey there this is message 1990
hey there this is message 1991
hey there this is message 1992
hey there this is message 1993
hey there this is message 1994
hey there this is message 1995
hey there this is message 1996
hey there this is message 1997
hey there this is message 1998
hey there this is message 1999
hey there this is message 2000
hey there this is message 2001
hey there this is message 2002
hey there this is message 2003
hey there this is message 2004
hey there this is message 2005
hey there this is message 2006
hey there this is message 2007
hey there this is message 2008
hey there this is message 2009
hey there this is message 2010
hey there this is message 2011
hey there this is message 2012
hey there this is message 2013
hey there this is message 2014
hey there this is message 2015
hey there this is message 2016
hey there this is message 2017
hey there this is message 2018
hey there this is message 2019
hey there this is message 2020
hey there this is message 2021
hey there this is message 2022
hey there this is message 2023
hey there this is message 2024
hey there this is message 2025
hey there this is message 2026
hey there this is message 2027
hey there this is message 2028
hey there this is message 2029
hey there this is message 2030
hey there this is message 2031
hey there this is message 2032
hey there this is message 2033
hey there this is message 2034
hey there this is message 2035
hey there this is message 2036
hey there this is message 2037
hey there this is message 2038
hey there this is message 2039
hey there this is message 2040
hey there this is message 2041
hey there this is message 2042
hey there this is message 2043
hey there this is message 2044
hey there this is message 2045
hey there this is message 2046
hey there this is message 2047
hey there this is message 2048
hey there this is message 2049
hey there this is message 2050
hey there this is message 2051
hey there this is message 2052
hey there this is message 2053
hey there this is message 2054
hey there this is message 2055
hey there this is message 2056
hey there this is message 2057
hey there this is message 2058
hey there this is message 2059
hey there this is message 2060
hey there this is message 2061
hey there this is message 2062
hey there this is message 2063
hey there this is message 2064
hey there this is message 2065
hey there this is message 2066
hey there this is message 2067
hey there this is message 2068
hey there this is message 2069
hey there this is message 2070
hey there this is message 2071
hey there this is message 2072
hey there this is message 2073
hey there this is message 2074
hey there this is message 2075
hey there this is message 2076
hey there this is message 2077
hey there this is message 2078
hey there this is message 2079
hey there this is message 2080
hey there this is message 2081
hey there this is message 2082
hey there this is message 2083
hey there this is message 2084
hey there this is message 2085
hey there this is message 2086
hey there this is message 2087
hey there this is message 2088
hey there this is message 2089
hey there this is message 2090
hey there this is message 2091
hey there this is message 2092
hey there this is message 2093
hey there this is message 2094
hey there this is message 2095
hey there this is message 2096
hey there this is message 2097
hey there this is message 2098
hey there this is message 2099
hey there this is message 2100
hey there this is message 2101
hey there this is message 2102
hey there this is message 2103
hey there this is message 2104
hey there this is message 2105
hey there this is message 2106
hey there this is message 2107
hey there this is message 2108
hey there this is message 2109
hey there this is message 2110
hey there this is message 2111
hey there this is message 2112
hey there this is message 2113
hey there this is message 2114
hey there this is message 2115
hey there this is message 2116
hey there this is message 2117
hey there this is message 2118
hey there this is message 2119
hey there this is message 2120
hey there this is message 2121
hey there this is message 2122
hey there this is message 2123
hey there this is message 2124
hey there this is message 2125
hey there this is message 2126
hey there this is message 2127
hey there this is message 2128
hey there this is message 2129
hey there this is message 2130
hey there this is message 2131
hey there this is message 2132
hey there this is message 2133
hey there this is message 2134
hey there this is message 2135
hey there this is message 2136
hey there this is message 2137
hey there this is message 2138
hey there this is message 2139
hey there this is message 2140
hey there this is message 2141
hey there this is message 2142
hey there this is message 2143
hey there this is message 2144
hey there this is message 2145
hey there this is message 2146
hey there this is message 2147
hey there this is message 2148
hey there this is message 2149
hey there this is message 2150
hey there this is message 2151
hey there this is message 2152
hey there this is message 2153
hey there this is message 2154
hey there this is message 2155
hey there this is message 2156
hey there this is message 2157
hey there this is message 2158
hey there this is message 2159
hey there this is message 2160
hey there this is message 2161
hey there this is message 2162
hey there this is message 2163
hey there this is message 2164
hey there this is message 2165
hey there this is message 2166
hey there this is message 2167
hey there this is message 2168
hey there this is message 2169
hey there this is message 2170
hey there this is message 2171
hey there this is message 2172
hey there this is message 2173
hey there this is message 2174
hey there this is message 2175
hey there this is message 2176
hey there this is message 2177
hey there this is message 2178
hey there this is message 2179
hey there this is message 2180
hey there this is message 2181
hey there this is message 2182
hey there this is message 2183
hey there this is message 2184
hey there this is message 2185
hey there this is message 2186
hey there this is message 2187
hey there this is message 2188
hey there this is message 2189
hey there this is message 2190
hey there this is message 2191
hey there this is message 2192
hey there this is message 2193
hey there this is message 2194
hey there this is message 2195
hey there this is message 2196
hey there this is message 2197
hey there this is message 2198
hey there this is message 2199
hey there this is message 2200
hey there this is message 2201
hey there this is message 2202
hey there this is message 2203
hey there this is message 2204
hey there this is message 2205
hey there this is message 2206
hey there this is message 2207
hey there this is message 2208
hey there this is message 2209
hey there this is message 2210
hey there this is message 2211
hey there this is message 2212
hey there this is message 2213
hey there this is message 2214
hey there this is message 2215
hey there this is message 2216
hey there this is message 2217
hey there this is message 2218
hey there this is message 2219
hey there this is message 2220
hey there this is message 2221
hey there this is message 2222
hey there this is message 2223
hey there this is message 2224
hey there this is message 2225
hey there this is message 2226
hey there this is message 2227
hey there this is message 2228
hey there this is message 2229
hey there this is message 2230
hey there this is message 2231
hey there this is message 2232
hey there this is message 2233
hey there this is message 2234
hey there this is message 2235
hey there this is message 2236
hey there this is message 2237
hey there this is message 2238
hey there this is message 2239
hey there this is message 2240
hey there this is message 2241
hey there this is message 2242
hey there this is message 2243
hey there this is message 2244
hey there this is message 2245
hey there this is message 2246
hey there this is message 2247
hey there this is message 2248
hey there this is message 2249
hey there this is message 2250
hey there this is message 2251
hey there this is message 2252
hey there this is message 2253
hey there this is message 2254
hey there this is message 2255
hey there this is message 2256
hey there this is message 2257
hey there this is message 2258
hey there this is message 2259
hey there this is message 2260
hey there this is message 2261
hey there this is message 2262
hey there this is message 2263
hey there this is message 2264
hey there this is message 2265
hey there this is message 2266
hey there this is message 2267
hey there this is message 2268
hey there this is message 2269
hey there this is message 2270
hey there this is message 2271
hey there this is message 2272
hey there this is message 2273
hey there this is message 2274
hey there this is message 2275
hey there this is message 2276
hey there this is message 2277
hey there this is message 2278
hey there this is message 2279
hey there this is message 2280
hey there this is message 2281
hey there this is message 2282
hey there this is message 2283
hey there this is message 2284
hey there this is message 2285
hey there this is message 2286
hey there this is message 2287
hey there this is message 2288
hey there this is message 2289
hey there this is message 2290
hey there this is message 2291
hey there this is message 2292
hey there this is message 2293
hey there this is message 2294
hey there this is message 2295
hey there this is message 2296
hey there this is message 2297
hey there this is message 2298
hey there this is message 2299
hey there this is message 2300
hey there this is message 2301
hey there this is message 2302
hey there this is message 2303
hey there this is message 2304
hey there this is message 2305
hey there this is message 2306
hey there this is message 2307
hey there this is message 2308
hey there this is message 2309
hey there this is message 2310
hey there this is message 2311
hey there this is message 2312
hey there this is message 2313
hey there this is message 2314
hey there this is message 2315
hey there this is message 2316
hey there this is message 2317
hey there this is message 2318
hey there this is message 2319
hey there this is message 2320
hey there this is message 0
hey there this is message 1
hey there this is message 2
hey there this is message 3
hey there this is message 4
hey there this is message 5
hey there this is message 6
hey there this is message 7
hey there this is message 8
hey there this is message 9
hey there this is message 10
hey there this is message 11
hey there this is message 12
hey there this is message 13
hey there this is message 14
hey there this is message 15
hey there this is message 16
hey there this is message 17
hey there this is message 18
hey there this is message 19
hey there this is message 20
hey there this is message 21
hey there this is message 22
hey there this is message 23
hey there this is message 24
hey there this is message 25
hey there this is message 26
hey there this is message 27
hey there this is message 28
hey there this is message 29
hey there this is message 30
hey there this is message 31
hey there this is message 32
hey there this is message 33
hey there this is message 34
hey there this is message 35
hey there this is message 36
hey there this is message 37
hey there this is message 38
hey there this is message 39
hey there this is message 40
hey there this is message 41
hey there this is message 42
hey there this is message 43
hey there this is message 44
hey there this is message 45
hey there this is message 46
hey there this is message 47
hey there this is message 48
hey there this is message 49
hey there this is message 50
hey there this is message 51
hey there this is message 52
hey there this is message 53
hey there this is message 54
hey there this is message 55
hey there this is message 56
hey there this is message 57
hey there this is message 58
hey there this is message 59
hey there this is message 60
hey there this is message 61
hey there this is message 62
hey there this is message 63
hey there this is message 64
hey there this is message 65
hey there this is message 66
hey there this is message 67
hey there this is message 68
hey there this is message 69
hey there this is message 70
hey there this is message 71
hey there this is message 72
hey there this is message 73
hey there this is message 74
hey there this is message 75
hey there this is message 76
hey there this is message 77
hey there this is message 78
hey there this is message 79
hey there this is message 80
hey there this is message 81
hey there this is message 82
hey there this is message 83
hey there this is message 84
hey there this is message 85
hey there this is message 86
hey there this is message 87
hey there this is message 88
hey there this is message 89
hey there this is message 90
hey there this is message 91
hey there this is message 92
hey there this is message 93
hey there this is message 94
hey there this is message 95
hey there this is message 96
hey there this is message 97
hey there this is message 98
hey there this is message 99
hey there this is message 100
hey there this is message 101
hey there this is message 102
hey there this is message 103
hey there this is message 104
hey there this is message 105
hey there this is message 106
hey there this is message 107
hey there this is message 108
hey there this is message 109
hey there this is message 110
hey there this is message 111
hey there this is message 112
hey there this is message 113
hey there this is message 114
hey there this is message 115
hey there this is message 116
hey there this is message 117
hey there this is message 118
hey there this is message 119
hey there this is message 120
hey there this is message 121
hey there this is message 122
hey there this is message 123
hey there this is message 124
hey there this is message 125
hey there this is message 126
hey there this is message 127
hey there this is message 128
hey there this is message 129
hey there this is message 130
hey there this is message 131
hey there this is message 132
hey there this is message 133
hey there this is message 134
hey there this is message 135
hey there this is message 136
hey there this is message 137
hey there this is message 138
hey there this is message 139
hey there this is message 140
hey there this is message 141
hey there this is message 142
hey there this is message 143
hey there this is message 144
hey there this is message 145
hey there this is message 146
hey there this is message 147
hey there this is message 148
hey there this is message 149
hey there this is message 150
hey there this is message 151
hey there this is message 152
hey there this is message 153
hey there this is message 154
hey there this is message 155
hey there this is message 156
hey there this is message 157
hey there this is message 158
hey there this is message 159
hey there this is message 160
hey there this is message 161
hey there this is message 162
hey there this is message 163
hey there this is message 164
hey there this is message 165
hey there this is message 166
hey there this is message 167
hey there this is message 168
hey there this is message 169
hey there this is message 170
hey there this is message 171
hey there this is message 172
hey there this is message 173
hey there this is message 174
hey there this is message 175
hey there this is message 176
hey there this is message 177
hey there this is message 178
hey there this is message 179
hey there this is message 180
hey there this is message 181
hey there this is message 182
hey there this is message 183
hey there this is message 184
hey there this is message 185
hey there this is message 186
hey there this is message 187
hey there this is message 188
hey there this is message 189
hey there this is message 190
hey there this is message 191
hey there this is message 192
hey there this is message 193
hey there this is message 194
hey there this is message 195
hey there this is message 196
hey there this is message 197
hey there this is message 198
hey there this is message 199
hey there this is message 200
hey there this is message 201
hey there this is message 202
hey there this is message 203
hey there this is message 204
hey there this is message 205
hey there this is message 206
hey there this is message 207
hey there this is message 208
hey there this is message 209
hey there this is message 210
hey there this is message 211
hey there this is message 212
hey there this is message 213
hey there this is message 214
hey there this is message 215
hey there this is message 216
hey there this is message 217
hey there this is message 218
hey there this is message 219
hey there this is message 220
hey there this is message 221
hey there this is message 222
hey there this is message 223
hey there this is message 224
hey there this is message 225
hey there this is message 226
hey there this is message 227
hey there this is message 228
hey there this is message 229
hey there this is message 230
hey there this is message 231
hey there this is message 232
hey there this is message 233
hey there this is message 234
hey there this is message 235
hey there this is message 236
hey there this is message 237
hey there this is message 238
hey there this is message 239
hey there this is message 240
hey there this is message 241
hey there this is message 242
hey there this is message 243
hey there this is message 244
hey there this is message 245
hey there this is message 246
hey there this is message 247
hey there this is message 248
hey there this is message 249
hey there this is message 250
hey there this is message 251
hey there this is message 252
hey there this is message 253
hey there this is message 254
hey there this is message 255
hey there this is message 256
hey there this is message 257
hey there this is message 258
hey there this is message 259
hey there this is message 260
hey there this is message 261
hey there this is message 262
hey there this is message 263
hey there this is message 264
hey there this is message 265
hey there this is message 266
hey there this is message 267
hey there this is message 268
hey there this is message 269
hey there this is message 270
hey there this is message 271
hey there this is message 272
hey there this is message 273
hey there this is message 274
hey there this is message 275
hey there this is message 276
hey there this is message 277
hey there this is message 278
hey there this is message 279
hey there this is message 280
hey there this is message 281
hey there this is message 282
hey there this is message 283
hey there this is message 284
hey there this is message 285
hey there this is message 286
hey there this is message 287
hey there this is message 288
hey there this is message 289
hey there this is message 290
hey there this is message 291
hey there this is message 292
hey there this is message 293
hey there this is message 294
hey there this is message 295
hey there this is message 296
hey there this is message 297
hey there this is message 298
hey there this is message 299
hey there this is message 300
hey there this is message 301
hey there this is message 302
hey there this is message 303
hey there this is message 304
hey there this is message 305
hey there this is message 306
hey there this is message 307
hey there this is message 308
hey there this is message 309
hey there this is message 310
hey there this is message 311
hey there this is message 312
hey there this is message 313
hey there this is message 314
hey there this is message 315
hey there this is message 316
hey there this is message 317
hey there this is message 318
hey there this is message 319
hey there this is message 320
hey there this is message 321
hey there this is message 322
hey there this is message 323
hey there this is message 324
hey there this is message 325
hey there this is message 326
hey there this is message 327
hey there this is message 328
hey there this is message 329
hey there this is message 330
hey there this is message 331
hey there this is message 332
hey there this is message 333
hey there this is message 334
hey there this is message 335
hey there this is message 336
hey there this is message 337
hey there this is message 338
hey there this is message 339
hey there this is message 340
hey there this is message 341
hey there this is message 342
hey there this is message 343
hey there this is message 344
hey there this is message 345
hey there this is message 346
hey there this is message 347
hey there this is message 348
hey there this is message 349
hey there this is message 350
hey there this is message 351
hey there this is message 352
hey there this is message 353
hey there this is message 354
hey there this is message 355
hey there this is message 356
hey there this is message 357
hey there this is message 358
hey there this is message 359
hey there this is message 360
hey there this is message 361
hey there this is message 362
hey there this is message 363
hey there this is message 364
hey there this is message 365
hey there this is message 366
hey there this is message 367
hey there this is message 368
hey there this is message 369
hey there this is message 370
hey there this is message 371
hey there this is message 372
hey there this is message 373
hey there this is message 374
hey there this is message 375
hey there this is message 376
hey there this is message 377
hey there this is message 378
hey there this is message 379
hey there this is message 380
hey there this is message 381
hey there this is message 382
hey there this is message 383
hey there this is message 384
hey there this is message 385
hey there this is message 386
hey there this is message 387
hey there this is message 388
hey there this is message 389
hey there this is message 390
hey there this is message 391
hey there this is message 392
hey there this is message 393
hey there this is message 394
hey there this is message 395
hey there this is message 396
hey there this is message 397
hey there this is message 398
hey there this is message 399
hey there this is message 400
hey there this is message 401
hey there this is message 402
hey there this is message 403
hey there this is message 404
hey there this is message 405
hey there this is message 406
hey there this is message 407
hey there this is message 408
hey there this is message 409
hey there this is message 410
hey there this is message 411
hey there this is message 412
hey there this is message 413
hey there this is message 414
hey there this is message 415
hey there this is message 416
hey there this is message 417
hey there this is message 418
hey there this is message 419
hey there this is message 420
hey there this is message 421
hey there this is message 422
hey there this is message 423
hey there this is message 424
hey there this is message 425
hey there this is message 426
hey there this is message 427
hey there this is message 428
hey there this is message 429
hey there this is message 430
hey there this is message 431
hey there this is message 432
hey there this is message 433
hey there this is message 434
hey there this is message 435
hey there this is message 436
hey there this is message 437
hey there this is message 438
hey there this is message 439
hey there this is message 440
hey there this is message 441
hey there this is message 442
hey there this is message 443
hey there this is message 444
hey there this is message 445
hey there this is message 446
hey there this is message 447
hey there this is message 448
hey there this is message 449
hey there this is message 450
hey there this is message 451
hey there this is message 452
hey there this is message 453
hey there this is message 454
hey there this is message 455
hey there this is message 456
hey there this is message 457
hey there this is message 458
hey there this is message 459
hey there this is message 460
hey there this is message 461
hey there this is message 462
hey there this is message 463
hey there this is message 464
hey there this is message 465
hey there this is message 466
hey there this is message 467
hey there this is message 468
hey there this is message 469
hey there this is message 470
hey there this is message 471
hey there this is message 472
hey there this is message 473
hey there this is message 474
hey there this is message 475
hey there this is message 476
hey there this is message 477
hey there this is message 478
hey there this is message 479
hey there this is message 480
hey there this is message 481
hey there this is message 482
hey there this is message 483
hey there this is message 484
hey there this is message 485
hey there this is message 486
hey there this is message 487
hey there this is message 488
hey there this is message 489
hey there this is message 490
hey there this is message 491
hey there this is message 492
hey there this is message 493
hey there this is message 494
hey there this is message 495
hey there this is message 496
hey there this is message 497
hey there this is message 498
hey there this is message 499
hey there this is message 500
hey there this is message 501
hey there this is message 502
hey there this is message 503
hey there this is message 504
hey there this is message 505
hey there this is message 506
hey there this is message 507
hey there this is message 508
hey there this is message 509
hey there this is message 510
hey there this is message 511
hey there this is message 512
hey there this is message 513
hey there this is message 514
hey there this is message 515
hey there this is message 516
hey there this is message 517
hey there this is message 518
hey there this is message 519
hey there this is message 520
hey there this is message 521
hey there this is message 522
hey there this is message 523
hey there this is message 524
hey there this is message 525
hey there this is message 526
hey there this is message 527
hey there this is message 528
hey there this is message 529
hey there this is message 530
hey there this is message 531
hey there this is message 532
hey there this is message 533
hey there this is message 534
hey there this is message 535
hey there this is message 536
hey there this is message 537
hey there this is message 538
hey there this is message 539
hey there this is message 540
hey there this is message 541
hey there this is message 542
hey there this is message 543
hey there this is message 544
hey there this is message 545
hey there this is message 546
hey there this is message 547
hey there this is message 548
hey there this is message 549
hey there this is message 550
hey there this is message 551
hey there this is message 552
hey there this is message 553
hey there this is message 554
hey there this is message 555
hey there this is message 556
hey there this is message 557
hey there this is message 558
hey there this is message 559
hey there this is message 560
hey there this is message 561
hey there this is message 562
hey there this is message 563
hey there this is message 564
hey there this is message 565
hey there this is message 566
hey there this is message 567
hey there this is message 568
hey there this is message 569
hey there this is message 570
hey there this is message 571
hey there this is message 572
hey there this is message 573
hey there this is message 574
hey there this is message 575
hey there this is message 576
hey there this is message 577
hey there this is message 578
hey there this is message 579
hey there this is message 580
hey there this is message 581
hey there this is message 582
hey there this is message 583
hey there this is message 584
hey there this is message 585
hey there this is message 586
hey there this is message 587
hey there this is message 588
hey there this is message 589
hey there this is message 590
hey there this is message 591
hey there this is message 592
hey there this is message 593
hey there this is message 594
hey there this is message 595
hey there this is message 596
hey there this is message 597
hey there this is message 598
hey there this is message 599
hey there this is message 600
hey there this is message 601
hey there this is message 602
hey there this is message 603
hey there this is message 604
hey there this is message 605
hey there this is message 606
hey there this is message 607
hey there this is message 608
hey there this is message 609
hey there this is message 610
hey there this is message 611
hey there this is message 612
hey there this is message 613
hey there this is message 614
hey there this is message 615
hey there this is message 616
hey there this is message 617
hey there this is message 618
hey there this is message 619
hey there this is message 620
hey there this is message 621
hey there this is message 622
hey there this is message 623
hey there this is message 624
hey there this is message 625
hey there this is message 626
hey there this is message 627
hey there this is message 628
hey there this is message 629
hey there this is message 630
hey there this is message 631
hey there this is message 632
hey there this is message 633
hey there this is message 634
hey there this is message 635
hey there this is message 636
hey there this is message 637
hey there this is message 638
hey there this is message 639
hey there this is message 640
hey there this is message 0
hey there this is message 1
hey there this is message 2
hey there this is message 3
hey there this is message 4
hey there this is message 5
hey there this is message 6
hey there this is message 7
hey there this is message 8
hey there this is message 9
hey there this is message 10
hey there this is message 11
hey there this is message 12
hey there this is message 13
hey there this is message 14
hey there this is message 15
hey there this is message 16
hey there this is message 17
hey there this is message 18
hey there this is message 19
hey there this is message 20
hey there this is message 21
hey there this is message 22
hey there this is message 23
hey there this is message 24
hey there this is message 25
hey there this is message 26
hey there this is message 27
hey there this is message 28
hey there this is message 29
hey there this is message 30
hey there this is message 0
hey there this is message 1
hey there this is message 2
hey there this is message 3
hey there this is message 4
hey there this is message 5
hey there this is message 6
hey there this is message 7
hey there this is message 8
hey there this is message 9
hey there this is message 10
hey there this is message 11
hey there this is message 12
hey there this is message 13
hey there this is message 14
hey there this is message 15
hey there this is message 16
hey there this is message 17
hey there this is message 18
hey there this is message 19
hey there this is message 20
hey there this is message 21
hey there this is message 22
hey there this is message 23
hey there this is message 24
hey there this is message 25
hey there this is message 26
hey there this is message 27
hey there this is message 28
hey there this is message 29
hey there this is message 30
hey there this is message 31
hey there this is message 32
hey there this is message 33
hey there this is message 34
hey there this is message 35
hey there this is message 36
hey there this is message 37
hey there this is message 38
hey there this is message 39
hey there this is message 40
hey there this is message 41
hey there this is message 42
hey there this is message 43
hey there this is message 44
hey there this is message 45
hey there this is message 46
hey there this is message 47
hey there this is message 48
hey there this is message 49
hey there this is message 50
hey there this is message 51
hey there this is message 52
hey there this is message 53
hey there this is message 54
hey there this is message 55
hey there this is message 56
hey there this is message 57
hey there this is message 58
hey there this is message 59
hey there this is message 60
hey there this is message 61
hey there this is message 62
hey there this is message 63
hey there this is message 64
hey there this is message 65
hey there this is message 66
hey there this is message 67
hey there this is message 68
hey there this is message 69
hey there this is message 70
hey there this is message 71
hey there this is message 72
hey there this is message 73
hey there this is message 74
hey there this is message 75
hey there this is message 76
hey there this is message 77
hey there this is message 78
hey there this is message 79
hey there this is message 80
hey there this is message 81
hey there this is message 82
hey there this is message 83
hey there this is message 84
hey there this is message 85
hey there this is message 86
hey there this is message 87
hey there this is message 88
hey there this is message 89
hey there this is message 90
hey there this is message 91
hey there this is message 92
hey there this is message 93
hey there this is message 94
hey there this is message 95
hey there this is message 96
hey there this is message 97
hey there this is message 98
hey there this is message 99
hey there this is message 100
hey there this is message 101
hey there this is message 102
hey there this is message 103
hey there this is message 104
hey there this is message 105
hey there this is message 106
hey there this is message 107
hey there this is message 108
hey there this is message 109
hey there this is message 110
hey there this is message 111
hey there this is message 112
hey there this is message 113
hey there this is message 114
hey there this is message 115
hey there this is message 116
hey there this is message 117
hey there this is message 118
hey there this is message 119
hey there this is message 120
hey there this is message 121
hey there this is message 122
hey there this is message 123
hey there this is message 124
hey there this is message 125
hey there this is message 126
hey there this is message 127
hey there this is message 128
hey there this is message 129
hey there this is message 130
hey there this is message 131
hey there this is message 132
hey there this is message 133
hey there this is message 134
hey there this is message 135
hey there this is message 136
hey there this is message 137
hey there this is message 138
hey there this is message 139
hey there this is message 140
hey there this is message 141
hey there this is message 142
hey there this is message 143
hey there this is message 144
hey there this is message 145
hey there this is message 146
hey there this is message 147
hey there this is message 148
hey there this is message 149
hey there this is message 150
hey there this is message 151
hey there this is message 152
hey there this is message 153
hey there this is message 154
hey there this is message 155
hey there this is message 156
hey there this is message 157
hey there this is message 158
hey there this is message 159
hey there this is message 160
hey there this is message 161
hey there this is message 162
hey there this is message 163
hey there this is message 164
hey there this is message 165
hey there this is message 166
hey there this is message 167
hey there this is message 168
hey there this is message 169
hey there this is message 170
hey there this is message 171
hey there this is message 172
hey there this is message 173
hey there this is message 174
hey there this is message 175
hey there this is message 176
hey there this is message 177
hey there this is message 178
hey there this is message 179
hey there this is message 180
hey there this is message 181
hey there this is message 182
hey there this is message 183
hey there this is message 184
hey there this is message 185
hey there this is message 186
hey there this is message 187
hey there this is message 188
hey there this is message 189
hey there this is message 190
hey there this is message 191
hey there this is message 192
hey there this is message 193
hey there this is message 194
hey there this is message 195
hey there this is message 196
hey there this is message 197
hey there this is message 198
hey there this is message 199
hey there this is message 200
hey there this is message 201
hey there this is message 202
hey there this is message 203
hey there this is message 204
hey there this is message 205
hey there this is message 206
hey there this is message 207
hey there this is message 208
hey there this is message 209
hey there this is message 210
hey there this is message 211
hey there this is message 212
hey there this is message 213
hey there this is message 214
hey there this is message 215
hey there this is message 216
hey there this is message 217
hey there this is message 218
hey there this is message 219
hey there this is message 220
hey there this is message 221
hey there this is message 222
hey there this is message 223
hey there this is message 224
hey there this is message 225
hey there this is message 226
hey there this is message 227
hey there this is message 228
hey there this is message 229
hey there this is message 230
hey there this is message 231
hey there this is message 232
hey there this is message 233
hey there this is message 234
hey there this is message 235
hey there this is message 236
hey there this is message 237
hey there this is message 238
hey there this is message 239
hey there this is message 240
hey there this is message 241
hey there this is message 242
hey there this is message 243
hey there this is message 244
hey there this is message 245
hey there this is message 246
hey there this is message 247
hey there this is message 248
hey there this is message 249
hey there this is message 250
hey there this is message 251
hey there this is message 252
hey there this is message 253
hey there this is message 254
hey there this is message 255
hey there this is message 256
hey there this is message 257
hey there this is message 258
hey there this is message 259
hey there this is message 260
hey there this is message 261
hey there this is message 262
hey there this is message 263
hey there this is message 264
hey there this is message 265
hey there this is message 266
hey there this is message 267
hey there this is message 268
hey there this is message 269
hey there this is message 270
hey there this is message 271
hey there this is message 272
hey there this is message 273
hey there this is message 274
hey there this is message 275
hey there this is message 276
hey there this is message 277
hey there this is message 278
hey there this is message 279
hey there this is message 280
hey there this is message 281
hey there this is message 282
hey there this is message 283
hey there this is message 284
hey there this is message 285
hey there this is message 286
hey there this is message 287
hey there this is message 288
hey there this is message 289
hey there this is message 290
hey there this is message 291
hey there this is message 292
hey there this is message 293
hey there this is message 294
hey there this is message 295
hey there this is message 296
hey there this is message 297
hey there this is message 298
hey there this is message 299
hey there this is message 300
hey there this is message 301
hey there this is message 302
hey there this is message 303
hey there this is message 304
hey there this is message 305
hey there this is message 306
hey there this is message 307
hey there this is message 308
hey there this is message 309
hey there this is message 310
hey there this is message 311
hey there this is message 312
hey there this is message 313
hey there this is message 314
hey there this is message 315
hey there this is message 316
hey there this is message 317
hey there this is message 318
hey there this is message 319
hey there this is message 320
hey there this is message 321
hey there this is message 322
hey there this is message 323
hey there this is message 324
hey there this is message 325
hey there this is message 326
hey there this is message 327
hey there this is message 328
hey there this is message 329
hey there this is message 330
hey there this is message 331
hey there this is message 332
hey there this is message 333
hey there this is message 334
hey there this is message 335
hey there this is message 336
hey there this is message 337
hey there this is message 338
hey there this is message 339
hey there this is message 340
hey there this is message 341
hey there this is message 342
hey there this is message 343
hey there this is message 344
hey there this is message 345
hey there this is message 346
hey there this is message 347
hey there this is message 348
hey there this is message 349
hey there this is message 350
hey there this is message 351
hey there this is message 352
hey there this is message 353
hey there this is message 354
hey there this is message 355
hey there this is message 356
hey there this is message 357
hey there this is message 358
hey there this is message 359
hey there this is message 360
hey there this is message 361
hey there this is message 362
hey there this is message 363
hey there this is message 364
hey there this is message 365
hey there this is message 366
hey there this is message 367
hey there this is message 368
hey there this is message 369
hey there this is message 370
hey there this is message 371
hey there this is message 372
hey there this is message 373
hey there this is message 374
hey there this is message 375
hey there this is message 376
hey there this is message 377
hey there this is message 378
hey there this is message 379
hey there this is message 380
hey there this is message 381
hey there this is message 382
hey there this is message 383
hey there this is message 384
hey there this is message 385
hey there this is message 386
hey there this is message 387
hey there this is message 388
hey there this is message 389
hey there this is message 390
hey there this is message 391
hey there this is message 392
hey there this is message 393
hey there this is message 394
hey there this is message 395
hey there this is message 396
hey there this is message 397
hey there this is message 398
hey there this is message 399
hey there this is message 400
hey there this is message 401
hey there this is message 402
hey there this is message 403
hey there this is message 404
hey there this is message 405
hey there this is message 406
hey there this is message 407
hey there this is message 408
hey there this is message 409
hey there this is message 410
hey there this is message 411
hey there this is message 412
hey there this is message 413
hey there this is message 414
hey there this is message 415
hey there this is message 416
hey there this is message 417
hey there this is message 418
hey there this is message 419
hey there this is message 420
hey there this is message 421
hey there this is message 422
hey there this is message 423
hey there this is message 424
hey there this is message 425
hey there this is message 426
hey there this is message 427
hey there this is message 428
hey there this is message 429
hey there this is message 430
hey there this is message 431
hey there this is message 432
hey there this is message 433
hey there this is message 434
hey there this is message 435
hey there this is message 436
hey there this is message 437
hey there this is message 438
hey there this is message 439
hey there this is message 440
hey there this is message 441
hey there this is message 442
hey there this is message 443
hey there this is message 444
hey there this is message 445
hey there this is message 446
hey there this is message 447
hey there this is message 448
hey there this is message 449
hey there this is message 450
hey there this is message 451
hey there this is message 452
hey there this is message 453
hey there this is message 454
hey there this is message 455
hey there this is message 456
hey there this is message 457
hey there this is message 458
hey there this is message 459
hey there this is message 460
hey there this is message 461
hey there this is message 462
hey there this is message 463
hey there this is message 464
hey there this is message 465
hey there this is message 466
hey there this is message 467
hey there this is message 468
hey there this is message 469
hey there this is message 470
hey there this is message 471
hey there this is message 472
hey there this is message 473
hey there this is message 474
hey there this is message 475
hey there this is message 476
hey there this is message 477
hey there this is message 478
hey there this is message 479
hey there this is message 480
hey there this is message 481
hey there this is message 482
hey there this is message 483
hey there this is message 484
hey there this is message 485
hey there this is message 486
hey there this is message 487
hey there this is message 488
hey there this is message 489
hey there this is message 490
hey there this is message 491
hey there this is message 492
hey there this is message 493
hey there this is message 494
hey there this is message 495
hey there this is message 496
hey there this is message 497
hey there this is message 498
hey there this is message 499
hey there this is message 500
hey there this is message 501
hey there this is message 502
hey there this is message 503
hey there this is message 504
hey there this is message 505
hey there this is message 506
hey there this is message 507
hey there this is message 508
hey there this is message 509
hey there this is message 510
hey there this is message 511
hey there this is message 512
hey there this is message 513
hey there this is message 514
hey there this is message 515
hey there this is message 516
hey there this is message 517
hey there this is message 518
hey there this is message 519
hey there this is message 520
hey there this is message 521
hey there this is message 522
hey there this is message 523
hey there this is message 524
hey there this is message 525
hey there this is message 526
hey there this is message 527
hey there this is message 528
hey there this is message 529
hey there this is message 530
hey there this is message 531
hey there this is message 532
hey there this is message 533
hey there this is message 534
hey there this is message 535
hey there this is message 536
hey there this is message 537
hey there this is message 538
hey there this is message 539
hey there this is message 540
hey there this is message 541
hey there this is message 542
hey there this is message 543
hey there this is message 544
hey there this is message 545
hey there this is message 546
hey there this is message 547
hey there this is message 548
hey there this is message 549
hey there this is message 550
hey there this is message 551
hey there this is message 552
hey there this is message 553
hey there this is message 554
hey there this is message 555
hey there this is message 556
hey there this is message 557
hey there this is message 558
hey there this is message 559
hey there this is message 560
hey there this is message 561
hey there this is message 562
hey there this is message 563
hey there this is message 564
hey there this is message 565
hey there this is message 566
hey there this is message 567
hey there this is message 568
hey there this is message 569
hey there this is message 570
hey there this is message 571
hey there this is message 572
hey there this is message 573
hey there this is message 574
hey there this is message 575
hey there this is message 576
hey there this is message 577
hey there this is message 578
hey there this is message 579
hey there this is message 580
hey there this is message 581
hey there this is message 582
hey there this is message 583
hey there this is message 584
hey there this is message 585
hey there this is message 586
hey there this is message 587
hey there this is message 588
hey there this is message 589
hey there this is message 590
hey there this is message 591
hey there this is message 592
hey there this is message 593
hey there this is message 594
hey there this is message 595
hey there this is message 596
hey there this is message 597
hey there this is message 598
hey there this is message 599
hey there this is message 600
hey there this is message 601
hey there this is message 602
hey there this is message 603
hey there this is message 604
hey there this is message 605
hey there this is message 606
hey there this is message 607
hey there this is message 608
hey there this is message 609
hey there this is message 610
hey there this is message 611
hey there this is message 612
hey there this is message 613
hey there this is message 614
hey there this is message 615
hey there this is message 616
hey there this is message 617
hey there this is message 618
hey there this is message 619
hey there this is message 620
hey there this is message 621
hey there this is message 622
hey there this is message 623
hey there this is message 624
hey there this is message 625
hey there this is message 626
hey there this is message 627
hey there this is message 628
hey there this is message 629
hey there this is message 630
hey there this is message 631
hey there this is message 632
hey there this is message 633
hey there this is message 634
hey there this is message 635
hey there this is message 636
hey there this is message 637
hey there this is message 638
hey there this is message 639
hey there this is message 640
hey there this is message 641
hey there this is message 642
hey there this is message 643
hey there this is message 644
hey there this is message 645
hey there this is message 646
hey there this is message 647
hey there this is message 648
hey there this is message 649
hey there this is message 650
hey there this is message 651
hey there this is message 652
hey there this is message 653
hey there this is message 654
hey there this is message 655
hey there this is message 656
hey there this is message 657
hey there this is message 658
hey there this is message 659
hey there this is message 660
hey there this is message 661
hey there this is message 662
hey there this is message 663
hey there this is message 664
hey there this is message 665
hey there this is message 666
hey there this is message 667
hey there this is message 668
hey there this is message 669
hey there this is message 670
hey there this is message 671
hey there this is message 672
hey there this is message 673
hey there this is message 674
hey there this is message 675
hey there this is message 676
hey there this is message 677
hey there this is message 678
hey there this is message 679
hey there this is message 680
hey there this is message 681
hey there this is message 682
hey there this is message 683
hey there this is message 684
hey there this is message 685
hey there this is message 686
hey there this is message 687
hey there this is message 688
hey there this is message 689
hey there this is message 690
hey there this is message 691
hey there this is message 692
hey there this is message 693
hey there this is message 694
hey there this is message 695
hey there this is message 696
hey there this is message 697
hey there this is message 698
hey there this is message 699
hey there this is message 700
hey there this is message 701
hey there this is message 702
hey there this is message 703
hey there this is message 704
hey there this is message 705
hey there this is message 706
hey there this is message 707
hey there this is message 708
hey there this is message 709
hey there this is message 710
hey there this is message 711
hey there this is message 712
hey there this is message 713
hey there this is message 714
hey there this is message 715
hey there this is message 716
hey there this is message 717
hey there this is message 718
hey there this is message 719
hey there this is message 720
hey there this is message 721
hey there this is message 722
hey there this is message 723
hey there this is message 724
hey there this is message 725
hey there this is message 726
hey there this is message 727
hey there this is message 728
hey there this is message 729
hey there this is message 730
hey there this is message 731
hey there this is message 732
hey there this is message 733
hey there this is message 734
hey there this is message 735
hey there this is message 736
hey there this is message 737
hey there this is message 738
hey there this is message 739
hey there this is message 740
hey there this is message 741
hey there this is message 742
hey there this is message 743
hey there this is message 744
hey there this is message 745
hey there this is message 746
hey there this is message 747
hey there this is message 748
hey there this is message 749
hey there this is message 750
hey there this is message 751
hey there this is message 752
hey there this is message 753
hey there this is message 754
hey there this is message 755
hey there this is message 756
hey there this is message 757
hey there this is message 758
hey there this is message 759
hey there this is message 760
hey there this is message 761
hey there this is message 762
hey there this is message 763
hey there this is message 764
hey there this is message 765
hey there this is message 766
hey there this is message 767
hey there this is message 768
hey there this is message 769
hey there this is message 770
hey there this is message 771
hey there this is message 772
hey there this is message 773
hey there this is message 774
hey there this is message 775
hey there this is message 776
hey there this is message 777
hey there this is message 778
hey there this is message 779
hey there this is message 780
hey there this is message 781
hey there this is message 782
hey there this is message 783
hey there this is message 784
hey there this is message 785
hey there this is message 786
hey there this is message 787
hey there this is message 788
hey there this is message 789
hey there this is message 790
hey there this is message 791
hey there this is message 792
hey there this is message 793
hey there this is message 794
hey there this is message 795
hey there this is message 796
hey there this is message 797
hey there this is message 798
hey there this is message 799
hey there this is message 800
hey there this is message 801
hey there this is message 802
hey there this is message 803
hey there this is message 804
hey there this is message 805
hey there this is message 806
hey there this is message 807
hey there this is message 808
hey there this is message 809
hey there this is message 810
hey there this is message 811
hey there this is message 812
hey there this is message 813
hey there this is message 814
hey there this is message 815
hey there this is message 816
hey there this is message 817
hey there this is message 818
hey there this is message 819
hey there this is message 820
hey there this is message 821
hey there this is message 822
hey there this is message 823
hey there this is message 824
hey there this is message 825
hey there this is message 826
hey there this is message 827
hey there this is message 828
hey there this is message 829
hey there this is message 830
hey there this is message 831
hey there this is message 832
hey there this is message 833
hey there this is message 834
hey there this is message 835
hey there this is message 836
hey there this is message 837
hey there this is message 838
hey there this is message 839
hey there this is message 840
hey there this is message 841
hey there this is message 842
hey there this is message 843
hey there this is message 844
hey there this is message 845
hey there this is message 846
hey there this is message 847
hey there this is message 848
hey there this is message 849
hey there this is message 850
hey there this is message 851
hey there this is message 852
hey there this is message 853
hey there this is message 854
hey there this is message 855
hey there this is message 856
hey there this is message 857
hey there this is message 858
hey there this is message 859
hey there this is message 860
hey there this is message 861
hey there this is message 862
hey there this is message 863
hey there this is message 864
hey there this is message 865
hey there this is message 866
hey there this is message 867
hey there this is message 868
hey there this is message 869
hey there this is message 870
hey there this is message 871
hey there this is message 872
hey there this is message 873
hey there this is message 874
hey there this is message 875
hey there this is message 876
hey there this is message 877
hey there this is message 878
hey there this is message 879
hey there this is message 880
hey there this is message 881
hey there this is message 882
hey there this is message 883
hey there this is message 884
hey there this is message 885
hey there this is message 886
hey there this is message 887
hey there this is message 888
hey there this is message 889
hey there this is message 890
hey there this is message 891
hey there this is message 892
hey there this is message 893
hey there this is message 894
hey there this is message 895
hey there this is message 896
hey there this is message 897
hey there this is message 898
hey there this is message 899
hey there this is message 900
hey there this is message 901
hey there this is message 902
hey there this is message 903
hey there this is message 904
hey there this is message 905
hey there this is message 906
hey there this is message 907
hey there this is message 908
hey there this is message 909
hey there this is message 910
hey there this is message 911
hey there this is message 912
hey there this is message 913
hey there this is message 914
hey there this is message 915
hey there this is message 916
hey there this is message 917
hey there this is message 918
hey there this is message 919
hey there this is message 920
hey there this is message 921
hey there this is message 922
hey there this is message 923
hey there this is message 924
hey there this is message 925
hey there this is message 926
hey there this is message 927
hey there this is message 928
hey there this is message 929
hey there this is message 930
hey there this is message 931
hey there this is message 932
hey there this is message 933
hey there this is message 934
hey there this is message 935
hey there this is message 936
hey there this is message 937
hey there this is message 938
hey there this is message 939
hey there this is message 940
hey there this is message 941
hey there this is message 942
hey there this is message 943
hey there this is message 944
hey there this is message 945
hey there this is message 946
hey there this is message 947
hey there this is message 948
hey there this is message 949
hey there this is message 950
hey there this is message 951
hey there this is message 952
hey there this is message 953
hey there this is message 954
hey there this is message 955
hey there this is message 956
hey there this is message 957
hey there this is message 958
hey there this is message 959
hey there this is message 960
hey there this is message 961
hey there this is message 962
hey there this is message 963
hey there this is message 964
hey there this is message 965
hey there this is message 966
hey there this is message 967
hey there this is message 968
hey there this is message 969
hey there this is message 970
hey there this is message 971
hey there this is message 972
hey there this is message 973
hey there this is message 974
hey there this is message 975
hey there this is message 976
hey there this is message 977
hey there this is message 978
hey there this is message 979
hey there this is message 980
hey there this is message 981
hey there this is message 982
hey there this is message 983
hey there this is message 984
hey there this is message 985
hey there this is message 986
hey there this is message 987
hey there this is message 988
hey there this is message 989
hey there this is message 990
hey there this is message 991
hey there this is message 992
hey there this is message 993
hey there this is message 994
hey there this is message 995
hey there this is message 996
hey there this is message 997
hey there this is message 998
hey there this is message 999
hey there this is message 1000
hey there this is message 1001
hey there this is message 1002
hey there this is message 1003
hey there this is message 1004
hey there this is message 1005
hey there this is message 1006
hey there this is message 1007
hey there this is message 1008
hey there this is message 1009
hey there this is message 1010
hey there this is message 1011
hey there this is message 1012
hey there this is message 1013
hey there this is message 1014
hey there this is message 1015
hey there this is message 1016
hey there this is message 1017
hey there this is message 1018
hey there this is message 1019
hey there this is message 1020
hey there this is message 1021
hey there this is message 1022
hey there this is message 1023
hey there this is message 1024
hey there this is message 1025
hey there this is message 1026
hey there this is message 1027
hey there this is message 1028
hey there this is message 1029
hey there this is message 1030
hey there this is message 1031
hey there this is message 1032
hey there this is message 1033
hey there this is message 1034
hey there this is message 1035
hey there this is message 1036
hey there this is message 1037
hey there this is message 1038
hey there this is message 1039
hey there this is message 1040
hey there this is message 1041
hey there this is message 1042
hey there this is message 1043
hey there this is message 1044
hey there this is message 1045
hey there this is message 1046
hey there this is message 1047
hey there this is message 1048
hey there this is message 1049
hey there this is message 1050
hey there this is message 1051
hey there this is message 1052
hey there this is message 1053
hey there this is message 1054
hey there this is message 1055
hey there this is message 1056
hey there this is message 1057
hey there this is message 1058
hey there this is message 1059
hey there this is message 1060
hey there this is message 1061
hey there this is message 1062
hey there this is message 1063
hey there this is message 1064
hey there this is message 1065
hey there this is message 1066
hey there this is message 1067
hey there this is message 1068
hey there this is message 1069
hey there this is message 1070
hey there this is message 1071
hey there this is message 1072
hey there this is message 1073
hey there this is message 1074
hey there this is message 1075
hey there this is message 1076
hey there this is message 1077
hey there this is message 1078
hey there this is message 1079
hey there this is message 1080
hey there this is message 1081
hey there this is message 1082
hey there this is message 1083
hey there this is message 1084
hey there this is message 1085
hey there this is message 1086
hey there this is message 1087
hey there this is message 1088
hey there this is message 1089
hey there this is message 1090
hey there this is message 1091
hey there this is message 1092
hey there this is message 1093
hey there this is message 1094
hey there this is message 1095
hey there this is message 1096
hey there this is message 1097
hey there this is message 1098
hey there this is message 1099
hey there this is message 1100
hey there this is message 1101
hey there this is message 1102
hey there this is message 1103
hey there this is message 1104
hey there this is message 1105
hey there this is message 1106
hey there this is message 1107
hey there this is message 1108
hey there this is message 1109
hey there this is message 1110
hey there this is message 1111
hey there this is message 1112
hey there this is message 1113
hey there this is message 1114
hey there this is message 1115
hey there this is message 1116
hey there this is message 1117
hey there this is message 1118
hey there this is message 1119
hey there this is message 1120
hey there this is message 1121
hey there this is message 1122
hey there this is message 1123
hey there this is message 1124
hey there this is message 1125
hey there this is message 1126
hey there this is message 1127
hey there this is message 1128
hey there this is message 1129
hey there this is message 1130
hey there this is message 1131
hey there this is message 1132
hey there this is message 1133
hey there this is message 1134
hey there this is message 1135
hey there this is message 1136
hey there this is message 1137
hey there this is message 1138
hey there this is message 1139
hey there this is message 1140
hey there this is message 1141
hey there this is message 1142
hey there this is message 1143
hey there this is message 1144
hey there this is message 1145
hey there this is message 1146
hey there this is message 1147
hey there this is message 1148
hey there this is message 1149
hey there this is message 1150
hey there this is message 1151
hey there this is message 1152
hey there this is message 1153
hey there this is message 1154
hey there this is message 1155
hey there this is message 1156
hey there this is message 1157
hey there this is message 1158
hey there this is message 1159
hey there this is message 1160
hey there this is message 1161
hey there this is message 1162
hey there this is message 1163
hey there this is message 1164
hey there this is message 1165
hey there this is message 1166
hey there this is message 1167
hey there this is message 1168
hey there this is message 1169
hey there this is message 1170
hey there this is message 1171
hey there this is message 1172
hey there this is message 1173
hey there this is message 1174
hey there this is message 1175
hey there this is message 1176
hey there this is message 1177
hey there this is message 1178
hey there this is message 1179
hey there this is message 1180
hey there this is message 1181
hey there this is message 1182
hey there this is message 1183
hey there this is message 1184
hey there this is message 1185
hey there this is message 1186
hey there this is message 1187
hey there this is message 1188
hey there this is message 1189
hey there this is message 1190
hey there this is message 1191
hey there this is message 1192
hey there this is message 1193
hey there this is message 1194
hey there this is message 1195
hey there this is message 1196
hey there this is message 1197
hey there this is message 1198
hey there this is message 1199
hey there this is message 1200
hey there this is message 1201
hey there this is message 1202
hey there this is message 1203
hey there this is message 1204
hey there this is message 1205
hey there this is message 1206
hey there this is message 1207
hey there this is message 1208
hey there this is message 1209
hey there this is message 1210
hey there this is message 1211
hey there this is message 1212
hey there this is message 1213
hey there this is message 1214
hey there this is message 1215
hey there this is message 1216
hey there this is message 1217
hey there this is message 1218
hey there this is message 1219
hey there this is message 1220
hey there this is message 1221
hey there this is message 1222
hey there this is message 1223
hey there this is message 1224
hey there this is message 1225
hey there this is message 1226
hey there this is message 1227
hey there this is message 1228
hey there this is message 1229
hey there this is message 1230
hey there this is message 1231
hey there this is message 1232
hey there this is message 1233
hey there this is message 1234
hey there this is message 1235
hey there this is message 1236
hey there this is message 1237
hey there this is message 1238
hey there this is message 1239
hey there this is message 1240
hey there this is message 1241
hey there this is message 1242
hey there this is message 1243
hey there this is message 1244
hey there this is message 1245
hey there this is message 1246
hey there this is message 1247
hey there this is message 1248
hey there this is message 1249
hey there this is message 1250
hey there this is message 1251
hey there this is message 1252
hey there this is message 1253
hey there this is message 1254
hey there this is message 1255
hey there this is message 1256
hey there this is message 1257
hey there this is message 1258
hey there this is message 1259
hey there this is message 1260
hey there this is message 1261
hey there this is message 1262
hey there this is message 1263
hey there this is message 1264
hey there this is message 1265
hey there this is message 1266
hey there this is message 1267
hey there this is message 1268
hey there this is message 1269
hey there this is message 1270
hey there this is message 1271
hey there this is message 1272
hey there this is message 1273
hey there this is message 1274
hey there this is message 1275
hey there this is message 1276
hey there this is message 1277
hey there this is message 1278
hey there this is message 1279
hey there this is message 1280
hey there this is message 1281
hey there this is message 1282
hey there this is message 1283
hey there this is message 1284
hey there this is message 1285
hey there this is message 1286
hey there this is message 1287
hey there this is message 1288
hey there this is message 1289
hey there this is message 1290
hey there this is message 1291
hey there this is message 1292
hey there this is message 1293
hey there this is message 1294
hey there this is message 1295
hey there this is message 1296
hey there this is message 1297
hey there this is message 1298
hey there this is message 1299
hey there this is message 1300
hey there this is message 1301
hey there this is message 1302
hey there this is message 1303
hey there this is message 1304
hey there this is message 1305
hey there this is message 1306
hey there this is message 1307
hey there this is message 1308
hey there this is message 1309
hey there this is message 1310
hey there this is message 1311
hey there this is message 1312
hey there this is message 1313
hey there this is message 1314
hey there this is message 1315
hey there this is message 1316
hey there this is message 1317
hey there this is message 1318
hey there this is message 1319
hey there this is message 1320
hey there this is message 1321
hey there this is message 1322
hey there this is message 1323
hey there this is message 1324
hey there this is message 1325
hey there this is message 1326
hey there this is message 1327
hey there this is message 1328
hey there this is message 1329
hey there this is message 1330
hey there this is message 1331
hey there this is message 1332
hey there this is message 1333
hey there this is message 1334
hey there this is message 1335
hey there this is message 1336
hey there this is message 1337
hey there this is message 1338
hey there this is message 1339
hey there this is message 1340
hey there this is message 1341
hey there this is message 1342
hey there this is message 1343
hey there this is message 1344
hey there this is message 1345
hey there this is message 1346
hey there this is message 1347
hey there this is message 1348
hey there this is message 1349
hey there this is message 1350
hey there this is message 1351
hey there this is message 1352
hey there this is message 1353
hey there this is message 1354
hey there this is message 1355
hey there this is message 1356
hey there this is message 1357
hey there this is message 1358
hey there this is message 1359
hey there this is message 1360
hey there this is message 1361
hey there this is message 1362
hey there this is message 1363
hey there this is message 1364
hey there this is message 1365
hey there this is message 1366
hey there this is message 1367
hey there this is message 1368
hey there this is message 1369
hey there this is message 1370
hey there this is message 1371
hey there this is message 1372
hey there this is message 1373
hey there this is message 1374
hey there this is message 1375
hey there this is message 1376
hey there this is message 1377
hey there this is message 1378
hey there this is message 1379
hey there this is message 1380
hey there this is message 1381
hey there this is message 1382
hey there this is message 1383
hey there this is message 1384
hey there this is message 1385
hey there this is message 1386
hey there this is message 1387
hey there this is message 1388
hey there this is message 1389
hey there this is message 1390
hey there this is message 1391
hey there this is message 1392
hey there this is message 1393
hey there this is message 1394
hey there this is message 1395
hey there this is message 1396
hey there this is message 1397
hey there this is message 1398
hey there this is message 1399
hey there this is message 1400
hey there this is message 1401
hey there this is message 1402
hey there this is message 1403
hey there this is message 1404
hey there this is message 1405
hey there this is message 1406
hey there this is message 1407
hey there this is message 1408
hey there this is message 1409
hey there this is message 1410
hey there this is message 1411
hey there this is message 1412
hey there this is message 1413
hey there this is message 1414
hey there this is message 1415
hey there this is message 1416
hey there this is message 1417
hey there this is message 1418
hey there this is message 1419
hey there this is message 1420
hey there this is message 1421
hey there this is message 1422
hey there this is message 1423
hey there this is message 1424
hey there this is message 1425
hey there this is message 1426
hey there this is message 1427
hey there this is message 1428
hey there this is message 1429
hey there this is message 1430
hey there this is message 1431
hey there this is message 1432
hey there this is message 1433
hey there this is message 1434
hey there this is message 1435
hey there this is message 1436
hey there this is message 1437
hey there this is message 1438
hey there this is message 1439
hey there this is message 1440
hey there this is message 1441
hey there this is message 1442
hey there this is message 1443
hey there this is message 1444
hey there this is message 1445
hey there this is message 1446
hey there this is message 1447
hey there this is message 1448
hey there this is message 1449
hey there this is message 1450
hey there this is message 1451
hey there this is message 1452
hey there this is message 1453
hey there this is message 1454
hey there this is message 1455
hey there this is message 1456
hey there this is message 1457
hey there this is message 1458
hey there this is message 1459
hey there this is message 1460
hey there this is message 1461
hey there this is message 1462
hey there this is message 1463
hey there this is message 1464
hey there this is message 1465
hey there this is message 1466
hey there this is message 1467
hey there this is message 1468
hey there this is message 1469
hey there this is message 1470
hey there this is message 1471
hey there this is message 1472
hey there this is message 1473
hey there this is message 1474
hey there this is message 1475
hey there this is message 1476
hey there this is message 1477
hey there this is message 1478
hey there this is message 1479
hey there this is message 1480
hey there this is message 1481
hey there this is message 1482
hey there this is message 1483
hey there this is message 1484
hey there this is message 1485
hey there this is message 1486
hey there this is message 1487
hey there this is message 1488
hey there this is message 1489
hey there this is message 1490
hey there this is message 1491
hey there this is message 1492
hey there this is message 1493
hey there this is message 1494
hey there this is message 1495
hey there this is message 1496
hey there this is message 1497
hey there this is message 1498
hey there this is message 1499
hey there this is message 1500
hey there this is message 1501
hey there this is message 1502
hey there this is message 1503
hey there this is message 1504
hey there this is message 1505
hey there this is message 1506
hey there this is message 1507
hey there this is message 1508
hey there this is message 1509
hey there this is message 1510
hey there this is message 1511
hey there this is message 1512
hey there this is message 1513
hey there this is message 1514
hey there this is message 1515
hey there this is message 1516
hey there this is message 1517
hey there this is message 1518
hey there this is message 1519
hey there this is message 1520
hey there this is message 1521
hey there this is message 1522
hey there this is message 1523
hey there this is message 1524
hey there this is message 1525
hey there this is message 1526
hey there this is message 1527
hey there this is message 1528
hey there this is message 1529
hey there this is message 1530
hey there this is message 1531
hey there this is message 1532
hey there this is message 1533
hey there this is message 1534
hey there this is message 1535
hey there this is message 1536
hey there this is message 1537
hey there this is message 1538
hey there this is message 1539
hey there this is message 1540
hey there this is message 1541
hey there this is message 1542
hey there this is message 1543
hey there this is message 1544
hey there this is message 1545
hey there this is message 1546
hey there this is message 1547
hey there this is message 1548
hey there this is message 1549
hey there this is message 1550
hey there this is message 1551
hey there this is message 1552
hey there this is message 1553
hey there this is message 1554
hey there this is message 1555
hey there this is message 1556
hey there this is message 1557
hey there this is message 1558
hey there this is message 1559
hey there this is message 1560
hey there this is message 1561
hey there this is message 1562
hey there this is message 1563
hey there this is message 1564
hey there this is message 1565
hey there this is message 1566
hey there this is message 1567
hey there this is message 1568
hey there this is message 1569
hey there this is message 1570
hey there this is message 1571
hey there this is message 1572
hey there this is message 1573
hey there this is message 1574
hey there this is message 1575
hey there this is message 1576
hey there this is message 1577
hey there this is message 1578
hey there this is message 1579
hey there this is message 1580
hey there this is message 1581
hey there this is message 1582
hey there this is message 1583
hey there this is message 1584
hey there this is message 1585
hey there this is message 1586
hey there this is message 1587
hey there this is message 1588
hey there this is message 1589
hey there this is message 1590
hey there this is message 1591
hey there this is message 1592
hey there this is message 1593
hey there this is message 1594
hey there this is message 1595
hey there this is message 1596
hey there this is message 1597
hey there this is message 1598
hey there this is message 1599
hey there this is message 1600
hey there this is message 1601
hey there this is message 1602
hey there this is message 1603
hey there this is message 1604
hey there this is message 1605
hey there this is message 1606
hey there this is message 1607
hey there this is message 1608
hey there this is message 1609
hey there this is message 1610
hey there this is message 1611
hey there this is message 1612
hey there this is message 1613
hey there this is message 1614
hey there this is message 1615
hey there this is message 1616
hey there this is message 1617
hey there this is message 1618
hey there this is message 1619
hey there this is message 1620
hey there this is message 1621
hey there this is message 1622
hey there this is message 1623
hey there this is message 1624
hey there this is message 1625
hey there this is message 1626
hey there this is message 1627
hey there this is message 1628
hey there this is message 1629
hey there this is message 1630
hey there this is message 1631
hey there this is message 1632
hey there this is message 1633
hey there this is message 1634
hey there this is message 1635
hey there this is message 1636
hey there this is message 1637
hey there this is message 1638
hey there this is message 1639
hey there this is message 1640
hey there this is message 1641
hey there this is message 1642
hey there this is message 1643
hey there this is message 1644
hey there this is message 1645
hey there this is message 1646
hey there this is message 1647
hey there this is message 1648
hey there this is message 1649
hey there this is message 1650
hey there this is message 1651
hey there this is message 1652
hey there this is message 1653
hey there this is message 1654
hey there this is message 1655
hey there this is message 1656
hey there this is message 1657
hey there this is message 1658
hey there this is message 1659
hey there this is message 1660
hey there this is message 1661
hey there this is message 1662
hey there this is message 1663
hey there this is message 1664
hey there this is message 1665
hey there this is message 1666
hey there this is message 1667
hey there this is message 1668
hey there this is message 1669
hey there this is message 1670
hey there this is message 1671
hey there this is message 1672
hey there this is message 1673
hey there this is message 1674
hey there this is message 1675
hey there this is message 1676
hey there this is message 1677
hey there this is message 1678
hey there this is message 1679
hey there this is message 1680
hey there this is message 1681
hey there this is message 1682
hey there this is message 1683
hey there this is message 1684
hey there this is message 1685
hey there this is message 1686
hey there this is message 1687
hey there this is message 1688
hey there this is message 1689
hey there this is message 1690
hey there this is message 1691
hey there this is message 1692
hey there this is message 1693
hey there this is message 1694
hey there this is message 1695
hey there this is message 1696
hey there this is message 1697
hey there this is message 1698
hey there this is message 1699
hey there this is message 1700
hey there this is message 1701
hey there this is message 1702
hey there this is message 1703
hey there this is message 1704
hey there this is message 1705
hey there this is message 1706
hey there this is message 1707
hey there this is message 1708
hey there this is message 1709
hey there this is message 1710
hey there this is message 1711
hey there this is message 1712
hey there this is message 1713
hey there this is message 1714
hey there this is message 1715
hey there this is message 1716
hey there this is message 1717
hey there this is message 1718
hey there this is message 1719
hey there this is message 1720
hey there this is message 1721
hey there this is message 1722
hey there this is message 1723
hey there this is message 1724
hey there this is message 1725
hey there this is message 1726
hey there this is message 1727
hey there this is message 1728
hey there this is message 1729
hey there this is message 1730
hey there this is message 1731
hey there this is message 1732
hey there this is message 1733
hey there this is message 1734
hey there this is message 1735
hey there this is message 1736
hey there this is message 1737
hey there this is message 1738
hey there this is message 1739
hey there this is message 1740
hey there this is message 1741
hey there this is message 1742
hey there this is message 1743
hey there this is message 1744
hey there this is message 1745
hey there this is message 1746
hey there this is message 1747
hey there this is message 1748
hey there this is message 1749
hey there this is message 1750
hey there this is message 1751
hey there this is message 1752
hey there this is message 1753
hey there this is message 1754
hey there this is message 1755
hey there this is message 1756
hey there this is message 1757
hey there this is message 1758
hey there this is message 1759
hey there this is message 1760
hey there this is message 1761
hey there this is message 1762
hey there this is message 1763
hey there this is message 1764
hey there this is message 1765
hey there this is message 1766
hey there this is message 1767
hey there this is message 1768
hey there this is message 1769
hey there this is message 1770
hey there this is message 1771
hey there this is message 1772
hey there this is message 1773
hey there this is message 1774
hey there this is message 1775
hey there this is message 1776
hey there this is message 1777
hey there this is message 1778
hey there this is message 1779
hey there this is message 1780
hey there this is message 1781
hey there this is message 1782
hey there this is message 1783
hey there this is message 1784
hey there this is message 1785
hey there this is message 1786
hey there this is message 1787
hey there this is message 1788
hey there this is message 1789
hey there this is message 1790
hey there this is message 1791
hey there this is message 1792
hey there this is message 1793
hey there this is message 1794
hey there this is message 1795
hey there this is message 1796
hey there this is message 1797
hey there this is message 1798
hey there this is message 1799
hey there this is message 1800
hey there this is message 1801
hey there this is message 1802
hey there this is message 1803
hey there this is message 1804
hey there this is message 1805
hey there this is message 1806
hey there this is message 1807
hey there this is message 1808
hey there this is message 1809
hey there this is message 1810
hey there this is message 1811
hey there this is message 1812
hey there this is message 1813
hey there this is message 1814
hey there this is message 1815
hey there this is message 1816
hey there this is message 1817
hey there this is message 1818
hey there this is message 1819
hey there this is message 1820
hey there this is message 1821
hey there this is message 1822
hey there this is message 1823
hey there this is message 1824
hey there this is message 1825
hey there this is message 1826
hey there this is message 1827
hey there this is message 1828
hey there this is message 1829
hey there this is message 1830
hey there this is message 1831
hey there this is message 1832
hey there this is message 1833
hey there this is message 1834
hey there this is message 1835
hey there this is message 1836
hey there this is message 1837
hey there this is message 1838
hey there this is message 1839
hey there this is message 1840
hey there this is message 1841
hey there this is message 1842
hey there this is message 1843
hey there this is message 1844
hey there this is message 1845
hey there this is message 1846
hey there this is message 1847
hey there this is message 1848
hey there this is message 1849
hey there this is message 1850
hey there this is message 1851
hey there this is message 1852
hey there this is message 1853
hey there this is message 1854
hey there this is message 1855
hey there this is message 1856
hey there this is message 1857
hey there this is message 1858
hey there this is message 1859
hey there this is message 1860
hey there this is message 1861
hey there this is message 1862
hey there this is message 1863
hey there this is message 1864
hey there this is message 1865
hey there this is message 1866
hey there this is message 1867
hey there this is message 1868
hey there this is message 1869
hey there this is message 1870
hey there this is message 1871
hey there this is message 1872
hey there this is message 1873
hey there this is message 1874
hey there this is message 1875
hey there this is message 1876
hey there this is message 1877
hey there this is message 1878
hey there this is message 1879
hey there this is message 1880
hey there this is message 1881
hey there this is message 1882
hey there this is message 1883
hey there this is message 1884
hey there this is message 1885
hey there this is message 1886
hey there this is message 1887
hey there this is message 1888
hey there this is message 1889
hey there this is message 1890
hey there this is message 1891
hey there this is message 1892
hey there this is message 1893
hey there this is message 1894
hey there this is message 1895
hey there this is message 1896
hey there this is message 1897
hey there this is message 1898
hey there this is message 1899
hey there this is message 1900
hey there this is message 1901
hey there this is message 1902
hey there this is message 1903
hey there this is message 1904
hey there this is message 1905
hey there this is message 1906
hey there this is message 1907
hey there this is message 1908
hey there this is message 1909
hey there this is message 1910
hey there this is message 1911
hey there this is message 1912
hey there this is message 1913
hey there this is message 1914
hey there this is message 1915
hey there this is message 1916
hey there this is message 1917
hey there this is message 1918
hey there this is message 1919
hey there this is message 1920
hey there this is message 1921
hey there this is message 1922
hey there this is message 1923
hey there this is message 1924
hey there this is message 1925
hey there this is message 1926
hey there this is message 1927
hey there this is message 1928
hey there this is message 1929
hey there this is message 1930
hey there this is message 1931
hey there this is message 1932
hey there this is message 1933
hey there this is message 1934
hey there this is message 1935
hey there this is message 1936
hey there this is message 1937
hey there this is message 1938
hey there this is message 1939
hey there this is message 1940
hey there this is message 1941
hey there this is message 1942
hey there this is message 1943
hey there this is message 1944
hey there this is message 1945
hey there this is message 1946
hey there this is message 1947
hey there this is message 1948
hey there this is message 1949
hey there this is message 1950
hey there this is message 1951
hey there this is message 1952
hey there this is message 1953
hey there this is message 1954
hey there this is message 1955
hey there this is message 1956
hey there this is message 1957
hey there this is message 1958
hey there this is message 1959
hey there this is message 1960
hey there this is message 1961
hey there this is message 1962
hey there this is message 1963
hey there this is message 1964
hey there this is message 1965
hey there this is message 1966
hey there this is message 1967
hey there this is message 1968
hey there this is message 1969
hey there this is message 1970
hey there this is message 1971
hey there this is message 1972
hey there this is message 1973
hey there this is message 1974
hey there this is message 1975
hey there this is message 1976
hey there this is message 1977
hey there this is message 1978
hey there this is message 1979
hey there this is message 1980
hey there this is message 1981
hey there this is message 1982
hey there this is message 1983
hey there this is message 1984
hey there this is message 1985
hey there this is message 1986
hey there this is message 1987
hey there this is message 1988
hey there this is message 1989
hey there this is message 1990
hey there this is message 1991
hey there this is message 1992
hey there this is message 1993
hey there this is message 1994
hey there this is message 1995
hey there this is message 1996
hey there this is message 1997
hey there this is message 1998
hey there this is message 1999
hey there this is message 2000
hey there this is message 2001
hey there this is message 2002
hey there this is message 2003
hey there this is message 2004
hey there this is message 2005
hey there this is message 2006
hey there this is message 2007
hey there this is message 2008
hey there this is message 2009
hey there this is message 2010
hey there this is message 2011
hey there this is message 2012
hey there this is message 2013
hey there this is message 2014
hey there this is message 2015
hey there this is message 2016
hey there this is message 2017
hey there this is message 2018
hey there this is message 2019
hey there this is message 2020
hey there this is message 2021
hey there this is message 2022
hey there this is message 2023
hey there this is message 2024
hey there this is message 2025
hey there this is message 2026
hey there this is message 2027
hey there this is message 2028
hey there this is message 2029
hey there this is message 2030
hey there this is message 2031
hey there this is message 2032
hey there this is message 2033
hey there this is message 2034
hey there this is message 2035
hey there this is message 2036
hey there this is message 2037
hey there this is message 2038
hey there this is message 2039
hey there this is message 2040
hey there this is message 2041
hey there this is message 2042
hey there this is message 2043
hey there this is message 2044
hey there this is message 2045
hey there this is message 2046
hey there this is message 2047
hey there this is message 2048
hey there this is message 2049
hey there this is message 2050
hey there this is message 2051
hey there this is message 2052
hey there this is message 2053
hey there this is message 2054
hey there this is message 2055
hey there this is message 2056
hey there this is message 2057
hey there this is message 2058
hey there this is message 2059
hey there this is message 2060
hey there this is message 2061
hey there this is message 2062
hey there this is message 2063
hey there this is message 2064
hey there this is message 2065
hey there this is message 2066
hey there this is message 2067
hey there this is message 2068
hey there this is message 2069
hey there this is message 2070
hey there this is message 2071
hey there this is message 2072
hey there this is message 2073
hey there this is message 2074
hey there this is message 2075
hey there this is message 2076
hey there this is message 2077
hey there this is message 2078
hey there this is message 2079
hey there this is message 2080
hey there this is message 2081
hey there this is message 2082
hey there this is message 2083
hey there this is message 2084
hey there this is message 2085
hey there this is message 2086
hey there this is message 2087
hey there this is message 2088
hey there this is message 2089
hey there this is message 2090
hey there this is message 2091
hey there this is message 2092
hey there this is message 2093
hey there this is message 2094
hey there this is message 2095
hey there this is message 2096
hey there this is message 2097
hey there this is message 2098
hey there this is message 2099
hey there this is message 2100
hey there this is message 2101
hey there this is message 2102
hey there this is message 2103
hey there this is message 2104
hey there this is message 2105
hey there this is message 2106
hey there this is message 2107
hey there this is message 2108
hey there this is message 2109
hey there this is message 2110
hey there this is message 2111
hey there this is message 2112
hey there this is message 2113
hey there this is message 2114
hey there this is message 2115
hey there this is message 2116
hey there this is message 2117
hey there this is message 2118
hey there this is message 2119
hey there this is message 2120
hey there this is message 2121
hey there this is message 2122
hey there this is message 2123
hey there this is message 2124
hey there this is message 2125
hey there this is message 2126
hey there this is message 2127
hey there this is message 2128
hey there this is message 2129
hey there this is message 2130
hey there this is message 2131
hey there this is message 2132
hey there this is message 2133
hey there this is message 2134
hey there this is message 2135
hey there this is message 2136
hey there this is message 2137
hey there this is message 2138
hey there this is message 2139
hey there this is message 2140
hey there this is message 2141
hey there this is message 2142
hey there this is message 2143
hey there this is message 2144
hey there this is message 2145
hey there this is message 2146
hey there this is message 2147
hey there this is message 2148
hey there this is message 2149
hey there this is message 2150
hey there this is message 2151
hey there this is message 2152
hey there this is message 2153
hey there this is message 2154
hey there this is message 2155
hey there this is message 2156
hey there this is message 2157
hey there this is message 2158
hey there this is message 2159
hey there this is message 2160
hey there this is message 2161
hey there this is message 2162
hey there this is message 2163
hey there this is message 2164
hey there this is message 2165
hey there this is message 2166
hey there this is message 2167
hey there this is message 2168
hey there this is message 2169
hey there this is message 2170
hey there this is message 2171
hey there this is message 2172
hey there this is message 2173
hey there this is message 2174
hey there this is message 2175
hey there this is message 2176
hey there this is message 2177
hey there this is message 2178
hey there this is message 2179
hey there this is message 2180
hey there this is message 2181
hey there this is message 2182
hey there this is message 2183
hey there this is message 2184
hey there this is message 2185
hey there this is message 2186
hey there this is message 2187
hey there this is message 2188
hey there this is message 2189
hey there this is message 2190
hey there this is message 2191
hey there this is message 2192
hey there this is message 2193
hey there this is message 2194
hey there this is message 2195
hey there this is message 2196
hey there this is message 2197
hey there this is message 2198
hey there this is message 2199
hey there this is message 2200
hey there this is message 2201
hey there this is message 2202
hey there this is message 2203
hey there this is message 2204
hey there this is message 2205
hey there this is message 2206
hey there this is message 2207
hey there this is message 2208
hey there this is message 2209
hey there this is message 2210
hey there this is message 2211
hey there this is message 2212
hey there this is message 2213
hey there this is message 2214
hey there this is message 2215
hey there this is message 2216
hey there this is message 2217
hey there this is message 2218
hey there this is message 2219
hey there this is message 2220
hey there this is message 2221
hey there this is message 2222
hey there this is message 2223
hey there this is message 2224
hey there this is message 2225
hey there this is message 2226
hey there this is message 2227
hey there this is message 2228
hey there this is message 2229
hey there this is message 2230
hey there this is message 2231
hey there this is message 2232
hey there this is message 2233
hey there this is message 2234
hey there this is message 2235
hey there this is message 2236
hey there this is message 2237
hey there this is message 2238
hey there this is message 2239
hey there this is message 2240
hey there this is message 2241
hey there this is message 2242
hey there this is message 2243
hey there this is message 2244
hey there this is message 2245
hey there this is message 2246
hey there this is message 2247
hey there this is message 2248
hey there this is message 2249
hey there this is message 2250
hey there this is message 2251
hey there this is message 2252
hey there this is message 2253
hey there this is message 2254
hey there this is message 2255
hey there this is message 2256
hey there this is message 2257
hey there this is message 2258
hey there this is message 2259
hey there this is message 2260
hey there this is message 2261
hey there this is message 2262
hey there this is message 2263
hey there this is message 2264
hey there this is message 2265
hey there this is message 2266
hey there this is message 2267
hey there this is message 2268
hey there this is message 2269
hey there this is message 2270
hey there this is message 2271
hey there this is message 2272
hey there this is message 2273
hey there this is message 2274
hey there this is message 2275
hey there this is message 2276
hey there this is message 2277
hey there this is message 2278
hey there this is message 2279
hey there this is message 2280
hey there this is message 2281
hey there this is message 2282
hey there this is message 2283
hey there this is message 2284
hey there this is message 2285
hey there this is message 2286
hey there this is message 2287
hey there this is message 2288
hey there this is message 2289
hey there this is message 2290
hey there this is message 2291
hey there this is message 2292
hey there this is message 2293
hey there this is message 2294
hey there this is message 2295
hey there this is message 2296
hey there this is message 2297
hey there this is message 2298
hey there this is message 2299
hey there this is message 2300
hey there this is message 2301
hey there this is message 2302
hey there this is message 2303
hey there this is message 2304
hey there this is message 2305
hey there this is message 2306
hey there this is message 2307
hey there this is message 2308
hey there this is message 2309
hey there this is message 2310
hey there this is message 2311
hey there this is message 2312
hey there this is message 2313
hey there this is message 2314
hey there this is message 2315
hey there this is message 2316
hey there this is message 2317
hey there this is message 2318
hey there this is message 2319
hey there this is message 2320
hey there this is message 2321
hey there this is message 2322
hey there this is message 2323
hey there this is message 2324
hey there this is message 2325
hey there this is message 2326
hey there this is message 2327
hey there this is message 2328
hey there this is message 2329
hey there this is message 2330
hey there this is message 2331
hey there this is message 2332
hey there this is message 2333
hey there this is message 2334
hey there this is message 2335
hey there this is message 2336
hey there this is message 2337
hey there this is message 2338
hey there this is message 2339
hey there this is message 2340
hey there this is message 2341
hey there this is message 2342
hey there this is message 2343
hey there this is message 2344
hey there this is message 2345
hey there this is message 2346
hey there this is message 2347
hey there this is message 2348
hey there this is message 2349
hey there this is message 2350
hey there this is message 2351
hey there this is message 2352
hey there this is message 2353
hey there this is message 2354
hey there this is message 2355
hey there this is message 2356
hey there this is message 2357
hey there this is message 2358
hey there this is message 2359
hey there this is message 2360
hey there this is message 2361
hey there this is message 2362
hey there this is message 2363
hey there this is message 2364
hey there this is message 2365
hey there this is message 2366
hey there this is message 2367
hey there this is message 2368
hey there this is message 2369
hey there this is message 2370
hey there this is message 2371
hey there this is message 2372
hey there this is message 2373
hey there this is message 2374
hey there this is message 2375
hey there this is message 2376
hey there this is message 2377
hey there this is message 2378
hey there this is message 2379
hey there this is message 2380
hey there this is message 2381
hey there this is message 2382
hey there this is message 2383
hey there this is message 2384
hey there this is message 2385
hey there this is message 2386
hey there this is message 2387
hey there this is message 2388
hey there this is message 2389
hey there this is message 2390
hey there this is message 2391
hey there this is message 2392
hey there this is message 2393
hey there this is message 2394
hey there this is message 2395
hey there this is message 2396
hey there this is message 2397
hey there this is message 2398
hey there this is message 2399
hey there this is message 2400
hey there this is message 2401
hey there this is message 2402
hey there this is message 2403
hey there this is message 2404
hey there this is message 2405
hey there this is message 2406
hey there this is message 2407
hey there this is message 2408
hey there this is message 2409
hey there this is message 2410
hey there this is message 2411
hey there this is message 2412
hey there this is message 2413
hey there this is message 2414
hey there this is message 2415
hey there this is message 2416
hey there this is message 2417
hey there this is message 2418
hey there this is message 2419
hey there this is message 2420
hey there this is message 2421
hey there this is message 2422
hey there this is message 2423
hey there this is message 2424
hey there this is message 2425
hey there this is message 2426
hey there this is message 2427
hey there this is message 2428
hey there this is message 2429
hey there this is message 2430
hey there this is message 2431
hey there this is message 2432
hey there this is message 2433
hey there this is message 2434
hey there this is message 2435
hey there this is message 2436
hey there this is message 2437
hey there this is message 2438
hey there this is message 2439
hey there this is message 2440
hey there this is message 2441
hey there this is message 2442
hey there this is message 2443
hey there this is message 2444
hey there this is message 2445
hey there this is message 2446
hey there this is message 2447
hey there this is message 2448
hey there this is message 2449
hey there this is message 2450
hey there this is message 2451
hey there this is message 2452
hey there this is message 2453
hey there this is message 2454
hey there this is message 2455
hey there this is message 2456
hey there this is message 2457
hey there this is message 2458
hey there this is message 2459
hey there this is message 2460
hey there this is message 2461
hey there this is message 2462
hey there this is message 2463
hey there this is message 2464
hey there this is message 2465
hey there this is message 2466
hey there this is message 2467
hey there this is message 2468
hey there this is message 2469
hey there this is message 2470
hey there this is message 2471
hey there this is message 2472
hey there this is message 2473
hey there this is message 2474
hey there this is message 2475
hey there this is message 2476
hey there this is message 2477
hey there this is message 2478
hey there this is message 2479
hey there this is message 2480
hey there this is message 2481
hey there this is message 2482
hey there this is message 2483
hey there this is message 2484
hey there this is message 2485
hey there this is message 2486
hey there this is message 2487
hey there this is message 2488
hey there this is message 2489
hey there this is message 2490
hey there this is message 2491
hey there this is message 2492
hey there this is message 2493
hey there this is message 2494
hey there this is message 2495
hey there this is message 2496
hey there this is message 2497
hey there this is message 2498
hey there this is message 2499
hey there this is message 2500
hey there this is message 2501
hey there this is message 2502
hey there this is message 2503
hey there this is message 2504
hey there this is message 2505
hey there this is message 2506
hey there this is message 2507
hey there this is message 2508
hey there this is message 2509
hey there this is message 2510
hey there this is message 2511
hey there this is message 2512
hey there this is message 2513
hey there this is message 2514
hey there this is message 2515
hey there this is message 2516
hey there this is message 2517
hey there this is message 2518
hey there this is message 2519
hey there this is message 2520
hey there this is message 2521
hey there this is message 2522
hey there this is message 2523
hey there this is message 2524
hey there this is message 2525
hey there this is message 2526
hey there this is message 2527
hey there this is message 2528
hey there this is message 2529
hey there this is message 2530
hey there this is message 2531
hey there this is message 2532
hey there this is message 2533
hey there this is message 2534
hey there this is message 2535
hey there this is message 2536
hey there this is message 2537
hey there this is message 2538
hey there this is message 2539
hey there this is message 2540
hey there this is message 2541
hey there this is message 2542
hey there this is message 2543
hey there this is message 2544
hey there this is message 2545
hey there this is message 2546
hey there this is message 2547
hey there this is message 2548
hey there this is message 2549
hey there this is message 2550
hey there this is message 2551
hey there this is message 2552
hey there this is message 2553
hey there this is message 2554
hey there this is message 2555
hey there this is message 2556
hey there this is message 2557
hey there this is message 2558
hey there this is message 2559
hey there this is message 2560
hey there this is message 2561
hey there this is message 2562
hey there this is message 2563
hey there this is message 2564
hey there this is message 2565
hey there this is message 2566
hey there this is message 2567
hey there this is message 2568
hey there this is message 2569
hey there this is message 2570
hey there this is message 2571
hey there this is message 2572
hey there this is message 2573
hey there this is message 2574
hey there this is message 2575
hey there this is message 2576
hey there this is message 2577
hey there this is message 2578
hey there this is message 2579
hey there this is message 2580
hey there this is message 2581
hey there this is message 2582
hey there this is message 2583
hey there this is message 2584
hey there this is message 2585
hey there this is message 2586
hey there this is message 2587
hey there this is message 2588
hey there this is message 2589
hey there this is message 2590
hey there this is message 2591
hey there this is message 2592
hey there this is message 2593
hey there this is message 2594
hey there this is message 2595
hey there this is message 2596
hey there this is message 2597
hey there this is message 2598
hey there this is message 2599
hey there this is message 2600
hey there this is message 2601
hey there this is message 2602
hey there this is message 2603
hey there this is message 2604
hey there this is message 2605
hey there this is message 2606
hey there this is message 2607
hey there this is message 2608
hey there this is message 2609
hey there this is message 2610
hey there this is message 2611
hey there this is message 2612
hey there this is message 2613
hey there this is message 2614
hey there this is message 2615
hey there this is message 2616
hey there this is message 2617
hey there this is message 2618
hey there this is message 2619
hey there this is message 2620
hey there this is message 2621
hey there this is message 2622
hey there this is message 2623
hey there this is message 2624
hey there this is message 2625
hey there this is message 2626
hey there this is message 2627
hey there this is message 2628
hey there this is message 2629
hey there this is message 2630
hey there this is message 2631
hey there this is message 2632
hey there this is message 2633
hey there this is message 2634
hey there this is message 2635
hey there this is message 2636
hey there this is message 2637
hey there this is message 2638
hey there this is message 2639
hey there this is message 2640
hey there this is message 2641
hey there this is message 2642
hey there this is message 2643
hey there this is message 2644
hey there this is message 2645
hey there this is message 2646
hey there this is message 2647
hey there this is message 2648
hey there this is message 2649
hey there this is message 2650
hey there this is message 2651
hey there this is message 2652
hey there this is message 2653
hey there this is message 2654
hey there this is message 2655
hey there this is message 2656
hey there this is message 2657
hey there this is message 2658
hey there this is message 2659
hey there this is message 2660
hey there this is message 2661
hey there this is message 2662
hey there this is message 2663
hey there this is message 2664
hey there this is message 2665
hey there this is message 2666
hey there this is message 2667
hey there this is message 2668
hey there this is message 2669
hey there this is message 2670
hey there this is message 2671
hey there this is message 2672
hey there this is message 2673
hey there this is message 2674
hey there this is message 2675
hey there this is message 2676
hey there this is message 2677
hey there this is message 2678
hey there this is message 2679
hey there this is message 2680
hey there this is message 2681
hey there this is message 2682
hey there this is message 2683
hey there this is message 2684
hey there this is message 2685
hey there this is message 2686
hey there this is message 2687
hey there this is message 2688
hey there this is message 2689
hey there this is message 2690
hey there this is message 2691
hey there this is message 2692
hey there this is message 2693
hey there this is message 2694
hey there this is message 2695
hey there this is message 2696
hey there this is message 2697
hey there this is message 2698
hey there this is message 2699
hey there this is message 2700
hey there this is message 2701
hey there this is message 2702
hey there this is message 2703
hey there this is message 2704
hey there this is message 2705
hey there this is message 2706
hey there this is message 2707
hey there this is message 2708
hey there this is message 2709
hey there this is message 2710
hey there this is message 2711
hey there this is message 2712
hey there this is message 2713
hey there this is message 2714
hey there this is message 2715
hey there this is message 2716
hey there this is message 2717
hey there this is message 2718
hey there this is message 2719
hey there this is message 2720
hey there this is message 2721
hey there this is message 2722
hey there this is message 2723
hey there this is message 2724
hey there this is message 2725
hey there this is message 2726
hey there this is message 2727
hey there this is message 2728
hey there this is message 2729
hey there this is message 2730
hey there this is message 2731
hey there this is message 2732
hey there this is message 2733
hey there this is message 2734
hey there this is message 2735
hey there this is message 2736
hey there this is message 2737
hey there this is message 2738
hey there this is message 2739
hey there this is message 2740
hey there this is message 2741
hey there this is message 2742
hey there this is message 2743
hey there this is message 2744
hey there this is message 2745
hey there this is message 2746
hey there this is message 2747
hey there this is message 2748
hey there this is message 2749
hey there this is message 2750
hey there this is message 2751
hey there this is message 2752
hey there this is message 2753
hey there this is message 2754
hey there this is message 2755
hey there this is message 2756
hey there this is message 2757
hey there this is message 2758
hey there this is message 2759
hey there this is message 2760
hey there this is message 2761
hey there this is message 2762
hey there this is message 2763
hey there this is message 2764
hey there this is message 2765
hey there this is message 2766
hey there this is message 2767
hey there this is message 2768
hey there this is message 2769
hey there this is message 2770
hey there this is message 2771
hey there this is message 2772
hey there this is message 2773
hey there this is message 2774
hey there this is message 2775
hey there this is message 2776
hey there this is message 2777
hey there this is message 2778
hey there this is message 2779
hey there this is message 2780
hey there this is message 2781
hey there this is message 2782
hey there this is message 2783
hey there this is message 2784
hey there this is message 2785
hey there this is message 2786
hey there this is message 2787
hey there this is message 2788
hey there this is message 2789
hey there this is message 2790
hey there this is message 2791
hey there this is message 2792
hey there this is message 2793
hey there this is message 2794
hey there this is message 2795
hey there this is message 2796
hey there this is message 2797
hey there this is message 2798
hey there this is message 2799
hey there this is message 2800
hey there this is message 2801
hey there this is message 2802
hey there this is message 2803
hey there this is message 2804
hey there this is message 2805
hey there this is message 2806
hey there this is message 2807
hey there this is message 2808
hey there this is message 2809
hey there this is message 2810
hey there this is message 2811
hey there this is message 2812
hey there this is message 2813
hey there this is message 2814
hey there this is message 2815
hey there this is message 2816
hey there this is message 2817
hey there this is message 2818
hey there this is message 2819
hey there this is message 2820
hey there this is message 2821
hey there this is message 2822
hey there this is message 2823
hey there this is message 2824
hey there this is message 2825
hey there this is message 2826
hey there this is message 2827
hey there this is message 2828
hey there this is message 2829
hey there this is message 2830
hey there this is message 2831
hey there this is message 2832
hey there this is message 2833
hey there this is message 2834
hey there this is message 2835
hey there this is message 2836
hey there this is message 2837
hey there this is message 2838
hey there this is message 2839
hey there this is message 2840
hey there this is message 2841
hey there this is message 2842
hey there this is message 2843
hey there this is message 2844
hey there this is message 2845
hey there this is message 2846
hey there this is message 2847
hey there this is message 2848
hey there this is message 2849
hey there this is message 2850
hey there this is message 2851
hey there this is message 2852
hey there this is message 2853
hey there this is message 2854
hey there this is message 2855
hey there this is message 2856
hey there this is message 2857
hey there this is message 2858
hey there this is message 2859
hey there this is message 2860
hey there this is message 2861
hey there this is message 2862
hey there this is message 2863
hey there this is message 2864
hey there this is message 2865
hey there this is message 2866
hey there this is message 2867
hey there this is message 2868
hey there this is message 2869
hey there this is message 2870
hey there this is message 2871
hey there this is message 2872
hey there this is message 2873
hey there this is message 2874
hey there this is message 2875
hey there this is message 2876
hey there this is message 2877
hey there this is message 2878
hey there this is message 2879
hey there this is message 2880
hey there this is message 2881
hey there this is message 2882
hey there this is message 2883
hey there this is message 2884
hey there this is message 2885
hey there this is message 2886
hey there this is message 2887
hey there this is message 2888
hey there this is message 2889
hey there this is message 2890
hey there this is message 2891
hey there this is message 2892
hey there this is message 2893
hey there this is message 2894
hey there this is message 2895
hey there this is message 2896
hey there this is message 2897
hey there this is message 2898
hey there this is message 2899
hey there this is message 2900
hey there this is message 2901
hey there this is message 2902
hey there this is message 2903
hey there this is message 2904
hey there this is message 2905
hey there this is message 2906
hey there this is message 2907
hey there this is message 2908
hey there this is message 2909
hey there this is message 2910
hey there this is message 2911
hey there this is message 2912
hey there this is message 2913
hey there this is message 2914
hey there this is message 2915
hey there this is message 2916
hey there this is message 2917
hey there this is message 2918
hey there this is message 2919
hey there this is message 2920
hey there this is message 2921
hey there this is message 2922
hey there this is message 2923
hey there this is message 2924
hey there this is message 2925
hey there this is message 2926
hey there this is message 2927
hey there this is message 2928
hey there this is message 2929
hey there this is message 2930
hey there this is message 2931
hey there this is message 2932
hey there this is message 2933
hey there this is message 2934
hey there this is message 2935
hey there this is message 2936
hey there this is message 2937
hey there this is message 2938
hey there this is message 2939
hey there this is message 2940
hey there this is message 2941
hey there this is message 2942
hey there this is message 2943
hey there this is message 2944
hey there this is message 2945
hey there this is message 2946
hey there this is message 2947
hey there this is message 2948
hey there this is message 2949
hey there this is message 2950
hey there this is message 2951
hey there this is message 2952
hey there this is message 2953
hey there this is message 2954
hey there this is message 2955
hey there this is message 2956
hey there this is message 2957
hey there this is message 2958
hey there this is message 2959
hey there this is message 2960
hey there this is message 2961
hey there this is message 2962
hey there this is message 2963
hey there this is message 2964
hey there this is message 2965
hey there this is message 2966
hey there this is message 2967
hey there this is message 2968
hey there this is message 2969
hey there this is message 2970
hey there this is message 2971
hey there this is message 2972
hey there this is message 2973
hey there this is message 2974
hey there this is message 2975
hey there this is message 2976
hey there this is message 2977
hey there this is message 2978
hey there this is message 2979
hey there this is message 2980
hey there this is message 2981
hey there this is message 2982
hey there this is message 2983
hey there this is message 2984
hey there this is message 2985
hey there this is message 2986
hey there this is message 2987
hey there this is message 2988
hey there this is message 2989
hey there this is message 2990
hey there this is message 2991
hey there this is message 2992
hey there this is message 2993
hey there this is message 2994
hey there this is message 2995
hey there this is message 2996
hey there this is message 2997
hey there this is message 2998
hey there this is message 2999
hey there this is message 3000
hey there this is message 3001
hey there this is message 3002
hey there this is message 3003
hey there this is message 3004
hey there this is message 3005
hey there this is message 3006
hey there this is message 3007
hey there this is message 3008
hey there this is message 3009
hey there this is message 3010
hey there this is message 3011
hey there this is message 3012
hey there this is message 3013
hey there this is message 3014
hey there this is message 3015
hey there this is message 3016
hey there this is message 3017
hey there this is message 3018
hey there this is message 3019
hey there this is message 3020
hey there this is message 3021
hey there this is message 3022
hey there this is message 3023
hey there this is message 3024
hey there this is message 3025
hey there this is message 3026
hey there this is message 3027
hey there this is message 3028
hey there this is message 3029
hey there this is message 3030
hey there this is message 3031
hey there this is message 3032
hey there this is message 3033
hey there this is message 3034
hey there this is message 3035
hey there this is message 3036
hey there this is message 3037
hey there this is message 3038
hey there this is message 3039
hey there this is message 3040
hey there this is message 3041
hey there this is message 3042
hey there this is message 3043
hey there this is message 3044
hey there this is message 3045
hey there this is message 3046
hey there this is message 3047
hey there this is message 3048
hey there this is message 3049
hey there this is message 3050
hey there this is message 3051
hey there this is message 3052
hey there this is message 3053
hey there this is message 3054
hey there this is message 3055
hey there this is message 3056
hey there this is message 3057
hey there this is message 3058
hey there this is message 3059
hey there this is message 3060
hey there this is message 3061
hey there this is message 3062
hey there this is message 3063
hey there this is message 3064
hey there this is message 3065
hey there this is message 3066
hey there this is message 3067
hey there this is message 3068
hey there this is message 3069
hey there this is message 3070
hey there this is message 3071
hey there this is message 3072
hey there this is message 3073
hey there this is message 3074
hey there this is message 3075
hey there this is message 3076
hey there this is message 3077
hey there this is message 3078
hey there this is message 3079
hey there this is message 3080
hey there this is message 3081
hey there this is message 3082
hey there this is message 3083
hey there this is message 3084
hey there this is message 3085
hey there this is message 3086
hey there this is message 3087
hey there this is message 3088
hey there this is message 3089
hey there this is message 3090
hey there this is message 3091
hey there this is message 3092
hey there this is message 3093
hey there this is message 3094
hey there this is message 3095
hey there this is message 3096
hey there this is message 3097
hey there this is message 3098
hey there this is message 3099
hey there this is message 3100
hey there this is message 3101
hey there this is message 3102
hey there this is message 3103
hey there this is message 3104
hey there this is message 3105
hey there this is message 3106
hey there this is message 3107
hey there this is message 3108
hey there this is message 3109
hey there this is message 3110
hey there this is message 3111
hey there this is message 3112
hey there this is message 3113
hey there this is message 3114
hey there this is message 3115
hey there this is message 3116
hey there this is message 3117
hey there this is message 3118
hey there this is message 3119
hey there this is message 3120
hey there this is message 3121
hey there this is message 3122
hey there this is message 3123
hey there this is message 3124
hey there this is message 3125
hey there this is message 3126
hey there this is message 3127
hey there this is message 3128
hey there this is message 3129
hey there this is message 3130
hey there this is message 3131
hey there this is message 3132
hey there this is message 3133
hey there this is message 3134
hey there this is message 3135
hey there this is message 3136
hey there this is message 3137
hey there this is message 3138
hey there this is message 3139
hey there this is message 3140
hey there this is message 3141
hey there this is message 3142
hey there this is message 3143
hey there this is message 3144
hey there this is message 3145
hey there this is message 3146
hey there this is message 3147
hey there this is message 3148
hey there this is message 3149
hey there this is message 3150
hey there this is message 3151
hey there this is message 3152
hey there this is message 3153
hey there this is message 3154
hey there this is message 3155
hey there this is message 3156
hey there this is message 3157
hey there this is message 3158
hey there this is message 3159
hey there this is message 3160
hey there this is message 3161
hey there this is message 3162
hey there this is message 3163
hey there this is message 3164
hey there this is message 3165
hey there this is message 3166
hey there this is message 3167
hey there this is message 3168
hey there this is message 3169
hey there this is message 3170
hey there this is message 3171
hey there this is message 3172
hey there this is message 3173
hey there this is message 3174
hey there this is message 3175
hey there this is message 3176
hey there this is message 3177
hey there this is message 3178
hey there this is message 3179
hey there this is message 3180
hey there this is message 3181
hey there this is message 3182
hey there this is message 3183
hey there this is message 3184
hey there this is message 3185
hey there this is message 3186
hey there this is message 3187
hey there this is message 3188
hey there this is message 3189
hey there this is message 3190
hey there this is message 3191
hey there this is message 3192
hey there this is message 3193
hey there this is message 3194
hey there this is message 3195
hey there this is message 3196
hey there this is message 3197
hey there this is message 3198
hey there this is message 3199
hey there this is message 3200
hey there this is message 3201
hey there this is message 3202
hey there this is message 3203
hey there this is message 3204
hey there this is message 3205
hey there this is message 3206
hey there this is message 3207
hey there this is message 3208
hey there this is message 3209
hey there this is message 3210
hey there this is message 3211
hey there this is message 3212
hey there this is message 3213
hey there this is message 3214
hey there this is message 3215
hey there this is message 3216
hey there this is message 3217
hey there this is message 3218
hey there this is message 3219
hey there this is message 3220
hey there this is message 3221
hey there this is message 3222
hey there this is message 3223
hey there this is message 3224
hey there this is message 3225
hey there this is message 3226
hey there this is message 3227
hey there this is message 3228
hey there this is message 3229
hey there this is message 3230
hey there this is message 3231
hey there this is message 3232
hey there this is message 3233
hey there this is message 3234
hey there this is message 3235
hey there this is message 3236
hey there this is message 3237
hey there this is message 3238
hey there this is message 3239
hey there this is message 3240
hey there this is message 3241
hey there this is message 3242
hey there this is message 3243
hey there this is message 3244
hey there this is message 3245
hey there this is message 3246
hey there this is message 3247
hey there this is message 3248
hey there this is message 3249
hey there this is message 3250
hey there this is message 3251
hey there this is message 3252
hey there this is message 3253
hey there this is message 3254
hey there this is message 3255
hey there this is message 3256
hey there this is message 3257
hey there this is message 3258
hey there this is message 3259
hey there this is message 3260
hey there this is message 3261
hey there this is message 3262
hey there this is message 3263
hey there this is message 3264
hey there this is message 3265
hey there this is message 3266
hey there this is message 3267
hey there this is message 3268
hey there this is message 3269
hey there this is message 3270
hey there this is message 3271
hey there this is message 3272
hey there this is message 3273
hey there this is message 3274
hey there this is message 3275
hey there this is message 3276
hey there this is message 3277
hey there this is message 3278
hey there this is message 3279
hey there this is message 3280
hey there this is message 3281
hey there this is message 3282
hey there this is message 3283
hey there this is message 3284
hey there this is message 3285
hey there this is message 3286
hey there this is message 3287
hey there this is message 3288
hey there this is message 3289
hey there this is message 3290
hey there this is message 3291
hey there this is message 3292
hey there this is message 3293
hey there this is message 3294
hey there this is message 3295
hey there this is message 3296
hey there this is message 3297
hey there this is message 3298
hey there this is message 3299
hey there this is message 3300
hey there this is message 3301
hey there this is message 3302
hey there this is message 3303
hey there this is message 3304
hey there this is message 3305
hey there this is message 3306
hey there this is message 3307
hey there this is message 3308
hey there this is message 3309
hey there this is message 3310
hey there this is message 3311
hey there this is message 3312
hey there this is message 3313
hey there this is message 3314
hey there this is message 3315
hey there this is message 3316
hey there this is message 3317
hey there this is message 3318
hey there this is message 3319
hey there this is message 3320
hey there this is message 3321
hey there this is message 3322
hey there this is message 3323
hey there this is message 3324
hey there this is message 3325
hey there this is message 3326
hey there this is message 3327
hey there this is message 3328
hey there this is message 3329
hey there this is message 3330
hey there this is message 3331
hey there this is message 3332
hey there this is message 3333
hey there this is message 3334
hey there this is message 3335
hey there this is message 3336
hey there this is message 3337
hey there this is message 3338
hey there this is message 3339
hey there this is message 3340
hey there this is message 3341
hey there this is message 3342
hey there this is message 3343
hey there this is message 3344
hey there this is message 3345
hey there this is message 3346
hey there this is message 3347
hey there this is message 3348
hey there this is message 3349
hey there this is message 3350
hey there this is message 3351
hey there this is message 3352
hey there this is message 3353
hey there this is message 3354
hey there this is message 3355
hey there this is message 3356
hey there this is message 3357
hey there this is message 3358
hey there this is message 3359
hey there this is message 3360
hey there this is message 3361
hey there this is message 3362
hey there this is message 3363
hey there this is message 3364
hey there this is message 3365
hey there this is message 3366
hey there this is message 3367
hey there this is message 3368
hey there this is message 3369
hey there this is message 3370
hey there this is message 3371
hey there this is message 3372
hey there this is message 3373
hey there this is message 3374
hey there this is message 3375
hey there this is message 3376
hey there this is message 3377
hey there this is message 3378
hey there this is message 3379
hey there this is message 3380
hey there this is message 3381
hey there this is message 3382
hey there this is message 3383
hey there this is message 3384
hey there this is message 3385
hey there this is message 3386
hey there this is message 3387
hey there this is message 3388
hey there this is message 3389
hey there this is message 3390
hey there this is message 3391
hey there this is message 3392
hey there this is message 3393
hey there this is message 3394
hey there this is message 3395
hey there this is message 3396
hey there this is message 3397
hey there this is message 3398
hey there this is message 3399
hey there this is message 3400
hey there this is message 3401
hey there this is message 3402
hey there this is message 3403
hey there this is message 3404
hey there this is message 3405
hey there this is message 3406
hey there this is message 3407
hey there this is message 3408
hey there this is message 3409
hey there this is message 3410
hey there this is message 3411
hey there this is message 3412
hey there this is message 3413
hey there this is message 3414
hey there this is message 3415
hey there this is message 3416
hey there this is message 3417
hey there this is message 3418
hey there this is message 3419
hey there this is message 3420
hey there this is message 3421
hey there this is message 3422
hey there this is message 3423
hey there this is message 3424
hey there this is message 3425
hey there this is message 3426
hey there this is message 3427
hey there this is message 3428
hey there this is message 3429
hey there this is message 3430
hey there this is message 3431
hey there this is message 3432
hey there this is message 3433
hey there this is message 3434
hey there this is message 3435
hey there this is message 3436
hey there this is message 3437
hey there this is message 3438
hey there this is message 3439
hey there this is message 3440
hey there this is message 3441
hey there this is message 3442
hey there this is message 3443
hey there this is message 3444
hey there this is message 3445
hey there this is message 3446
hey there this is message 3447
hey there this is message 3448
hey there this is message 3449
hey there this is message 3450
hey there this is message 3451
hey there this is message 3452
hey there this is message 3453
hey there this is message 3454
hey there this is message 3455
hey there this is message 3456
hey there this is message 3457
hey there this is message 3458
hey there this is message 3459
hey there this is message 3460
hey there this is message 3461
hey there this is message 3462
hey there this is message 3463
hey there this is message 3464
hey there this is message 3465
hey there this is message 3466
hey there this is message 3467
hey there this is message 3468
hey there this is message 3469
hey there this is message 3470
hey there this is message 3471
hey there this is message 3472
hey there this is message 3473
hey there this is message 3474
hey there this is message 3475
hey there this is message 3476
hey there this is message 3477
hey there this is message 3478
hey there this is message 3479
hey there this is message 3480
hey there this is message 3481
hey there this is message 3482
hey there this is message 3483
hey there this is message 3484
hey there this is message 3485
hey there this is message 3486
hey there this is message 3487
hey there this is message 3488
hey there this is message 3489
hey there this is message 3490
hey there this is message 3491
hey there this is message 3492
hey there this is message 3493
hey there this is message 3494
hey there this is message 3495
hey there this is message 3496
hey there this is message 3497
hey there this is message 3498
hey there this is message 3499
hey there this is message 3500
hey there this is message 3501
hey there this is message 3502
hey there this is message 3503
hey there this is message 3504
hey there this is message 3505
hey there this is message 3506
hey there this is message 3507
hey there this is message 3508
hey there this is message 3509
hey there this is message 3510
hey there this is message 3511
hey there this is message 3512
hey there this is message 3513
hey there this is message 3514
hey there this is message 3515
hey there this is message 3516
hey there this is message 3517
hey there this is message 3518
hey there this is message 3519
hey there this is message 3520
hey there this is message 3521
hey there this is message 3522
hey there this is message 3523
hey there this is message 3524
hey there this is message 3525
hey there this is message 3526
hey there this is message 3527
hey there this is message 3528
hey there this is message 3529
hey there this is message 3530
hey there this is message 3531
hey there this is message 3532
hey there this is message 3533
hey there this is message 3534
hey there this is message 3535
hey there this is message 3536
hey there this is message 3537
hey there this is message 3538
hey there this is message 3539
hey there this is message 3540
hey there this is message 3541
hey there this is message 3542
hey there this is message 3543
hey there this is message 3544
hey there this is message 3545
hey there this is message 3546
hey there this is message 3547
hey there this is message 3548
hey there this is message 3549
hey there this is message 3550
hey there this is message 3551
hey there this is message 3552
hey there this is message 3553
hey there this is message 3554
hey there this is message 3555
hey there this is message 3556
hey there this is message 3557
hey there this is message 3558
hey there this is message 3559
hey there this is message 3560
hey there this is message 3561
hey there this is message 3562
hey there this is message 3563
hey there this is message 3564
hey there this is message 3565
hey there this is message 3566
hey there this is message 3567
hey there this is message 3568
hey there this is message 3569
hey there this is message 3570
hey there this is message 3571
hey there this is message 3572
hey there this is message 3573
hey there this is message 3574
hey there this is message 3575
hey there this is message 3576
hey there this is message 3577
hey there this is message 3578
hey there this is message 3579
hey there this is message 3580
hey there this is message 3581
hey there this is message 3582
hey there this is message 3583
hey there this is message 3584
hey there this is message 3585
hey there this is message 3586
hey there this is message 3587
hey there this is message 3588
hey there this is message 3589
hey there this is message 3590
hey there this is message 3591
hey there this is message 3592
hey there this is message 3593
hey there this is message 3594
hey there this is message 3595
hey there this is message 3596
hey there this is message 3597
hey there this is message 3598
hey there this is message 3599
hey there this is message 3600
hey there this is message 3601
hey there this is message 3602
hey there this is message 3603
hey there this is message 3604
hey there this is message 3605
hey there this is message 3606
hey there this is message 3607
hey there this is message 3608
hey there this is message 3609
hey there this is message 3610
hey there this is message 3611
hey there this is message 3612
hey there this is message 3613
hey there this is message 3614
hey there this is message 3615
hey there this is message 3616
hey there this is message 3617
hey there this is message 3618
hey there this is message 3619
hey there this is message 3620
hey there this is message 3621
hey there this is message 3622
hey there this is message 3623
hey there this is message 3624
hey there this is message 3625
hey there this is message 3626
hey there this is message 3627
hey there this is message 3628
hey there this is message 3629
hey there this is message 3630
hey there this is message 3631
hey there this is message 3632
hey there this is message 3633
hey there this is message 3634
hey there this is message 3635
hey there this is message 3636
hey there this is message 3637
hey there this is message 3638
hey there this is message 3639
hey there this is message 3640
hey there this is message 3641
hey there this is message 3642
hey there this is message 3643
hey there this is message 3644
hey there this is message 3645
hey there this is message 3646
hey there this is message 3647
hey there this is message 3648
hey there this is message 3649
hey there this is message 3650
hey there this is message 3651
hey there this is message 3652
hey there this is message 3653
hey there this is message 3654
hey there this is message 3655
hey there this is message 3656
hey there this is message 3657
hey there this is message 3658
hey there this is message 3659
hey there this is message 3660
hey there this is message 3661
hey there this is message 3662
hey there this is message 3663
hey there this is message 3664
hey there this is message 3665
hey there this is message 3666
hey there this is message 3667
hey there this is message 3668
hey there this is message 3669
hey there this is message 3670
hey there this is message 3671
hey there this is message 3672
hey there this is message 3673
hey there this is message 3674
hey there this is message 3675
hey there this is message 3676
hey there this is message 3677
hey there this is message 3678
hey there this is message 3679
hey there this is message 3680
hey there this is message 3681
hey there this is message 3682
hey there this is message 3683
hey there this is message 3684
hey there this is message 3685
hey there this is message 3686
hey there this is message 3687
hey there this is message 3688
hey there this is message 3689
hey there this is message 3690
hey there this is message 3691
hey there this is message 3692
hey there this is message 3693
hey there this is message 3694
hey there this is message 3695
hey there this is message 3696
hey there this is message 3697
hey there this is message 3698
hey there this is message 3699
hey there this is message 3700
hey there this is message 3701
hey there this is message 3702
hey there this is message 3703
hey there this is message 3704
hey there this is message 3705
hey there this is message 3706
hey there this is message 3707
hey there this is message 3708
hey there this is message 3709
hey there this is message 3710
hey there this is message 3711
hey there this is message 3712
hey there this is message 3713
hey there this is message 3714
hey there this is message 3715
hey there this is message 3716
hey there this is message 3717
hey there this is message 3718
hey there this is message 3719
hey there this is message 3720
hey there this is message 3721
hey there this is message 3722
hey there this is message 3723
hey there this is message 3724
hey there this is message 3725
hey there this is message 3726
hey there this is message 3727
hey there this is message 3728
hey there this is message 3729
hey there this is message 3730
hey there this is message 3731
hey there this is message 3732
hey there this is message 3733
hey there this is message 3734
hey there this is message 3735
hey there this is message 3736
hey there this is message 3737
hey there this is message 3738
hey there this is message 3739
hey there this is message 3740
hey there this is message 3741
hey there this is message 3742
hey there this is message 3743
hey there this is message 3744
hey there this is message 3745
hey there this is message 3746
hey there this is message 3747
hey there this is message 3748
hey there this is message 3749
hey there this is message 3750
hey there this is message 3751
hey there this is message 3752
hey there this is message 3753
hey there this is message 3754
hey there this is message 3755
hey there this is message 3756
hey there this is message 3757
hey there this is message 3758
hey there this is message 3759
hey there this is message 3760
hey there this is message 3761
hey there this is message 3762
hey there this is message 3763
hey there this is message 3764
hey there this is message 3765
hey there this is message 3766
hey there this is message 3767
hey there this is message 3768
hey there this is message 3769
hey there this is message 3770
hey there this is message 3771
hey there this is message 3772
hey there this is message 3773
hey there this is message 3774
hey there this is message 3775
hey there this is message 3776
hey there this is message 3777
hey there this is message 3778
hey there this is message 3779
hey there this is message 3780
hey there this is message 3781
hey there this is message 3782
hey there this is message 3783
hey there this is message 3784
hey there this is message 3785
hey there this is message 3786
hey there this is message 3787
hey there this is message 3788
hey there this is message 3789
hey there this is message 3790
hey there this is message 3791
hey there this is message 3792
hey there this is message 3793
hey there this is message 3794
hey there this is message 3795
hey there this is message 3796
hey there this is message 3797
hey there this is message 3798
hey there this is message 3799
hey there this is message 3800
hey there this is message 3801
hey there this is message 3802
hey there this is message 3803
hey there this is message 3804
hey there this is message 3805
hey there this is message 3806
hey there this is message 3807
hey there this is message 3808
hey there this is message 3809
hey there this is message 3810
hey there this is message 3811
hey there this is message 3812
hey there this is message 3813
hey there this is message 3814
hey there this is message 3815
hey there this is message 3816
hey there this is message 3817
hey there this is message 3818
hey there this is message 3819
hey there this is message 3820
hey there this is message 3821
hey there this is message 3822
hey there this is message 3823
hey there this is message 3824
hey there this is message 3825
hey there this is message 3826
hey there this is message 3827
hey there this is message 3828
hey there this is message 3829
hey there this is message 3830
hey there this is message 3831
hey there this is message 3832
hey there this is message 3833
hey there this is message 3834
hey there this is message 3835
hey there this is message 3836
hey there this is message 3837
hey there this is message 3838
hey there this is message 3839
hey there this is message 3840
hey there this is message 3841
hey there this is message 3842
hey there this is message 3843
hey there this is message 3844
hey there this is message 3845
hey there this is message 3846
hey there this is message 3847
hey there this is message 3848
hey there this is message 3849
hey there this is message 3850
hey there this is message 3851
hey there this is message 3852
hey there this is message 3853
hey there this is message 3854
hey there this is message 3855
hey there this is message 3856
hey there this is message 3857
hey there this is message 3858
hey there this is message 3859
hey there this is message 3860
hey there this is message 3861
hey there this is message 3862
hey there this is message 3863
hey there this is message 3864
hey there this is message 3865
hey there this is message 3866
hey there this is message 3867
hey there this is message 3868
hey there this is message 3869
hey there this is message 3870
hey there this is message 3871
hey there this is message 3872
hey there this is message 3873
hey there this is message 3874
hey there this is message 3875
hey there this is message 3876
hey there this is message 3877
hey there this is message 3878
hey there this is message 3879
hey there this is message 3880
hey there this is message 3881
hey there this is message 3882
hey there this is message 3883
hey there this is message 3884
hey there this is message 3885
hey there this is message 3886
hey there this is message 3887
hey there this is message 3888
hey there this is message 3889
hey there this is message 3890
hey there this is message 3891
hey there this is message 3892
hey there this is message 3893
hey there this is message 3894
hey there this is message 3895
hey there this is message 3896
hey there this is message 3897
hey there this is message 3898
hey there this is message 3899
hey there this is message 3900
hey there this is message 3901
hey there this is message 3902
hey there this is message 3903
hey there this is message 3904
hey there this is message 3905
hey there this is message 3906
hey there this is message 3907
hey there this is message 3908
hey there this is message 3909
hey there this is message 3910
hey there this is message 3911
hey there this is message 3912
hey there this is message 3913
hey there this is message 3914
hey there this is message 3915
hey there this is message 3916
hey there this is message 3917
hey there this is message 3918
hey there this is message 3919
hey there this is message 3920
hey there this is message 3921
hey there this is message 3922
hey there this is message 3923
hey there this is message 3924
hey there this is message 3925
hey there this is message 3926
hey there this is message 3927
hey there this is message 3928
hey there this is message 3929
hey there this is message 3930
hey there this is message 3931
hey there this is message 3932
hey there this is message 3933
hey there this is message 3934
hey there this is message 3935
hey there this is message 3936
hey there this is message 3937
hey there this is message 3938
hey there this is message 3939
hey there this is message 3940
hey there this is message 3941
hey there this is message 3942
hey there this is message 3943
hey there this is message 3944
hey there this is message 3945
hey there this is message 3946
hey there this is message 3947
hey there this is message 3948
hey there this is message 3949
hey there this is message 3950
hey there this is message 3951
hey there this is message 3952
hey there this is message 3953
hey there this is message 3954
hey there this is message 3955
hey there this is message 3956
hey there this is message 3957
hey there this is message 3958
hey there this is message 3959
hey there this is message 3960
hey there this is message 3961
hey there this is message 3962
hey there this is message 3963
hey there this is message 3964
hey there this is message 3965
hey there this is message 3966
hey there this is message 3967
hey there this is message 3968
hey there this is message 3969
hey there this is message 3970
hey there this is message 3971
hey there this is message 3972
hey there this is message 3973
hey there this is message 3974
hey there this is message 3975
hey there this is message 3976
hey there this is message 3977
hey there this is message 3978
hey there this is message 3979
hey there this is message 3980
hey there this is message 3981
hey there this is message 3982
hey there this is message 3983
hey there this is message 3984
hey there this is message 3985
hey there this is message 3986
hey there this is message 3987
hey there this is message 3988
hey there this is message 3989
hey there this is message 3990
hey there this is message 3991
hey there this is message 3992
hey there this is message 3993
hey there this is message 3994
hey there this is message 3995
hey there this is message 3996
hey there this is message 3997
hey there this is message 3998
hey there this is message 3999
hey there this is message 4000
hey there this is message 4001
hey there this is message 4002
hey there this is message 4003
hey there this is message 4004
hey there this is message 4005
hey there this is message 4006
hey there this is message 4007
hey there this is message 4008
hey there this is message 4009
hey there this is message 4010
hey there this is message 4011
hey there this is message 4012
hey there this is message 4013
hey there this is message 4014
hey there this is message 4015
hey there this is message 4016
hey there this is message 4017
hey there this is message 4018
hey there this is message 4019
hey there this is message 4020
hey there this is message 4021
hey there this is message 4022
hey there this is message 4023
hey there this is message 4024
hey there this is message 4025
hey there this is message 4026
hey there this is message 4027
hey there this is message 4028
hey there this is message 4029
hey there this is message 4030
hey there this is message 4031
hey there this is message 4032
hey there this is message 4033
hey there this is message 4034
hey there this is message 4035
hey there this is message 4036
hey there this is message 4037
hey there this is message 4038
hey there this is message 4039
hey there this is message 4040
hey there this is message 4041
hey there this is message 4042
hey there this is message 4043
hey there this is message 4044
hey there this is message 4045
hey there this is message 4046
hey there this is message 4047
hey there this is message 4048
hey there this is message 4049
hey there this is message 4050
hey there this is message 4051
hey there this is message 4052
hey there this is message 4053
hey there this is message 4054
hey there this is message 4055
hey there this is message 4056
hey there this is message 4057
hey there this is message 4058
hey there this is message 4059
hey there this is message 4060
hey there this is message 4061
hey there this is message 4062
hey there this is message 4063
hey there this is message 4064
hey there this is message 4065
hey there this is message 4066
hey there this is message 4067
hey there this is message 4068
hey there this is message 4069
hey there this is message 4070
hey there this is message 4071
hey there this is message 4072
hey there this is message 4073
hey there this is message 4074
hey there this is message 4075
hey there this is message 4076
hey there this is message 4077
hey there this is message 4078
hey there this is message 4079
hey there this is message 4080
hey there this is message 4081
hey there this is message 4082
hey there this is message 4083
hey there this is message 4084
hey there this is message 4085
hey there this is message 4086
hey there this is message 4087
hey there this is message 4088
hey there this is message 4089
hey there this is message 4090
hey there this is message 4091
hey there this is message 4092
hey there this is message 4093
hey there this is message 4094
hey there this is message 4095
hey there this is message 4096
hey there this is message 4097
hey there this is message 4098
hey there this is message 4099
hey there this is message 4100
hey there this is message 4101
hey there this is message 4102
hey there this is message 4103
hey there this is message 4104
hey there this is message 4105
hey there this is message 4106
hey there this is message 4107
hey there this is message 4108
hey there this is message 4109
hey there this is message 4110
hey there this is message 4111
hey there this is message 4112
hey there this is message 4113
hey there this is message 4114
hey there this is message 4115
hey there this is message 4116
hey there this is message 4117
hey there this is message 4118
hey there this is message 4119
hey there this is message 4120
hey there this is message 4121
hey there this is message 4122
hey there this is message 4123
hey there this is message 4124
hey there this is message 4125
hey there this is message 4126
hey there this is message 4127
hey there this is message 4128
hey there this is message 4129
hey there this is message 4130
hey there this is message 4131
hey there this is message 4132
hey there this is message 4133
hey there this is message 4134
hey there this is message 4135
hey there this is message 4136
hey there this is message 4137
hey there this is message 4138
hey there this is message 4139
hey there this is message 4140
hey there this is message 4141
hey there this is message 4142
hey there this is message 4143
hey there this is message 4144
hey there this is message 4145
hey there this is message 4146
hey there this is message 4147
hey there this is message 4148
hey there this is message 4149
hey there this is message 4150
hey there this is message 4151
hey there this is message 4152
hey there this is message 4153
hey there this is message 4154
hey there this is message 4155
hey there this is message 4156
hey there this is message 4157
hey there this is message 4158
hey there this is message 4159
hey there this is message 4160
hey there this is message 4161
hey there this is message 4162
hey there this is message 4163
hey there this is message 4164
hey there this is message 4165
hey there this is message 4166
hey there this is message 4167
hey there this is message 4168
hey there this is message 4169
hey there this is message 4170
hey there this is message 4171
hey there this is message 4172
hey there this is message 4173
hey there this is message 4174
hey there this is message 4175
hey there this is message 4176
hey there this is message 4177
hey there this is message 4178
hey there this is message 4179
hey there this is message 4180
hey there this is message 4181
hey there this is message 4182
hey there this is message 4183
hey there this is message 4184
hey there this is message 4185
hey there this is message 4186
hey there this is message 4187
hey there this is message 4188
hey there this is message 4189
hey there this is message 4190
hey there this is message 4191
hey there this is message 4192
hey there this is message 4193
hey there this is message 4194
hey there this is message 4195
hey there this is message 4196
hey there this is message 4197
hey there this is message 4198
hey there this is message 4199
hey there this is message 4200
hey there this is message 4201
hey there this is message 4202
hey there this is message 4203
hey there this is message 4204
hey there this is message 4205
hey there this is message 4206
hey there this is message 4207
hey there this is message 4208
hey there this is message 4209
hey there this is message 4210
hey there this is message 4211
hey there this is message 4212
hey there this is message 4213
hey there this is message 4214
hey there this is message 4215
hey there this is message 4216
hey there this is message 4217
hey there this is message 4218
hey there this is message 4219
hey there this is message 4220
hey there this is message 4221
hey there this is message 4222
hey there this is message 4223
hey there this is message 4224
hey there this is message 4225
hey there this is message 4226
hey there this is message 4227
hey there this is message 4228
hey there this is message 4229
hey there this is message 4230
hey there this is message 4231
hey there this is message 4232
hey there this is message 4233
hey there this is message 4234
hey there this is message 4235
hey there this is message 4236
hey there this is message 4237
hey there this is message 4238
hey there this is message 4239
hey there this is message 4240
hey there this is message 4241
hey there this is message 4242
hey there this is message 4243
hey there this is message 4244
hey there this is message 4245
hey there this is message 4246
hey there this is message 4247
hey there this is message 4248
hey there this is message 4249
hey there this is message 4250
hey there this is message 4251
hey there this is message 4252
hey there this is message 4253
hey there this is message 4254
hey there this is message 4255
hey there this is message 4256
hey there this is message 4257
hey there this is message 4258
hey there this is message 4259
hey there this is message 4260
hey there this is message 4261
hey there this is message 4262
hey there this is message 4263
hey there this is message 4264
hey there this is message 4265
hey there this is message 4266
hey there this is message 4267
hey there this is message 4268
hey there this is message 4269
hey there this is message 4270
hey there this is message 4271
hey there this is message 4272
hey there this is message 4273
hey there this is message 4274
hey there this is message 4275
hey there this is message 4276
hey there this is message 4277
hey there this is message 4278
hey there this is message 4279
hey there this is message 4280
hey there this is message 4281
hey there this is message 4282
hey there this is message 4283
hey there this is message 4284
hey there this is message 4285
hey there this is message 4286
hey there this is message 4287
hey there this is message 4288
hey there this is message 4289
hey there this is message 4290
hey there this is message 4291
hey there this is message 4292
hey there this is message 4293
hey there this is message 4294
hey there this is message 4295
hey there this is message 4296
hey there this is message 4297
hey there this is message 4298
hey there this is message 4299
hey there this is message 4300
hey there this is message 4301
hey there this is message 4302
hey there this is message 4303
hey there this is message 4304
hey there this is message 4305
hey there this is message 4306
hey there this is message 4307
hey there this is message 4308
hey there this is message 4309
hey there this is message 4310
hey there this is message 4311
hey there this is message 4312
hey there this is message 4313
hey there this is message 4314
hey there this is message 4315
hey there this is message 4316
hey there this is message 4317
hey there this is message 4318
hey there this is message 4319
hey there this is message 4320
hey there this is message 4321
hey there this is message 4322
hey there this is message 4323
hey there this is message 4324
hey there this is message 4325
hey there this is message 4326
hey there this is message 4327
hey there this is message 4328
hey there this is message 4329
hey there this is message 4330
hey there this is message 4331
hey there this is message 4332
hey there this is message 4333
hey there this is message 4334
hey there this is message 4335
hey there this is message 4336
hey there this is message 4337
hey there this is message 4338
hey there this is message 4339
hey there this is message 4340
hey there this is message 4341
hey there this is message 4342
hey there this is message 4343
hey there this is message 4344
hey there this is message 4345
hey there this is message 4346
hey there this is message 4347
hey there this is message 4348
hey there this is message 4349
hey there this is message 4350
hey there this is message 4351
hey there this is message 4352
hey there this is message 4353
hey there this is message 4354
hey there this is message 4355
hey there this is message 4356
hey there this is message 4357
hey there this is message 4358
hey there this is message 4359
hey there this is message 4360
hey there this is message 4361
hey there this is message 4362
hey there this is message 4363
hey there this is message 4364
hey there this is message 4365
hey there this is message 4366
hey there this is message 4367
hey there this is message 4368
hey there this is message 4369
hey there this is message 4370
hey there this is message 4371
hey there this is message 4372
hey there this is message 4373
hey there this is message 4374
hey there this is message 4375
hey there this is message 4376
hey there this is message 4377
hey there this is message 4378
hey there this is message 4379
hey there this is message 4380
hey there this is message 4381
hey there this is message 4382
hey there this is message 4383
hey there this is message 4384
hey there this is message 4385
hey there this is message 4386
hey there this is message 4387
hey there this is message 4388
hey there this is message 4389
hey there this is message 4390
hey there this is message 4391
hey there this is message 4392
hey there this is message 4393
hey there this is message 4394
hey there this is message 4395
hey there this is message 4396
hey there this is message 4397
hey there this is message 4398
hey there this is message 4399
hey there this is message 4400
hey there this is message 4401
hey there this is message 4402
hey there this is message 4403
hey there this is message 4404
hey there this is message 4405
hey there this is message 4406
hey there this is message 4407
hey there this is message 4408
hey there this is message 4409
hey there this is message 4410
hey there this is message 4411
hey there this is message 4412
hey there this is message 4413
hey there this is message 4414
hey there this is message 4415
hey there this is message 4416
hey there this is message 4417
hey there this is message 4418
hey there this is message 4419
hey there this is message 4420
hey there this is message 4421
hey there this is message 4422
hey there this is message 4423
hey there this is message 4424
hey there this is message 4425
hey there this is message 4426
hey there this is message 4427
hey there this is message 4428
hey there this is message 4429
hey there this is message 4430
hey there this is message 4431
hey there this is message 4432
hey there this is message 4433
hey there this is message 4434
hey there this is message 4435
hey there this is message 4436
hey there this is message 4437
hey there this is message 4438
hey there this is message 4439
hey there this is message 4440
hey there this is message 4441
hey there this is message 4442
hey there this is message 4443
hey there this is message 4444
hey there this is message 4445
hey there this is message 4446
hey there this is message 4447
hey there this is message 4448
hey there this is message 4449
hey there this is message 4450
hey there this is message 4451
hey there this is message 4452
hey there this is message 4453
hey there this is message 4454
hey there this is message 4455
hey there this is message 4456
hey there this is message 4457
hey there this is message 4458
hey there this is message 4459
hey there this is message 4460
hey there this is message 4461
hey there this is message 4462
hey there this is message 4463
hey there this is message 4464
hey there this is message 4465
hey there this is message 4466
hey there this is message 4467
hey there this is message 4468
hey there this is message 4469
hey there this is message 4470
hey there this is message 4471
hey there this is message 4472
hey there this is message 4473
hey there this is message 4474
hey there this is message 4475
hey there this is message 4476
hey there this is message 4477
hey there this is message 4478
hey there this is message 4479
hey there this is message 4480
hey there this is message 4481
hey there this is message 4482
hey there this is message 4483
hey there this is message 4484
hey there this is message 4485
hey there this is message 4486
hey there this is message 4487
hey there this is message 4488
hey there this is message 4489
hey there this is message 4490
hey there this is message 4491
hey there this is message 4492
hey there this is message 4493
hey there this is message 4494
hey there this is message 4495
hey there this is message 4496
hey there this is message 4497
hey there this is message 4498
hey there this is message 4499
hey there this is message 4500
hey there this is message 4501
hey there this is message 4502
hey there this is message 4503
hey there this is message 4504
hey there this is message 4505
hey there this is message 4506
hey there this is message 4507
hey there this is message 4508
hey there this is message 4509
hey there this is message 4510
hey there this is message 4511
hey there this is message 4512
hey there this is message 4513
hey there this is message 4514
hey there this is message 4515
hey there this is message 4516
hey there this is message 4517
hey there this is message 4518
hey there this is message 4519
hey there this is message 4520
hey there this is message 4521
hey there this is message 4522
hey there this is message 4523
hey there this is message 4524
hey there this is message 4525
hey there this is message 4526
hey there this is message 4527
hey there this is message 4528
hey there this is message 4529
hey there this is message 4530
hey there this is message 4531
hey there this is message 4532
hey there this is message 4533
hey there this is message 4534
hey there this is message 4535
hey there this is message 4536
hey there this is message 4537
hey there this is message 4538
hey there this is message 4539
hey there this is message 4540
hey there this is message 4541
hey there this is message 4542
hey there this is message 4543
hey there this is message 4544
hey there this is message 4545
hey there this is message 4546
hey there this is message 4547
hey there this is message 4548
hey there this is message 4549
hey there this is message 4550
hey there this is message 4551
hey there this is message 4552
hey there this is message 4553
hey there this is message 4554
hey there this is message 4555
hey there this is message 4556
hey there this is message 4557
hey there this is message 4558
hey there this is message 4559
hey there this is message 4560
hey there this is message 4561
hey there this is message 4562
hey there this is message 4563
hey there this is message 4564
hey there this is message 4565
hey there this is message 4566
hey there this is message 4567
hey there this is message 4568
hey there this is message 4569
hey there this is message 4570
hey there this is message 4571
hey there this is message 4572
hey there this is message 4573
hey there this is message 4574
hey there this is message 4575
hey there this is message 4576
hey there this is message 4577
hey there this is message 4578
hey there this is message 4579
hey there this is message 4580
hey there this is message 4581
hey there this is message 4582
hey there this is message 4583
hey there this is message 4584
hey there this is message 4585
hey there this is message 4586
hey there this is message 4587
hey there this is message 4588
hey there this is message 4589
hey there this is message 4590
hey there this is message 4591
hey there this is message 4592
hey there this is message 4593
hey there this is message 4594
hey there this is message 4595
hey there this is message 4596
hey there this is message 4597
hey there this is message 4598
hey there this is message 4599
hey there this is message 4600
hey there this is message 4601
hey there this is message 4602
hey there this is message 4603
hey there this is message 4604
hey there this is message 4605
hey there this is message 4606
hey there this is message 4607
hey there this is message 4608
hey there this is message 4609
hey there this is message 4610
hey there this is message 4611
hey there this is message 4612
hey there this is message 4613
hey there this is message 4614
hey there this is message 4615
hey there this is message 4616
hey there this is message 4617
hey there this is message 4618
hey there this is message 4619
hey there this is message 4620
hey there this is message 4621
hey there this is message 4622
hey there this is message 4623
hey there this is message 4624
hey there this is message 4625
hey there this is message 4626
hey there this is message 4627
hey there this is message 4628
hey there this is message 4629
hey there this is message 4630
hey there this is message 4631
hey there this is message 4632
hey there this is message 4633
hey there this is message 4634
hey there this is message 4635
hey there this is message 4636
hey there this is message 4637
hey there this is message 4638
hey there this is message 4639
hey there this is message 4640
hey there this is message 4641
hey there this is message 4642
hey there this is message 4643
hey there this is message 4644
hey there this is message 4645
hey there this is message 4646
hey there this is message 4647
hey there this is message 4648
hey there this is message 4649
hey there this is message 4650
hey there this is message 4651
hey there this is message 4652
hey there this is message 4653
hey there this is message 4654
hey there this is message 4655
hey there this is message 4656
hey there this is message 4657
hey there this is message 4658
hey there this is message 4659
hey there this is message 4660
hey there this is message 4661
hey there this is message 4662
hey there this is message 4663
hey there this is message 4664
hey there this is message 4665
hey there this is message 4666
hey there this is message 4667
hey there this is message 4668
hey there this is message 4669
hey there this is message 4670
hey there this is message 4671
hey there this is message 4672
hey there this is message 4673
hey there this is message 4674
hey there this is message 4675
hey there this is message 4676
hey there this is message 4677
hey there this is message 4678
hey there this is message 4679
hey there this is message 4680
hey there this is message 4681
hey there this is message 4682
hey there this is message 4683
hey there this is message 4684
hey there this is message 4685
hey there this is message 4686
hey there this is message 4687
hey there this is message 4688
hey there this is message 4689
hey there this is message 4690
hey there this is message 4691
hey there this is message 4692
hey there this is message 4693
hey there this is message 4694
hey there this is message 4695
hey there this is message 4696
hey there this is message 4697
hey there this is message 4698
hey there this is message 4699
hey there this is message 4700
hey there this is message 4701
hey there this is message 4702
hey there this is message 4703
hey there this is message 4704
hey there this is message 4705
hey there this is message 4706
hey there this is message 4707
hey there this is message 4708
hey there this is message 4709
hey there this is message 4710
hey there this is message 4711
hey there this is message 4712
hey there this is message 4713
hey there this is message 4714
hey there this is message 4715
hey there this is message 4716
hey there this is message 4717
hey there this is message 4718
hey there this is message 4719
hey there this is message 4720
hey there this is message 4721
hey there this is message 4722
hey there this is message 4723
hey there this is message 4724
hey there this is message 4725
hey there this is message 4726
hey there this is message 4727
hey there this is message 4728
hey there this is message 4729
hey there this is message 4730
hey there this is message 4731
hey there this is message 4732
hey there this is message 4733
hey there this is message 4734
hey there this is message 4735
hey there this is message 4736
hey there this is message 4737
hey there this is message 4738
hey there this is message 4739
hey there this is message 4740
hey there this is message 4741
hey there this is message 4742
hey there this is message 4743
hey there this is message 4744
hey there this is message 4745
hey there this is message 4746
hey there this is message 4747
hey there this is message 4748
hey there this is message 4749
hey there this is message 4750
hey there this is message 4751
hey there this is message 4752
hey there this is message 4753
hey there this is message 4754
hey there this is message 4755
hey there this is message 4756
hey there this is message 4757
hey there this is message 4758
hey there this is message 4759
hey there this is message 4760
hey there this is message 4761
hey there this is message 4762
hey there this is message 4763
hey there this is message 4764
hey there this is message 4765
hey there this is message 4766
hey there this is message 4767
hey there this is message 4768
hey there this is message 4769
hey there this is message 4770
hey there this is message 4771
hey there this is message 4772
hey there this is message 4773
hey there this is message 4774
hey there this is message 4775
hey there this is message 4776
hey there this is message 4777
hey there this is message 4778
hey there this is message 4779
hey there this is message 4780
hey there this is message 4781
hey there this is message 4782
hey there this is message 4783
hey there this is message 4784
hey there this is message 4785
hey there this is message 4786
hey there this is message 4787
hey there this is message 4788
hey there this is message 4789
hey there this is message 4790
hey there this is message 4791
hey there this is message 4792
hey there this is message 4793
hey there this is message 4794
hey there this is message 4795
hey there this is message 4796
hey there this is message 4797
hey there this is message 4798
hey there this is message 4799
hey there this is message 4800
hey there this is message 4801
hey there this is message 4802
hey there this is message 4803
hey there this is message 4804
hey there this is message 4805
hey there this is message 4806
hey there this is message 4807
hey there this is message 4808
hey there this is message 4809
hey there this is message 4810
hey there this is message 4811
hey there this is message 4812
hey there this is message 4813
hey there this is message 4814
hey there this is message 4815
hey there this is message 4816
hey there this is message 4817
hey there this is message 4818
hey there this is message 4819
hey there this is message 4820
hey there this is message 4821
hey there this is message 4822
hey there this is message 4823
hey there this is message 4824
hey there this is message 4825
hey there this is message 4826
hey there this is message 4827
hey there this is message 4828
hey there this is message 4829
hey there this is message 4830
hey there this is message 4831
hey there this is message 4832
hey there this is message 4833
hey there this is message 4834
hey there this is message 4835
hey there this is message 4836
hey there this is message 4837
hey there this is message 4838
hey there this is message 4839
hey there this is message 4840
hey there this is message 4841
hey there this is message 4842
hey there this is message 4843
hey there this is message 4844
hey there this is message 4845
hey there this is message 4846
hey there this is message 4847
hey there this is message 4848
hey there this is message 4849
hey there this is message 4850
hey there this is message 4851
hey there this is message 4852
hey there this is message 4853
hey there this is message 4854
hey there this is message 4855
hey there this is message 4856
hey there this is message 4857
hey there this is message 4858
hey there this is message 4859
hey there this is message 4860
hey there this is message 4861
hey there this is message 4862
hey there this is message 4863
hey there this is message 4864
hey there this is message 4865
hey there this is message 4866
hey there this is message 4867
hey there this is message 4868
hey there this is message 4869
hey there this is message 4870
hey there this is message 4871
hey there this is message 4872
hey there this is message 4873
hey there this is message 4874
hey there this is message 4875
hey there this is message 4876
hey there this is message 4877
hey there this is message 4878
hey there this is message 4879
hey there this is message 4880
hey there this is message 4881
hey there this is message 4882
hey there this is message 4883
hey there this is message 4884
hey there this is message 4885
hey there this is message 4886
hey there this is message 4887
hey there this is message 4888
hey there this is message 4889
hey there this is message 4890
hey there this is message 4891
hey there this is message 4892
hey there this is message 4893
hey there this is message 4894
hey there this is message 4895
hey there this is message 4896
hey there this is message 4897
hey there this is message 4898
hey there this is message 4899
hey there this is message 4900
hey there this is message 4901
hey there this is message 4902
hey there this is message 4903
hey there this is message 4904
hey there this is message 4905
hey there this is message 4906
hey there this is message 4907
hey there this is message 4908
hey there this is message 4909
hey there this is message 4910
hey there this is message 4911
hey there this is message 4912
hey there this is message 4913
hey there this is message 4914
hey there this is message 4915
hey there this is message 4916
hey there this is message 4917
hey there this is message 4918
hey there this is message 4919
hey there this is message 4920
hey there this is message 4921
hey there this is message 4922
hey there this is message 4923
hey there this is message 4924
hey there this is message 4925
hey there this is message 4926
hey there this is message 4927
hey there this is message 4928
hey there this is message 4929
hey there this is message 4930
hey there this is message 4931
hey there this is message 4932
hey there this is message 4933
hey there this is message 4934
hey there this is message 4935
hey there this is message 4936
hey there this is message 4937
hey there this is message 4938
hey there this is message 4939
hey there this is message 4940
hey there this is message 4941
hey there this is message 4942
hey there this is message 4943
hey there this is message 4944
hey there this is message 4945
hey there this is message 4946
hey there this is message 4947
hey there this is message 4948
hey there this is message 4949
hey there this is message 4950
hey there this is message 4951
hey there this is message 4952
hey there this is message 4953
hey there this is message 4954
hey there this is message 4955
hey there this is message 4956
hey there this is message 4957
hey there this is message 4958
hey there this is message 4959
hey there this is message 4960
hey there this is message 4961
hey there this is message 4962
hey there this is message 4963
hey there this is message 4964
hey there this is message 4965
hey there this is message 4966
hey there this is message 4967
hey there this is message 4968
hey there this is message 4969
hey there this is message 4970
hey there this is message 4971
hey there this is message 4972
hey there this is message 4973
hey there this is message 4974
hey there this is message 4975
hey there this is message 4976
hey there this is message 4977
hey there this is message 4978
hey there this is message 4979
hey there this is message 4980
hey there this is message 4981
hey there this is message 4982
hey there this is message 4983
hey there this is message 4984
hey there this is message 4985
hey there this is message 4986
hey there this is message 4987
hey there this is message 4988
hey there this is message 4989
hey there this is message 4990
hey there this is message 4991
hey there this is message 4992
hey there this is message 4993
hey there this is message 4994
hey there this is message 4995
hey there this is message 4996
hey there this is message 4997
hey there this is message 4998
hey there this is message 4999
hey there this is message 5000
hey there this is message 5001
hey there this is message 5002
hey there this is message 5003
hey there this is message 5004
hey there this is message 5005
hey there this is message 5006
hey there this is message 5007
hey there this is message 5008
hey there this is message 5009
hey there this is message 5010
hey there this is message 5011
hey there this is message 5012
hey there this is message 5013
hey there this is message 5014
hey there this is message 5015
hey there this is message 5016
hey there this is message 5017
hey there this is message 5018
hey there this is message 5019
hey there this is message 5020
hey there this is message 5021
hey there this is message 5022
hey there this is message 5023
hey there this is message 5024
hey there this is message 5025
hey there this is message 5026
hey there this is message 5027
hey there this is message 5028
hey there this is message 5029
hey there this is message 5030
hey there this is message 5031
hey there this is message 5032
hey there this is message 5033
hey there this is message 5034
hey there this is message 5035
hey there this is message 5036
hey there this is message 5037
hey there this is message 5038
hey there this is message 5039
hey there this is message 5040
hey there this is message 5041
hey there this is message 5042
hey there this is message 5043
hey there this is message 5044
hey there this is message 5045
hey there this is message 5046
hey there this is message 5047
hey there this is message 5048
hey there this is message 5049
hey there this is message 5050
hey there this is message 5051
hey there this is message 5052
hey there this is message 5053
hey there this is message 5054
hey there this is message 5055
hey there this is message 5056
hey there this is message 5057
hey there this is message 5058
hey there this is message 5059
hey there this is message 5060
hey there this is message 5061
hey there this is message 5062
hey there this is message 5063
hey there this is message 5064
hey there this is message 5065
hey there this is message 5066
hey there this is message 5067
hey there this is message 5068
hey there this is message 5069
hey there this is message 5070
hey there this is message 5071
hey there this is message 5072
hey there this is message 5073
hey there this is message 5074
hey there this is message 5075
hey there this is message 5076
hey there this is message 5077
hey there this is message 5078
hey there this is message 5079
hey there this is message 5080
hey there this is message 5081
hey there this is message 5082
hey there this is message 5083
hey there this is message 5084
hey there this is message 5085
hey there this is message 5086
hey there this is message 5087
hey there this is message 5088
hey there this is message 5089
hey there this is message 5090
hey there this is message 5091
hey there this is message 5092
hey there this is message 5093
hey there this is message 5094
hey there this is message 5095
hey there this is message 5096
hey there this is message 5097
hey there this is message 5098
hey there this is message 5099
hey there this is message 5100
hey there this is message 5101
hey there this is message 5102
hey there this is message 5103
hey there this is message 5104
hey there this is message 5105
hey there this is message 5106
hey there this is message 5107
hey there this is message 5108
hey there this is message 5109
hey there this is message 5110
hey there this is message 5111
hey there this is message 5112
hey there this is message 5113
hey there this is message 5114
hey there this is message 5115
hey there this is message 5116
hey there this is message 5117
hey there this is message 5118
hey there this is message 5119
hey there this is message 5120
hey there this is message 5121
hey there this is message 5122
hey there this is message 5123
hey there this is message 5124
hey there this is message 5125
hey there this is message 5126
hey there this is message 5127
hey there this is message 5128
hey there this is message 5129
hey there this is message 5130
hey there this is message 5131
hey there this is message 5132
hey there this is message 5133
hey there this is message 5134
hey there this is message 5135
hey there this is message 5136
hey there this is message 5137
hey there this is message 5138
hey there this is message 5139
hey there this is message 5140
hey there this is message 5141
hey there this is message 5142
hey there this is message 5143
hey there this is message 5144
hey there this is message 5145
hey there this is message 5146
hey there this is message 5147
hey there this is message 5148
hey there this is message 5149
hey there this is message 5150
hey there this is message 5151
hey there this is message 5152
hey there this is message 5153
hey there this is message 5154
hey there this is message 5155
hey there this is message 5156
hey there this is message 5157
hey there this is message 5158
hey there this is message 5159
hey there this is message 5160
hey there this is message 5161
hey there this is message 5162
hey there this is message 5163
hey there this is message 5164
hey there this is message 5165
hey there this is message 5166
hey there this is message 5167
hey there this is message 5168
hey there this is message 5169
hey there this is message 5170
hey there this is message 5171
hey there this is message 5172
hey there this is message 5173
hey there this is message 5174
hey there this is message 5175
hey there this is message 5176
hey there this is message 5177
hey there this is message 5178
hey there this is message 5179
hey there this is message 5180
hey there this is message 5181
hey there this is message 5182
hey there this is message 5183
hey there this is message 5184
hey there this is message 5185
hey there this is message 5186
hey there this is message 5187
hey there this is message 5188
hey there this is message 5189
hey there this is message 5190
hey there this is message 5191
hey there this is message 5192
hey there this is message 5193
hey there this is message 5194
hey there this is message 5195
hey there this is message 5196
hey there this is message 5197
hey there this is message 5198
hey there this is message 5199
hey there this is message 5200
hey there this is message 5201
hey there this is message 5202
hey there this is message 5203
hey there this is message 5204
hey there this is message 5205
hey there this is message 5206
hey there this is message 5207
hey there this is message 5208
hey there this is message 5209
hey there this is message 5210
hey there this is message 5211
hey there this is message 5212
hey there this is message 5213
hey there this is message 5214
hey there this is message 5215
hey there this is message 5216
hey there this is message 5217
hey there this is message 5218
hey there this is message 5219
hey there this is message 5220
hey there this is message 5221
hey there this is message 5222
hey there this is message 5223
hey there this is message 5224
hey there this is message 5225
hey there this is message 5226
hey there this is message 5227
hey there this is message 5228
hey there this is message 5229
hey there this is message 5230
hey there this is message 5231
hey there this is message 5232
hey there this is message 5233
hey there this is message 5234
hey there this is message 5235
hey there this is message 5236
hey there this is message 5237
hey there this is message 5238
hey there this is message 5239
hey there this is message 5240
hey there this is message 5241
hey there this is message 5242
hey there this is message 5243
hey there this is message 5244
hey there this is message 5245
hey there this is message 5246
hey there this is message 5247
hey there this is message 5248
hey there this is message 5249
hey there this is message 5250
hey there this is message 5251
hey there this is message 5252
hey there this is message 5253
hey there this is message 5254
hey there this is message 5255
hey there this is message 5256
hey there this is message 5257
hey there this is message 5258
hey there this is message 5259
hey there this is message 5260
hey there this is message 5261
hey there this is message 5262
hey there this is message 5263
hey there this is message 5264
hey there this is message 5265
hey there this is message 5266
hey there this is message 5267
hey there this is message 5268
hey there this is message 5269
hey there this is message 5270
hey there this is message 5271
hey there this is message 5272
hey there this is message 5273
hey there this is message 5274
hey there this is message 5275
hey there this is message 5276
hey there this is message 5277
hey there this is message 5278
hey there this is message 5279
hey there this is message 5280
hey there this is message 5281
hey there this is message 5282
hey there this is message 5283
hey there this is message 5284
hey there this is message 5285
hey there this is message 5286
hey there this is message 5287
hey there this is message 5288
hey there this is message 5289
hey there this is message 5290
hey there this is message 5291
hey there this is message 5292
hey there this is message 5293
hey there this is message 5294
hey there this is message 5295
hey there this is message 5296
hey there this is message 5297
hey there this is message 5298
hey there this is message 5299
hey there this is message 5300
hey there this is message 5301
hey there this is message 5302
hey there this is message 5303
hey there this is message 5304
hey there this is message 5305
hey there this is message 5306
hey there this is message 5307
hey there this is message 5308
hey there this is message 5309
hey there this is message 5310
hey there this is message 5311
hey there this is message 5312
hey there this is message 5313
hey there this is message 5314
hey there this is message 5315
hey there this is message 5316
hey there this is message 5317
hey there this is message 5318
hey there this is message 5319
hey there this is message 5320
hey there this is message 5321
hey there this is message 5322
hey there this is message 5323
hey there this is message 5324
hey there this is message 5325
hey there this is message 5326
hey there this is message 5327
hey there this is message 5328
hey there this is message 5329
hey there this is message 5330
hey there this is message 5331
hey there this is message 5332
hey there this is message 5333
hey there this is message 5334
hey there this is message 5335
hey there this is message 5336
hey there this is message 5337
hey there this is message 5338
hey there this is message 5339
hey there this is message 5340
hey there this is message 5341
hey there this is message 5342
hey there this is message 5343
hey there this is message 5344
hey there this is message 5345
hey there this is message 5346
hey there this is message 5347
hey there this is message 5348
hey there this is message 5349
hey there this is message 5350
hey there this is message 5351
hey there this is message 5352
hey there this is message 5353
hey there this is message 5354
hey there this is message 5355
hey there this is message 5356
hey there this is message 5357
hey there this is message 5358
hey there this is message 5359
hey there this is message 5360
hey there this is message 5361
hey there this is message 5362
hey there this is message 5363
hey there this is message 5364
hey there this is message 5365
hey there this is message 5366
hey there this is message 5367
hey there this is message 5368
hey there this is message 5369
hey there this is message 5370
hey there this is message 5371
hey there this is message 5372
hey there this is message 5373
hey there this is message 5374
hey there this is message 5375
hey there this is message 5376
hey there this is message 5377
hey there this is message 5378
hey there this is message 5379
hey there this is message 5380
hey there this is message 5381
hey there this is message 5382
hey there this is message 5383
hey there this is message 5384
hey there this is message 5385
hey there this is message 5386
hey there this is message 5387
hey there this is message 5388
hey there this is message 5389
hey there this is message 5390
hey there this is message 5391
hey there this is message 5392
hey there this is message 5393
hey there this is message 5394
hey there this is message 5395
hey there this is message 5396
hey there this is message 5397
hey there this is message 5398
hey there this is message 5399
hey there this is message 5400
hey there this is message 5401
hey there this is message 5402
hey there this is message 5403
hey there this is message 5404
hey there this is message 5405
hey there this is message 5406
hey there this is message 5407
hey there this is message 5408
hey there this is message 5409
hey there this is message 5410
hey there this is message 5411
hey there this is message 5412
hey there this is message 5413
hey there this is message 5414
hey there this is message 5415
hey there this is message 5416
hey there this is message 5417
hey there this is message 5418
hey there this is message 5419
hey there this is message 5420
hey there this is message 5421
hey there this is message 5422
hey there this is message 5423
hey there this is message 5424
hey there this is message 5425
hey there this is message 5426
hey there this is message 5427
hey there this is message 5428
hey there this is message 5429
hey there this is message 5430
hey there this is message 5431
hey there this is message 5432
hey there this is message 5433
hey there this is message 5434
hey there this is message 5435
hey there this is message 5436
hey there this is message 5437
hey there this is message 5438
hey there this is message 5439
hey there this is message 5440
hey there this is message 5441
hey there this is message 5442
hey there this is message 5443
hey there this is message 5444
hey there this is message 5445
hey there this is message 5446
hey there this is message 5447
hey there this is message 5448
hey there this is message 5449
hey there this is message 5450
hey there this is message 5451
hey there this is message 5452
hey there this is message 5453
hey there this is message 5454
hey there this is message 5455
hey there this is message 5456
hey there this is message 5457
hey there this is message 5458
hey there this is message 5459
hey there this is message 5460
hey there this is message 5461
hey there this is message 5462
hey there this is message 5463
hey there this is message 5464
hey there this is message 5465
hey there this is message 5466
hey there this is message 5467
hey there this is message 5468
hey there this is message 5469
hey there this is message 5470
hey there this is message 5471
hey there this is message 5472
hey there this is message 5473
hey there this is message 5474
hey there this is message 5475
hey there this is message 5476
hey there this is message 5477
hey there this is message 5478
hey there this is message 5479
hey there this is message 5480
hey there this is message 5481
hey there this is message 5482
hey there this is message 5483
hey there this is message 5484
hey there this is message 5485
hey there this is message 5486
hey there this is message 5487
hey there this is message 5488
hey there this is message 5489
hey there this is message 5490
hey there this is message 5491
hey there this is message 5492
hey there this is message 5493
hey there this is message 5494
hey there this is message 5495
hey there this is message 5496
hey there this is message 5497
hey there this is message 5498
hey there this is message 5499
hey there this is message 5500
hey there this is message 5501
hey there this is message 5502
hey there this is message 5503
hey there this is message 5504
hey there this is message 5505
hey there this is message 5506
hey there this is message 5507
hey there this is message 5508
hey there this is message 5509
hey there this is message 5510
hey there this is message 5511
hey there this is message 5512
hey there this is message 5513
hey there this is message 5514
hey there this is message 5515
hey there this is message 5516
hey there this is message 5517
hey there this is message 5518
hey there this is message 5519
hey there this is message 5520
hey there this is message 5521
hey there this is message 5522
hey there this is message 5523
hey there this is message 5524
hey there this is message 5525
hey there this is message 5526
hey there this is message 5527
hey there this is message 5528
hey there this is message 5529
hey there this is message 5530
hey there this is message 5531
hey there this is message 5532
hey there this is message 5533
hey there this is message 5534
hey there this is message 5535
hey there this is message 5536
hey there this is message 5537
hey there this is message 5538
hey there this is message 5539
hey there this is message 5540
hey there this is message 5541
hey there this is message 5542
hey there this is message 5543
hey there this is message 5544
hey there this is message 5545
hey there this is message 5546
hey there this is message 5547
hey there this is message 5548
hey there this is message 5549
hey there this is message 5550
hey there this is message 5551
hey there this is message 5552
hey there this is message 5553
hey there this is message 5554
hey there this is message 5555
hey there this is message 5556
hey there this is message 5557
hey there this is message 5558
hey there this is message 5559
hey there this is message 5560
hey there this is message 5561
hey there this is message 5562
hey there this is message 5563
hey there this is message 5564
hey there this is message 5565
hey there this is message 5566
hey there this is message 5567
hey there this is message 5568
hey there this is message 5569
hey there this is message 5570
hey there this is message 5571
hey there this is message 5572
hey there this is message 5573
hey there this is message 5574
hey there this is message 5575
hey there this is message 5576
hey there this is message 5577
hey there this is message 5578
hey there this is message 5579
hey there this is message 5580
hey there this is message 5581
hey there this is message 5582
hey there this is message 5583
hey there this is message 5584
hey there this is message 5585
hey there this is message 5586
hey there this is message 5587
hey there this is message 5588
hey there this is message 5589
hey there this is message 5590
hey there this is message 5591
hey there this is message 5592
hey there this is message 5593
hey there this is message 5594
hey there this is message 5595
hey there this is message 5596
hey there this is message 5597
hey there this is message 5598
hey there this is message 5599
hey there this is message 5600
hey there this is message 5601
hey there this is message 5602
hey there this is message 5603
hey there this is message 5604
hey there this is message 5605
hey there this is message 5606
hey there this is message 5607
hey there this is message 5608
hey there this is message 5609
hey there this is message 5610
hey there this is message 5611
hey there this is message 5612
hey there this is message 5613
hey there this is message 5614
hey there this is message 5615
hey there this is message 5616
hey there this is message 5617
hey there this is message 5618
hey there this is message 5619
hey there this is message 5620
hey there this is message 5621
hey there this is message 5622
hey there this is message 5623
hey there this is message 5624
hey there this is message 5625
hey there this is message 5626
hey there this is message 5627
hey there this is message 5628
hey there this is message 5629
hey there this is message 5630
hey there this is message 5631
hey there this is message 5632
hey there this is message 5633
hey there this is message 5634
hey there this is message 5635
hey there this is message 5636
hey there this is message 5637
hey there this is message 5638
hey there this is message 5639
hey there this is message 5640
hey there this is message 5641
hey there this is message 5642
hey there this is message 5643
hey there this is message 5644
hey there this is message 5645
hey there this is message 5646
hey there this is message 5647
hey there this is message 5648
hey there this is message 5649
hey there this is message 5650
hey there this is message 5651
hey there this is message 5652
hey there this is message 5653
hey there this is message 5654
hey there this is message 5655
hey there this is message 5656
hey there this is message 5657
hey there this is message 5658
hey there this is message 5659
hey there this is message 5660
hey there this is message 5661
hey there this is message 5662
hey there this is message 5663
hey there this is message 5664
hey there this is message 5665
hey there this is message 5666
hey there this is message 5667
hey there this is message 5668
hey there this is message 5669
hey there this is message 5670
hey there this is message 5671
hey there this is message 5672
hey there this is message 5673
hey there this is message 5674
hey there this is message 5675
hey there this is message 5676
hey there this is message 5677
hey there this is message 5678
hey there this is message 5679
hey there this is message 5680
hey there this is message 5681
hey there this is message 5682
hey there this is message 5683
hey there this is message 5684
hey there this is message 5685
hey there this is message 5686
hey there this is message 5687
hey there this is message 5688
hey there this is message 5689
hey there this is message 5690
hey there this is message 5691
hey there this is message 5692
hey there this is message 5693
hey there this is message 5694
hey there this is message 5695
hey there this is message 5696
hey there this is message 5697
hey there this is message 5698
hey there this is message 5699
hey there this is message 5700
hey there this is message 5701
hey there this is message 5702
hey there this is message 5703
hey there this is message 5704
hey there this is message 5705
hey there this is message 5706
hey there this is message 5707
hey there this is message 5708
hey there this is message 5709
hey there this is message 5710
hey there this is message 5711
hey there this is message 5712
hey there this is message 5713
hey there this is message 5714
hey there this is message 5715
hey there this is message 5716
hey there this is message 5717
hey there this is message 5718
hey there this is message 5719
hey there this is message 5720
hey there this is message 5721
hey there this is message 5722
hey there this is message 5723
hey there this is message 5724
hey there this is message 5725
hey there this is message 5726
hey there this is message 5727
hey there this is message 5728
hey there this is message 5729
hey there this is message 5730
hey there this is message 5731
hey there this is message 5732
hey there this is message 5733
hey there this is message 5734
hey there this is message 5735
hey there this is message 5736
hey there this is message 5737
hey there this is message 5738
hey there this is message 5739
hey there this is message 5740
hey there this is message 5741
hey there this is message 5742
hey there this is message 5743
hey there this is message 5744
hey there this is message 5745
hey there this is message 5746
hey there this is message 5747
hey there this is message 5748
hey there this is message 5749
hey there this is message 5750
hey there this is message 5751
hey there this is message 5752
hey there this is message 5753
hey there this is message 5754
hey there this is message 5755
hey there this is message 5756
hey there this is message 5757
hey there this is message 5758
hey there this is message 5759
hey there this is message 5760
hey there this is message 5761
hey there this is message 5762
hey there this is message 5763
hey there this is message 5764
hey there this is message 5765
hey there this is message 5766
hey there this is message 5767
hey there this is message 5768
hey there this is message 5769
hey there this is message 5770
hey there this is message 5771
hey there this is message 5772
hey there this is message 5773
hey there this is message 5774
hey there this is message 5775
hey there this is message 5776
hey there this is message 5777
hey there this is message 5778
hey there this is message 5779
hey there this is message 5780
hey there this is message 5781
hey there this is message 5782
hey there this is message 5783
hey there this is message 5784
hey there this is message 5785
hey there this is message 5786
hey there this is message 5787
hey there this is message 5788
hey there this is message 5789
hey there this is message 5790
hey there this is message 5791
hey there this is message 5792
hey there this is message 5793
hey there this is message 5794
hey there this is message 5795
hey there this is message 5796
hey there this is message 5797
hey there this is message 5798
hey there this is message 5799
hey there this is message 5800
hey there this is message 5801
hey there this is message 5802
hey there this is message 5803
hey there this is message 5804
hey there this is message 5805
hey there this is message 5806
hey there this is message 5807
hey there this is message 5808
hey there this is message 5809
hey there this is message 5810
hey there this is message 5811
hey there this is message 5812
hey there this is message 5813
hey there this is message 5814
hey there this is message 5815
hey there this is message 5816
hey there this is message 5817
hey there this is message 5818
hey there this is message 5819
hey there this is message 5820
hey there this is message 5821
hey there this is message 5822
hey there this is message 5823
hey there this is message 5824
hey there this is message 5825
hey there this is message 5826
hey there this is message 5827
hey there this is message 5828
hey there this is message 5829
hey there this is message 5830
hey there this is message 5831
hey there this is message 5832
hey there this is message 5833
hey there this is message 5834
hey there this is message 5835
hey there this is message 5836
hey there this is message 5837
hey there this is message 5838
hey there this is message 5839
hey there this is message 5840
hey there this is message 5841
hey there this is message 5842
hey there this is message 5843
hey there this is message 5844
hey there this is message 5845
hey there this is message 5846
hey there this is message 5847
hey there this is message 5848
hey there this is message 5849
hey there this is message 5850
hey there this is message 5851
hey there this is message 5852
hey there this is message 5853
hey there this is message 5854
hey there this is message 5855
hey there this is message 5856
hey there this is message 5857
hey there this is message 5858
hey there this is message 5859
hey there this is message 5860
hey there this is message 5861
hey there this is message 5862
hey there this is message 5863
hey there this is message 5864
hey there this is message 5865
hey there this is message 5866
hey there this is message 5867
hey there this is message 5868
hey there this is message 5869
hey there this is message 5870
hey there this is message 5871
hey there this is message 5872
hey there this is message 5873
hey there this is message 5874
hey there this is message 5875
hey there this is message 5876
hey there this is message 5877
hey there this is message 5878
hey there this is message 5879
hey there this is message 5880
hey there this is message 5881
hey there this is message 5882
hey there this is message 5883
hey there this is message 5884
hey there this is message 5885
hey there this is message 5886
hey there this is message 5887
hey there this is message 5888
hey there this is message 5889
hey there this is message 5890
hey there this is message 5891
hey there this is message 5892
hey there this is message 5893
hey there this is message 5894
hey there this is message 5895
hey there this is message 5896
hey there this is message 5897
hey there this is message 5898
hey there this is message 5899
hey there this is message 5900
hey there this is message 5901
hey there this is message 5902
hey there this is message 5903
hey there this is message 5904
hey there this is message 5905
hey there this is message 5906
hey there this is message 5907
hey there this is message 5908
hey there this is message 5909
hey there this is message 5910
hey there this is message 5911
hey there this is message 5912
hey there this is message 5913
hey there this is message 5914
hey there this is message 5915
hey there this is message 5916
hey there this is message 5917
hey there this is message 5918
hey there this is message 5919
hey there this is message 5920
hey there this is message 5921
hey there this is message 5922
hey there this is message 5923
hey there this is message 5924
hey there this is message 5925
hey there this is message 5926
hey there this is message 5927
hey there this is message 5928
hey there this is message 5929
hey there this is message 5930
hey there this is message 5931
hey there this is message 5932
hey there this is message 5933
hey there this is message 5934
hey there this is message 5935
hey there this is message 5936
hey there this is message 5937
hey there this is message 5938
hey there this is message 5939
hey there this is message 5940
hey there this is message 5941
hey there this is message 5942
hey there this is message 5943
hey there this is message 5944
hey there this is message 5945
hey there this is message 5946
hey there this is message 5947
hey there this is message 5948
hey there this is message 5949
hey there this is message 5950
hey there this is message 5951
hey there this is message 5952
hey there this is message 5953
hey there this is message 5954
hey there this is message 5955
hey there this is message 5956
hey there this is message 5957
hey there this is message 5958
hey there this is message 5959
hey there this is message 5960
hey there this is message 5961
hey there this is message 5962
hey there this is message 5963
hey there this is message 5964
hey there this is message 5965
hey there this is message 5966
hey there this is message 5967
hey there this is message 5968
hey there this is message 5969
hey there this is message 5970
hey there this is message 5971
hey there this is message 5972
hey there this is message 5973
hey there this is message 5974
hey there this is message 5975
hey there this is message 5976
hey there this is message 5977
hey there this is message 5978
hey there this is message 5979
hey there this is message 5980
hey there this is message 5981
hey there this is message 5982
hey there this is message 5983
hey there this is message 5984
hey there this is message 5985
hey there this is message 5986
hey there this is message 5987
hey there this is message 5988
hey there this is message 5989
hey there this is message 5990
hey there this is message 5991
hey there this is message 5992
hey there this is message 5993
hey there this is message 5994
hey there this is message 5995
hey there this is message 5996
hey there this is message 5997
hey there this is message 5998
hey there this is message 5999
hey there this is message 6000
hey there this is message 6001
hey there this is message 6002
hey there this is message 6003
hey there this is message 6004
hey there this is message 6005
hey there this is message 6006
hey there this is message 6007
hey there this is message 6008
hey there this is message 6009
hey there this is message 6010
hey there this is message 6011
hey there this is message 6012
hey there this is message 6013
hey there this is message 6014
hey there this is message 6015
hey there this is message 6016
hey there this is message 6017
hey there this is message 6018
hey there this is message 6019
hey there this is message 6020
hey there this is message 6021
hey there this is message 6022
hey there this is message 6023
hey there this is message 6024
hey there this is message 6025
hey there this is message 6026
hey there this is message 6027
hey there this is message 6028
hey there this is message 6029
hey there this is message 6030
hey there this is message 6031
hey there this is message 6032
hey there this is message 6033
hey there this is message 6034
hey there this is message 6035
hey there this is message 6036
hey there this is message 6037
hey there this is message 6038
hey there this is message 6039
hey there this is message 6040
hey there this is message 6041
hey there this is message 6042
hey there this is message 6043
hey there this is message 6044
hey there this is message 6045
hey there this is message 6046
hey there this is message 6047
hey there this is message 6048
hey there this is message 6049
hey there this is message 6050
hey there this is message 6051
hey there this is message 6052
hey there this is message 6053
hey there this is message 6054
hey there this is message 6055
hey there this is message 6056
hey there this is message 6057
hey there this is message 6058
hey there this is message 6059
hey there this is message 6060
hey there this is message 6061
hey there this is message 6062
hey there this is message 6063
hey there this is message 6064
hey there this is message 6065
hey there this is message 6066
hey there this is message 6067
hey there this is message 6068
hey there this is message 6069
hey there this is message 6070
hey there this is message 6071
hey there this is message 6072
hey there this is message 6073
hey there this is message 6074
hey there this is message 6075
hey there this is message 6076
hey there this is message 6077
hey there this is message 6078
hey there this is message 6079
hey there this is message 6080
hey there this is message 6081
hey there this is message 6082
hey there this is message 6083
hey there this is message 6084
hey there this is message 6085
hey there this is message 6086
hey there this is message 6087
hey there this is message 6088
hey there this is message 6089
hey there this is message 6090
hey there this is message 6091
hey there this is message 6092
hey there this is message 6093
hey there this is message 6094
hey there this is message 6095
hey there this is message 6096
hey there this is message 6097
hey there this is message 6098
hey there this is message 6099
hey there this is message 6100
hey there this is message 6101
hey there this is message 6102
hey there this is message 6103
hey there this is message 6104
hey there this is message 6105
hey there this is message 6106
hey there this is message 6107
hey there this is message 6108
hey there this is message 6109
hey there this is message 6110
hey there this is message 6111
hey there this is message 6112
hey there this is message 6113
hey there this is message 6114
hey there this is message 6115
hey there this is message 6116
hey there this is message 6117
hey there this is message 6118
hey there this is message 6119
hey there this is message 6120
hey there this is message 6121
hey there this is message 6122
hey there this is message 6123
hey there this is message 6124
hey there this is message 6125
hey there this is message 6126
hey there this is message 6127
hey there this is message 6128
hey there this is message 6129
hey there this is message 6130
hey there this is message 6131
hey there this is message 6132
hey there this is message 6133
hey there this is message 6134
hey there this is message 6135
hey there this is message 6136
hey there this is message 6137
hey there this is message 6138
hey there this is message 6139
hey there this is message 6140
hey there this is message 6141
hey there this is message 6142
hey there this is message 6143
hey there this is message 6144
hey there this is message 6145
hey there this is message 6146
hey there this is message 6147
hey there this is message 6148
hey there this is message 6149
hey there this is message 6150
hey there this is message 6151
hey there this is message 6152
hey there this is message 6153
hey there this is message 6154
hey there this is message 6155
hey there this is message 6156
hey there this is message 6157
hey there this is message 6158
hey there this is message 6159
hey there this is message 6160
hey there this is message 6161
hey there this is message 6162
hey there this is message 6163
hey there this is message 6164
hey there this is message 6165
hey there this is message 6166
hey there this is message 6167
hey there this is message 6168
hey there this is message 6169
hey there this is message 6170
hey there this is message 6171
hey there this is message 6172
hey there this is message 6173
hey there this is message 6174
hey there this is message 6175
hey there this is message 6176
hey there this is message 6177
hey there this is message 6178
hey there this is message 6179
hey there this is message 6180
hey there this is message 6181
hey there this is message 6182
hey there this is message 6183
hey there this is message 6184
hey there this is message 6185
hey there this is message 6186
hey there this is message 6187
hey there this is message 6188
hey there this is message 6189
hey there this is message 6190
hey there this is message 6191
hey there this is message 6192
hey there this is message 6193
hey there this is message 6194
hey there this is message 6195
hey there this is message 6196
hey there this is message 6197
hey there this is message 6198
hey there this is message 6199
hey there this is message 6200
hey there this is message 6201
hey there this is message 6202
hey there this is message 6203
hey there this is message 6204
hey there this is message 6205
hey there this is message 6206
hey there this is message 6207
hey there this is message 6208
hey there this is message 6209
hey there this is message 6210
hey there this is message 6211
hey there this is message 6212
hey there this is message 6213
hey there this is message 6214
hey there this is message 6215
hey there this is message 6216
hey there this is message 6217
hey there this is message 6218
hey there this is message 6219
hey there this is message 6220
hey there this is message 6221
hey there this is message 6222
hey there this is message 6223
hey there this is message 6224
hey there this is message 6225
hey there this is message 6226
hey there this is message 6227
hey there this is message 6228
hey there this is message 6229
hey there this is message 6230
hey there this is message 6231
hey there this is message 6232
hey there this is message 6233
hey there this is message 6234
hey there this is message 6235
hey there this is message 6236
hey there this is message 6237
hey there this is message 6238
hey there this is message 6239
hey there this is message 6240
hey there this is message 6241
hey there this is message 6242
hey there this is message 6243
hey there this is message 6244
hey there this is message 6245
hey there this is message 6246
hey there this is message 6247
hey there this is message 6248
hey there this is message 6249
hey there this is message 6250
hey there this is message 6251
hey there this is message 6252
hey there this is message 6253
hey there this is message 6254
hey there this is message 6255
hey there this is message 6256
hey there this is message 6257
hey there this is message 6258
hey there this is message 6259
hey there this is message 6260
hey there this is message 6261
hey there this is message 6262
hey there this is message 6263
hey there this is message 6264
hey there this is message 6265
hey there this is message 6266
hey there this is message 6267
hey there this is message 6268
hey there this is message 6269
hey there this is message 6270
hey there this is message 6271
hey there this is message 6272
hey there this is message 6273
hey there this is message 6274
hey there this is message 6275
hey there this is message 6276
hey there this is message 6277
hey there this is message 6278
hey there this is message 6279
hey there this is message 6280
hey there this is message 6281
hey there this is message 6282
hey there this is message 6283
hey there this is message 6284
hey there this is message 6285
hey there this is message 6286
hey there this is message 6287
hey there this is message 6288
hey there this is message 6289
hey there this is message 6290
hey there this is message 6291
hey there this is message 6292
hey there this is message 6293
hey there this is message 6294
hey there this is message 6295
hey there this is message 6296
hey there this is message 6297
hey there this is message 6298
hey there this is message 6299
hey there this is message 6300
hey there this is message 6301
hey there this is message 6302
hey there this is message 6303
hey there this is message 6304
hey there this is message 6305
hey there this is message 6306
hey there this is message 6307
hey there this is message 6308
hey there this is message 6309
hey there this is message 6310
hey there this is message 6311
hey there this is message 6312
hey there this is message 6313
hey there this is message 6314
hey there this is message 6315
hey there this is message 6316
hey there this is message 6317
hey there this is message 6318
hey there this is message 6319
hey there this is message 6320
hey there this is message 6321
hey there this is message 6322
hey there this is message 6323
hey there this is message 6324
hey there this is message 6325
hey there this is message 6326
hey there this is message 6327
hey there this is message 6328
hey there this is message 6329
hey there this is message 6330
hey there this is message 6331
hey there this is message 6332
hey there this is message 6333
hey there this is message 6334
hey there this is message 6335
hey there this is message 6336
hey there this is message 6337
hey there this is message 6338
hey there this is message 6339
hey there this is message 6340
hey there this is message 6341
hey there this is message 6342
hey there this is message 6343
hey there this is message 6344
hey there this is message 6345
hey there this is message 6346
hey there this is message 6347
hey there this is message 6348
hey there this is message 6349
hey there this is message 6350
hey there this is message 6351
hey there this is message 6352
hey there this is message 6353
hey there this is message 6354
hey there this is message 6355
hey there this is message 6356
hey there this is message 6357
hey there this is message 6358
hey there this is message 6359
hey there this is message 6360
hey there this is message 6361
hey there this is message 6362
hey there this is message 6363
hey there this is message 6364
hey there this is message 6365
hey there this is message 6366
hey there this is message 6367
hey there this is message 6368
hey there this is message 6369
hey there this is message 6370
hey there this is message 6371
hey there this is message 6372
hey there this is message 6373
hey there this is message 6374
hey there this is message 6375
hey there this is message 6376
hey there this is message 6377
hey there this is message 6378
hey there this is message 6379
hey there this is message 6380
hey there this is message 6381
hey there this is message 6382
hey there this is message 6383
hey there this is message 6384
hey there this is message 6385
hey there this is message 6386
hey there this is message 6387
hey there this is message 6388
hey there this is message 6389
hey there this is message 6390
hey there this is message 6391
hey there this is message 6392
hey there this is message 6393
hey there this is message 6394
hey there this is message 6395
hey there this is message 6396
hey there this is message 6397
hey there this is message 6398
hey there this is message 6399
hey there this is message 6400
hey there this is message 6401
hey there this is message 6402
hey there this is message 6403
hey there this is message 6404
hey there this is message 6405
hey there this is message 6406
hey there this is message 6407
hey there this is message 6408
hey there this is message 6409
hey there this is message 6410
hey there this is message 6411
hey there this is message 6412
hey there this is message 6413
hey there this is message 6414
hey there this is message 6415
hey there this is message 6416
hey there this is message 6417
hey there this is message 6418
hey there this is message 6419
hey there this is message 6420
hey there this is message 6421
hey there this is message 6422
hey there this is message 6423
hey there this is message 6424
hey there this is message 6425
hey there this is message 6426
hey there this is message 6427
hey there this is message 6428
hey there this is message 6429
hey there this is message 6430
hey there this is message 6431
hey there this is message 6432
hey there this is message 6433
hey there this is message 6434
hey there this is message 6435
hey there this is message 6436
hey there this is message 6437
hey there this is message 6438
hey there this is message 6439
hey there this is message 6440
hey there this is message 6441
hey there this is message 6442
hey there this is message 6443
hey there this is message 6444
hey there this is message 6445
hey there this is message 6446
hey there this is message 6447
hey there this is message 6448
hey there this is message 6449
hey there this is message 6450
hey there this is message 6451
hey there this is message 6452
hey there this is message 6453
hey there this is message 6454
hey there this is message 6455
hey there this is message 6456
hey there this is message 6457
hey there this is message 6458
hey there this is message 6459
hey there this is message 6460
hey there this is message 6461
hey there this is message 6462
hey there this is message 6463
hey there this is message 6464
hey there this is message 6465
hey there this is message 6466
hey there this is message 6467
hey there this is message 6468
hey there this is message 6469
hey there this is message 6470
hey there this is message 6471
hey there this is message 6472
hey there this is message 6473
hey there this is message 6474
hey there this is message 6475
hey there this is message 6476
hey there this is message 6477
hey there this is message 6478
hey there this is message 6479
hey there this is message 6480
hey there this is message 6481
hey there this is message 6482
hey there this is message 6483
hey there this is message 6484
hey there this is message 6485
hey there this is message 6486
hey there this is message 6487
hey there this is message 6488
hey there this is message 6489
hey there this is message 6490
hey there this is message 6491
hey there this is message 6492
hey there this is message 6493
hey there this is message 6494
hey there this is message 6495
hey there this is message 6496
hey there this is message 6497
hey there this is message 6498
hey there this is message 6499
hey there this is message 6500
hey there this is message 6501
hey there this is message 6502
hey there this is message 6503
hey there this is message 6504
hey there this is message 6505
hey there this is message 6506
hey there this is message 6507
hey there this is message 6508
hey there this is message 6509
hey there this is message 6510
hey there this is message 6511
hey there this is message 6512
hey there this is message 6513
hey there this is message 6514
hey there this is message 6515
hey there this is message 6516
hey there this is message 6517
hey there this is message 6518
hey there this is message 6519
hey there this is message 6520
hey there this is message 6521
hey there this is message 6522
hey there this is message 6523
hey there this is message 6524
hey there this is message 6525
hey there this is message 6526
hey there this is message 6527
hey there this is message 6528
hey there this is message 6529
hey there this is message 6530
hey there this is message 6531
hey there this is message 6532
hey there this is message 6533
hey there this is message 6534
hey there this is message 6535
hey there this is message 6536
hey there this is message 6537
hey there this is message 6538
hey there this is message 6539
hey there this is message 6540
hey there this is message 6541
hey there this is message 6542
hey there this is message 6543
hey there this is message 6544
hey there this is message 6545
hey there this is message 6546
hey there this is message 6547
hey there this is message 6548
hey there this is message 6549
hey there this is message 6550
hey there this is message 6551
hey there this is message 6552
hey there this is message 6553
hey there this is message 6554
hey there this is message 6555
hey there this is message 6556
hey there this is message 6557
hey there this is message 6558
hey there this is message 6559
hey there this is message 6560
hey there this is message 6561
hey there this is message 6562
hey there this is message 6563
hey there this is message 6564
hey there this is message 6565
hey there this is message 6566
hey there this is message 6567
hey there this is message 6568
hey there this is message 6569
hey there this is message 6570
hey there this is message 6571
hey there this is message 6572
hey there this is message 6573
hey there this is message 6574
hey there this is message 6575
hey there this is message 6576
hey there this is message 6577
hey there this is message 6578
hey there this is message 6579
hey there this is message 6580
hey there this is message 6581
hey there this is message 6582
hey there this is message 6583
hey there this is message 6584
hey there this is message 6585
hey there this is message 6586
hey there this is message 6587
hey there this is message 6588
hey there this is message 6589
hey there this is message 6590
hey there this is message 6591
hey there this is message 6592
hey there this is message 6593
hey there this is message 6594
hey there this is message 6595
hey there this is message 6596
hey there this is message 6597
hey there this is message 6598
hey there this is message 6599
hey there this is message 6600
hey there this is message 6601
hey there this is message 6602
hey there this is message 6603
hey there this is message 6604
hey there this is message 6605
hey there this is message 6606
hey there this is message 6607
hey there this is message 6608
hey there this is message 6609
hey there this is message 6610
hey there this is message 6611
hey there this is message 6612
hey there this is message 6613
hey there this is message 6614
hey there this is message 6615
hey there this is message 6616
hey there this is message 6617
hey there this is message 6618
hey there this is message 6619
hey there this is message 6620
hey there this is message 6621
hey there this is message 6622
hey there this is message 6623
hey there this is message 6624
hey there this is message 6625
hey there this is message 6626
hey there this is message 6627
hey there this is message 6628
hey there this is message 6629
hey there this is message 6630
hey there this is message 6631
hey there this is message 6632
hey there this is message 6633
hey there this is message 6634
hey there this is message 6635
hey there this is message 6636
hey there this is message 6637
hey there this is message 6638
hey there this is message 6639
hey there this is message 6640
hey there this is message 6641
hey there this is message 6642
hey there this is message 6643
hey there this is message 6644
hey there this is message 6645
hey there this is message 6646
hey there this is message 6647
hey there this is message 6648
hey there this is message 6649
hey there this is message 6650
hey there this is message 6651
hey there this is message 6652
hey there this is message 6653
hey there this is message 6654
hey there this is message 6655
hey there this is message 6656
hey there this is message 6657
hey there this is message 6658
hey there this is message 6659
hey there this is message 6660
hey there this is message 6661
hey there this is message 6662
hey there this is message 6663
hey there this is message 6664
hey there this is message 6665
hey there this is message 6666
hey there this is message 6667
hey there this is message 6668
hey there this is message 6669
hey there this is message 6670
hey there this is message 6671
hey there this is message 6672
hey there this is message 6673
hey there this is message 6674
hey there this is message 6675
hey there this is message 6676
hey there this is message 6677
hey there this is message 6678
hey there this is message 6679
hey there this is message 6680
hey there this is message 6681
hey there this is message 6682
hey there this is message 6683
hey there this is message 6684
hey there this is message 6685
hey there this is message 6686
hey there this is message 6687
hey there this is message 6688
hey there this is message 6689
hey there this is message 6690
hey there this is message 6691
hey there this is message 6692
hey there this is message 6693
hey there this is message 6694
hey there this is message 6695
hey there this is message 6696
hey there this is message 6697
hey there this is message 6698
hey there this is message 6699
hey there this is message 6700
hey there this is message 6701
hey there this is message 6702
hey there this is message 6703
hey there this is message 6704
hey there this is message 6705
hey there this is message 6706
hey there this is message 6707
hey there this is message 6708
hey there this is message 6709
hey there this is message 6710
hey there this is message 6711
hey there this is message 6712
hey there this is message 6713
hey there this is message 6714
hey there this is message 6715
hey there this is message 6716
hey there this is message 6717
hey there this is message 6718
hey there this is message 6719
hey there this is message 6720
hey there this is message 6721
hey there this is message 6722
hey there this is message 6723
hey there this is message 6724
hey there this is message 6725
hey there this is message 6726
hey there this is message 6727
hey there this is message 6728
hey there this is message 6729
hey there this is message 6730
hey there this is message 6731
hey there this is message 6732
hey there this is message 6733
hey there this is message 6734
hey there this is message 6735
hey there this is message 6736
hey there this is message 6737
hey there this is message 6738
hey there this is message 6739
hey there this is message 6740
hey there this is message 6741
hey there this is message 6742
hey there this is message 6743
hey there this is message 6744
hey there this is message 6745
hey there this is message 6746
hey there this is message 6747
hey there this is message 6748
hey there this is message 6749
hey there this is message 6750
hey there this is message 6751
hey there this is message 6752
hey there this is message 6753
hey there this is message 6754
hey there this is message 6755
hey there this is message 6756
hey there this is message 6757
hey there this is message 6758
hey there this is message 6759
hey there this is message 6760
hey there this is message 6761
hey there this is message 6762
hey there this is message 6763
hey there this is message 6764
hey there this is message 6765
hey there this is message 6766
hey there this is message 6767
hey there this is message 6768
hey there this is message 6769
hey there this is message 6770
hey there this is message 6771
hey there this is message 6772
hey there this is message 6773
hey there this is message 6774
hey there this is message 6775
hey there this is message 6776
hey there this is message 6777
hey there this is message 6778
hey there this is message 6779
hey there this is message 6780
hey there this is message 6781
hey there this is message 6782
hey there this is message 6783
hey there this is message 6784
hey there this is message 6785
hey there this is message 6786
hey there this is message 6787
hey there this is message 6788
hey there this is message 6789
hey there this is message 6790
hey there this is message 6791
hey there this is message 6792
hey there this is message 6793
hey there this is message 6794
hey there this is message 6795
hey there this is message 6796
hey there this is message 6797
hey there this is message 6798
hey there this is message 6799
hey there this is message 6800
hey there this is message 6801
hey there this is message 6802
hey there this is message 6803
hey there this is message 6804
hey there this is message 6805
hey there this is message 6806
hey there this is message 6807
hey there this is message 6808
hey there this is message 6809
hey there this is message 6810
hey there this is message 6811
hey there this is message 6812
hey there this is message 6813
hey there this is message 6814
hey there this is message 6815
hey there this is message 6816
hey there this is message 6817
hey there this is message 6818
hey there this is message 6819
hey there this is message 6820
hey there this is message 6821
hey there this is message 6822
hey there this is message 6823
hey there this is message 6824
hey there this is message 6825
hey there this is message 6826
hey there this is message 6827
hey there this is message 6828
hey there this is message 6829
hey there this is message 6830
hey there this is message 6831
hey there this is message 6832
hey there this is message 6833
hey there this is message 6834
hey there this is message 6835
hey there this is message 6836
hey there this is message 6837
hey there this is message 6838
hey there this is message 6839
hey there this is message 6840
hey there this is message 6841
hey there this is message 6842
hey there this is message 6843
hey there this is message 6844
hey there this is message 6845
hey there this is message 6846
hey there this is message 6847
hey there this is message 6848
hey there this is message 6849
hey there this is message 6850
hey there this is message 6851
hey there this is message 6852
hey there this is message 6853
hey there this is message 6854
hey there this is message 6855
hey there this is message 6856
hey there this is message 6857
hey there this is message 6858
hey there this is message 6859
hey there this is message 6860
hey there this is message 6861
hey there this is message 6862
hey there this is message 6863
hey there this is message 6864
hey there this is message 6865
hey there this is message 6866
hey there this is message 6867
hey there this is message 6868
hey there this is message 6869
hey there this is message 6870
hey there this is message 6871
hey there this is message 6872
hey there this is message 6873
hey there this is message 6874
hey there this is message 6875
hey there this is message 6876
hey there this is message 6877
hey there this is message 6878
hey there this is message 6879
hey there this is message 6880
hey there this is message 6881
hey there this is message 6882
hey there this is message 6883
hey there this is message 6884
hey there this is message 6885
hey there this is message 6886
hey there this is message 6887
hey there this is message 6888
hey there this is message 6889
hey there this is message 6890
hey there this is message 6891
hey there this is message 6892
hey there this is message 6893
hey there this is message 6894
hey there this is message 6895
hey there this is message 6896
hey there this is message 6897
hey there this is message 6898
hey there this is message 6899
hey there this is message 6900
hey there this is message 6901
hey there this is message 6902
hey there this is message 6903
hey there this is message 6904
hey there this is message 6905
hey there this is message 6906
hey there this is message 6907
hey there this is message 6908
hey there this is message 6909
hey there this is message 6910
hey there this is message 6911
hey there this is message 6912
hey there this is message 6913
hey there this is message 6914
hey there this is message 6915
hey there this is message 6916
hey there this is message 6917
hey there this is message 6918
hey there this is message 6919
hey there this is message 6920
hey there this is message 6921
hey there this is message 6922
hey there this is message 6923
hey there this is message 6924
hey there this is message 6925
hey there this is message 6926
hey there this is message 6927
hey there this is message 6928
hey there this is message 6929
hey there this is message 6930
hey there this is message 6931
hey there this is message 6932
hey there this is message 6933
hey there this is message 6934
hey there this is message 6935
hey there this is message 6936
hey there this is message 6937
hey there this is message 6938
hey there this is message 6939
hey there this is message 6940
hey there this is message 6941
hey there this is message 6942
hey there this is message 6943
hey there this is message 6944
hey there this is message 6945
hey there this is message 6946
hey there this is message 6947
hey there this is message 6948
hey there this is message 6949
hey there this is message 6950
hey there this is message 6951
hey there this is message 6952
hey there this is message 6953
hey there this is message 6954
hey there this is message 6955
hey there this is message 6956
hey there this is message 6957
hey there this is message 6958
hey there this is message 6959
hey there this is message 6960
hey there this is message 6961
hey there this is message 6962
hey there this is message 6963
hey there this is message 6964
hey there this is message 6965
hey there this is message 6966
hey there this is message 6967
hey there this is message 6968
hey there this is message 6969
hey there this is message 6970
hey there this is message 6971
hey there this is message 6972
hey there this is message 6973
hey there this is message 6974
hey there this is message 6975
hey there this is message 6976
hey there this is message 6977
hey there this is message 6978
hey there this is message 6979
hey there this is message 6980
hey there this is message 6981
hey there this is message 6982
hey there this is message 6983
hey there this is message 6984
hey there this is message 6985
hey there this is message 6986
hey there this is message 6987
hey there this is message 6988
hey there this is message 6989
hey there this is message 6990
hey there this is message 6991
hey there this is message 6992
hey there this is message 6993
hey there this is message 6994
hey there this is message 6995
hey there this is message 6996
hey there this is message 6997
hey there this is message 6998
hey there this is message 6999
hey there this is message 7000
hey there this is message 7001
hey there this is message 7002
hey there this is message 7003
hey there this is message 7004
hey there this is message 7005
hey there this is message 7006
hey there this is message 7007
hey there this is message 7008
hey there this is message 7009
hey there this is message 7010
hey there this is message 7011
hey there this is message 7012
hey there this is message 7013
hey there this is message 7014
hey there this is message 7015
hey there this is message 7016
hey there this is message 7017
hey there this is message 7018
hey there this is message 7019
hey there this is message 7020
hey there this is message 7021
hey there this is message 7022
hey there this is message 7023
hey there this is message 7024
hey there this is message 7025
hey there this is message 7026
hey there this is message 7027
hey there this is message 7028
hey there this is message 7029
hey there this is message 7030
hey there this is message 7031
hey there this is message 7032
hey there this is message 7033
hey there this is message 7034
hey there this is message 7035
hey there this is message 7036
hey there this is message 7037
hey there this is message 7038
hey there this is message 7039
hey there this is message 7040
hey there this is message 7041
hey there this is message 7042
hey there this is message 7043
hey there this is message 7044
hey there this is message 7045
hey there this is message 7046
hey there this is message 7047
hey there this is message 7048
hey there this is message 7049
hey there this is message 7050
hey there this is message 7051
hey there this is message 7052
hey there this is message 7053
hey there this is message 7054
hey there this is message 7055
hey there this is message 7056
hey there this is message 7057
hey there this is message 7058
hey there this is message 7059
hey there this is message 7060
hey there this is message 7061
hey there this is message 7062
hey there this is message 7063
hey there this is message 7064
hey there this is message 7065
hey there this is message 7066
hey there this is message 7067
hey there this is message 7068
hey there this is message 7069
hey there this is message 7070
hey there this is message 7071
hey there this is message 7072
hey there this is message 7073
hey there this is message 7074
hey there this is message 7075
hey there this is message 7076
hey there this is message 7077
hey there this is message 7078
hey there this is message 7079
hey there this is message 7080
hey there this is message 7081
hey there this is message 7082
hey there this is message 7083
hey there this is message 7084
hey there this is message 7085
hey there this is message 7086
hey there this is message 7087
hey there this is message 7088
hey there this is message 7089
hey there this is message 7090
hey there this is message 7091
hey there this is message 7092
hey there this is message 7093
hey there this is message 7094
hey there this is message 7095
hey there this is message 7096
hey there this is message 7097
hey there this is message 7098
hey there this is message 7099
hey there this is message 7100
hey there this is message 7101
hey there this is message 7102
hey there this is message 7103
hey there this is message 7104
hey there this is message 7105
hey there this is message 7106
hey there this is message 7107
hey there this is message 7108
hey there this is message 7109
hey there this is message 7110
hey there this is message 7111
hey there this is message 7112
hey there this is message 7113
hey there this is message 7114
hey there this is message 7115
hey there this is message 7116
hey there this is message 7117
hey there this is message 7118
hey there this is message 7119
hey there this is message 7120
hey there this is message 7121
hey there this is message 7122
hey there this is message 7123
hey there this is message 7124
hey there this is message 7125
hey there this is message 7126
hey there this is message 7127
hey there this is message 7128
hey there this is message 7129
hey there this is message 7130
hey there this is message 7131
hey there this is message 7132
hey there this is message 7133
hey there this is message 7134
hey there this is message 7135
hey there this is message 7136
hey there this is message 7137
hey there this is message 7138
hey there this is message 7139
hey there this is message 7140
hey there this is message 7141
hey there this is message 7142
hey there this is message 7143
hey there this is message 7144
hey there this is message 7145
hey there this is message 7146
hey there this is message 7147
hey there this is message 7148
hey there this is message 7149
hey there this is message 7150
hey there this is message 7151
hey there this is message 7152
hey there this is message 7153
hey there this is message 7154
hey there this is message 7155
hey there this is message 7156
hey there this is message 7157
hey there this is message 7158
hey there this is message 7159
hey there this is message 7160
hey there this is message 7161
hey there this is message 7162
hey there this is message 7163
hey there this is message 7164
hey there this is message 7165
hey there this is message 7166
hey there this is message 7167
hey there this is message 7168
hey there this is message 7169
hey there this is message 7170
hey there this is message 7171
hey there this is message 7172
hey there this is message 7173
hey there this is message 7174
hey there this is message 7175
hey there this is message 7176
hey there this is message 7177
hey there this is message 7178
hey there this is message 7179
hey there this is message 7180
hey there this is message 7181
hey there this is message 7182
hey there this is message 7183
hey there this is message 7184
hey there this is message 7185
hey there this is message 7186
hey there this is message 7187
hey there this is message 7188
hey there this is message 7189
hey there this is message 7190
hey there this is message 7191
hey there this is message 7192
hey there this is message 7193
hey there this is message 7194
hey there this is message 7195
hey there this is message 7196
hey there this is message 7197
hey there this is message 7198
hey there this is message 7199
hey there this is message 7200
hey there this is message 7201
hey there this is message 7202
hey there this is message 7203
hey there this is message 7204
hey there this is message 7205
hey there this is message 7206
hey there this is message 7207
hey there this is message 7208
hey there this is message 7209
hey there this is message 7210
hey there this is message 7211
hey there this is message 7212
hey there this is message 7213
hey there this is message 7214
hey there this is message 7215
hey there this is message 7216
hey there this is message 7217
hey there this is message 7218
hey there this is message 7219
hey there this is message 7220
hey there this is message 7221
hey there this is message 7222
hey there this is message 7223
hey there this is message 7224
hey there this is message 7225
hey there this is message 7226
hey there this is message 7227
hey there this is message 7228
hey there this is message 7229
hey there this is message 7230
hey there this is message 7231
hey there this is message 7232
hey there this is message 7233
hey there this is message 7234
hey there this is message 7235
hey there this is message 7236
hey there this is message 7237
hey there this is message 7238
hey there this is message 7239
hey there this is message 7240
hey there this is message 7241
hey there this is message 7242
hey there this is message 7243
hey there this is message 7244
hey there this is message 7245
hey there this is message 7246
hey there this is message 7247
hey there this is message 7248
hey there this is message 7249
hey there this is message 7250
hey there this is message 7251
hey there this is message 7252
hey there this is message 7253
hey there this is message 7254
hey there this is message 7255
hey there this is message 7256
hey there this is message 7257
hey there this is message 7258
hey there this is message 7259
hey there this is message 7260
hey there this is message 7261
hey there this is message 7262
hey there this is message 7263
hey there this is message 7264
hey there this is message 7265
hey there this is message 7266
hey there this is message 7267
hey there this is message 7268
hey there this is message 7269
hey there this is message 7270
hey there this is message 7271
hey there this is message 7272
hey there this is message 7273
hey there this is message 7274
hey there this is message 7275
hey there this is message 7276
hey there this is message 7277
hey there this is message 7278
hey there this is message 7279
hey there this is message 7280
hey there this is message 7281
hey there this is message 7282
hey there this is message 7283
hey there this is message 7284
hey there this is message 7285
hey there this is message 7286
hey there this is message 7287
hey there this is message 7288
hey there this is message 7289
hey there this is message 7290
hey there this is message 7291
hey there this is message 7292
hey there this is message 7293
hey there this is message 7294
hey there this is message 7295
hey there this is message 7296
hey there this is message 7297
hey there this is message 7298
hey there this is message 7299
hey there this is message 7300
hey there this is message 7301
hey there this is message 7302
hey there this is message 7303
hey there this is message 7304
hey there this is message 7305
hey there this is message 7306
hey there this is message 7307
hey there this is message 7308
hey there this is message 7309
hey there this is message 7310
hey there this is message 7311
hey there this is message 7312
hey there this is message 7313
hey there this is message 7314
hey there this is message 7315
hey there this is message 7316
hey there this is message 7317
hey there this is message 7318
hey there this is message 7319
hey there this is message 7320
hey there this is message 7321
hey there this is message 7322
hey there this is message 7323
hey there this is message 7324
hey there this is message 7325
hey there this is message 7326
hey there this is message 7327
hey there this is message 7328
hey there this is message 7329
hey there this is message 7330
hey there this is message 7331
hey there this is message 7332
hey there this is message 7333
hey there this is message 7334
hey there this is message 7335
hey there this is message 7336
hey there this is message 7337
hey there this is message 7338
hey there this is message 7339
hey there this is message 7340
hey there this is message 7341
hey there this is message 7342
hey there this is message 7343
hey there this is message 7344
hey there this is message 7345
hey there this is message 7346
hey there this is message 7347
hey there this is message 7348
hey there this is message 7349
hey there this is message 7350
hey there this is message 7351
hey there this is message 7352
hey there this is message 7353
hey there this is message 7354
hey there this is message 7355
hey there this is message 7356
hey there this is message 7357
hey there this is message 7358
hey there this is message 7359
hey there this is message 7360
hey there this is message 7361
hey there this is message 7362
hey there this is message 7363
hey there this is message 7364
hey there this is message 7365
hey there this is message 7366
hey there this is message 7367
hey there this is message 7368
hey there this is message 7369
hey there this is message 7370
hey there this is message 7371
hey there this is message 7372
hey there this is message 7373
hey there this is message 7374
hey there this is message 7375
hey there this is message 7376
hey there this is message 7377
hey there this is message 7378
hey there this is message 7379
hey there this is message 7380
hey there this is message 7381
hey there this is message 7382
hey there this is message 7383
hey there this is message 7384
hey there this is message 7385
hey there this is message 7386
hey there this is message 7387
hey there this is message 7388
hey there this is message 7389
hey there this is message 7390
hey there this is message 7391
hey there this is message 7392
hey there this is message 7393
hey there this is message 7394
hey there this is message 7395
hey there this is message 7396
hey there this is message 7397
hey there this is message 7398
hey there this is message 7399
hey there this is message 7400
hey there this is message 7401
hey there this is message 7402
hey there this is message 7403
hey there this is message 7404
hey there this is message 7405
hey there this is message 7406
hey there this is message 7407
hey there this is message 7408
hey there this is message 7409
hey there this is message 7410
hey there this is message 7411
hey there this is message 7412
hey there this is message 7413
hey there this is message 7414
hey there this is message 7415
hey there this is message 7416
hey there this is message 7417
hey there this is message 7418
hey there this is message 7419
hey there this is message 7420
hey there this is message 7421
hey there this is message 7422
hey there this is message 7423
hey there this is message 7424
hey there this is message 7425
hey there this is message 7426
hey there this is message 7427
hey there this is message 7428
hey there this is message 7429
hey there this is message 7430
hey there this is message 7431
hey there this is message 7432
hey there this is message 7433
hey there this is message 7434
hey there this is message 7435
hey there this is message 7436
hey there this is message 7437
hey there this is message 7438
hey there this is message 7439
hey there this is message 7440
hey there this is message 7441
hey there this is message 7442
hey there this is message 7443
hey there this is message 7444
hey there this is message 7445
hey there this is message 7446
hey there this is message 7447
hey there this is message 7448
hey there this is message 7449
hey there this is message 7450
hey there this is message 7451
hey there this is message 7452
hey there this is message 7453
hey there this is message 7454
hey there this is message 7455
hey there this is message 7456
hey there this is message 7457
hey there this is message 7458
hey there this is message 7459
hey there this is message 7460
hey there this is message 7461
hey there this is message 7462
hey there this is message 7463
hey there this is message 7464
hey there this is message 7465
hey there this is message 7466
hey there this is message 7467
hey there this is message 7468
hey there this is message 7469
hey there this is message 7470
hey there this is message 7471
hey there this is message 7472
hey there this is message 7473
hey there this is message 7474
hey there this is message 7475
hey there this is message 7476
hey there this is message 7477
hey there this is message 7478
hey there this is message 7479
hey there this is message 7480
hey there this is message 7481
hey there this is message 7482
hey there this is message 7483
hey there this is message 7484
hey there this is message 7485
hey there this is message 7486
hey there this is message 7487
hey there this is message 7488
hey there this is message 7489
hey there this is message 7490
hey there this is message 7491
hey there this is message 7492
hey there this is message 7493
hey there this is message 7494
hey there this is message 7495
hey there this is message 7496
hey there this is message 7497
hey there this is message 7498
hey there this is message 7499
hey there this is message 7500
hey there this is message 7501
hey there this is message 7502
hey there this is message 7503
hey there this is message 7504
hey there this is message 7505
hey there this is message 7506
hey there this is message 7507
hey there this is message 7508
hey there this is message 7509
hey there this is message 7510
hey there this is message 7511
hey there this is message 7512
hey there this is message 7513
hey there this is message 7514
hey there this is message 7515
hey there this is message 7516
hey there this is message 7517
hey there this is message 7518
hey there this is message 7519
hey there this is message 7520
hey there this is message 7521
hey there this is message 7522
hey there this is message 7523
hey there this is message 7524
hey there this is message 7525
hey there this is message 7526
hey there this is message 7527
hey there this is message 7528
hey there this is message 7529
hey there this is message 7530
hey there this is message 7531
hey there this is message 7532
hey there this is message 7533
hey there this is message 7534
hey there this is message 7535
hey there this is message 7536
hey there this is message 7537
hey there this is message 7538
hey there this is message 7539
hey there this is message 7540
hey there this is message 7541
hey there this is message 7542
hey there this is message 7543
hey there this is message 7544
hey there this is message 7545
hey there this is message 7546
hey there this is message 7547
hey there this is message 7548
hey there this is message 7549
hey there this is message 7550
hey there this is message 7551
hey there this is message 7552
hey there this is message 7553
hey there this is message 7554
hey there this is message 7555
hey there this is message 7556
hey there this is message 7557
hey there this is message 7558
hey there this is message 7559
hey there this is message 7560
hey there this is message 7561
hey there this is message 7562
hey there this is message 7563
hey there this is message 7564
hey there this is message 7565
hey there this is message 7566
hey there this is message 7567
hey there this is message 7568
hey there this is message 7569
hey there this is message 7570
hey there this is message 7571
hey there this is message 7572
hey there this is message 7573
hey there this is message 7574
hey there this is message 7575
hey there this is message 7576
hey there this is message 7577
hey there this is message 7578
hey there this is message 7579
hey there this is message 7580
hey there this is message 7581
hey there this is message 7582
hey there this is message 7583
hey there this is message 7584
hey there this is message 7585
hey there this is message 7586
hey there this is message 7587
hey there this is message 7588
hey there this is message 7589
hey there this is message 7590
hey there this is message 7591
hey there this is message 7592
hey there this is message 7593
hey there this is message 7594
hey there this is message 7595
hey there this is message 7596
hey there this is message 7597
hey there this is message 7598
hey there this is message 7599
hey there this is message 7600
hey there this is message 7601
hey there this is message 7602
hey there this is message 7603
hey there this is message 7604
hey there this is message 7605
hey there this is message 7606
hey there this is message 7607
hey there this is message 7608
hey there this is message 7609
hey there this is message 7610
hey there this is message 7611
hey there this is message 7612
hey there this is message 7613
hey there this is message 7614
hey there this is message 7615
hey there this is message 7616
hey there this is message 7617
hey there this is message 7618
hey there this is message 7619
hey there this is message 7620
hey there this is message 7621
hey there this is message 7622
hey there this is message 7623
hey there this is message 7624
hey there this is message 7625
hey there this is message 7626
hey there this is message 7627
hey there this is message 7628
hey there this is message 7629
hey there this is message 7630
hey there this is message 7631
hey there this is message 7632
hey there this is message 7633
hey there this is message 7634
hey there this is message 7635
hey there this is message 7636
hey there this is message 7637
hey there this is message 7638
hey there this is message 7639
hey there this is message 7640
hey there this is message 7641
hey there this is message 7642
hey there this is message 7643
hey there this is message 7644
hey there this is message 7645
hey there this is message 7646
hey there this is message 7647
hey there this is message 7648
hey there this is message 7649
hey there this is message 7650
hey there this is message 7651
hey there this is message 7652
hey there this is message 7653
hey there this is message 7654
hey there this is message 7655
hey there this is message 7656
hey there this is message 7657
hey there this is message 7658
hey there this is message 7659
hey there this is message 7660
hey there this is message 7661
hey there this is message 7662
hey there this is message 7663
hey there this is message 7664
hey there this is message 7665
hey there this is message 7666
hey there this is message 7667
hey there this is message 7668
hey there this is message 7669
hey there this is message 7670
hey there this is message 7671
hey there this is message 7672
hey there this is message 7673
hey there this is message 7674
hey there this is message 7675
hey there this is message 7676
hey there this is message 7677
hey there this is message 7678
hey there this is message 7679
hey there this is message 7680
hey there this is message 7681
hey there this is message 7682
hey there this is message 7683
hey there this is message 7684
hey there this is message 7685
hey there this is message 7686
hey there this is message 7687
hey there this is message 7688
hey there this is message 7689
hey there this is message 7690
hey there this is message 7691
hey there this is message 7692
hey there this is message 7693
hey there this is message 7694
hey there this is message 7695
hey there this is message 7696
hey there this is message 7697
hey there this is message 7698
hey there this is message 7699
hey there this is message 7700
hey there this is message 7701
hey there this is message 7702
hey there this is message 7703
hey there this is message 7704
hey there this is message 7705
hey there this is message 7706
hey there this is message 7707
hey there this is message 7708
hey there this is message 7709
hey there this is message 7710
hey there this is message 7711
hey there this is message 7712
hey there this is message 7713
hey there this is message 7714
hey there this is message 7715
hey there this is message 7716
hey there this is message 7717
hey there this is message 7718
hey there this is message 7719
hey there this is message 7720
hey there this is message 7721
hey there this is message 7722
hey there this is message 7723
hey there this is message 7724
hey there this is message 7725
hey there this is message 7726
hey there this is message 7727
hey there this is message 7728
hey there this is message 7729
hey there this is message 7730
hey there this is message 7731
hey there this is message 7732
hey there this is message 7733
hey there this is message 7734
hey there this is message 7735
hey there this is message 7736
hey there this is message 7737
hey there this is message 7738
hey there this is message 7739
hey there this is message 7740
hey there this is message 7741
hey there this is message 7742
hey there this is message 7743
hey there this is message 7744
hey there this is message 7745
hey there this is message 7746
hey there this is message 7747
hey there this is message 7748
hey there this is message 7749
hey there this is message 7750
hey there this is message 7751
hey there this is message 7752
hey there this is message 7753
hey there this is message 7754
hey there this is message 7755
hey there this is message 7756
hey there this is message 7757
hey there this is message 7758
hey there this is message 7759
hey there this is message 7760
hey there this is message 7761
hey there this is message 7762
hey there this is message 7763
hey there this is message 7764
hey there this is message 7765
hey there this is message 7766
hey there this is message 7767
hey there this is message 7768
hey there this is message 7769
hey there this is message 7770
hey there this is message 7771
hey there this is message 7772
hey there this is message 7773
hey there this is message 7774
hey there this is message 7775
hey there this is message 7776
hey there this is message 7777
hey there this is message 7778
hey there this is message 7779
hey there this is message 7780
hey there this is message 7781
hey there this is message 7782
hey there this is message 7783
hey there this is message 7784
hey there this is message 7785
hey there this is message 7786
hey there this is message 7787
hey there this is message 7788
hey there this is message 7789
hey there this is message 7790
hey there this is message 7791
hey there this is message 7792
hey there this is message 7793
hey there this is message 7794
hey there this is message 7795
hey there this is message 7796
hey there this is message 7797
hey there this is message 7798
hey there this is message 7799
hey there this is message 7800
hey there this is message 7801
hey there this is message 7802
hey there this is message 7803
hey there this is message 7804
hey there this is message 7805
hey there this is message 7806
hey there this is message 7807
hey there this is message 7808
hey there this is message 7809
hey there this is message 7810
hey there this is message 7811
hey there this is message 7812
hey there this is message 7813
hey there this is message 7814
hey there this is message 7815
hey there this is message 7816
hey there this is message 7817
hey there this is message 7818
hey there this is message 7819
hey there this is message 7820
hey there this is message 7821
hey there this is message 7822
hey there this is message 7823
hey there this is message 7824
hey there this is message 7825
hey there this is message 7826
hey there this is message 7827
hey there this is message 7828
hey there this is message 7829
hey there this is message 7830
hey there this is message 7831
hey there this is message 7832
hey there this is message 7833
hey there this is message 7834
hey there this is message 7835
hey there this is message 7836
hey there this is message 7837
hey there this is message 7838
hey there this is message 7839
hey there this is message 7840
hey there this is message 7841
hey there this is message 7842
hey there this is message 7843
hey there this is message 7844
hey there this is message 7845
hey there this is message 7846
hey there this is message 7847
hey there this is message 7848
hey there this is message 7849
hey there this is message 7850
hey there this is message 7851
hey there this is message 7852
hey there this is message 7853
hey there this is message 7854
hey there this is message 7855
hey there this is message 7856
hey there this is message 7857
hey there this is message 7858
hey there this is message 7859
hey there this is message 7860
hey there this is message 7861
hey there this is message 7862
hey there this is message 7863
hey there this is message 7864
hey there this is message 7865
hey there this is message 7866
hey there this is message 7867
hey there this is message 7868
hey there this is message 7869
hey there this is message 7870
hey there this is message 7871
hey there this is message 7872
hey there this is message 7873
hey there this is message 7874
hey there this is message 7875
hey there this is message 7876
hey there this is message 7877
hey there this is message 7878
hey there this is message 7879
hey there this is message 7880
hey there this is message 7881
hey there this is message 7882
hey there this is message 7883
hey there this is message 7884
hey there this is message 7885
hey there this is message 7886
hey there this is message 7887
hey there this is message 7888
hey there this is message 7889
hey there this is message 7890
hey there this is message 7891
hey there this is message 7892
hey there this is message 7893
hey there this is message 7894
hey there this is message 7895
hey there this is message 7896
hey there this is message 7897
hey there this is message 7898
hey there this is message 7899
hey there this is message 7900
hey there this is message 7901
hey there this is message 7902
hey there this is message 7903
hey there this is message 7904
hey there this is message 7905
hey there this is message 7906
hey there this is message 7907
hey there this is message 7908
hey there this is message 7909
hey there this is message 7910
hey there this is message 7911
hey there this is message 7912
hey there this is message 7913
hey there this is message 7914
hey there this is message 7915
hey there this is message 7916
hey there this is message 7917
hey there this is message 7918
hey there this is message 7919
hey there this is message 7920
hey there this is message 7921
hey there this is message 7922
hey there this is message 7923
hey there this is message 7924
hey there this is message 7925
hey there this is message 7926
hey there this is message 7927
hey there this is message 7928
hey there this is message 7929
hey there this is message 7930
hey there this is message 7931
hey there this is message 7932
hey there this is message 7933
hey there this is message 7934
hey there this is message 7935
hey there this is message 7936
hey there this is message 7937
hey there this is message 7938
hey there this is message 7939
hey there this is message 7940
hey there this is message 7941
hey there this is message 7942
hey there this is message 7943
hey there this is message 7944
hey there this is message 7945
hey there this is message 7946
hey there this is message 7947
hey there this is message 7948
hey there this is message 7949
hey there this is message 7950
hey there this is message 7951
hey there this is message 7952
hey there this is message 7953
hey there this is message 7954
hey there this is message 7955
hey there this is message 7956
hey there this is message 7957
hey there this is message 7958
hey there this is message 7959
hey there this is message 7960
hey there this is message 7961
hey there this is message 7962
hey there this is message 7963
hey there this is message 7964
hey there this is message 7965
hey there this is message 7966
hey there this is message 7967
hey there this is message 7968
hey there this is message 7969
hey there this is message 7970
hey there this is message 7971
hey there this is message 7972
hey there this is message 7973
hey there this is message 7974
hey there this is message 7975
hey there this is message 7976
hey there this is message 7977
hey there this is message 7978
hey there this is message 7979
hey there this is message 7980
hey there this is message 7981
hey there this is message 7982
hey there this is message 7983
hey there this is message 7984
hey there this is message 7985
hey there this is message 7986
hey there this is message 7987
hey there this is message 7988
hey there this is message 7989
hey there this is message 7990
hey there this is message 7991
hey there this is message 7992
hey there this is message 7993
hey there this is message 7994
hey there this is message 7995
hey there this is message 7996
hey there this is message 7997
hey there this is message 7998
hey there this is message 7999
hey there this is message 8000
hey there this is message 8001
hey there this is message 8002
hey there this is message 8003
hey there this is message 8004
hey there this is message 8005
hey there this is message 8006
hey there this is message 8007
hey there this is message 8008
hey there this is message 8009
hey there this is message 8010
hey there this is message 8011
hey there this is message 8012
hey there this is message 8013
hey there this is message 8014
hey there this is message 8015
hey there this is message 8016
hey there this is message 8017
hey there this is message 8018
hey there this is message 8019
hey there this is message 8020
hey there this is message 8021
hey there this is message 8022
hey there this is message 8023
hey there this is message 8024
hey there this is message 8025
hey there this is message 8026
hey there this is message 8027
hey there this is message 8028
hey there this is message 8029
hey there this is message 8030
hey there this is message 8031
hey there this is message 8032
hey there this is message 8033
hey there this is message 8034
hey there this is message 8035
hey there this is message 8036
hey there this is message 8037
hey there this is message 8038
hey there this is message 8039
hey there this is message 8040
hey there this is message 8041
hey there this is message 8042
hey there this is message 8043
hey there this is message 8044
hey there this is message 8045
hey there this is message 8046
hey there this is message 8047
hey there this is message 8048
hey there this is message 8049
hey there this is message 8050
hey there this is message 8051
hey there this is message 8052
hey there this is message 8053
hey there this is message 8054
hey there this is message 8055
hey there this is message 8056
hey there this is message 8057
hey there this is message 8058
hey there this is message 8059
hey there this is message 8060
hey there this is message 8061
hey there this is message 8062
hey there this is message 8063
hey there this is message 8064
hey there this is message 8065
hey there this is message 8066
hey there this is message 8067
hey there this is message 8068
hey there this is message 8069
hey there this is message 8070
hey there this is message 8071
hey there this is message 8072
hey there this is message 8073
hey there this is message 8074
hey there this is message 8075
hey there this is message 8076
hey there this is message 8077
hey there this is message 8078
hey there this is message 8079
hey there this is message 8080
hey there this is message 8081
hey there this is message 8082
hey there this is message 8083
hey there this is message 8084
hey there this is message 8085
hey there this is message 8086
hey there this is message 8087
hey there this is message 8088
hey there this is message 8089
hey there this is message 8090
hey there this is message 8091
hey there this is message 8092
hey there this is message 8093
hey there this is message 8094
hey there this is message 8095
hey there this is message 8096
hey there this is message 8097
hey there this is message 8098
hey there this is message 8099
hey there this is message 8100
hey there this is message 8101
hey there this is message 8102
hey there this is message 8103
hey there this is message 8104
hey there this is message 8105
hey there this is message 8106
hey there this is message 8107
hey there this is message 8108
hey there this is message 8109
hey there this is message 8110
hey there this is message 8111
hey there this is message 8112
hey there this is message 8113
hey there this is message 8114
hey there this is message 8115
hey there this is message 8116
hey there this is message 8117
hey there this is message 8118
hey there this is message 8119
hey there this is message 8120
hey there this is message 8121
hey there this is message 8122
hey there this is message 8123
hey there this is message 8124
hey there this is message 8125
hey there this is message 8126
hey there this is message 8127
hey there this is message 8128
hey there this is message 8129
hey there this is message 8130
hey there this is message 8131
hey there this is message 8132
hey there this is message 8133
hey there this is message 8134
hey there this is message 8135
hey there this is message 8136
hey there this is message 8137
hey there this is message 8138
hey there this is message 8139
hey there this is message 8140
hey there this is message 8141
hey there this is message 8142
hey there this is message 8143
hey there this is message 8144
hey there this is message 8145
hey there this is message 8146
hey there this is message 8147
hey there this is message 8148
hey there this is message 8149
hey there this is message 8150
hey there this is message 8151
hey there this is message 8152
hey there this is message 8153
hey there this is message 8154
hey there this is message 8155
hey there this is message 8156
hey there this is message 8157
hey there this is message 8158
hey there this is message 8159
hey there this is message 8160
hey there this is message 8161
hey there this is message 8162
hey there this is message 8163
hey there this is message 8164
hey there this is message 8165
hey there this is message 8166
hey there this is message 8167
hey there this is message 8168
hey there this is message 8169
hey there this is message 8170
hey there this is message 8171
hey there this is message 8172
hey there this is message 8173
hey there this is message 8174
hey there this is message 8175
hey there this is message 8176
hey there this is message 8177
hey there this is message 8178
hey there this is message 8179
hey there this is message 8180
hey there this is message 8181
hey there this is message 8182
hey there this is message 8183
hey there this is message 8184
hey there this is message 8185
hey there this is message 8186
hey there this is message 8187
hey there this is message 8188
hey there this is message 8189
hey there this is message 8190
hey there this is message 8191
hey there this is message 8192
hey there this is message 8193
hey there this is message 8194
hey there this is message 8195
hey there this is message 8196
hey there this is message 8197
hey there this is message 8198
hey there this is message 8199
hey there this is message 8200
hey there this is message 8201
hey there this is message 8202
hey there this is message 8203
hey there this is message 8204
hey there this is message 8205
hey there this is message 8206
hey there this is message 8207
hey there this is message 8208
hey there this is message 8209
hey there this is message 8210
hey there this is message 8211
hey there this is message 8212
hey there this is message 8213
hey there this is message 8214
hey there this is message 8215
hey there this is message 8216
hey there this is message 8217
hey there this is message 8218
hey there this is message 8219
hey there this is message 8220
hey there this is message 8221
hey there this is message 8222
hey there this is message 8223
hey there this is message 8224
hey there this is message 8225
hey there this is message 8226
hey there this is message 8227
hey there this is message 8228
hey there this is message 8229
hey there this is message 8230
hey there this is message 8231
hey there this is message 8232
hey there this is message 8233
hey there this is message 8234
hey there this is message 8235
hey there this is message 8236
hey there this is message 8237
hey there this is message 8238
hey there this is message 8239
hey there this is message 8240
hey there this is message 8241
hey there this is message 8242
hey there this is message 8243
hey there this is message 8244
hey there this is message 8245
hey there this is message 8246
hey there this is message 8247
hey there this is message 8248
hey there this is message 8249
hey there this is message 8250
hey there this is message 8251
hey there this is message 8252
hey there this is message 8253
hey there this is message 8254
hey there this is message 8255
hey there this is message 8256
hey there this is message 8257
hey there this is message 8258
hey there this is message 8259
hey there this is message 8260
hey there this is message 8261
hey there this is message 8262
hey there this is message 8263
hey there this is message 8264
hey there this is message 8265
hey there this is message 8266
hey there this is message 8267
hey there this is message 8268
hey there this is message 8269
hey there this is message 8270
hey there this is message 8271
hey there this is message 8272
hey there this is message 8273
hey there this is message 8274
hey there this is message 8275
hey there this is message 8276
hey there this is message 8277
hey there this is message 8278
hey there this is message 8279
hey there this is message 8280
hey there this is message 8281
hey there this is message 8282
hey there this is message 8283
hey there this is message 8284
hey there this is message 8285
hey there this is message 8286
hey there this is message 8287
hey there this is message 8288
hey there this is message 8289
hey there this is message 8290
hey there this is message 8291
hey there this is message 8292
hey there this is message 8293
hey there this is message 8294
hey there this is message 8295
hey there this is message 8296
hey there this is message 8297
hey there this is message 8298
hey there this is message 8299
hey there this is message 8300
hey there this is message 8301
hey there this is message 8302
hey there this is message 8303
hey there this is message 8304
hey there this is message 8305
hey there this is message 8306
hey there this is message 8307
hey there this is message 8308
hey there this is message 8309
hey there this is message 8310
hey there this is message 8311
hey there this is message 8312
hey there this is message 8313
hey there this is message 8314
hey there this is message 8315
hey there this is message 8316
hey there this is message 8317
hey there this is message 8318
hey there this is message 8319
hey there this is message 8320
hey there this is message 8321
hey there this is message 8322
hey there this is message 8323
hey there this is message 8324
hey there this is message 8325
hey there this is message 8326
hey there this is message 8327
hey there this is message 8328
hey there this is message 8329
hey there this is message 8330
hey there this is message 8331
hey there this is message 8332
hey there this is message 8333
hey there this is message 8334
hey there this is message 8335
hey there this is message 8336
hey there this is message 8337
hey there this is message 8338
hey there this is message 8339
hey there this is message 8340
hey there this is message 8341
hey there this is message 8342
hey there this is message 8343
hey there this is message 8344
hey there this is message 8345
hey there this is message 8346
hey there this is message 8347
hey there this is message 8348
hey there this is message 8349
hey there this is message 8350
hey there this is message 8351
hey there this is message 8352
hey there this is message 8353
hey there this is message 8354
hey there this is message 8355
hey there this is message 8356
hey there this is message 8357
hey there this is message 8358
hey there this is message 8359
hey there this is message 8360
hey there this is message 8361
hey there this is message 8362
hey there this is message 8363
hey there this is message 8364
hey there this is message 8365
hey there this is message 8366
hey there this is message 8367
hey there this is message 8368
hey there this is message 8369
hey there this is message 8370
hey there this is message 8371
hey there this is message 8372
hey there this is message 8373
hey there this is message 8374
hey there this is message 8375
hey there this is message 8376
hey there this is message 8377
hey there this is message 8378
hey there this is message 8379
hey there this is message 8380
hey there this is message 8381
hey there this is message 8382
hey there this is message 8383
hey there this is message 8384
hey there this is message 8385
hey there this is message 8386
hey there this is message 8387
hey there this is message 8388
hey there this is message 8389
hey there this is message 8390
hey there this is message 8391
hey there this is message 8392
hey there this is message 8393
hey there this is message 8394
hey there this is message 8395
hey there this is message 8396
hey there this is message 8397
hey there this is message 8398
hey there this is message 8399
hey there this is message 8400
hey there this is message 8401
hey there this is message 8402
hey there this is message 8403
hey there this is message 8404
hey there this is message 8405
hey there this is message 8406
hey there this is message 8407
hey there this is message 8408
hey there this is message 8409
hey there this is message 8410
hey there this is message 8411
hey there this is message 8412
hey there this is message 8413
hey there this is message 8414
hey there this is message 8415
hey there this is message 8416
hey there this is message 8417
hey there this is message 8418
hey there this is message 8419
hey there this is message 8420
hey there this is message 8421
hey there this is message 8422
hey there this is message 8423
hey there this is message 8424
hey there this is message 8425
hey there this is message 8426
hey there this is message 8427
hey there this is message 8428
hey there this is message 8429
hey there this is message 8430
hey there this is message 8431
hey there this is message 8432
hey there this is message 8433
hey there this is message 8434
hey there this is message 8435
hey there this is message 8436
hey there this is message 8437
hey there this is message 8438
hey there this is message 8439
hey there this is message 8440
hey there this is message 8441
hey there this is message 8442
hey there this is message 8443
hey there this is message 8444
hey there this is message 8445
hey there this is message 8446
hey there this is message 8447
hey there this is message 8448
hey there this is message 8449
hey there this is message 8450
hey there this is message 8451
hey there this is message 8452
hey there this is message 8453
hey there this is message 8454
hey there this is message 8455
hey there this is message 8456
hey there this is message 8457
hey there this is message 8458
hey there this is message 8459
hey there this is message 8460
hey there this is message 8461
hey there this is message 8462
hey there this is message 8463
hey there this is message 8464
hey there this is message 8465
hey there this is message 8466
hey there this is message 8467
hey there this is message 8468
hey there this is message 8469
hey there this is message 8470
hey there this is message 8471
hey there this is message 8472
hey there this is message 8473
hey there this is message 8474
hey there this is message 8475
hey there this is message 8476
hey there this is message 8477
hey there this is message 8478
hey there this is message 8479
hey there this is message 8480
hey there this is message 8481
hey there this is message 8482
hey there this is message 8483
hey there this is message 8484
hey there this is message 8485
hey there this is message 8486
hey there this is message 8487
hey there this is message 8488
hey there this is message 8489
hey there this is message 8490
hey there this is message 8491
hey there this is message 8492
hey there this is message 8493
hey there this is message 8494
hey there this is message 8495
hey there this is message 8496
hey there this is message 8497
hey there this is message 8498
hey there this is message 8499
hey there this is message 8500
hey there this is message 8501
hey there this is message 8502
hey there this is message 8503
hey there this is message 8504
hey there this is message 8505
hey there this is message 8506
hey there this is message 8507
hey there this is message 8508
hey there this is message 8509
hey there this is message 8510
hey there this is message 8511
hey there this is message 8512
hey there this is message 8513
hey there this is message 8514
hey there this is message 8515
hey there this is message 8516
hey there this is message 8517
hey there this is message 8518
hey there this is message 8519
hey there this is message 8520
hey there this is message 8521
hey there this is message 8522
hey there this is message 8523
hey there this is message 8524
hey there this is message 8525
hey there this is message 8526
hey there this is message 8527
hey there this is message 8528
hey there this is message 8529
hey there this is message 8530
hey there this is message 8531
hey there this is message 8532
hey there this is message 8533
hey there this is message 8534
hey there this is message 8535
hey there this is message 8536
hey there this is message 8537
hey there this is message 8538
hey there this is message 8539
hey there this is message 8540
hey there this is message 8541
hey there this is message 8542
hey there this is message 8543
hey there this is message 8544
hey there this is message 8545
hey there this is message 8546
hey there this is message 8547
hey there this is message 8548
hey there this is message 8549
hey there this is message 8550
hey there this is message 8551
hey there this is message 8552
hey there this is message 8553
hey there this is message 8554
hey there this is message 8555
hey there this is message 8556
hey there this is message 8557
hey there this is message 8558
hey there this is message 8559
hey there this is message 8560
hey there this is message 8561
hey there this is message 8562
hey there this is message 8563
hey there this is message 8564
hey there this is message 8565
hey there this is message 8566
hey there this is message 8567
hey there this is message 8568
hey there this is message 8569
hey there this is message 8570
hey there this is message 8571
hey there this is message 8572
hey there this is message 8573
hey there this is message 8574
hey there this is message 8575
hey there this is message 8576
hey there this is message 8577
hey there this is message 8578
hey there this is message 8579
hey there this is message 8580
hey there this is message 8581
hey there this is message 8582
hey there this is message 8583
hey there this is message 8584
hey there this is message 8585
hey there this is message 8586
hey there this is message 8587
hey there this is message 8588
hey there this is message 8589
hey there this is message 8590
hey there this is message 8591
hey there this is message 8592
hey there this is message 8593
hey there this is message 8594
hey there this is message 8595
hey there this is message 8596
hey there this is message 8597
hey there this is message 8598
hey there this is message 8599
hey there this is message 8600
hey there this is message 8601
hey there this is message 8602
hey there this is message 8603
hey there this is message 8604
hey there this is message 8605
hey there this is message 8606
hey there this is message 8607
hey there this is message 8608
hey there this is message 8609
hey there this is message 8610
hey there this is message 8611
hey there this is message 8612
hey there this is message 8613
hey there this is message 8614
hey there this is message 8615
hey there this is message 8616
hey there this is message 8617
hey there this is message 8618
hey there this is message 8619
hey there this is message 8620
hey there this is message 8621
hey there this is message 8622
hey there this is message 8623
hey there this is message 8624
hey there this is message 8625
hey there this is message 8626
hey there this is message 8627
hey there this is message 8628
hey there this is message 8629
hey there this is message 8630
hey there this is message 8631
hey there this is message 8632
hey there this is message 8633
hey there this is message 8634
hey there this is message 8635
hey there this is message 8636
hey there this is message 8637
hey there this is message 8638
hey there this is message 8639
hey there this is message 8640
hey there this is message 8641
hey there this is message 8642
hey there this is message 8643
hey there this is message 8644
hey there this is message 8645
hey there this is message 8646
hey there this is message 8647
hey there this is message 8648
hey there this is message 8649
hey there this is message 8650
hey there this is message 8651
hey there this is message 8652
hey there this is message 8653
hey there this is message 8654
hey there this is message 8655
hey there this is message 8656
hey there this is message 8657
hey there this is message 8658
hey there this is message 8659
hey there this is message 8660
hey there this is message 8661
hey there this is message 8662
hey there this is message 8663
hey there this is message 8664
hey there this is message 8665
hey there this is message 8666
hey there this is message 8667
hey there this is message 8668
hey there this is message 8669
hey there this is message 8670
hey there this is message 8671
hey there this is message 8672
hey there this is message 8673
hey there this is message 8674
hey there this is message 8675
hey there this is message 8676
hey there this is message 8677
hey there this is message 8678
hey there this is message 8679
hey there this is message 8680
hey there this is message 8681
hey there this is message 8682
hey there this is message 8683
hey there this is message 8684
hey there this is message 8685
hey there this is message 8686
hey there this is message 8687
hey there this is message 8688
hey there this is message 8689
hey there this is message 8690
hey there this is message 8691
hey there this is message 8692
hey there this is message 8693
hey there this is message 8694
hey there this is message 8695
hey there this is message 8696
hey there this is message 8697
hey there this is message 8698
hey there this is message 8699
hey there this is message 8700
hey there this is message 8701
hey there this is message 8702
hey there this is message 8703
hey there this is message 8704
hey there this is message 8705
hey there this is message 8706
hey there this is message 8707
hey there this is message 8708
hey there this is message 8709
hey there this is message 8710
hey there this is message 8711
hey there this is message 8712
hey there this is message 8713
hey there this is message 8714
hey there this is message 8715
hey there this is message 8716
hey there this is message 8717
hey there this is message 8718
hey there this is message 8719
hey there this is message 8720
hey there this is message 8721
hey there this is message 8722
hey there this is message 8723
hey there this is message 8724
hey there this is message 8725
hey there this is message 8726
hey there this is message 8727
hey there this is message 8728
hey there this is message 8729
hey there this is message 8730
hey there this is message 8731
hey there this is message 8732
hey there this is message 8733
hey there this is message 8734
hey there this is message 8735
hey there this is message 8736
hey there this is message 8737
hey there this is message 8738
hey there this is message 8739
hey there this is message 8740
hey there this is message 8741
hey there this is message 8742
hey there this is message 8743
hey there this is message 8744
hey there this is message 8745
hey there this is message 8746
hey there this is message 8747
hey there this is message 8748
hey there this is message 8749
hey there this is message 8750
hey there this is message 8751
hey there this is message 8752
hey there this is message 8753
hey there this is message 8754
hey there this is message 8755
hey there this is message 8756
hey there this is message 8757
hey there this is message 8758
hey there this is message 8759
hey there this is message 8760
hey there this is message 8761
hey there this is message 8762
hey there this is message 8763
hey there this is message 8764
hey there this is message 8765
hey there this is message 8766
hey there this is message 8767
hey there this is message 8768
hey there this is message 8769
hey there this is message 8770
hey there this is message 8771
hey there this is message 8772
hey there this is message 8773
hey there this is message 8774
hey there this is message 8775
hey there this is message 8776
hey there this is message 8777
hey there this is message 8778
hey there this is message 8779
hey there this is message 8780
hey there this is message 8781
hey there this is message 8782
hey there this is message 8783
hey there this is message 8784
hey there this is message 8785
hey there this is message 8786
hey there this is message 8787
hey there this is message 8788
hey there this is message 8789
hey there this is message 8790
hey there this is message 8791
hey there this is message 8792
hey there this is message 8793
hey there this is message 8794
hey there this is message 8795
hey there this is message 8796
hey there this is message 8797
hey there this is message 8798
hey there this is message 8799
hey there this is message 8800
hey there this is message 8801
hey there this is message 8802
hey there this is message 8803
hey there this is message 8804
hey there this is message 8805
hey there this is message 8806
hey there this is message 8807
hey there this is message 8808
hey there this is message 8809
hey there this is message 8810
hey there this is message 8811
hey there this is message 8812
hey there this is message 8813
hey there this is message 8814
hey there this is message 8815
hey there this is message 8816
hey there this is message 8817
hey there this is message 8818
hey there this is message 8819
hey there this is message 8820
hey there this is message 8821
hey there this is message 8822
hey there this is message 8823
hey there this is message 8824
hey there this is message 8825
hey there this is message 8826
hey there this is message 8827
hey there this is message 8828
hey there this is message 8829
hey there this is message 8830
hey there this is message 8831
hey there this is message 8832
hey there this is message 8833
hey there this is message 8834
hey there this is message 8835
hey there this is message 8836
hey there this is message 8837
hey there this is message 8838
hey there this is message 8839
hey there this is message 8840
hey there this is message 8841
hey there this is message 8842
hey there this is message 8843
hey there this is message 8844
hey there this is message 8845
hey there this is message 8846
hey there this is message 8847
hey there this is message 8848
hey there this is message 8849
hey there this is message 8850
hey there this is message 8851
hey there this is message 8852
hey there this is message 8853
hey there this is message 8854
hey there this is message 8855
hey there this is message 8856
hey there this is message 8857
hey there this is message 8858
hey there this is message 8859
hey there this is message 8860
hey there this is message 8861
hey there this is message 8862
hey there this is message 8863
hey there this is message 8864
hey there this is message 8865
hey there this is message 8866
hey there this is message 8867
hey there this is message 8868
hey there this is message 8869
hey there this is message 8870
hey there this is message 8871
hey there this is message 8872
hey there this is message 8873
hey there this is message 8874
hey there this is message 8875
hey there this is message 8876
hey there this is message 8877
hey there this is message 8878
hey there this is message 8879
hey there this is message 8880
hey there this is message 8881
hey there this is message 8882
hey there this is message 8883
hey there this is message 8884
hey there this is message 8885
hey there this is message 8886
hey there this is message 8887
hey there this is message 8888
hey there this is message 8889
hey there this is message 8890
hey there this is message 8891
hey there this is message 8892
hey there this is message 8893
hey there this is message 8894
hey there this is message 8895
hey there this is message 8896
hey there this is message 8897
hey there this is message 8898
hey there this is message 8899
hey there this is message 8900
hey there this is message 8901
hey there this is message 8902
hey there this is message 8903
hey there this is message 8904
hey there this is message 8905
hey there this is message 8906
hey there this is message 8907
hey there this is message 8908
hey there this is message 8909
hey there this is message 8910
hey there this is message 8911
hey there this is message 8912
hey there this is message 8913
hey there this is message 8914
hey there this is message 8915
hey there this is message 8916
hey there this is message 8917
hey there this is message 8918
hey there this is message 8919
hey there this is message 8920
hey there this is message 8921
hey there this is message 8922
hey there this is message 8923
hey there this is message 8924
hey there this is message 8925
hey there this is message 8926
hey there this is message 8927
hey there this is message 8928
hey there this is message 8929
hey there this is message 8930
hey there this is message 8931
hey there this is message 8932
hey there this is message 8933
hey there this is message 8934
hey there this is message 8935
hey there this is message 8936
hey there this is message 8937
hey there this is message 8938
hey there this is message 8939
hey there this is message 8940
hey there this is message 8941
hey there this is message 8942
hey there this is message 8943
hey there this is message 8944
hey there this is message 8945
hey there this is message 8946
hey there this is message 8947
hey there this is message 8948
hey there this is message 8949
hey there this is message 8950
hey there this is message 8951
hey there this is message 8952
hey there this is message 8953
hey there this is message 8954
hey there this is message 8955
hey there this is message 8956
hey there this is message 8957
hey there this is message 8958
hey there this is message 8959
hey there this is message 8960
hey there this is message 8961
hey there this is message 8962
hey there this is message 8963
hey there this is message 8964
hey there this is message 8965
hey there this is message 8966
hey there this is message 8967
hey there this is message 8968
hey there this is message 8969
hey there this is message 8970
hey there this is message 8971
hey there this is message 8972
hey there this is message 8973
hey there this is message 8974
hey there this is message 8975
hey there this is message 8976
hey there this is message 8977
hey there this is message 8978
hey there this is message 8979
hey there this is message 8980
hey there this is message 8981
hey there this is message 8982
hey there this is message 8983
hey there this is message 8984
hey there this is message 8985
hey there this is message 8986
hey there this is message 8987
hey there this is message 8988
hey there this is message 8989
hey there this is message 8990
hey there this is message 8991
hey there this is message 8992
hey there this is message 8993
hey there this is message 8994
hey there this is message 8995
hey there this is message 8996
hey there this is message 8997
hey there this is message 8998
hey there this is message 8999
hey there this is message 9000
hey there this is message 9001
hey there this is message 9002
hey there this is message 9003
hey there this is message 9004
hey there this is message 9005
hey there this is message 9006
hey there this is message 9007
hey there this is message 9008
hey there this is message 9009
hey there this is message 9010
hey there this is message 9011
hey there this is message 9012
hey there this is message 9013
hey there this is message 9014
hey there this is message 9015
hey there this is message 9016
hey there this is message 9017
hey there this is message 9018
hey there this is message 9019
hey there this is message 9020
hey there this is message 9021
hey there this is message 9022
hey there this is message 9023
hey there this is message 9024
hey there this is message 9025
hey there this is message 9026
hey there this is message 9027
hey there this is message 9028
hey there this is message 9029
hey there this is message 9030
hey there this is message 9031
hey there this is message 9032
hey there this is message 9033
hey there this is message 9034
hey there this is message 9035
hey there this is message 9036
hey there this is message 9037
hey there this is message 9038
hey there this is message 9039
hey there this is message 9040
hey there this is message 9041
hey there this is message 9042
hey there this is message 9043
hey there this is message 9044
hey there this is message 9045
hey there this is message 9046
hey there this is message 9047
hey there this is message 9048
hey there this is message 9049
hey there this is message 9050
hey there this is message 9051
hey there this is message 9052
hey there this is message 9053
hey there this is message 9054
hey there this is message 9055
hey there this is message 9056
hey there this is message 9057
hey there this is message 9058
hey there this is message 9059
hey there this is message 9060
hey there this is message 9061
hey there this is message 9062
hey there this is message 9063
hey there this is message 9064
hey there this is message 9065
hey there this is message 9066
hey there this is message 9067
hey there this is message 9068
hey there this is message 9069
hey there this is message 9070
hey there this is message 9071
hey there this is message 9072
hey there this is message 9073
hey there this is message 9074
hey there this is message 9075
hey there this is message 9076
hey there this is message 9077
hey there this is message 9078
hey there this is message 9079
hey there this is message 9080
hey there this is message 9081
hey there this is message 9082
hey there this is message 9083
hey there this is message 9084
hey there this is message 9085
hey there this is message 9086
hey there this is message 9087
hey there this is message 9088
hey there this is message 9089
hey there this is message 9090
hey there this is message 9091
hey there this is message 9092
hey there this is message 9093
hey there this is message 9094
hey there this is message 9095
hey there this is message 9096
hey there this is message 9097
hey there this is message 9098
hey there this is message 9099
hey there this is message 9100
hey there this is message 9101
hey there this is message 9102
hey there this is message 9103
hey there this is message 9104
hey there this is message 9105
hey there this is message 9106
hey there this is message 9107
hey there this is message 9108
hey there this is message 9109
hey there this is message 9110
hey there this is message 9111
hey there this is message 9112
hey there this is message 9113
hey there this is message 9114
hey there this is message 9115
hey there this is message 9116
hey there this is message 9117
hey there this is message 9118
hey there this is message 9119
hey there this is message 9120
hey there this is message 9121
hey there this is message 9122
hey there this is message 9123
hey there this is message 9124
hey there this is message 9125
hey there this is message 9126
hey there this is message 9127
hey there this is message 9128
hey there this is message 9129
hey there this is message 9130
hey there this is message 9131
hey there this is message 9132
hey there this is message 9133
hey there this is message 9134
hey there this is message 9135
hey there this is message 9136
hey there this is message 9137
hey there this is message 9138
hey there this is message 9139
hey there this is message 9140
hey there this is message 9141
hey there this is message 9142
hey there this is message 9143
hey there this is message 9144
hey there this is message 9145
hey there this is message 9146
hey there this is message 9147
hey there this is message 9148
hey there this is message 9149
hey there this is message 9150
hey there this is message 9151
hey there this is message 9152
hey there this is message 9153
hey there this is message 9154
hey there this is message 9155
hey there this is message 9156
hey there this is message 9157
hey there this is message 9158
hey there this is message 9159
hey there this is message 9160
hey there this is message 9161
hey there this is message 9162
hey there this is message 9163
hey there this is message 9164
hey there this is message 9165
hey there this is message 9166
hey there this is message 9167
hey there this is message 9168
hey there this is message 9169
hey there this is message 9170
hey there this is message 9171
hey there this is message 9172
hey there this is message 9173
hey there this is message 9174
hey there this is message 9175
hey there this is message 9176
hey there this is message 9177
hey there this is message 9178
hey there this is message 9179
hey there this is message 9180
hey there this is message 9181
hey there this is message 9182
hey there this is message 9183
hey there this is message 9184
hey there this is message 9185
hey there this is message 9186
hey there this is message 9187
hey there this is message 9188
hey there this is message 9189
hey there this is message 9190
hey there this is message 9191
hey there this is message 9192
hey there this is message 9193
hey there this is message 9194
hey there this is message 9195
hey there this is message 9196
hey there this is message 9197
hey there this is message 9198
hey there this is message 9199
hey there this is message 9200
hey there this is message 9201
hey there this is message 9202
hey there this is message 9203
hey there this is message 9204
hey there this is message 9205
hey there this is message 9206
hey there this is message 9207
hey there this is message 9208
hey there this is message 9209
hey there this is message 9210
hey there this is message 9211
hey there this is message 9212
hey there this is message 9213
hey there this is message 9214
hey there this is message 9215
hey there this is message 9216
hey there this is message 9217
hey there this is message 9218
hey there this is message 9219
hey there this is message 9220
hey there this is message 9221
hey there this is message 9222
hey there this is message 9223
hey there this is message 9224
hey there this is message 9225
hey there this is message 9226
hey there this is message 9227
hey there this is message 9228
hey there this is message 9229
hey there this is message 9230
hey there this is message 9231
hey there this is message 9232
hey there this is message 9233
hey there this is message 9234
hey there this is message 9235
hey there this is message 9236
hey there this is message 9237
hey there this is message 9238
hey there this is message 9239
hey there this is message 9240
hey there this is message 9241
hey there this is message 9242
hey there this is message 9243
hey there this is message 9244
hey there this is message 9245
hey there this is message 9246
hey there this is message 9247
hey there this is message 9248
hey there this is message 9249
hey there this is message 9250
hey there this is message 9251
hey there this is message 9252
hey there this is message 9253
hey there this is message 9254
hey there this is message 9255
hey there this is message 9256
hey there this is message 9257
hey there this is message 9258
hey there this is message 9259
hey there this is message 9260
hey there this is message 9261
hey there this is message 9262
hey there this is message 9263
hey there this is message 9264
hey there this is message 9265
hey there this is message 9266
hey there this is message 9267
hey there this is message 9268
hey there this is message 9269
hey there this is message 9270
hey there this is message 9271
hey there this is message 9272
hey there this is message 9273
hey there this is message 9274
hey there this is message 9275
hey there this is message 9276
hey there this is message 9277
hey there this is message 9278
hey there this is message 9279
hey there this is message 9280
hey there this is message 9281
hey there this is message 9282
hey there this is message 9283
hey there this is message 9284
hey there this is message 9285
hey there this is message 9286
hey there this is message 9287
hey there this is message 9288
hey there this is message 9289
hey there this is message 9290
hey there this is message 9291
hey there this is message 9292
hey there this is message 9293
hey there this is message 9294
hey there this is message 9295
hey there this is message 9296
hey there this is message 9297
hey there this is message 9298
hey there this is message 9299
hey there this is message 9300
hey there this is message 9301
hey there this is message 9302
hey there this is message 9303
hey there this is message 9304
hey there this is message 9305
hey there this is message 9306
hey there this is message 9307
hey there this is message 9308
hey there this is message 9309
hey there this is message 9310
hey there this is message 9311
hey there this is message 9312
hey there this is message 9313
hey there this is message 9314
hey there this is message 9315
hey there this is message 9316
hey there this is message 9317
hey there this is message 9318
hey there this is message 9319
hey there this is message 9320
hey there this is message 9321
hey there this is message 9322
hey there this is message 9323
hey there this is message 9324
hey there this is message 9325
hey there this is message 9326
hey there this is message 9327
hey there this is message 9328
hey there this is message 9329
hey there this is message 9330
hey there this is message 9331
hey there this is message 9332
hey there this is message 9333
hey there this is message 9334
hey there this is message 9335
hey there this is message 9336
hey there this is message 9337
hey there this is message 9338
hey there this is message 9339
hey there this is message 9340
hey there this is message 9341
hey there this is message 9342
hey there this is message 9343
hey there this is message 9344
hey there this is message 9345
hey there this is message 9346
hey there this is message 9347
hey there this is message 9348
hey there this is message 9349
hey there this is message 9350
hey there this is message 9351
hey there this is message 9352
hey there this is message 9353
hey there this is message 9354
hey there this is message 9355
hey there this is message 9356
hey there this is message 9357
hey there this is message 9358
hey there this is message 9359
hey there this is message 9360
hey there this is message 9361
hey there this is message 9362
hey there this is message 9363
hey there this is message 9364
hey there this is message 9365
hey there this is message 9366
hey there this is message 9367
hey there this is message 9368
hey there this is message 9369
hey there this is message 9370
hey there this is message 9371
hey there this is message 9372
hey there this is message 9373
hey there this is message 9374
hey there this is message 9375
hey there this is message 9376
hey there this is message 9377
hey there this is message 9378
hey there this is message 9379
hey there this is message 9380
hey there this is message 9381
hey there this is message 9382
hey there this is message 9383
hey there this is message 9384
hey there this is message 9385
hey there this is message 9386
hey there this is message 9387
hey there this is message 9388
hey there this is message 9389
hey there this is message 9390
hey there this is message 9391
hey there this is message 9392
hey there this is message 9393
hey there this is message 9394
hey there this is message 9395
hey there this is message 9396
hey there this is message 9397
hey there this is message 9398
hey there this is message 9399
hey there this is message 9400
hey there this is message 9401
hey there this is message 9402
hey there this is message 9403
hey there this is message 9404
hey there this is message 9405
hey there this is message 9406
hey there this is message 9407
hey there this is message 9408
hey there this is message 9409
hey there this is message 9410
hey there this is message 9411
hey there this is message 9412
hey there this is message 9413
hey there this is message 9414
hey there this is message 9415
hey there this is message 9416
hey there this is message 9417
hey there this is message 9418
hey there this is message 9419
hey there this is message 9420
hey there this is message 9421
hey there this is message 9422
hey there this is message 9423
hey there this is message 9424
hey there this is message 9425
hey there this is message 9426
hey there this is message 9427
hey there this is message 9428
hey there this is message 9429
hey there this is message 9430
hey there this is message 9431
hey there this is message 9432
hey there this is message 9433
hey there this is message 9434
hey there this is message 9435
hey there this is message 9436
hey there this is message 9437
hey there this is message 9438
hey there this is message 9439
hey there this is message 9440
hey there this is message 9441
hey there this is message 9442
hey there this is message 9443
hey there this is message 9444
hey there this is message 9445
hey there this is message 9446
hey there this is message 9447
hey there this is message 9448
hey there this is message 9449
hey there this is message 9450
hey there this is message 9451
hey there this is message 9452
hey there this is message 9453
hey there this is message 9454
hey there this is message 9455
hey there this is message 9456
hey there this is message 9457
hey there this is message 9458
hey there this is message 9459
hey there this is message 9460
hey there this is message 9461
hey there this is message 9462
hey there this is message 9463
hey there this is message 9464
hey there this is message 9465
hey there this is message 9466
hey there this is message 9467
hey there this is message 9468
hey there this is message 9469
hey there this is message 9470
hey there this is message 9471
hey there this is message 9472
hey there this is message 9473
hey there this is message 9474
hey there this is message 9475
hey there this is message 9476
hey there this is message 9477
hey there this is message 9478
hey there this is message 9479
hey there this is message 9480
hey there this is message 9481
hey there this is message 9482
hey there this is message 9483
hey there this is message 9484
hey there this is message 9485
hey there this is message 9486
hey there this is message 9487
hey there this is message 9488
hey there this is message 9489
hey there this is message 9490
hey there this is message 9491
hey there this is message 9492
hey there this is message 9493
hey there this is message 9494
hey there this is message 9495
hey there this is message 9496
hey there this is message 9497
hey there this is message 9498
hey there this is message 9499
hey there this is message 9500
hey there this is message 9501
hey there this is message 9502
hey there this is message 9503
hey there this is message 9504
hey there this is message 9505
hey there this is message 9506
hey there this is message 9507
hey there this is message 9508
hey there this is message 9509
hey there this is message 9510
hey there this is message 9511
hey there this is message 9512
hey there this is message 9513
hey there this is message 9514
hey there this is message 9515
hey there this is message 9516
hey there this is message 9517
hey there this is message 9518
hey there this is message 9519
hey there this is message 9520
hey there this is message 9521
hey there this is message 9522
hey there this is message 9523
hey there this is message 9524
hey there this is message 9525
hey there this is message 9526
hey there this is message 9527
hey there this is message 9528
hey there this is message 9529
hey there this is message 9530
hey there this is message 9531
hey there this is message 9532
hey there this is message 9533
hey there this is message 9534
hey there this is message 9535
hey there this is message 9536
hey there this is message 9537
hey there this is message 9538
hey there this is message 9539
hey there this is message 9540
hey there this is message 9541
hey there this is message 9542
hey there this is message 9543
hey there this is message 9544
hey there this is message 9545
hey there this is message 9546
hey there this is message 9547
hey there this is message 9548
hey there this is message 9549
hey there this is message 9550
hey there this is message 9551
hey there this is message 9552
hey there this is message 9553
hey there this is message 9554
hey there this is message 9555
hey there this is message 9556
hey there this is message 9557
hey there this is message 9558
hey there this is message 9559
hey there this is message 9560
hey there this is message 9561
hey there this is message 9562
hey there this is message 9563
hey there this is message 9564
hey there this is message 9565
hey there this is message 9566
hey there this is message 9567
hey there this is message 9568
hey there this is message 9569
hey there this is message 9570
hey there this is message 9571
hey there this is message 9572
hey there this is message 9573
hey there this is message 9574
hey there this is message 9575
hey there this is message 9576
hey there this is message 9577
hey there this is message 9578
hey there this is message 9579
hey there this is message 9580
hey there this is message 9581
hey there this is message 9582
hey there this is message 9583
hey there this is message 9584
hey there this is message 9585
hey there this is message 9586
hey there this is message 9587
hey there this is message 9588
hey there this is message 9589
hey there this is message 9590
hey there this is message 9591
hey there this is message 9592
hey there this is message 9593
hey there this is message 9594
hey there this is message 9595
hey there this is message 9596
hey there this is message 9597
hey there this is message 9598
hey there this is message 9599
hey there this is message 9600
hey there this is message 9601
hey there this is message 9602
hey there this is message 9603
hey there this is message 9604
hey there this is message 9605
hey there this is message 9606
hey there this is message 9607
hey there this is message 9608
hey there this is message 9609
hey there this is message 9610
hey there this is message 9611
hey there this is message 9612
hey there this is message 9613
hey there this is message 9614
hey there this is message 9615
hey there this is message 9616
hey there this is message 9617
hey there this is message 9618
hey there this is message 9619
hey there this is message 9620
hey there this is message 9621
hey there this is message 9622
hey there this is message 9623
hey there this is message 9624
hey there this is message 9625
hey there this is message 9626
hey there this is message 9627
hey there this is message 9628
hey there this is message 9629
hey there this is message 9630
hey there this is message 9631
hey there this is message 9632
hey there this is message 9633
hey there this is message 9634
hey there this is message 9635
hey there this is message 9636
hey there this is message 9637
hey there this is message 9638
hey there this is message 9639
hey there this is message 9640
hey there this is message 9641
hey there this is message 9642
hey there this is message 9643
hey there this is message 9644
hey there this is message 9645
hey there this is message 9646
hey there this is message 9647
hey there this is message 9648
hey there this is message 9649
hey there this is message 9650
hey there this is message 9651
hey there this is message 9652
hey there this is message 9653
hey there this is message 9654
hey there this is message 9655
hey there this is message 9656
hey there this is message 9657
hey there this is message 9658
hey there this is message 9659
hey there this is message 9660
hey there this is message 9661
hey there this is message 9662
hey there this is message 9663
hey there this is message 9664
hey there this is message 9665
hey there this is message 9666
hey there this is message 9667
hey there this is message 9668
hey there this is message 9669
hey there this is message 9670
hey there this is message 9671
hey there this is message 9672
hey there this is message 9673
hey there this is message 9674
hey there this is message 9675
hey there this is message 9676
hey there this is message 9677
hey there this is message 9678
hey there this is message 9679
hey there this is message 9680
hey there this is message 9681
hey there this is message 9682
hey there this is message 9683
hey there this is message 9684
hey there this is message 9685
hey there this is message 9686
hey there this is message 9687
hey there this is message 9688
hey there this is message 9689
hey there this is message 9690
hey there this is message 9691
hey there this is message 9692
hey there this is message 9693
hey there this is message 9694
hey there this is message 9695
hey there this is message 9696
hey there this is message 9697
hey there this is message 9698
hey there this is message 9699
hey there this is message 9700
hey there this is message 9701
hey there this is message 9702
hey there this is message 9703
hey there this is message 9704
hey there this is message 9705
hey there this is message 9706
hey there this is message 9707
hey there this is message 9708
hey there this is message 9709
hey there this is message 9710
hey there this is message 9711
hey there this is message 9712
hey there this is message 9713
hey there this is message 9714
hey there this is message 9715
hey there this is message 9716
hey there this is message 9717
hey there this is message 9718
hey there this is message 9719
hey there this is message 9720
hey there this is message 9721
hey there this is message 9722
hey there this is message 9723
hey there this is message 9724
hey there this is message 9725
hey there this is message 9726
hey there this is message 9727
hey there this is message 9728
hey there this is message 9729
hey there this is message 9730
hey there this is message 9731
hey there this is message 9732
hey there this is message 9733
hey there this is message 9734
hey there this is message 9735
hey there this is message 9736
hey there this is message 9737
hey there this is message 9738
hey there this is message 9739
hey there this is message 9740
hey there this is message 9741
hey there this is message 9742
hey there this is message 9743
hey there this is message 9744
hey there this is message 9745
hey there this is message 9746
hey there this is message 9747
hey there this is message 9748
hey there this is message 9749
hey there this is message 9750
hey there this is message 9751
hey there this is message 9752
hey there this is message 9753
hey there this is message 9754
hey there this is message 9755
hey there this is message 9756
hey there this is message 9757
hey there this is message 9758
hey there this is message 9759
hey there this is message 9760
hey there this is message 9761
hey there this is message 9762
hey there this is message 9763
hey there this is message 9764
hey there this is message 9765
hey there this is message 9766
hey there this is message 9767
hey there this is message 9768
hey there this is message 9769
hey there this is message 9770
hey there this is message 9771
hey there this is message 9772
hey there this is message 9773
hey there this is message 9774
hey there this is message 9775
hey there this is message 9776
hey there this is message 9777
hey there this is message 9778
hey there this is message 9779
hey there this is message 9780
hey there this is message 9781
hey there this is message 9782
hey there this is message 9783
hey there this is message 9784
hey there this is message 9785
hey there this is message 9786
hey there this is message 9787
hey there this is message 9788
hey there this is message 9789
hey there this is message 9790
hey there this is message 9791
hey there this is message 9792
hey there this is message 9793
hey there this is message 9794
hey there this is message 9795
hey there this is message 9796
hey there this is message 9797
hey there this is message 9798
hey there this is message 9799
hey there this is message 9800
hey there this is message 9801
hey there this is message 9802
hey there this is message 9803
hey there this is message 9804
hey there this is message 9805
hey there this is message 9806
hey there this is message 9807
hey there this is message 9808
hey there this is message 9809
hey there this is message 9810
hey there this is message 9811
hey there this is message 9812
hey there this is message 9813
hey there this is message 9814
hey there this is message 9815
hey there this is message 9816
hey there this is message 9817
hey there this is message 9818
hey there this is message 9819
hey there this is message 9820
hey there this is message 9821
hey there this is message 9822
hey there this is message 9823
hey there this is message 9824
hey there this is message 9825
hey there this is message 9826
hey there this is message 9827
hey there this is message 9828
hey there this is message 9829
hey there this is message 9830
hey there this is message 9831
hey there this is message 9832
hey there this is message 9833
hey there this is message 9834
hey there this is message 9835
hey there this is message 9836
hey there this is message 9837
hey there this is message 9838
hey there this is message 9839
hey there this is message 9840
hey there this is message 9841
hey there this is message 9842
hey there this is message 9843
hey there this is message 9844
hey there this is message 9845
hey there this is message 9846
hey there this is message 9847
hey there this is message 9848
hey there this is message 9849
hey there this is message 9850
hey there this is message 9851
hey there this is message 9852
hey there this is message 9853
hey there this is message 9854
hey there this is message 9855
hey there this is message 9856
hey there this is message 9857
hey there this is message 9858
hey there this is message 9859
hey there this is message 9860
hey there this is message 9861
hey there this is message 9862
hey there this is message 9863
hey there this is message 9864
hey there this is message 9865
hey there this is message 9866
hey there this is message 9867
hey there this is message 9868
hey there this is message 9869
hey there this is message 9870
hey there this is message 9871
hey there this is message 9872
hey there this is message 9873
hey there this is message 9874
hey there this is message 9875
hey there this is message 9876
hey there this is message 9877
hey there this is message 9878
hey there this is message 9879
hey there this is message 9880
hey there this is message 9881
hey there this is message 9882
hey there this is message 9883
hey there this is message 9884
hey there this is message 9885
hey there this is message 9886
hey there this is message 9887
hey there this is message 9888
hey there this is message 9889
hey there this is message 9890
hey there this is message 9891
hey there this is message 9892
hey there this is message 9893
hey there this is message 9894
hey there this is message 9895
hey there this is message 9896
hey there this is message 9897
hey there this is message 9898
hey there this is message 9899
hey there this is message 9900
hey there this is message 9901
hey there this is message 9902
hey there this is message 9903
hey there this is message 9904
hey there this is message 9905
hey there this is message 9906
hey there this is message 9907
hey there this is message 9908
hey there this is message 9909
hey there this is message 9910
hey there this is message 9911
hey there this is message 9912
hey there this is message 9913
hey there this is message 9914
hey there this is message 9915
hey there this is message 9916
hey there this is message 9917
hey there this is message 9918
hey there this is message 9919
hey there this is message 9920
hey there this is message 9921
hey there this is message 9922
hey there this is message 9923
hey there this is message 9924
hey there this is message 9925
hey there this is message 9926
hey there this is message 9927
hey there this is message 9928
hey there this is message 9929
hey there this is message 9930
hey there this is message 9931
hey there this is message 9932
hey there this is message 9933
hey there this is message 9934
hey there this is message 9935
hey there this is message 9936
hey there this is message 9937
hey there this is message 9938
hey there this is message 9939
hey there this is message 9940
hey there this is message 9941
hey there this is message 9942
hey there this is message 9943
hey there this is message 9944
hey there this is message 9945
hey there this is message 9946
hey there this is message 9947
hey there this is message 9948
hey there this is message 9949
hey there this is message 9950
hey there this is message 9951
hey there this is message 9952
hey there this is message 9953
hey there this is message 9954
hey there this is message 9955
hey there this is message 9956
hey there this is message 9957
hey there this is message 9958
hey there this is message 9959
hey there this is message 9960
hey there this is message 9961
hey there this is message 9962
hey there this is message 9963
hey there this is message 9964
hey there this is message 9965
hey there this is message 9966
hey there this is message 9967
hey there this is message 9968
hey there this is message 9969
hey there this is message 9970
hey there this is message 9971
hey there this is message 9972
hey there this is message 9973
hey there this is message 9974
hey there this is message 9975
hey there this is message 9976
hey there this is message 9977
hey there this is message 9978
hey there this is message 9979
hey there this is message 9980
hey there this is message 9981
hey there this is message 9982
hey there this is message 9983
hey there this is message 9984
hey there this is message 9985
hey there this is message 9986
hey there this is message 9987
hey there this is message 9988
hey there this is message 9989
hey there this is message 9990
hey there this is message 9991
hey there this is message 9992
hey there this is message 9993
hey there this is message 9994
hey there this is message 9995
hey there this is message 9996
hey there this is message 9997
hey there this is message 9998
hey there this is message 9999
hey there this is message 10000
hey there this is message 10001
hey there this is message 10002
hey there this is message 10003
hey there this is message 10004
hey there this is message 10005
hey there this is message 10006
hey there this is message 10007
hey there this is message 10008
hey there this is message 10009
hey there this is message 10010
hey there this is message 10011
hey there this is message 10012
hey there this is message 10013
hey there this is message 10014
hey there this is message 10015
hey there this is message 10016
hey there this is message 10017
hey there this is message 10018
hey there this is message 10019
hey there this is message 10020
hey there this is message 10021
hey there this is message 10022
hey there this is message 10023
hey there this is message 10024
hey there this is message 10025
hey there this is message 10026
hey there this is message 10027
hey there this is message 10028
hey there this is message 10029
hey there this is message 10030
hey there this is message 10031
hey there this is message 10032
hey there this is message 10033
hey there this is message 10034
hey there this is message 10035
hey there this is message 10036
hey there this is message 10037
hey there this is message 10038
hey there this is message 10039
hey there this is message 10040
hey there this is message 10041
hey there this is message 10042
hey there this is message 10043
hey there this is message 10044
hey there this is message 10045
hey there this is message 10046
hey there this is message 10047
hey there this is message 10048
hey there this is message 10049
hey there this is message 10050
hey there this is message 10051
hey there this is message 10052
hey there this is message 10053
hey there this is message 10054
hey there this is message 10055
hey there this is message 10056
hey there this is message 10057
hey there this is message 10058
hey there this is message 10059
hey there this is message 10060
hey there this is message 10061
hey there this is message 10062
hey there this is message 10063
hey there this is message 10064
hey there this is message 10065
hey there this is message 10066
hey there this is message 10067
hey there this is message 10068
hey there this is message 10069
hey there this is message 10070
hey there this is message 10071
hey there this is message 10072
hey there this is message 10073
hey there this is message 10074
hey there this is message 10075
hey there this is message 10076
hey there this is message 10077
hey there this is message 10078
hey there this is message 10079
hey there this is message 10080
hey there this is message 10081
hey there this is message 10082
hey there this is message 10083
hey there this is message 10084
hey there this is message 10085
hey there this is message 10086
hey there this is message 10087
hey there this is message 10088
hey there this is message 10089
hey there this is message 10090
hey there this is message 10091
hey there this is message 10092
hey there this is message 10093
hey there this is message 10094
hey there this is message 10095
hey there this is message 10096
hey there this is message 10097
hey there this is message 10098
hey there this is message 10099
hey there this is message 10100
hey there this is message 10101
hey there this is message 10102
hey there this is message 10103
hey there this is message 10104
hey there this is message 10105
hey there this is message 10106
hey there this is message 10107
hey there this is message 10108
hey there this is message 10109
hey there this is message 10110
hey there this is message 10111
hey there this is message 10112
hey there this is message 10113
hey there this is message 10114
hey there this is message 10115
hey there this is message 10116
hey there this is message 10117
hey there this is message 10118
hey there this is message 10119
hey there this is message 10120
hey there this is message 10121
hey there this is message 10122
hey there this is message 10123
hey there this is message 10124
hey there this is message 10125
hey there this is message 10126
hey there this is message 10127
hey there this is message 10128
hey there this is message 10129
hey there this is message 10130
hey there this is message 10131
hey there this is message 10132
hey there this is message 10133
hey there this is message 10134
hey there this is message 10135
hey there this is message 10136
hey there this is message 10137
hey there this is message 10138
hey there this is message 10139
hey there this is message 10140
hey there this is message 10141
hey there this is message 10142
hey there this is message 10143
hey there this is message 10144
hey there this is message 10145
hey there this is message 10146
hey there this is message 10147
hey there this is message 10148
hey there this is message 10149
hey there this is message 10150
hey there this is message 10151
hey there this is message 10152
hey there this is message 10153
hey there this is message 10154
hey there this is message 10155
hey there this is message 10156
hey there this is message 10157
hey there this is message 10158
hey there this is message 10159
hey there this is message 10160
hey there this is message 10161
hey there this is message 10162
hey there this is message 10163
hey there this is message 10164
hey there this is message 10165
hey there this is message 10166
hey there this is message 10167
hey there this is message 10168
hey there this is message 10169
hey there this is message 10170
hey there this is message 10171
hey there this is message 10172
hey there this is message 10173
hey there this is message 10174
hey there this is message 10175
hey there this is message 10176
hey there this is message 10177
hey there this is message 10178
hey there this is message 10179
hey there this is message 10180
hey there this is message 10181
hey there this is message 10182
hey there this is message 10183
hey there this is message 10184
hey there this is message 10185
hey there this is message 10186
hey there this is message 10187
hey there this is message 10188
hey there this is message 10189
hey there this is message 10190
hey there this is message 10191
hey there this is message 10192
hey there this is message 10193
hey there this is message 10194
hey there this is message 10195
hey there this is message 10196
hey there this is message 10197
hey there this is message 10198
hey there this is message 10199
hey there this is message 10200
hey there this is message 10201
hey there this is message 10202
hey there this is message 10203
hey there this is message 10204
hey there this is message 10205
hey there this is message 10206
hey there this is message 10207
hey there this is message 10208
hey there this is message 10209
hey there this is message 10210
hey there this is message 10211
hey there this is message 10212
hey there this is message 10213
hey there this is message 10214
hey there this is message 10215
hey there this is message 10216
hey there this is message 10217
hey there this is message 10218
hey there this is message 10219
hey there this is message 10220
hey there this is message 10221
hey there this is message 10222
hey there this is message 10223
hey there this is message 10224
hey there this is message 10225
hey there this is message 10226
hey there this is message 10227
hey there this is message 10228
hey there this is message 10229
hey there this is message 10230
hey there this is message 10231
hey there this is message 10232
hey there this is message 10233
hey there this is message 10234
hey there this is message 10235
hey there this is message 10236
hey there this is message 10237
hey there this is message 10238
hey there this is message 10239
hey there this is message 10240
hey there this is message 10241
hey there this is message 10242
hey there this is message 10243
hey there this is message 10244
hey there this is message 10245
hey there this is message 10246
hey there this is message 10247
hey there this is message 10248
hey there this is message 10249
hey there this is message 10250
hey there this is message 10251
hey there this is message 10252
hey there this is message 10253
hey there this is message 10254
hey there this is message 10255
hey there this is message 10256
hey there this is message 10257
hey there this is message 10258
hey there this is message 10259
hey there this is message 10260
hey there this is message 10261
hey there this is message 10262
hey there this is message 10263
hey there this is message 10264
hey there this is message 10265
hey there this is message 10266
hey there this is message 10267
hey there this is message 10268
hey there this is message 10269
hey there this is message 10270
hey there this is message 10271
hey there this is message 10272
hey there this is message 10273
hey there this is message 10274
hey there this is message 10275
hey there this is message 10276
hey there this is message 10277
hey there this is message 10278
hey there this is message 10279
hey there this is message 10280
hey there this is message 10281
hey there this is message 10282
hey there this is message 10283
hey there this is message 10284
hey there this is message 10285
hey there this is message 10286
hey there this is message 10287
hey there this is message 10288
hey there this is message 10289
hey there this is message 10290
hey there this is message 10291
hey there this is message 10292
hey there this is message 10293
hey there this is message 10294
hey there this is message 10295
hey there this is message 10296
hey there this is message 10297
hey there this is message 10298
hey there this is message 10299
hey there this is message 10300
hey there this is message 10301
hey there this is message 10302
hey there this is message 10303
hey there this is message 10304
hey there this is message 10305
hey there this is message 10306
hey there this is message 10307
hey there this is message 10308
hey there this is message 10309
hey there this is message 10310
hey there this is message 10311
hey there this is message 10312
hey there this is message 10313
hey there this is message 10314
hey there this is message 10315
hey there this is message 10316
hey there this is message 10317
hey there this is message 10318
hey there this is message 10319
hey there this is message 10320
hey there this is message 10321
hey there this is message 10322
hey there this is message 10323
hey there this is message 10324
hey there this is message 10325
hey there this is message 10326
hey there this is message 10327
hey there this is message 10328
hey there this is message 10329
hey there this is message 10330
hey there this is message 10331
hey there this is message 10332
hey there this is message 10333
hey there this is message 10334
hey there this is message 10335
hey there this is message 10336
hey there this is message 10337
hey there this is message 10338
hey there this is message 10339
hey there this is message 10340
hey there this is message 10341
hey there this is message 10342
hey there this is message 10343
hey there this is message 10344
hey there this is message 10345
hey there this is message 10346
hey there this is message 10347
hey there this is message 10348
hey there this is message 10349
hey there this is message 10350
hey there this is message 10351
hey there this is message 10352
hey there this is message 10353
hey there this is message 10354
hey there this is message 10355
hey there this is message 10356
hey there this is message 10357
hey there this is message 10358
hey there this is message 10359
hey there this is message 10360
hey there this is message 10361
hey there this is message 10362
hey there this is message 10363
hey there this is message 10364
hey there this is message 10365
hey there this is message 10366
hey there this is message 10367
hey there this is message 10368
hey there this is message 10369
hey there this is message 10370
hey there this is message 10371
hey there this is message 10372
hey there this is message 10373
hey there this is message 10374
hey there this is message 10375
hey there this is message 10376
hey there this is message 10377
hey there this is message 10378
hey there this is message 10379
hey there this is message 10380
hey there this is message 10381
hey there this is message 10382
hey there this is message 10383
hey there this is message 10384
hey there this is message 10385
hey there this is message 10386
hey there this is message 10387
hey there this is message 10388
hey there this is message 10389
hey there this is message 10390
hey there this is message 10391
hey there this is message 10392
hey there this is message 10393
hey there this is message 10394
hey there this is message 10395
hey there this is message 10396
hey there this is message 10397
hey there this is message 10398
hey there this is message 10399
hey there this is message 10400
hey there this is message 10401
hey there this is message 10402
hey there this is message 10403
hey there this is message 10404
hey there this is message 10405
hey there this is message 10406
hey there this is message 10407
hey there this is message 10408
hey there this is message 10409
hey there this is message 10410
hey there this is message 10411
hey there this is message 10412
hey there this is message 10413
hey there this is message 10414
hey there this is message 10415
hey there this is message 10416
hey there this is message 10417
hey there this is message 10418
hey there this is message 10419
hey there this is message 10420
hey there this is message 10421
hey there this is message 10422
hey there this is message 10423
hey there this is message 10424
hey there this is message 10425
hey there this is message 10426
hey there this is message 10427
hey there this is message 10428
hey there this is message 10429
hey there this is message 10430
hey there this is message 10431
hey there this is message 10432
hey there this is message 10433
hey there this is message 10434
hey there this is message 10435
hey there this is message 10436
hey there this is message 10437
hey there this is message 10438
hey there this is message 10439
hey there this is message 10440
hey there this is message 10441
hey there this is message 10442
hey there this is message 10443
hey there this is message 10444
hey there this is message 10445
hey there this is message 10446
hey there this is message 10447
hey there this is message 10448
hey there this is message 10449
hey there this is message 10450
hey there this is message 10451
hey there this is message 10452
hey there this is message 10453
hey there this is message 10454
hey there this is message 10455
hey there this is message 10456
hey there this is message 10457
hey there this is message 10458
hey there this is message 10459
hey there this is message 10460
hey there this is message 10461
hey there this is message 10462
hey there this is message 10463
hey there this is message 10464
hey there this is message 10465
hey there this is message 10466
hey there this is message 10467
hey there this is message 10468
hey there this is message 10469
hey there this is message 10470
hey there this is message 10471
hey there this is message 10472
hey there this is message 10473
hey there this is message 10474
hey there this is message 10475
hey there this is message 10476
hey there this is message 10477
hey there this is message 10478
hey there this is message 10479
hey there this is message 10480
hey there this is message 10481
hey there this is message 10482
hey there this is message 10483
hey there this is message 10484
hey there this is message 10485
hey there this is message 10486
hey there this is message 10487
hey there this is message 10488
hey there this is message 10489
hey there this is message 10490
hey there this is message 10491
hey there this is message 10492
hey there this is message 10493
hey there this is message 10494
hey there this is message 10495
hey there this is message 10496
hey there this is message 10497
hey there this is message 10498
hey there this is message 10499
hey there this is message 10500
hey there this is message 10501
hey there this is message 10502
hey there this is message 10503
hey there this is message 10504
hey there this is message 10505
hey there this is message 10506
hey there this is message 10507
hey there this is message 10508
hey there this is message 10509
hey there this is message 10510
hey there this is message 10511
hey there this is message 10512
hey there this is message 10513
hey there this is message 10514
hey there this is message 10515
hey there this is message 10516
hey there this is message 10517
hey there this is message 10518
hey there this is message 10519
hey there this is message 10520
hey there this is message 10521
hey there this is message 10522
hey there this is message 10523
hey there this is message 10524
hey there this is message 10525
hey there this is message 10526
hey there this is message 10527
hey there this is message 10528
hey there this is message 10529
hey there this is message 10530
hey there this is message 10531
hey there this is message 10532
hey there this is message 10533
hey there this is message 10534
hey there this is message 10535
hey there this is message 10536
hey there this is message 10537
hey there this is message 10538
hey there this is message 10539
hey there this is message 10540
hey there this is message 10541
hey there this is message 10542
hey there this is message 10543
hey there this is message 10544
hey there this is message 10545
hey there this is message 10546
hey there this is message 10547
hey there this is message 10548
hey there this is message 10549
hey there this is message 10550
hey there this is message 10551
hey there this is message 10552
hey there this is message 10553
hey there this is message 10554
hey there this is message 10555
hey there this is message 10556
hey there this is message 10557
hey there this is message 10558
hey there this is message 10559
hey there this is message 10560
hey there this is message 10561
hey there this is message 10562
hey there this is message 10563
hey there this is message 10564
hey there this is message 10565
hey there this is message 10566
hey there this is message 10567
hey there this is message 10568
hey there this is message 10569
hey there this is message 10570
hey there this is message 10571
hey there this is message 10572
hey there this is message 10573
hey there this is message 10574
hey there this is message 10575
hey there this is message 10576
hey there this is message 10577
hey there this is message 10578
hey there this is message 10579
hey there this is message 10580
hey there this is message 10581
hey there this is message 10582
hey there this is message 10583
hey there this is message 10584
hey there this is message 10585
hey there this is message 10586
hey there this is message 10587
hey there this is message 10588
hey there this is message 10589
hey there this is message 10590
hey there this is message 10591
hey there this is message 10592
hey there this is message 10593
hey there this is message 10594
hey there this is message 10595
hey there this is message 10596
hey there this is message 10597
hey there this is message 10598
hey there this is message 10599
hey there this is message 10600
hey there this is message 10601
hey there this is message 10602
hey there this is message 10603
hey there this is message 10604
hey there this is message 10605
hey there this is message 10606
hey there this is message 10607
hey there this is message 10608
hey there this is message 10609
hey there this is message 10610
hey there this is message 10611
hey there this is message 10612
hey there this is message 10613
hey there this is message 10614
hey there this is message 10615
hey there this is message 10616
hey there this is message 10617
hey there this is message 10618
hey there this is message 10619
hey there this is message 10620
hey there this is message 10621
hey there this is message 10622
hey there this is message 10623
hey there this is message 10624
hey there this is message 10625
hey there this is message 10626
hey there this is message 10627
hey there this is message 10628
hey there this is message 10629
hey there this is message 10630
hey there this is message 10631
hey there this is message 10632
hey there this is message 10633
hey there this is message 10634
hey there this is message 10635
hey there this is message 10636
hey there this is message 10637
hey there this is message 10638
hey there this is message 10639
hey there this is message 10640
hey there this is message 10641
hey there this is message 10642
hey there this is message 10643
hey there this is message 10644
hey there this is message 10645
hey there this is message 10646
hey there this is message 10647
hey there this is message 10648
hey there this is message 10649
hey there this is message 10650
hey there this is message 10651
hey there this is message 10652
hey there this is message 10653
hey there this is message 10654
hey there this is message 10655
hey there this is message 10656
hey there this is message 10657
hey there this is message 10658
hey there this is message 10659
hey there this is message 10660
hey there this is message 10661
hey there this is message 10662
hey there this is message 10663
hey there this is message 10664
hey there this is message 10665
hey there this is message 10666
hey there this is message 10667
hey there this is message 10668
hey there this is message 10669
hey there this is message 10670
hey there this is message 10671
hey there this is message 10672
hey there this is message 10673
hey there this is message 10674
hey there this is message 10675
hey there this is message 10676
hey there this is message 10677
hey there this is message 10678
hey there this is message 10679
hey there this is message 10680
hey there this is message 10681
hey there this is message 10682
hey there this is message 10683
hey there this is message 10684
hey there this is message 10685
hey there this is message 10686
hey there this is message 10687
hey there this is message 10688
hey there this is message 10689
hey there this is message 10690
hey there this is message 10691
hey there this is message 10692
hey there this is message 10693
hey there this is message 10694
hey there this is message 10695
hey there this is message 10696
hey there this is message 10697
hey there this is message 10698
hey there this is message 10699
hey there this is message 10700
hey there this is message 10701
hey there this is message 10702
hey there this is message 10703
hey there this is message 10704
hey there this is message 10705
hey there this is message 10706
hey there this is message 10707
hey there this is message 10708
hey there this is message 10709
hey there this is message 10710
hey there this is message 10711
hey there this is message 10712
hey there this is message 10713
hey there this is message 10714
hey there this is message 10715
hey there this is message 10716
hey there this is message 10717
hey there this is message 10718
hey there this is message 10719
hey there this is message 10720
hey there this is message 10721
hey there this is message 10722
hey there this is message 10723
hey there this is message 10724
hey there this is message 10725
hey there this is message 10726
hey there this is message 10727
hey there this is message 10728
hey there this is message 10729
hey there this is message 10730
hey there this is message 10731
hey there this is message 10732
hey there this is message 10733
hey there this is message 10734
hey there this is message 10735
hey there this is message 10736
hey there this is message 10737
hey there this is message 10738
hey there this is message 10739
hey there this is message 10740
hey there this is message 10741
hey there this is message 10742
hey there this is message 10743
hey there this is message 10744
hey there this is message 10745
hey there this is message 10746
hey there this is message 10747
hey there this is message 10748
hey there this is message 10749
hey there this is message 10750
hey there this is message 10751
hey there this is message 10752
hey there this is message 10753
hey there this is message 10754
hey there this is message 10755
hey there this is message 10756
hey there this is message 10757
hey there this is message 10758
hey there this is message 10759
hey there this is message 10760
hey there this is message 10761
hey there this is message 10762
hey there this is message 10763
hey there this is message 10764
hey there this is message 10765
hey there this is message 10766
hey there this is message 10767
hey there this is message 10768
hey there this is message 10769
hey there this is message 10770
hey there this is message 10771
hey there this is message 10772
hey there this is message 10773
hey there this is message 10774
hey there this is message 10775
hey there this is message 10776
hey there this is message 10777
hey there this is message 10778
hey there this is message 10779
hey there this is message 10780
hey there this is message 10781
hey there this is message 10782
hey there this is message 10783
hey there this is message 10784
hey there this is message 10785
hey there this is message 10786
hey there this is message 10787
hey there this is message 10788
hey there this is message 10789
hey there this is message 10790
hey there this is message 10791
hey there this is message 10792
hey there this is message 10793
hey there this is message 10794
hey there this is message 10795
hey there this is message 10796
hey there this is message 10797
hey there this is message 10798
hey there this is message 10799
hey there this is message 10800
hey there this is message 10801
hey there this is message 10802
hey there this is message 10803
hey there this is message 10804
hey there this is message 10805
hey there this is message 10806
hey there this is message 10807
hey there this is message 10808
hey there this is message 10809
hey there this is message 10810
hey there this is message 10811
hey there this is message 10812
hey there this is message 10813
hey there this is message 10814
hey there this is message 10815
hey there this is message 10816
hey there this is message 10817
hey there this is message 10818
hey there this is message 10819
hey there this is message 10820
hey there this is message 10821
hey there this is message 10822
hey there this is message 10823
hey there this is message 10824
hey there this is message 10825
hey there this is message 10826
hey there this is message 10827
hey there this is message 10828
hey there this is message 10829
hey there this is message 10830
hey there this is message 10831
hey there this is message 10832
hey there this is message 10833
hey there this is message 10834
hey there this is message 10835
hey there this is message 10836
hey there this is message 10837
hey there this is message 10838
hey there this is message 10839
hey there this is message 10840
hey there this is message 10841
hey there this is message 10842
hey there this is message 10843
hey there this is message 10844
hey there this is message 10845
hey there this is message 10846
hey there this is message 10847
hey there this is message 10848
hey there this is message 10849
hey there this is message 10850
hey there this is message 10851
hey there this is message 10852
hey there this is message 10853
hey there this is message 10854
hey there this is message 10855
hey there this is message 10856
hey there this is message 10857
hey there this is message 10858
hey there this is message 10859
hey there this is message 10860
hey there this is message 10861
hey there this is message 10862
hey there this is message 10863
hey there this is message 10864
hey there this is message 10865
hey there this is message 10866
hey there this is message 10867
hey there this is message 10868
hey there this is message 10869
hey there this is message 10870
hey there this is message 10871
hey there this is message 10872
hey there this is message 10873
hey there this is message 10874
hey there this is message 10875
hey there this is message 10876
hey there this is message 10877
hey there this is message 10878
hey there this is message 10879
hey there this is message 10880
hey there this is message 10881
hey there this is message 10882
hey there this is message 10883
hey there this is message 10884
hey there this is message 10885
hey there this is message 10886
hey there this is message 10887
hey there this is message 10888
hey there this is message 10889
hey there this is message 10890
hey there this is message 10891
hey there this is message 10892
hey there this is message 10893
hey there this is message 10894
hey there this is message 10895
hey there this is message 10896
hey there this is message 10897
hey there this is message 10898
hey there this is message 10899
hey there this is message 10900
hey there this is message 10901
hey there this is message 10902
hey there this is message 10903
hey there this is message 10904
hey there this is message 10905
hey there this is message 10906
hey there this is message 10907
hey there this is message 10908
hey there this is message 10909
hey there this is message 10910
hey there this is message 10911
hey there this is message 10912
hey there this is message 10913
hey there this is message 10914
hey there this is message 10915
hey there this is message 10916
hey there this is message 10917
hey there this is message 10918
hey there this is message 10919
hey there this is message 10920
hey there this is message 10921
hey there this is message 10922
hey there this is message 10923
hey there this is message 10924
hey there this is message 10925
hey there this is message 10926
hey there this is message 10927
hey there this is message 10928
hey there this is message 10929
hey there this is message 10930
hey there this is message 10931
hey there this is message 10932
hey there this is message 10933
hey there this is message 10934
hey there this is message 10935
hey there this is message 10936
hey there this is message 10937
hey there this is message 10938
hey there this is message 10939
hey there this is message 10940
hey there this is message 10941
hey there this is message 10942
hey there this is message 10943
hey there this is message 10944
hey there this is message 10945
hey there this is message 10946
hey there this is message 10947
hey there this is message 10948
hey there this is message 10949
hey there this is message 10950
hey there this is message 10951
hey there this is message 10952
hey there this is message 10953
hey there this is message 10954
hey there this is message 10955
hey there this is message 10956
hey there this is message 10957
hey there this is message 10958
hey there this is message 10959
hey there this is message 10960
hey there this is message 10961
hey there this is message 10962
hey there this is message 10963
hey there this is message 10964
hey there this is message 10965
hey there this is message 10966
hey there this is message 10967
hey there this is message 10968
hey there this is message 10969
hey there this is message 10970
hey there this is message 10971
hey there this is message 10972
hey there this is message 10973
hey there this is message 10974
hey there this is message 10975
hey there this is message 10976
hey there this is message 10977
hey there this is message 10978
hey there this is message 10979
hey there this is message 10980
hey there this is message 10981
hey there this is message 10982
hey there this is message 10983
hey there this is message 10984
hey there this is message 10985
hey there this is message 10986
hey there this is message 10987
hey there this is message 10988
hey there this is message 10989
hey there this is message 10990
hey there this is message 10991
hey there this is message 10992
hey there this is message 10993
hey there this is message 10994
hey there this is message 10995
hey there this is message 10996
hey there this is message 10997
hey there this is message 10998
hey there this is message 10999
hey there this is message 11000
hey there this is message 11001
hey there this is message 11002
hey there this is message 11003
hey there this is message 11004
hey there this is message 11005
hey there this is message 11006
hey there this is message 11007
hey there this is message 11008
hey there this is message 11009
hey there this is message 11010
hey there this is message 11011
hey there this is message 11012
hey there this is message 11013
hey there this is message 11014
hey there this is message 11015
hey there this is message 11016
hey there this is message 11017
hey there this is message 11018
hey there this is message 11019
hey there this is message 11020
hey there this is message 11021
hey there this is message 11022
hey there this is message 11023
hey there this is message 11024
hey there this is message 11025
hey there this is message 11026
hey there this is message 11027
hey there this is message 11028
hey there this is message 11029
hey there this is message 11030
hey there this is message 11031
hey there this is message 11032
hey there this is message 11033
hey there this is message 11034
hey there this is message 11035
hey there this is message 11036
hey there this is message 11037
hey there this is message 11038
hey there this is message 11039
hey there this is message 11040
hey there this is message 11041
hey there this is message 11042
hey there this is message 11043
hey there this is message 11044
hey there this is message 11045
hey there this is message 11046
hey there this is message 11047
hey there this is message 11048
hey there this is message 11049
hey there this is message 11050
hey there this is message 11051
hey there this is message 11052
hey there this is message 11053
hey there this is message 11054
hey there this is message 11055
hey there this is message 11056
hey there this is message 11057
hey there this is message 11058
hey there this is message 11059
hey there this is message 11060
hey there this is message 11061
hey there this is message 11062
hey there this is message 11063
hey there this is message 11064
hey there this is message 11065
hey there this is message 11066
hey there this is message 11067
hey there this is message 11068
hey there this is message 11069
hey there this is message 11070
hey there this is message 11071
hey there this is message 11072
hey there this is message 11073
hey there this is message 11074
hey there this is message 11075
hey there this is message 11076
hey there this is message 11077
hey there this is message 11078
hey there this is message 11079
hey there this is message 11080
hey there this is message 11081
hey there this is message 11082
hey there this is message 11083
hey there this is message 11084
hey there this is message 11085
hey there this is message 11086
hey there this is message 11087
hey there this is message 11088
hey there this is message 11089
hey there this is message 11090
hey there this is message 11091
hey there this is message 11092
hey there this is message 11093
hey there this is message 11094
hey there this is message 11095
hey there this is message 11096
hey there this is message 11097
hey there this is message 11098
hey there this is message 11099
hey there this is message 11100
hey there this is message 11101
hey there this is message 11102
hey there this is message 11103
hey there this is message 11104
hey there this is message 11105
hey there this is message 11106
hey there this is message 11107
hey there this is message 11108
hey there this is message 11109
hey there this is message 11110
hey there this is message 11111
hey there this is message 11112
hey there this is message 11113
hey there this is message 11114
hey there this is message 11115
hey there this is message 11116
hey there this is message 11117
hey there this is message 11118
hey there this is message 11119
hey there this is message 11120
hey there this is message 11121
hey there this is message 11122
hey there this is message 11123
hey there this is message 11124
hey there this is message 11125
hey there this is message 11126
hey there this is message 11127
hey there this is message 11128
hey there this is message 11129
hey there this is message 11130
hey there this is message 11131
hey there this is message 11132
hey there this is message 11133
hey there this is message 11134
hey there this is message 11135
hey there this is message 11136
hey there this is message 11137
hey there this is message 11138
hey there this is message 11139
hey there this is message 11140
hey there this is message 11141
hey there this is message 11142
hey there this is message 11143
hey there this is message 11144
hey there this is message 11145
hey there this is message 11146
hey there this is message 11147
hey there this is message 11148
hey there this is message 11149
hey there this is message 11150
hey there this is message 11151
hey there this is message 11152
hey there this is message 11153
hey there this is message 11154
hey there this is message 11155
hey there this is message 11156
hey there this is message 11157
hey there this is message 11158
hey there this is message 11159
hey there this is message 11160
hey there this is message 11161
hey there this is message 11162
hey there this is message 11163
hey there this is message 11164
hey there this is message 11165
hey there this is message 11166
hey there this is message 11167
hey there this is message 11168
hey there this is message 11169
hey there this is message 11170
hey there this is message 11171
hey there this is message 11172
hey there this is message 11173
hey there this is message 11174
hey there this is message 11175
hey there this is message 11176
hey there this is message 11177
hey there this is message 11178
hey there this is message 11179
hey there this is message 11180
hey there this is message 11181
hey there this is message 11182
hey there this is message 11183
hey there this is message 11184
hey there this is message 11185
hey there this is message 11186
hey there this is message 11187
hey there this is message 11188
hey there this is message 11189
hey there this is message 11190
hey there this is message 11191
hey there this is message 11192
hey there this is message 11193
hey there this is message 11194
hey there this is message 11195
hey there this is message 11196
hey there this is message 11197
hey there this is message 11198
hey there this is message 11199
hey there this is message 11200
hey there this is message 11201
hey there this is message 11202
hey there this is message 11203
hey there this is message 11204
hey there this is message 11205
hey there this is message 11206
hey there this is message 11207
hey there this is message 11208
hey there this is message 11209
hey there this is message 11210
hey there this is message 11211
hey there this is message 11212
hey there this is message 11213
hey there this is message 11214
hey there this is message 11215
hey there this is message 11216
hey there this is message 11217
hey there this is message 11218
hey there this is message 11219
hey there this is message 11220
hey there this is message 11221
hey there this is message 11222
hey there this is message 11223
hey there this is message 11224
hey there this is message 11225
hey there this is message 11226
hey there this is message 11227
hey there this is message 11228
hey there this is message 11229
hey there this is message 11230
hey there this is message 11231
hey there this is message 11232
hey there this is message 11233
hey there this is message 11234
hey there this is message 11235
hey there this is message 11236
hey there this is message 11237
hey there this is message 11238
hey there this is message 11239
hey there this is message 11240
hey there this is message 11241
hey there this is message 11242
hey there this is message 11243
hey there this is message 11244
hey there this is message 11245
hey there this is message 11246
hey there this is message 11247
hey there this is message 11248
hey there this is message 11249
hey there this is message 11250
hey there this is message 11251
hey there this is message 11252
hey there this is message 11253
hey there this is message 11254
hey there this is message 11255
hey there this is message 11256
hey there this is message 11257
hey there this is message 11258
hey there this is message 11259
hey there this is message 11260
hey there this is message 11261
hey there this is message 11262
hey there this is message 11263
hey there this is message 11264
hey there this is message 11265
hey there this is message 11266
hey there this is message 11267
hey there this is message 11268
hey there this is message 11269
hey there this is message 11270
hey there this is message 11271
hey there this is message 11272
hey there this is message 11273
hey there this is message 11274
hey there this is message 11275
hey there this is message 11276
hey there this is message 11277
hey there this is message 11278
hey there this is message 11279
hey there this is message 11280
hey there this is message 11281
hey there this is message 11282
hey there this is message 11283
hey there this is message 11284
hey there this is message 11285
hey there this is message 11286
hey there this is message 11287
hey there this is message 11288
hey there this is message 11289
hey there this is message 11290
hey there this is message 11291
hey there this is message 11292
hey there this is message 11293
hey there this is message 11294
hey there this is message 11295
hey there this is message 11296
hey there this is message 11297
hey there this is message 11298
hey there this is message 11299
hey there this is message 11300
hey there this is message 11301
hey there this is message 11302
hey there this is message 11303
hey there this is message 11304
hey there this is message 11305
hey there this is message 11306
hey there this is message 11307
hey there this is message 11308
hey there this is message 11309
hey there this is message 11310
hey there this is message 11311
hey there this is message 11312
hey there this is message 11313
hey there this is message 11314
hey there this is message 11315
hey there this is message 11316
hey there this is message 11317
hey there this is message 11318
hey there this is message 11319
hey there this is message 11320
hey there this is message 11321
hey there this is message 11322
hey there this is message 11323
hey there this is message 11324
hey there this is message 11325
hey there this is message 11326
hey there this is message 11327
hey there this is message 11328
hey there this is message 11329
hey there this is message 11330
hey there this is message 11331
hey there this is message 11332
hey there this is message 11333
hey there this is message 11334
hey there this is message 11335
hey there this is message 11336
hey there this is message 11337
hey there this is message 11338
hey there this is message 11339
hey there this is message 11340
hey there this is message 11341
hey there this is message 11342
hey there this is message 11343
hey there this is message 11344
hey there this is message 11345
hey there this is message 11346
hey there this is message 11347
hey there this is message 11348
hey there this is message 11349
hey there this is message 11350
hey there this is message 11351
hey there this is message 11352
hey there this is message 11353
hey there this is message 11354
hey there this is message 11355
hey there this is message 11356
hey there this is message 11357
hey there this is message 11358
hey there this is message 11359
hey there this is message 11360
hey there this is message 11361
hey there this is message 11362
hey there this is message 11363
hey there this is message 11364
hey there this is message 11365
hey there this is message 11366
hey there this is message 11367
hey there this is message 11368
hey there this is message 11369
hey there this is message 11370
hey there this is message 11371
hey there this is message 11372
hey there this is message 11373
hey there this is message 11374
hey there this is message 11375
hey there this is message 11376
hey there this is message 11377
hey there this is message 11378
hey there this is message 11379
hey there this is message 11380
hey there this is message 11381
hey there this is message 11382
hey there this is message 11383
hey there this is message 11384
hey there this is message 11385
hey there this is message 11386
hey there this is message 11387
hey there this is message 11388
hey there this is message 11389
hey there this is message 11390
hey there this is message 11391
hey there this is message 11392
hey there this is message 11393
hey there this is message 11394
hey there this is message 11395
hey there this is message 11396
hey there this is message 11397
hey there this is message 11398
hey there this is message 11399
hey there this is message 11400
hey there this is message 11401
hey there this is message 11402
hey there this is message 11403
hey there this is message 11404
hey there this is message 11405
hey there this is message 11406
hey there this is message 11407
hey there this is message 11408
hey there this is message 11409
hey there this is message 11410
hey there this is message 11411
hey there this is message 11412
hey there this is message 11413
hey there this is message 11414
hey there this is message 11415
hey there this is message 11416
hey there this is message 11417
hey there this is message 11418
hey there this is message 11419
hey there this is message 11420
hey there this is message 11421
hey there this is message 11422
hey there this is message 11423
hey there this is message 11424
hey there this is message 11425
hey there this is message 11426
hey there this is message 11427
hey there this is message 11428
hey there this is message 11429
hey there this is message 11430
hey there this is message 11431
hey there this is message 11432
hey there this is message 11433
hey there this is message 11434
hey there this is message 11435
hey there this is message 11436
hey there this is message 11437
hey there this is message 11438
hey there this is message 11439
hey there this is message 11440
hey there this is message 11441
hey there this is message 11442
hey there this is message 11443
hey there this is message 11444
hey there this is message 11445
hey there this is message 11446
hey there this is message 11447
hey there this is message 11448
hey there this is message 11449
hey there this is message 11450
hey there this is message 11451
hey there this is message 11452
hey there this is message 11453
hey there this is message 11454
hey there this is message 11455
hey there this is message 11456
hey there this is message 11457
hey there this is message 11458
hey there this is message 11459
hey there this is message 11460
hey there this is message 11461
hey there this is message 11462
hey there this is message 11463
hey there this is message 11464
hey there this is message 11465
hey there this is message 11466
hey there this is message 11467
hey there this is message 11468
hey there this is message 11469
hey there this is message 11470
hey there this is message 11471
hey there this is message 11472
hey there this is message 11473
hey there this is message 11474
hey there this is message 11475
hey there this is message 11476
hey there this is message 11477
hey there this is message 11478
hey there this is message 11479
hey there this is message 11480
hey there this is message 11481
hey there this is message 11482
hey there this is message 11483
hey there this is message 11484
hey there this is message 11485
hey there this is message 11486
hey there this is message 11487
hey there this is message 11488
hey there this is message 11489
hey there this is message 11490
hey there this is message 11491
hey there this is message 11492
hey there this is message 11493
hey there this is message 11494
hey there this is message 11495
hey there this is message 11496
hey there this is message 11497
hey there this is message 11498
hey there this is message 11499
hey there this is message 11500
hey there this is message 11501
hey there this is message 11502
hey there this is message 11503
hey there this is message 11504
hey there this is message 11505
hey there this is message 11506
hey there this is message 11507
hey there this is message 11508
hey there this is message 11509
hey there this is message 11510
hey there this is message 11511
hey there this is message 11512
hey there this is message 11513
hey there this is message 11514
hey there this is message 11515
hey there this is message 11516
hey there this is message 11517
hey there this is message 11518
hey there this is message 11519
hey there this is message 11520
hey there this is message 11521
hey there this is message 11522
hey there this is message 11523
hey there this is message 11524
hey there this is message 11525
hey there this is message 11526
hey there this is message 11527
hey there this is message 11528
hey there this is message 11529
hey there this is message 11530
hey there this is message 11531
hey there this is message 11532
hey there this is message 11533
hey there this is message 11534
hey there this is message 11535
hey there this is message 11536
hey there this is message 11537
hey there this is message 11538
hey there this is message 11539
hey there this is message 11540
hey there this is message 11541
hey there this is message 11542
hey there this is message 11543
hey there this is message 11544
hey there this is message 11545
hey there this is message 11546
hey there this is message 11547
hey there this is message 11548
hey there this is message 11549
hey there this is message 11550
hey there this is message 11551
hey there this is message 11552
hey there this is message 11553
hey there this is message 11554
hey there this is message 11555
hey there this is message 11556
hey there this is message 11557
hey there this is message 11558
hey there this is message 11559
hey there this is message 11560
hey there this is message 11561
hey there this is message 11562
hey there this is message 11563
hey there this is message 11564
hey there this is message 11565
hey there this is message 11566
hey there this is message 11567
hey there this is message 11568
hey there this is message 11569
hey there this is message 11570
hey there this is message 11571
hey there this is message 11572
hey there this is message 11573
hey there this is message 11574
hey there this is message 11575
hey there this is message 11576
hey there this is message 11577
hey there this is message 11578
hey there this is message 11579
hey there this is message 11580
hey there this is message 11581
hey there this is message 11582
hey there this is message 11583
hey there this is message 11584
hey there this is message 11585
hey there this is message 11586
hey there this is message 11587
hey there this is message 11588
hey there this is message 11589
hey there this is message 11590
hey there this is message 11591
hey there this is message 11592
hey there this is message 11593
hey there this is message 11594
hey there this is message 11595
hey there this is message 11596
hey there this is message 11597
hey there this is message 11598
hey there this is message 11599
hey there this is message 11600
hey there this is message 11601
hey there this is message 11602
hey there this is message 11603
hey there this is message 11604
hey there this is message 11605
hey there this is message 11606
hey there this is message 11607
hey there this is message 11608
hey there this is message 11609
hey there this is message 11610
hey there this is message 11611
hey there this is message 11612
hey there this is message 11613
hey there this is message 11614
hey there this is message 11615
hey there this is message 11616
hey there this is message 11617
hey there this is message 11618
hey there this is message 11619
hey there this is message 11620
hey there this is message 11621
hey there this is message 11622
hey there this is message 11623
hey there this is message 11624
hey there this is message 11625
hey there this is message 11626
hey there this is message 11627
hey there this is message 11628
hey there this is message 11629
hey there this is message 11630
hey there this is message 11631
hey there this is message 11632
hey there this is message 11633
hey there this is message 11634
hey there this is message 11635
hey there this is message 11636
hey there this is message 11637
hey there this is message 11638
hey there this is message 11639
hey there this is message 11640
hey there this is message 11641
hey there this is message 11642
hey there this is message 11643
hey there this is message 11644
hey there this is message 11645
hey there this is message 11646
hey there this is message 11647
hey there this is message 11648
hey there this is message 11649
hey there this is message 11650
hey there this is message 11651
hey there this is message 11652
hey there this is message 11653
hey there this is message 11654
hey there this is message 11655
hey there this is message 11656
hey there this is message 11657
hey there this is message 11658
hey there this is message 11659
hey there this is message 11660
hey there this is message 11661
hey there this is message 11662
hey there this is message 11663
hey there this is message 11664
hey there this is message 11665
hey there this is message 11666
hey there this is message 11667
hey there this is message 11668
hey there this is message 11669
hey there this is message 11670
hey there this is message 11671
hey there this is message 11672
hey there this is message 11673
hey there this is message 11674
hey there this is message 11675
hey there this is message 11676
hey there this is message 11677
hey there this is message 11678
hey there this is message 11679
hey there this is message 11680
hey there this is message 11681
hey there this is message 11682
hey there this is message 11683
hey there this is message 11684
hey there this is message 11685
hey there this is message 11686
hey there this is message 11687
hey there this is message 11688
hey there this is message 11689
hey there this is message 11690
hey there this is message 11691
hey there this is message 11692
hey there this is message 11693
hey there this is message 11694
hey there this is message 11695
hey there this is message 11696
hey there this is message 11697
hey there this is message 11698
hey there this is message 11699
hey there this is message 11700
hey there this is message 11701
hey there this is message 11702
hey there this is message 11703
hey there this is message 11704
hey there this is message 11705
hey there this is message 11706
hey there this is message 11707
hey there this is message 11708
hey there this is message 11709
hey there this is message 11710
hey there this is message 11711
hey there this is message 11712
hey there this is message 11713
hey there this is message 11714
hey there this is message 11715
hey there this is message 11716
hey there this is message 11717
hey there this is message 11718
hey there this is message 11719
hey there this is message 11720
hey there this is message 11721
hey there this is message 11722
hey there this is message 11723
hey there this is message 11724
hey there this is message 11725
hey there this is message 11726
hey there this is message 11727
hey there this is message 11728
hey there this is message 11729
hey there this is message 11730
hey there this is message 11731
hey there this is message 11732
hey there this is message 11733
hey there this is message 11734
hey there this is message 11735
hey there this is message 11736
hey there this is message 11737
hey there this is message 11738
hey there this is message 11739
hey there this is message 11740
hey there this is message 11741
hey there this is message 11742
hey there this is message 11743
hey there this is message 11744
hey there this is message 11745
hey there this is message 11746
hey there this is message 11747
hey there this is message 11748
hey there this is message 11749
hey there this is message 11750
hey there this is message 11751
hey there this is message 11752
hey there this is message 11753
hey there this is message 11754
hey there this is message 11755
hey there this is message 11756
hey there this is message 11757
hey there this is message 11758
hey there this is message 11759
hey there this is message 11760
hey there this is message 11761
hey there this is message 11762
hey there this is message 11763
hey there this is message 11764
hey there this is message 11765
hey there this is message 11766
hey there this is message 11767
hey there this is message 11768
hey there this is message 11769
hey there this is message 11770
hey there this is message 11771
hey there this is message 11772
hey there this is message 11773
hey there this is message 11774
hey there this is message 11775
hey there this is message 11776
hey there this is message 11777
hey there this is message 11778
hey there this is message 11779
hey there this is message 11780
hey there this is message 11781
hey there this is message 11782
hey there this is message 11783
hey there this is message 11784
hey there this is message 11785
hey there this is message 11786
hey there this is message 11787
hey there this is message 11788
hey there this is message 11789
hey there this is message 11790
hey there this is message 11791
hey there this is message 11792
hey there this is message 11793
hey there this is message 11794
hey there this is message 11795
hey there this is message 11796
hey there this is message 11797
hey there this is message 11798
hey there this is message 11799
hey there this is message 11800
hey there this is message 11801
hey there this is message 11802
hey there this is message 11803
hey there this is message 11804
hey there this is message 11805
hey there this is message 11806
hey there this is message 11807
hey there this is message 11808
hey there this is message 11809
hey there this is message 11810
hey there this is message 11811
hey there this is message 11812
hey there this is message 11813
hey there this is message 11814
hey there this is message 11815
hey there this is message 11816
hey there this is message 11817
hey there this is message 11818
hey there this is message 11819
hey there this is message 11820
hey there this is message 11821
hey there this is message 11822
hey there this is message 11823
hey there this is message 11824
hey there this is message 11825
hey there this is message 11826
hey there this is message 11827
hey there this is message 11828
hey there this is message 11829
hey there this is message 11830
hey there this is message 11831
hey there this is message 11832
hey there this is message 11833
hey there this is message 11834
hey there this is message 11835
hey there this is message 11836
hey there this is message 11837
hey there this is message 11838
hey there this is message 11839
hey there this is message 11840
hey there this is message 11841
hey there this is message 11842
hey there this is message 11843
hey there this is message 11844
hey there this is message 11845
hey there this is message 11846
hey there this is message 11847
hey there this is message 11848
hey there this is message 11849
hey there this is message 11850
hey there this is message 11851
hey there this is message 11852
hey there this is message 11853
hey there this is message 11854
hey there this is message 11855
hey there this is message 11856
hey there this is message 11857
hey there this is message 11858
hey there this is message 11859
hey there this is message 11860
hey there this is message 11861
hey there this is message 11862
hey there this is message 11863
hey there this is message 11864
hey there this is message 11865
hey there this is message 11866
hey there this is message 11867
hey there this is message 11868
hey there this is message 11869
hey there this is message 11870
hey there this is message 11871
hey there this is message 11872
hey there this is message 11873
hey there this is message 11874
hey there this is message 11875
hey there this is message 11876
hey there this is message 11877
hey there this is message 11878
hey there this is message 11879
hey there this is message 11880
hey there this is message 11881
hey there this is message 11882
hey there this is message 11883
hey there this is message 11884
hey there this is message 11885
hey there this is message 11886
hey there this is message 11887
hey there this is message 11888
hey there this is message 11889
hey there this is message 11890
hey there this is message 11891
hey there this is message 11892
hey there this is message 11893
hey there this is message 11894
hey there this is message 11895
hey there this is message 11896
hey there this is message 11897
hey there this is message 11898
hey there this is message 11899
hey there this is message 11900
hey there this is message 11901
hey there this is message 11902
hey there this is message 11903
hey there this is message 11904
hey there this is message 11905
hey there this is message 11906
hey there this is message 11907
hey there this is message 11908
hey there this is message 11909
hey there this is message 11910
hey there this is message 11911
hey there this is message 11912
hey there this is message 11913
hey there this is message 11914
hey there this is message 11915
hey there this is message 11916
hey there this is message 11917
hey there this is message 11918
hey there this is message 11919
hey there this is message 11920
hey there this is message 11921
hey there this is message 11922
hey there this is message 11923
hey there this is message 11924
hey there this is message 11925
hey there this is message 11926
hey there this is message 11927
hey there this is message 11928
hey there this is message 11929
hey there this is message 11930
hey there this is message 11931
hey there this is message 11932
hey there this is message 11933
hey there this is message 11934
hey there this is message 11935
hey there this is message 11936
hey there this is message 11937
hey there this is message 11938
hey there this is message 11939
hey there this is message 11940
hey there this is message 11941
hey there this is message 11942
hey there this is message 11943
hey there this is message 11944
hey there this is message 11945
hey there this is message 11946
hey there this is message 11947
hey there this is message 11948
hey there this is message 11949
hey there this is message 11950
hey there this is message 11951
hey there this is message 11952
hey there this is message 11953
hey there this is message 11954
hey there this is message 11955
hey there this is message 11956
hey there this is message 11957
hey there this is message 11958
hey there this is message 11959
hey there this is message 11960
hey there this is message 11961
hey there this is message 11962
hey there this is message 11963
hey there this is message 11964
hey there this is message 11965
hey there this is message 11966
hey there this is message 11967
hey there this is message 11968
hey there this is message 11969
hey there this is message 11970
hey there this is message 11971
hey there this is message 11972
hey there this is message 11973
hey there this is message 11974
hey there this is message 11975
hey there this is message 11976
hey there this is message 11977
hey there this is message 11978
hey there this is message 11979
hey there this is message 11980
hey there this is message 11981
hey there this is message 11982
hey there this is message 11983
hey there this is message 11984
hey there this is message 11985
hey there this is message 11986
hey there this is message 11987
hey there this is message 11988
hey there this is message 11989
hey there this is message 11990
hey there this is message 11991
hey there this is message 11992
hey there this is message 11993
hey there this is message 11994
hey there this is message 11995
hey there this is message 11996
hey there this is message 11997
hey there this is message 11998
hey there this is message 11999
hey there this is message 12000
hey there this is message 12001
hey there this is message 12002
hey there this is message 12003
hey there this is message 12004
hey there this is message 12005
hey there this is message 12006
hey there this is message 12007
hey there this is message 12008
hey there this is message 12009
hey there this is message 12010
hey there this is message 12011
hey there this is message 12012
hey there this is message 12013
hey there this is message 12014
hey there this is message 12015
hey there this is message 12016
hey there this is message 12017
hey there this is message 12018
hey there this is message 12019
hey there this is message 12020
hey there this is message 12021
hey there this is message 12022
hey there this is message 12023
hey there this is message 12024
hey there this is message 12025
hey there this is message 12026
hey there this is message 12027
hey there this is message 12028
hey there this is message 12029
hey there this is message 12030
hey there this is message 12031
hey there this is message 12032
hey there this is message 12033
hey there this is message 12034
hey there this is message 12035
hey there this is message 12036
hey there this is message 12037
hey there this is message 12038
hey there this is message 12039
hey there this is message 12040
hey there this is message 12041
hey there this is message 12042
hey there this is message 12043
hey there this is message 12044
hey there this is message 12045
hey there this is message 12046
hey there this is message 12047
hey there this is message 12048
hey there this is message 12049
hey there this is message 12050
hey there this is message 12051
hey there this is message 12052
hey there this is message 12053
hey there this is message 12054
hey there this is message 12055
hey there this is message 12056
hey there this is message 12057
hey there this is message 12058
hey there this is message 12059
hey there this is message 12060
hey there this is message 12061
hey there this is message 12062
hey there this is message 12063
hey there this is message 12064
hey there this is message 12065
hey there this is message 12066
hey there this is message 12067
hey there this is message 12068
hey there this is message 12069
hey there this is message 12070
hey there this is message 12071
hey there this is message 12072
hey there this is message 12073
hey there this is message 12074
hey there this is message 12075
hey there this is message 12076
hey there this is message 12077
hey there this is message 12078
hey there this is message 12079
hey there this is message 12080
hey there this is message 12081
hey there this is message 12082
hey there this is message 12083
hey there this is message 12084
hey there this is message 12085
hey there this is message 12086
hey there this is message 12087
hey there this is message 12088
hey there this is message 12089
hey there this is message 12090
hey there this is message 12091
hey there this is message 12092
hey there this is message 12093
hey there this is message 12094
hey there this is message 12095
hey there this is message 12096
hey there this is message 12097
hey there this is message 12098
hey there this is message 12099
hey there this is message 12100
hey there this is message 12101
hey there this is message 12102
hey there this is message 12103
hey there this is message 12104
hey there this is message 12105
hey there this is message 12106
hey there this is message 12107
hey there this is message 12108
hey there this is message 12109
hey there this is message 12110
hey there this is message 12111
hey there this is message 12112
hey there this is message 12113
hey there this is message 12114
hey there this is message 12115
hey there this is message 12116
hey there this is message 12117
hey there this is message 12118
hey there this is message 12119
hey there this is message 12120
hey there this is message 12121
hey there this is message 12122
hey there this is message 12123
hey there this is message 12124
hey there this is message 12125
hey there this is message 12126
hey there this is message 12127
hey there this is message 12128
hey there this is message 12129
hey there this is message 12130
hey there this is message 12131
hey there this is message 12132
hey there this is message 12133
hey there this is message 12134
hey there this is message 12135
hey there this is message 12136
hey there this is message 12137
hey there this is message 12138
hey there this is message 12139
hey there this is message 12140
hey there this is message 12141
hey there this is message 12142
hey there this is message 12143
hey there this is message 12144
hey there this is message 12145
hey there this is message 12146
hey there this is message 12147
hey there this is message 12148
hey there this is message 12149
hey there this is message 12150
hey there this is message 12151
hey there this is message 12152
hey there this is message 12153
hey there this is message 12154
hey there this is message 12155
hey there this is message 12156
hey there this is message 12157
hey there this is message 12158
hey there this is message 12159
hey there this is message 12160
hey there this is message 12161
hey there this is message 12162
hey there this is message 12163
hey there this is message 12164
hey there this is message 12165
hey there this is message 12166
hey there this is message 12167
hey there this is message 12168
hey there this is message 12169
hey there this is message 12170
hey there this is message 12171
hey there this is message 12172
hey there this is message 12173
hey there this is message 12174
hey there this is message 12175
hey there this is message 12176
hey there this is message 12177
hey there this is message 12178
hey there this is message 12179
hey there this is message 12180
hey there this is message 12181
hey there this is message 12182
hey there this is message 12183
hey there this is message 12184
hey there this is message 12185
hey there this is message 12186
hey there this is message 12187
hey there this is message 12188
hey there this is message 12189
hey there this is message 12190
hey there this is message 12191
hey there this is message 12192
hey there this is message 12193
hey there this is message 12194
hey there this is message 12195
hey there this is message 12196
hey there this is message 12197
hey there this is message 12198
hey there this is message 12199
hey there this is message 12200
hey there this is message 12201
hey there this is message 12202
hey there this is message 12203
hey there this is message 12204
hey there this is message 12205
hey there this is message 12206
hey there this is message 12207
hey there this is message 12208
hey there this is message 12209
hey there this is message 12210
hey there this is message 12211
hey there this is message 12212
hey there this is message 12213
hey there this is message 12214
hey there this is message 12215
hey there this is message 12216
hey there this is message 12217
hey there this is message 12218
hey there this is message 12219
hey there this is message 12220
hey there this is message 12221
hey there this is message 12222
hey there this is message 12223
hey there this is message 12224
hey there this is message 12225
hey there this is message 12226
hey there this is message 12227
hey there this is message 12228
hey there this is message 12229
hey there this is message 12230
hey there this is message 12231
hey there this is message 12232
hey there this is message 12233
hey there this is message 12234
hey there this is message 12235
hey there this is message 12236
hey there this is message 12237
hey there this is message 12238
hey there this is message 12239
hey there this is message 12240
hey there this is message 12241
hey there this is message 12242
hey there this is message 12243
hey there this is message 12244
hey there this is message 12245
hey there this is message 12246
hey there this is message 12247
hey there this is message 12248
hey there this is message 12249
hey there this is message 12250
hey there this is message 12251
hey there this is message 12252
hey there this is message 12253
hey there this is message 12254
hey there this is message 12255
hey there this is message 12256
hey there this is message 12257
hey there this is message 12258
hey there this is message 12259
hey there this is message 12260
hey there this is message 12261
hey there this is message 12262
hey there this is message 12263
hey there this is message 12264
hey there this is message 12265
hey there this is message 12266
hey there this is message 12267
hey there this is message 12268
hey there this is message 12269
hey there this is message 12270
hey there this is message 12271
hey there this is message 12272
hey there this is message 12273
hey there this is message 12274
hey there this is message 12275
hey there this is message 12276
hey there this is message 12277
hey there this is message 12278
hey there this is message 12279
hey there this is message 12280
hey there this is message 12281
hey there this is message 12282
hey there this is message 12283
hey there this is message 12284
hey there this is message 12285
hey there this is message 12286
hey there this is message 12287
hey there this is message 12288
hey there this is message 12289
hey there this is message 12290
hey there this is message 12291
hey there this is message 12292
hey there this is message 12293
hey there this is message 12294
hey there this is message 12295
hey there this is message 12296
hey there this is message 12297
hey there this is message 12298
hey there this is message 12299
hey there this is message 12300
hey there this is message 12301
hey there this is message 12302
hey there this is message 12303
hey there this is message 12304
hey there this is message 12305
hey there this is message 12306
hey there this is message 12307
hey there this is message 12308
hey there this is message 12309
hey there this is message 12310
hey there this is message 12311
hey there this is message 12312
hey there this is message 12313
hey there this is message 12314
hey there this is message 12315
hey there this is message 12316
hey there this is message 12317
hey there this is message 12318
hey there this is message 12319
hey there this is message 12320
hey there this is message 12321
hey there this is message 12322
hey there this is message 12323
hey there this is message 12324
hey there this is message 12325
hey there this is message 12326
hey there this is message 12327
hey there this is message 12328
hey there this is message 12329
hey there this is message 12330
hey there this is message 12331
hey there this is message 12332
hey there this is message 12333
hey there this is message 12334
hey there this is message 12335
hey there this is message 12336
hey there this is message 12337
hey there this is message 12338
hey there this is message 12339
hey there this is message 12340
hey there this is message 12341
hey there this is message 12342
hey there this is message 12343
hey there this is message 12344
hey there this is message 12345
hey there this is message 12346
hey there this is message 12347
hey there this is message 12348
hey there this is message 12349
hey there this is message 12350
hey there this is message 12351
hey there this is message 12352
hey there this is message 12353
hey there this is message 12354
hey there this is message 12355
hey there this is message 12356
hey there this is message 12357
hey there this is message 12358
hey there this is message 12359
hey there this is message 12360
hey there this is message 12361
hey there this is message 12362
hey there this is message 12363
hey there this is message 12364
hey there this is message 12365
hey there this is message 12366
hey there this is message 12367
hey there this is message 12368
hey there this is message 12369
hey there this is message 12370
hey there this is message 12371
hey there this is message 12372
hey there this is message 12373
hey there this is message 12374
hey there this is message 12375
hey there this is message 12376
hey there this is message 12377
hey there this is message 12378
hey there this is message 12379
hey there this is message 12380
hey there this is message 12381
hey there this is message 12382
hey there this is message 12383
hey there this is message 12384
hey there this is message 12385
hey there this is message 12386
hey there this is message 12387
hey there this is message 12388
hey there this is message 12389
hey there this is message 12390
hey there this is message 12391
hey there this is message 12392
hey there this is message 12393
hey there this is message 12394
hey there this is message 12395
hey there this is message 12396
hey there this is message 12397
hey there this is message 12398
hey there this is message 12399
hey there this is message 12400
hey there this is message 12401
hey there this is message 12402
hey there this is message 12403
hey there this is message 12404
hey there this is message 12405
hey there this is message 12406
hey there this is message 12407
hey there this is message 12408
hey there this is message 12409
hey there this is message 12410
hey there this is message 12411
hey there this is message 12412
hey there this is message 12413
hey there this is message 12414
hey there this is message 12415
hey there this is message 12416
hey there this is message 12417
hey there this is message 12418
hey there this is message 12419
hey there this is message 12420
hey there this is message 12421
hey there this is message 12422
hey there this is message 12423
hey there this is message 12424
hey there this is message 12425
hey there this is message 12426
hey there this is message 12427
hey there this is message 12428
hey there this is message 12429
hey there this is message 12430
hey there this is message 12431
hey there this is message 12432
hey there this is message 12433
hey there this is message 12434
hey there this is message 12435
hey there this is message 12436
hey there this is message 12437
hey there this is message 12438
hey there this is message 12439
hey there this is message 12440
hey there this is message 12441
hey there this is message 12442
hey there this is message 12443
hey there this is message 12444
hey there this is message 12445
hey there this is message 12446
hey there this is message 12447
hey there this is message 12448
hey there this is message 12449
hey there this is message 12450
hey there this is message 12451
hey there this is message 12452
hey there this is message 12453
hey there this is message 12454
hey there this is message 12455
hey there this is message 12456
hey there this is message 12457
hey there this is message 12458
hey there this is message 12459
hey there this is message 12460
hey there this is message 12461
hey there this is message 12462
hey there this is message 12463
hey there this is message 12464
hey there this is message 12465
hey there this is message 12466
hey there this is message 12467
hey there this is message 12468
hey there this is message 12469
hey there this is message 12470
hey there this is message 12471
hey there this is message 12472
hey there this is message 12473
hey there this is message 12474
hey there this is message 12475
hey there this is message 12476
hey there this is message 12477
hey there this is message 12478
hey there this is message 12479
hey there this is message 12480
hey there this is message 12481
hey there this is message 12482
hey there this is message 12483
hey there this is message 12484
hey there this is message 12485
hey there this is message 12486
hey there this is message 12487
hey there this is message 12488
hey there this is message 12489
hey there this is message 12490
hey there this is message 12491
hey there this is message 12492
hey there this is message 12493
hey there this is message 12494
hey there this is message 12495
hey there this is message 12496
hey there this is message 12497
hey there this is message 12498
hey there this is message 12499
hey there this is message 12500
hey there this is message 12501
hey there this is message 12502
hey there this is message 12503
hey there this is message 12504
hey there this is message 12505
hey there this is message 12506
hey there this is message 12507
hey there this is message 12508
hey there this is message 12509
hey there this is message 12510
hey there this is message 12511
hey there this is message 12512
hey there this is message 12513
hey there this is message 12514
hey there this is message 12515
hey there this is message 12516
hey there this is message 12517
hey there this is message 12518
hey there this is message 12519
hey there this is message 12520
hey there this is message 12521
hey there this is message 12522
hey there this is message 12523
hey there this is message 12524
hey there this is message 12525
hey there this is message 12526
hey there this is message 12527
hey there this is message 12528
hey there this is message 12529
hey there this is message 12530
hey there this is message 12531
hey there this is message 12532
hey there this is message 12533
hey there this is message 12534
hey there this is message 12535
hey there this is message 12536
hey there this is message 12537
hey there this is message 12538
hey there this is message 12539
hey there this is message 12540
hey there this is message 12541
hey there this is message 12542
hey there this is message 12543
hey there this is message 12544
hey there this is message 12545
hey there this is message 12546
hey there this is message 12547
hey there this is message 12548
hey there this is message 12549
hey there this is message 12550
hey there this is message 12551
hey there this is message 12552
hey there this is message 12553
hey there this is message 12554
hey there this is message 12555
hey there this is message 12556
hey there this is message 12557
hey there this is message 12558
hey there this is message 12559
hey there this is message 12560
hey there this is message 12561
hey there this is message 12562
hey there this is message 12563
hey there this is message 12564
hey there this is message 12565
hey there this is message 12566
hey there this is message 12567
hey there this is message 12568
hey there this is message 12569
hey there this is message 12570
hey there this is message 12571
hey there this is message 12572
hey there this is message 12573
hey there this is message 12574
hey there this is message 12575
hey there this is message 12576
hey there this is message 12577
hey there this is message 12578
hey there this is message 12579
hey there this is message 12580
hey there this is message 12581
hey there this is message 12582
hey there this is message 12583
hey there this is message 12584
hey there this is message 12585
hey there this is message 12586
hey there this is message 12587
hey there this is message 12588
hey there this is message 12589
hey there this is message 12590
hey there this is message 12591
hey there this is message 12592
hey there this is message 12593
hey there this is message 12594
hey there this is message 12595
hey there this is message 12596
hey there this is message 12597
hey there this is message 12598
hey there this is message 12599
hey there this is message 12600
hey there this is message 12601
hey there this is message 12602
hey there this is message 12603
hey there this is message 12604
hey there this is message 12605
hey there this is message 12606
hey there this is message 12607
hey there this is message 12608
hey there this is message 12609
hey there this is message 12610
hey there this is message 12611
hey there this is message 12612
hey there this is message 12613
hey there this is message 12614
hey there this is message 12615
hey there this is message 12616
hey there this is message 12617
hey there this is message 12618
hey there this is message 12619
hey there this is message 12620
hey there this is message 12621
hey there this is message 12622
hey there this is message 12623
hey there this is message 12624
hey there this is message 12625
hey there this is message 12626
hey there this is message 12627
hey there this is message 12628
hey there this is message 12629
hey there this is message 12630
hey there this is message 12631
hey there this is message 12632
hey there this is message 12633
hey there this is message 12634
hey there this is message 12635
hey there this is message 12636
hey there this is message 12637
hey there this is message 12638
hey there this is message 12639
hey there this is message 12640
hey there this is message 12641
hey there this is message 12642
hey there this is message 12643
hey there this is message 12644
hey there this is message 12645
hey there this is message 12646
hey there this is message 12647
hey there this is message 12648
hey there this is message 12649
hey there this is message 12650
hey there this is message 12651
hey there this is message 12652
hey there this is message 12653
hey there this is message 12654
hey there this is message 12655
hey there this is message 12656
hey there this is message 12657
hey there this is message 12658
hey there this is message 12659
hey there this is message 12660
hey there this is message 12661
hey there this is message 12662
hey there this is message 12663
hey there this is message 12664
hey there this is message 12665
hey there this is message 12666
hey there this is message 12667
hey there this is message 12668
hey there this is message 12669
hey there this is message 12670
hey there this is message 12671
hey there this is message 12672
hey there this is message 12673
hey there this is message 12674
hey there this is message 12675
hey there this is message 12676
hey there this is message 12677
hey there this is message 12678
hey there this is message 12679
hey there this is message 12680
hey there this is message 12681
hey there this is message 12682
hey there this is message 12683
hey there this is message 12684
hey there this is message 12685
hey there this is message 12686
hey there this is message 12687
hey there this is message 12688
hey there this is message 12689
hey there this is message 12690
hey there this is message 12691
hey there this is message 12692
hey there this is message 12693
hey there this is message 12694
hey there this is message 12695
hey there this is message 12696
hey there this is message 12697
hey there this is message 12698
hey there this is message 12699
hey there this is message 12700
hey there this is message 12701
hey there this is message 12702
hey there this is message 12703
hey there this is message 12704
hey there this is message 12705
hey there this is message 12706
hey there this is message 12707
hey there this is message 12708
hey there this is message 12709
hey there this is message 12710
hey there this is message 12711
hey there this is message 12712
hey there this is message 12713
hey there this is message 12714
hey there this is message 12715
hey there this is message 12716
hey there this is message 12717
hey there this is message 12718
hey there this is message 12719
hey there this is message 12720
hey there this is message 12721
hey there this is message 12722
hey there this is message 12723
hey there this is message 12724
hey there this is message 12725
hey there this is message 12726
hey there this is message 12727
hey there this is message 12728
hey there this is message 12729
hey there this is message 12730
hey there this is message 12731
hey there this is message 12732
hey there this is message 12733
hey there this is message 12734
hey there this is message 12735
hey there this is message 12736
hey there this is message 12737
hey there this is message 12738
hey there this is message 12739
hey there this is message 12740
hey there this is message 12741
hey there this is message 12742
hey there this is message 12743
hey there this is message 12744
hey there this is message 12745
hey there this is message 12746
hey there this is message 12747
hey there this is message 12748
hey there this is message 12749
hey there this is message 12750
hey there this is message 12751
hey there this is message 12752
hey there this is message 12753
hey there this is message 12754
hey there this is message 12755
hey there this is message 12756
hey there this is message 12757
hey there this is message 12758
hey there this is message 12759
hey there this is message 12760
hey there this is message 12761
hey there this is message 12762
hey there this is message 12763
hey there this is message 12764
hey there this is message 12765
hey there this is message 12766
hey there this is message 12767
hey there this is message 12768
hey there this is message 12769
hey there this is message 12770
hey there this is message 12771
hey there this is message 12772
hey there this is message 12773
hey there this is message 12774
hey there this is message 12775
hey there this is message 12776
hey there this is message 12777
hey there this is message 12778
hey there this is message 12779
hey there this is message 12780
hey there this is message 12781
hey there this is message 12782
hey there this is message 12783
hey there this is message 12784
hey there this is message 12785
hey there this is message 12786
hey there this is message 12787
hey there this is message 12788
hey there this is message 12789
hey there this is message 12790
hey there this is message 12791
hey there this is message 12792
hey there this is message 12793
hey there this is message 12794
hey there this is message 12795
hey there this is message 12796
hey there this is message 12797
hey there this is message 12798
hey there this is message 12799
hey there this is message 12800
hey there this is message 12801
hey there this is message 12802
hey there this is message 12803
hey there this is message 12804
hey there this is message 12805
hey there this is message 12806
hey there this is message 12807
hey there this is message 12808
hey there this is message 12809
hey there this is message 12810
hey there this is message 12811
hey there this is message 12812
hey there this is message 12813
hey there this is message 12814
hey there this is message 12815
hey there this is message 12816
hey there this is message 12817
hey there this is message 12818
hey there this is message 12819
hey there this is message 12820
hey there this is message 12821
hey there this is message 12822
hey there this is message 12823
hey there this is message 12824
hey there this is message 12825
hey there this is message 12826
hey there this is message 12827
hey there this is message 12828
hey there this is message 12829
hey there this is message 12830
hey there this is message 12831
hey there this is message 12832
hey there this is message 12833
hey there this is message 12834
hey there this is message 12835
hey there this is message 12836
hey there this is message 12837
hey there this is message 12838
hey there this is message 12839
hey there this is message 12840
hey there this is message 12841
hey there this is message 12842
hey there this is message 12843
hey there this is message 12844
hey there this is message 12845
hey there this is message 12846
hey there this is message 12847
hey there this is message 12848
hey there this is message 12849
hey there this is message 12850
hey there this is message 12851
hey there this is message 12852
hey there this is message 12853
hey there this is message 12854
hey there this is message 12855
hey there this is message 12856
hey there this is message 12857
hey there this is message 12858
hey there this is message 12859
hey there this is message 12860
hey there this is message 12861
hey there this is message 12862
hey there this is message 12863
hey there this is message 12864
hey there this is message 12865
hey there this is message 12866
hey there this is message 12867
hey there this is message 12868
hey there this is message 12869
hey there this is message 12870
hey there this is message 12871
hey there this is message 12872
hey there this is message 12873
hey there this is message 12874
hey there this is message 12875
hey there this is message 12876
hey there this is message 12877
hey there this is message 12878
hey there this is message 12879
hey there this is message 12880
hey there this is message 12881
hey there this is message 12882
hey there this is message 12883
hey there this is message 12884
hey there this is message 12885
hey there this is message 12886
hey there this is message 12887
hey there this is message 12888
hey there this is message 12889
hey there this is message 12890
hey there this is message 12891
hey there this is message 12892
hey there this is message 12893
hey there this is message 12894
hey there this is message 12895
hey there this is message 12896
hey there this is message 12897
hey there this is message 12898
hey there this is message 12899
hey there this is message 12900
hey there this is message 12901
hey there this is message 12902
hey there this is message 12903
hey there this is message 12904
hey there this is message 12905
hey there this is message 12906
hey there this is message 12907
hey there this is message 12908
hey there this is message 12909
hey there this is message 12910
hey there this is message 12911
hey there this is message 12912
hey there this is message 12913
hey there this is message 12914
hey there this is message 12915
hey there this is message 12916
hey there this is message 12917
hey there this is message 12918
hey there this is message 12919
hey there this is message 12920
hey there this is message 12921
hey there this is message 12922
hey there this is message 12923
hey there this is message 12924
hey there this is message 12925
hey there this is message 12926
hey there this is message 12927
hey there this is message 12928
hey there this is message 12929
hey there this is message 12930
hey there this is message 12931
hey there this is message 12932
hey there this is message 12933
hey there this is message 12934
hey there this is message 12935
hey there this is message 12936
hey there this is message 12937
hey there this is message 12938
hey there this is message 12939
hey there this is message 12940
hey there this is message 12941
hey there this is message 12942
hey there this is message 12943
hey there this is message 12944
hey there this is message 12945
hey there this is message 12946
hey there this is message 12947
hey there this is message 12948
hey there this is message 12949
hey there this is message 12950
hey there this is message 12951
hey there this is message 12952
hey there this is message 12953
hey there this is message 12954
hey there this is message 12955
hey there this is message 12956
hey there this is message 12957
hey there this is message 12958
hey there this is message 12959
hey there this is message 12960
hey there this is message 12961
hey there this is message 12962
hey there this is message 12963
hey there this is message 12964
hey there this is message 12965
hey there this is message 12966
hey there this is message 12967
hey there this is message 12968
hey there this is message 12969
hey there this is message 12970
hey there this is message 12971
hey there this is message 12972
hey there this is message 12973
hey there this is message 12974
hey there this is message 12975
hey there this is message 12976
hey there this is message 12977
hey there this is message 12978
hey there this is message 12979
hey there this is message 12980
hey there this is message 12981
hey there this is message 12982
hey there this is message 12983
hey there this is message 12984
hey there this is message 12985
hey there this is message 12986
hey there this is message 12987
hey there this is message 12988
hey there this is message 12989
hey there this is message 12990
hey there this is message 12991
hey there this is message 12992
hey there this is message 12993
hey there this is message 12994
hey there this is message 12995
hey there this is message 12996
hey there this is message 12997
hey there this is message 12998
hey there this is message 12999
hey there this is message 13000
hey there this is message 13001
hey there this is message 13002
hey there this is message 13003
hey there this is message 13004
hey there this is message 13005
hey there this is message 13006
hey there this is message 13007
hey there this is message 13008
hey there this is message 13009
hey there this is message 13010
hey there this is message 13011
hey there this is message 13012
hey there this is message 13013
hey there this is message 13014
hey there this is message 13015
hey there this is message 13016
hey there this is message 13017
hey there this is message 13018
hey there this is message 13019
hey there this is message 13020
hey there this is message 13021
hey there this is message 13022
hey there this is message 13023
hey there this is message 13024
hey there this is message 13025
hey there this is message 13026
hey there this is message 13027
hey there this is message 13028
hey there this is message 13029
hey there this is message 13030
hey there this is message 13031
hey there this is message 13032
hey there this is message 13033
hey there this is message 13034
hey there this is message 13035
hey there this is message 13036
hey there this is message 13037
hey there this is message 13038
hey there this is message 13039
hey there this is message 13040
hey there this is message 13041
hey there this is message 13042
hey there this is message 13043
hey there this is message 13044
hey there this is message 13045
hey there this is message 13046
hey there this is message 13047
hey there this is message 13048
hey there this is message 13049
hey there this is message 13050
hey there this is message 13051
hey there this is message 13052
hey there this is message 13053
hey there this is message 13054
hey there this is message 13055
hey there this is message 13056
hey there this is message 13057
hey there this is message 13058
hey there this is message 13059
hey there this is message 13060
hey there this is message 13061
hey there this is message 13062
hey there this is message 13063
hey there this is message 13064
hey there this is message 13065
hey there this is message 13066
hey there this is message 13067
hey there this is message 13068
hey there this is message 13069
hey there this is message 13070
hey there this is message 13071
hey there this is message 13072
hey there this is message 13073
hey there this is message 13074
hey there this is message 13075
hey there this is message 13076
hey there this is message 13077
hey there this is message 13078
hey there this is message 13079
hey there this is message 13080
hey there this is message 13081
hey there this is message 13082
hey there this is message 13083
hey there this is message 13084
hey there this is message 13085
hey there this is message 13086
hey there this is message 13087
hey there this is message 13088
hey there this is message 13089
hey there this is message 13090
hey there this is message 13091
hey there this is message 13092
hey there this is message 13093
hey there this is message 13094
hey there this is message 13095
hey there this is message 13096
hey there this is message 13097
hey there this is message 13098
hey there this is message 13099
hey there this is message 13100
hey there this is message 13101
hey there this is message 13102
hey there this is message 13103
hey there this is message 13104
hey there this is message 13105
hey there this is message 13106
hey there this is message 13107
hey there this is message 13108
hey there this is message 13109
hey there this is message 13110
hey there this is message 13111
hey there this is message 13112
hey there this is message 13113
hey there this is message 13114
hey there this is message 13115
hey there this is message 13116
hey there this is message 13117
hey there this is message 13118
hey there this is message 13119
hey there this is message 13120
hey there this is message 13121
hey there this is message 13122
hey there this is message 13123
hey there this is message 13124
hey there this is message 13125
hey there this is message 13126
hey there this is message 13127
hey there this is message 13128
hey there this is message 13129
hey there this is message 13130
hey there this is message 13131
hey there this is message 13132
hey there this is message 13133
hey there this is message 13134
hey there this is message 13135
hey there this is message 13136
hey there this is message 13137
hey there this is message 13138
hey there this is message 13139
hey there this is message 13140
hey there this is message 13141
hey there this is message 13142
hey there this is message 13143
hey there this is message 13144
hey there this is message 13145
hey there this is message 13146
hey there this is message 13147
hey there this is message 13148
hey there this is message 13149
hey there this is message 13150
hey there this is message 13151
hey there this is message 13152
hey there this is message 13153
hey there this is message 13154
hey there this is message 13155
hey there this is message 13156
hey there this is message 13157
hey there this is message 13158
hey there this is message 13159
hey there this is message 13160
hey there this is message 13161
hey there this is message 13162
hey there this is message 13163
hey there this is message 13164
hey there this is message 13165
hey there this is message 13166
hey there this is message 13167
hey there this is message 13168
hey there this is message 13169
hey there this is message 13170
hey there this is message 13171
hey there this is message 13172
hey there this is message 13173
hey there this is message 13174
hey there this is message 13175
hey there this is message 13176
hey there this is message 13177
hey there this is message 13178
hey there this is message 13179
hey there this is message 13180
hey there this is message 13181
hey there this is message 13182
hey there this is message 13183
hey there this is message 13184
hey there this is message 13185
hey there this is message 13186
hey there this is message 13187
hey there this is message 13188
hey there this is message 13189
hey there this is message 13190
hey there this is message 13191
hey there this is message 13192
hey there this is message 13193
hey there this is message 13194
hey there this is message 13195
hey there this is message 13196
hey there this is message 13197
hey there this is message 13198
hey there this is message 13199
hey there this is message 13200
hey there this is message 13201
hey there this is message 13202
hey there this is message 13203
hey there this is message 13204
hey there this is message 13205
hey there this is message 13206
hey there this is message 13207
hey there this is message 13208
hey there this is message 13209
hey there this is message 13210
hey there this is message 13211
hey there this is message 13212
hey there this is message 13213
hey there this is message 13214
hey there this is message 13215
hey there this is message 13216
hey there this is message 13217
hey there this is message 13218
hey there this is message 13219
hey there this is message 13220
hey there this is message 13221
hey there this is message 13222
hey there this is message 13223
hey there this is message 13224
hey there this is message 13225
hey there this is message 13226
hey there this is message 13227
hey there this is message 13228
hey there this is message 13229
hey there this is message 13230
hey there this is message 13231
hey there this is message 13232
hey there this is message 13233
hey there this is message 13234
hey there this is message 13235
hey there this is message 13236
hey there this is message 13237
hey there this is message 13238
hey there this is message 13239
hey there this is message 13240
hey there this is message 13241
hey there this is message 13242
hey there this is message 13243
hey there this is message 13244
hey there this is message 13245
hey there this is message 13246
hey there this is message 13247
hey there this is message 13248
hey there this is message 13249
hey there this is message 13250
hey there this is message 13251
hey there this is message 13252
hey there this is message 13253
hey there this is message 13254
hey there this is message 13255
hey there this is message 13256
hey there this is message 13257
hey there this is message 13258
hey there this is message 13259
hey there this is message 13260
hey there this is message 13261
hey there this is message 13262
hey there this is message 13263
hey there this is message 13264
hey there this is message 13265
hey there this is message 13266
hey there this is message 13267
hey there this is message 13268
hey there this is message 13269
hey there this is message 13270
hey there this is message 13271
hey there this is message 13272
hey there this is message 13273
hey there this is message 13274
hey there this is message 13275
hey there this is message 13276
hey there this is message 13277
hey there this is message 13278
hey there this is message 13279
hey there this is message 13280
hey there this is message 13281
hey there this is message 13282
hey there this is message 13283
hey there this is message 13284
hey there this is message 13285
hey there this is message 13286
hey there this is message 13287
hey there this is message 13288
hey there this is message 13289
hey there this is message 13290
hey there this is message 13291
hey there this is message 13292
hey there this is message 13293
hey there this is message 13294
hey there this is message 13295
hey there this is message 13296
hey there this is message 13297
hey there this is message 13298
hey there this is message 13299
hey there this is message 13300
hey there this is message 13301
hey there this is message 13302
hey there this is message 13303
hey there this is message 13304
hey there this is message 13305
hey there this is message 13306
hey there this is message 13307
hey there this is message 13308
hey there this is message 13309
hey there this is message 13310
hey there this is message 13311
hey there this is message 13312
hey there this is message 13313
hey there this is message 13314
hey there this is message 13315
hey there this is message 13316
hey there this is message 13317
hey there this is message 13318
hey there this is message 13319
hey there this is message 13320
hey there this is message 13321
hey there this is message 13322
hey there this is message 13323
hey there this is message 13324
hey there this is message 13325
hey there this is message 13326
hey there this is message 13327
hey there this is message 13328
hey there this is message 13329
hey there this is message 13330
hey there this is message 13331
hey there this is message 13332
hey there this is message 13333
hey there this is message 13334
hey there this is message 13335
hey there this is message 13336
hey there this is message 13337
hey there this is message 13338
hey there this is message 13339
hey there this is message 13340
hey there this is message 13341
hey there this is message 13342
hey there this is message 13343
hey there this is message 13344
hey there this is message 13345
hey there this is message 13346
hey there this is message 13347
hey there this is message 13348
hey there this is message 13349
hey there this is message 13350
hey there this is message 13351
hey there this is message 13352
hey there this is message 13353
hey there this is message 13354
hey there this is message 13355
hey there this is message 13356
hey there this is message 13357
hey there this is message 13358
hey there this is message 13359
hey there this is message 13360
hey there this is message 13361
hey there this is message 13362
hey there this is message 13363
hey there this is message 13364
hey there this is message 13365
hey there this is message 13366
hey there this is message 13367
hey there this is message 13368
hey there this is message 13369
hey there this is message 13370
hey there this is message 13371
hey there this is message 13372
hey there this is message 13373
hey there this is message 13374
hey there this is message 13375
hey there this is message 13376
hey there this is message 13377
hey there this is message 13378
hey there this is message 13379
hey there this is message 13380
hey there this is message 13381
hey there this is message 13382
hey there this is message 13383
hey there this is message 13384
hey there this is message 13385
hey there this is message 13386
hey there this is message 13387
hey there this is message 13388
hey there this is message 13389
hey there this is message 13390
hey there this is message 13391
hey there this is message 13392
hey there this is message 13393
hey there this is message 13394
hey there this is message 13395
hey there this is message 13396
hey there this is message 13397
hey there this is message 13398
hey there this is message 13399
hey there this is message 13400
hey there this is message 13401
hey there this is message 13402
hey there this is message 13403
hey there this is message 13404
hey there this is message 13405
hey there this is message 13406
hey there this is message 13407
hey there this is message 13408
hey there this is message 13409
hey there this is message 13410
hey there this is message 13411
hey there this is message 13412
hey there this is message 13413
hey there this is message 13414
hey there this is message 13415
hey there this is message 13416
hey there this is message 13417
hey there this is message 13418
hey there this is message 13419
hey there this is message 13420
hey there this is message 13421
hey there this is message 13422
hey there this is message 13423
hey there this is message 13424
hey there this is message 13425
hey there this is message 13426
hey there this is message 13427
hey there this is message 13428
hey there this is message 13429
hey there this is message 13430
hey there this is message 13431
hey there this is message 13432
hey there this is message 13433
hey there this is message 13434
hey there this is message 13435
hey there this is message 13436
hey there this is message 13437
hey there this is message 13438
hey there this is message 13439
hey there this is message 13440
hey there this is message 13441
hey there this is message 13442
hey there this is message 13443
hey there this is message 13444
hey there this is message 13445
hey there this is message 13446
hey there this is message 13447
hey there this is message 13448
hey there this is message 13449
hey there this is message 13450
hey there this is message 13451
hey there this is message 13452
hey there this is message 13453
hey there this is message 13454
hey there this is message 13455
hey there this is message 13456
hey there this is message 13457
hey there this is message 13458
hey there this is message 13459
hey there this is message 13460
hey there this is message 13461
hey there this is message 13462
hey there this is message 13463
hey there this is message 13464
hey there this is message 13465
hey there this is message 13466
hey there this is message 13467
hey there this is message 13468
hey there this is message 13469
hey there this is message 13470
hey there this is message 13471
hey there this is message 13472
hey there this is message 13473
hey there this is message 13474
hey there this is message 13475
hey there this is message 13476
hey there this is message 13477
hey there this is message 13478
hey there this is message 13479
hey there this is message 13480
hey there this is message 13481
hey there this is message 13482
hey there this is message 13483
hey there this is message 13484
hey there this is message 13485
hey there this is message 13486
hey there this is message 13487
hey there this is message 13488
hey there this is message 13489
hey there this is message 13490
hey there this is message 13491
hey there this is message 13492
hey there this is message 13493
hey there this is message 13494
hey there this is message 13495
hey there this is message 13496
hey there this is message 13497
hey there this is message 13498
hey there this is message 13499
hey there this is message 13500
hey there this is message 13501
hey there this is message 13502
hey there this is message 13503
hey there this is message 13504
hey there this is message 13505
hey there this is message 13506
hey there this is message 13507
hey there this is message 13508
hey there this is message 13509
hey there this is message 13510
hey there this is message 13511
hey there this is message 13512
hey there this is message 13513
hey there this is message 13514
hey there this is message 13515
hey there this is message 13516
hey there this is message 13517
hey there this is message 13518
hey there this is message 13519
hey there this is message 13520
hey there this is message 13521
hey there this is message 13522
hey there this is message 13523
hey there this is message 13524
hey there this is message 13525
hey there this is message 13526
hey there this is message 13527
hey there this is message 13528
hey there this is message 13529
hey there this is message 13530
hey there this is message 13531
hey there this is message 13532
hey there this is message 13533
hey there this is message 13534
hey there this is message 13535
hey there this is message 13536
hey there this is message 13537
hey there this is message 13538
hey there this is message 13539
hey there this is message 13540
hey there this is message 13541
hey there this is message 13542
hey there this is message 13543
hey there this is message 13544
hey there this is message 13545
hey there this is message 13546
hey there this is message 13547
hey there this is message 13548
hey there this is message 13549
hey there this is message 13550
hey there this is message 13551
hey there this is message 13552
hey there this is message 13553
hey there this is message 13554
hey there this is message 13555
hey there this is message 13556
hey there this is message 13557
hey there this is message 13558
hey there this is message 13559
hey there this is message 13560
hey there this is message 13561
hey there this is message 13562
hey there this is message 13563
hey there this is message 13564
hey there this is message 13565
hey there this is message 13566
hey there this is message 13567
hey there this is message 13568
hey there this is message 13569
hey there this is message 13570
hey there this is message 13571
hey there this is message 13572
hey there this is message 13573
hey there this is message 13574
hey there this is message 13575
hey there this is message 13576
hey there this is message 13577
hey there this is message 13578
hey there this is message 13579
hey there this is message 13580
hey there this is message 13581
hey there this is message 13582
hey there this is message 13583
hey there this is message 13584
hey there this is message 13585
hey there this is message 13586
hey there this is message 13587
hey there this is message 13588
hey there this is message 13589
hey there this is message 13590
hey there this is message 13591
hey there this is message 13592
hey there this is message 13593
hey there this is message 13594
hey there this is message 13595
hey there this is message 13596
hey there this is message 13597
hey there this is message 13598
hey there this is message 13599
hey there this is message 13600
hey there this is message 13601
hey there this is message 13602
hey there this is message 13603
hey there this is message 13604
hey there this is message 13605
hey there this is message 13606
hey there this is message 13607
hey there this is message 13608
hey there this is message 13609
hey there this is message 13610
hey there this is message 13611
hey there this is message 13612
hey there this is message 13613
hey there this is message 13614
hey there this is message 13615
hey there this is message 13616
hey there this is message 13617
hey there this is message 13618
hey there this is message 13619
hey there this is message 13620
hey there this is message 13621
hey there this is message 13622
hey there this is message 13623
hey there this is message 13624
hey there this is message 13625
hey there this is message 13626
hey there this is message 13627
hey there this is message 13628
hey there this is message 13629
hey there this is message 13630
hey there this is message 13631
hey there this is message 13632
hey there this is message 13633
hey there this is message 13634
hey there this is message 13635
hey there this is message 13636
hey there this is message 13637
hey there this is message 13638
hey there this is message 13639
hey there this is message 13640
hey there this is message 13641
hey there this is message 13642
hey there this is message 13643
hey there this is message 13644
hey there this is message 13645
hey there this is message 13646
hey there this is message 13647
hey there this is message 13648
hey there this is message 13649
hey there this is message 13650
hey there this is message 13651
hey there this is message 13652
hey there this is message 13653
hey there this is message 13654
hey there this is message 13655
hey there this is message 13656
hey there this is message 13657
hey there this is message 13658
hey there this is message 13659
hey there this is message 13660
hey there this is message 13661
hey there this is message 13662
hey there this is message 13663
hey there this is message 13664
hey there this is message 13665
hey there this is message 13666
hey there this is message 13667
hey there this is message 13668
hey there this is message 13669
hey there this is message 13670
hey there this is message 13671
hey there this is message 13672
hey there this is message 13673
hey there this is message 13674
hey there this is message 13675
hey there this is message 13676
hey there this is message 13677
hey there this is message 13678
hey there this is message 13679
hey there this is message 13680
hey there this is message 13681
hey there this is message 13682
hey there this is message 13683
hey there this is message 13684
hey there this is message 13685
hey there this is message 13686
hey there this is message 13687
hey there this is message 13688
hey there this is message 13689
hey there this is message 13690
hey there this is message 13691
hey there this is message 13692
hey there this is message 13693
hey there this is message 13694
hey there this is message 13695
hey there this is message 13696
hey there this is message 13697
hey there this is message 13698
hey there this is message 13699
hey there this is message 13700
hey there this is message 13701
hey there this is message 13702
hey there this is message 13703
hey there this is message 13704
hey there this is message 13705
hey there this is message 13706
hey there this is message 13707
hey there this is message 13708
hey there this is message 13709
hey there this is message 13710
hey there this is message 13711
hey there this is message 13712
hey there this is message 13713
hey there this is message 13714
hey there this is message 13715
hey there this is message 13716
hey there this is message 13717
hey there this is message 13718
hey there this is message 13719
hey there this is message 13720
hey there this is message 13721
hey there this is message 13722
hey there this is message 13723
hey there this is message 13724
hey there this is message 13725
hey there this is message 13726
hey there this is message 13727
hey there this is message 13728
hey there this is message 13729
hey there this is message 13730
hey there this is message 13731
hey there this is message 13732
hey there this is message 13733
hey there this is message 13734
hey there this is message 13735
hey there this is message 13736
hey there this is message 13737
hey there this is message 13738
hey there this is message 13739
hey there this is message 13740
hey there this is message 13741
hey there this is message 13742
hey there this is message 13743
hey there this is message 13744
hey there this is message 13745
hey there this is message 13746
hey there this is message 13747
hey there this is message 13748
hey there this is message 13749
hey there this is message 13750
hey there this is message 13751
hey there this is message 13752
hey there this is message 13753
hey there this is message 13754
hey there this is message 13755
hey there this is message 13756
hey there this is message 13757
hey there this is message 13758
hey there this is message 13759
hey there this is message 13760
hey there this is message 13761
hey there this is message 13762
hey there this is message 13763
hey there this is message 13764
hey there this is message 13765
hey there this is message 13766
hey there this is message 13767
hey there this is message 13768
hey there this is message 13769
hey there this is message 13770
hey there this is message 13771
hey there this is message 13772
hey there this is message 13773
hey there this is message 13774
hey there this is message 13775
hey there this is message 13776
hey there this is message 13777
hey there this is message 13778
hey there this is message 13779
hey there this is message 13780
hey there this is message 13781
hey there this is message 13782
hey there this is message 13783
hey there this is message 13784
hey there this is message 13785
hey there this is message 13786
hey there this is message 13787
hey there this is message 13788
hey there this is message 13789
hey there this is message 13790
hey there this is message 13791
hey there this is message 13792
hey there this is message 13793
hey there this is message 13794
hey there this is message 13795
hey there this is message 13796
hey there this is message 13797
hey there this is message 13798
hey there this is message 13799
hey there this is message 13800
hey there this is message 13801
hey there this is message 13802
hey there this is message 13803
hey there this is message 13804
hey there this is message 13805
hey there this is message 13806
hey there this is message 13807
hey there this is message 13808
hey there this is message 13809
hey there this is message 13810
hey there this is message 13811
hey there this is message 13812
hey there this is message 13813
hey there this is message 13814
hey there this is message 13815
hey there this is message 13816
hey there this is message 13817
hey there this is message 13818
hey there this is message 13819
hey there this is message 13820
hey there this is message 13821
hey there this is message 13822
hey there this is message 13823
hey there this is message 13824
hey there this is message 13825
hey there this is message 13826
hey there this is message 13827
hey there this is message 13828
hey there this is message 13829
hey there this is message 13830
hey there this is message 13831
hey there this is message 13832
hey there this is message 13833
hey there this is message 13834
hey there this is message 13835
hey there this is message 13836
hey there this is message 13837
hey there this is message 13838
hey there this is message 13839
hey there this is message 13840
hey there this is message 13841
hey there this is message 13842
hey there this is message 13843
hey there this is message 13844
hey there this is message 13845
hey there this is message 13846
hey there this is message 13847
hey there this is message 13848
hey there this is message 13849
hey there this is message 13850
hey there this is message 13851
hey there this is message 13852
hey there this is message 13853
hey there this is message 13854
hey there this is message 13855
hey there this is message 13856
hey there this is message 13857
hey there this is message 13858
hey there this is message 13859
hey there this is message 13860
hey there this is message 13861
hey there this is message 13862
hey there this is message 13863
hey there this is message 13864
hey there this is message 13865
hey there this is message 13866
hey there this is message 13867
hey there this is message 13868
hey there this is message 13869
hey there this is message 13870
hey there this is message 13871
hey there this is message 13872
hey there this is message 13873
hey there this is message 13874
hey there this is message 13875
hey there this is message 13876
hey there this is message 13877
hey there this is message 13878
hey there this is message 13879
hey there this is message 13880
hey there this is message 13881
hey there this is message 13882
hey there this is message 13883
hey there this is message 13884
hey there this is message 13885
hey there this is message 13886
hey there this is message 13887
hey there this is message 13888
hey there this is message 13889
hey there this is message 13890
hey there this is message 13891
hey there this is message 13892
hey there this is message 13893
hey there this is message 13894
hey there this is message 13895
hey there this is message 13896
hey there this is message 13897
hey there this is message 13898
hey there this is message 13899
hey there this is message 13900
hey there this is message 13901
hey there this is message 13902
hey there this is message 13903
hey there this is message 13904
hey there this is message 13905
hey there this is message 13906
hey there this is message 13907
hey there this is message 13908
hey there this is message 13909
hey there this is message 13910
hey there this is message 13911
hey there this is message 13912
hey there this is message 13913
hey there this is message 13914
hey there this is message 13915
hey there this is message 13916
hey there this is message 13917
hey there this is message 13918
hey there this is message 13919
hey there this is message 13920
hey there this is message 13921
hey there this is message 13922
hey there this is message 13923
hey there this is message 13924
hey there this is message 13925
hey there this is message 13926
hey there this is message 13927
hey there this is message 13928
hey there this is message 13929
hey there this is message 13930
hey there this is message 13931
hey there this is message 13932
hey there this is message 13933
hey there this is message 13934
hey there this is message 13935
hey there this is message 13936
hey there this is message 13937
hey there this is message 13938
hey there this is message 13939
hey there this is message 13940
hey there this is message 13941
hey there this is message 13942
hey there this is message 13943
hey there this is message 13944
hey there this is message 13945
hey there this is message 13946
hey there this is message 13947
hey there this is message 13948
hey there this is message 13949
hey there this is message 13950
hey there this is message 13951
hey there this is message 13952
hey there this is message 13953
hey there this is message 13954
hey there this is message 13955
hey there this is message 13956
hey there this is message 13957
hey there this is message 13958
hey there this is message 13959
hey there this is message 13960
hey there this is message 13961
hey there this is message 13962
hey there this is message 13963
hey there this is message 13964
hey there this is message 13965
hey there this is message 13966
hey there this is message 13967
hey there this is message 13968
hey there this is message 13969
hey there this is message 13970
hey there this is message 13971
hey there this is message 13972
hey there this is message 13973
hey there this is message 13974
hey there this is message 13975
hey there this is message 13976
hey there this is message 13977
hey there this is message 13978
hey there this is message 13979
hey there this is message 13980
hey there this is message 13981
hey there this is message 13982
hey there this is message 13983
hey there this is message 13984
hey there this is message 13985
hey there this is message 13986
hey there this is message 13987
hey there this is message 13988
hey there this is message 13989
hey there this is message 13990
hey there this is message 13991
hey there this is message 13992
hey there this is message 13993
hey there this is message 13994
hey there this is message 13995
hey there this is message 13996
hey there this is message 13997
hey there this is message 13998
hey there this is message 13999
hey there this is message 14000
hey there this is message 14001
hey there this is message 14002
hey there this is message 14003
hey there this is message 14004
hey there this is message 14005
hey there this is message 14006
hey there this is message 14007
hey there this is message 14008
hey there this is message 14009
hey there this is message 14010
hey there this is message 14011
hey there this is message 14012
hey there this is message 14013
hey there this is message 14014
hey there this is message 14015
hey there this is message 14016
hey there this is message 14017
hey there this is message 14018
hey there this is message 14019
hey there this is message 14020
hey there this is message 14021
hey there this is message 14022
hey there this is message 14023
hey there this is message 14024
hey there this is message 14025
hey there this is message 14026
hey there this is message 14027
hey there this is message 14028
hey there this is message 14029
hey there this is message 14030
hey there this is message 14031
hey there this is message 14032
hey there this is message 14033
hey there this is message 14034
hey there this is message 14035
hey there this is message 14036
hey there this is message 14037
hey there this is message 14038
hey there this is message 14039
hey there this is message 14040
hey there this is message 14041
hey there this is message 14042
hey there this is message 14043
hey there this is message 14044
hey there this is message 14045
hey there this is message 14046
hey there this is message 14047
hey there this is message 14048
hey there this is message 14049
hey there this is message 14050
hey there this is message 14051
hey there this is message 14052
hey there this is message 14053
hey there this is message 14054
hey there this is message 14055
hey there this is message 14056
hey there this is message 14057
hey there this is message 14058
hey there this is message 14059
hey there this is message 14060
hey there this is message 14061
hey there this is message 14062
hey there this is message 14063
hey there this is message 14064
hey there this is message 14065
hey there this is message 14066
hey there this is message 14067
hey there this is message 14068
hey there this is message 14069
hey there this is message 14070
hey there this is message 14071
hey there this is message 14072
hey there this is message 14073
hey there this is message 14074
hey there this is message 14075
hey there this is message 14076
hey there this is message 14077
hey there this is message 14078
hey there this is message 14079
hey there this is message 14080
hey there this is message 14081
hey there this is message 14082
hey there this is message 14083
hey there this is message 14084
hey there this is message 14085
hey there this is message 14086
hey there this is message 14087
hey there this is message 14088
hey there this is message 14089
hey there this is message 14090
hey there this is message 14091
hey there this is message 14092
hey there this is message 14093
hey there this is message 14094
hey there this is message 14095
hey there this is message 14096
hey there this is message 14097
hey there this is message 14098
hey there this is message 14099
hey there this is message 14100
hey there this is message 14101
hey there this is message 14102
hey there this is message 14103
hey there this is message 14104
hey there this is message 14105
hey there this is message 14106
hey there this is message 14107
hey there this is message 14108
hey there this is message 14109
hey there this is message 14110
hey there this is message 14111
hey there this is message 14112
hey there this is message 14113
hey there this is message 14114
hey there this is message 14115
hey there this is message 14116
hey there this is message 14117
hey there this is message 14118
hey there this is message 14119
hey there this is message 14120
hey there this is message 14121
hey there this is message 14122
hey there this is message 14123
hey there this is message 14124
hey there this is message 14125
hey there this is message 14126
hey there this is message 14127
hey there this is message 14128
hey there this is message 14129
hey there this is message 14130
hey there this is message 14131
hey there this is message 14132
hey there this is message 14133
hey there this is message 14134
hey there this is message 14135
hey there this is message 14136
hey there this is message 14137
hey there this is message 14138
hey there this is message 14139
hey there this is message 14140
hey there this is message 14141
hey there this is message 14142
hey there this is message 14143
hey there this is message 14144
hey there this is message 14145
hey there this is message 14146
hey there this is message 14147
hey there this is message 14148
hey there this is message 14149
hey there this is message 14150
hey there this is message 14151
hey there this is message 14152
hey there this is message 14153
hey there this is message 14154
hey there this is message 14155
hey there this is message 14156
hey there this is message 14157
hey there this is message 14158
hey there this is message 14159
hey there this is message 14160
hey there this is message 14161
hey there this is message 14162
hey there this is message 14163
hey there this is message 14164
hey there this is message 14165
hey there this is message 14166
hey there this is message 14167
hey there this is message 14168
hey there this is message 14169
hey there this is message 14170
hey there this is message 14171
hey there this is message 14172
hey there this is message 14173
hey there this is message 14174
hey there this is message 14175
hey there this is message 14176
hey there this is message 14177
hey there this is message 14178
hey there this is message 14179
hey there this is message 14180
hey there this is message 14181
hey there this is message 14182
hey there this is message 14183
hey there this is message 14184
hey there this is message 14185
hey there this is message 14186
hey there this is message 14187
hey there this is message 14188
hey there this is message 14189
hey there this is message 14190
hey there this is message 14191
hey there this is message 14192
hey there this is message 14193
hey there this is message 14194
hey there this is message 14195
hey there this is message 14196
hey there this is message 14197
hey there this is message 14198
hey there this is message 14199
hey there this is message 14200
hey there this is message 14201
hey there this is message 14202
hey there this is message 14203
hey there this is message 14204
hey there this is message 14205
hey there this is message 14206
hey there this is message 14207
hey there this is message 14208
hey there this is message 14209
hey there this is message 14210
hey there this is message 14211
hey there this is message 14212
hey there this is message 14213
hey there this is message 14214
hey there this is message 14215
hey there this is message 14216
hey there this is message 14217
hey there this is message 14218
hey there this is message 14219
hey there this is message 14220
hey there this is message 14221
hey there this is message 14222
hey there this is message 14223
hey there this is message 14224
hey there this is message 14225
hey there this is message 14226
hey there this is message 14227
hey there this is message 14228
hey there this is message 14229
hey there this is message 14230
hey there this is message 14231
hey there this is message 14232
hey there this is message 14233
hey there this is message 14234
hey there this is message 14235
hey there this is message 14236
hey there this is message 14237
hey there this is message 14238
hey there this is message 14239
hey there this is message 14240
hey there this is message 14241
hey there this is message 14242
hey there this is message 14243
hey there this is message 14244
hey there this is message 14245
hey there this is message 14246
hey there this is message 14247
hey there this is message 14248
hey there this is message 14249
hey there this is message 14250
hey there this is message 14251
hey there this is message 14252
hey there this is message 14253
hey there this is message 14254
hey there this is message 14255
hey there this is message 14256
hey there this is message 14257
hey there this is message 14258
hey there this is message 14259
hey there this is message 14260
hey there this is message 14261
hey there this is message 14262
hey there this is message 14263
hey there this is message 14264
hey there this is message 14265
hey there this is message 14266
hey there this is message 14267
hey there this is message 14268
hey there this is message 14269
hey there this is message 14270
hey there this is message 14271
hey there this is message 14272
hey there this is message 14273
hey there this is message 14274
hey there this is message 14275
hey there this is message 14276
hey there this is message 14277
hey there this is message 14278
hey there this is message 14279
hey there this is message 14280
hey there this is message 14281
hey there this is message 14282
hey there this is message 14283
hey there this is message 14284
hey there this is message 14285
hey there this is message 14286
hey there this is message 14287
hey there this is message 14288
hey there this is message 14289
hey there this is message 14290
hey there this is message 14291
hey there this is message 14292
hey there this is message 14293
hey there this is message 14294
hey there this is message 14295
hey there this is message 14296
hey there this is message 14297
hey there this is message 14298
hey there this is message 14299
hey there this is message 14300
hey there this is message 14301
hey there this is message 14302
hey there this is message 14303
hey there this is message 14304
hey there this is message 14305
hey there this is message 14306
hey there this is message 14307
hey there this is message 14308
hey there this is message 14309
hey there this is message 14310
hey there this is message 14311
hey there this is message 14312
hey there this is message 14313
hey there this is message 14314
hey there this is message 14315
hey there this is message 14316
hey there this is message 14317
hey there this is message 14318
hey there this is message 14319
hey there this is message 14320
hey there this is message 14321
hey there this is message 14322
hey there this is message 14323
hey there this is message 14324
hey there this is message 14325
hey there this is message 14326
hey there this is message 14327
hey there this is message 14328
hey there this is message 14329
hey there this is message 14330
hey there this is message 14331
hey there this is message 14332
hey there this is message 14333
hey there this is message 14334
hey there this is message 14335
hey there this is message 14336
hey there this is message 14337
hey there this is message 14338
hey there this is message 14339
hey there this is message 14340
hey there this is message 14341
hey there this is message 14342
hey there this is message 14343
hey there this is message 14344
hey there this is message 14345
hey there this is message 14346
hey there this is message 14347
hey there this is message 14348
hey there this is message 14349
hey there this is message 14350
hey there this is message 14351
hey there this is message 14352
hey there this is message 14353
hey there this is message 14354
hey there this is message 14355
hey there this is message 14356
hey there this is message 14357
hey there this is message 14358
hey there this is message 14359
hey there this is message 14360
hey there this is message 14361
hey there this is message 14362
hey there this is message 14363
hey there this is message 14364
hey there this is message 14365
hey there this is message 14366
hey there this is message 14367
hey there this is message 14368
hey there this is message 14369
hey there this is message 14370
hey there this is message 14371
hey there this is message 14372
hey there this is message 14373
hey there this is message 14374
hey there this is message 14375
hey there this is message 14376
hey there this is message 14377
hey there this is message 14378
hey there this is message 14379
hey there this is message 14380
hey there this is message 14381
hey there this is message 14382
hey there this is message 14383
hey there this is message 14384
hey there this is message 14385
hey there this is message 14386
hey there this is message 14387
hey there this is message 14388
hey there this is message 14389
hey there this is message 14390
hey there this is message 14391
hey there this is message 14392
hey there this is message 14393
hey there this is message 14394
hey there this is message 14395
hey there this is message 14396
hey there this is message 14397
hey there this is message 14398
hey there this is message 14399
hey there this is message 14400
hey there this is message 14401
hey there this is message 14402
hey there this is message 14403
hey there this is message 14404
hey there this is message 14405
hey there this is message 14406
hey there this is message 14407
hey there this is message 14408
hey there this is message 14409
hey there this is message 14410
hey there this is message 14411
hey there this is message 14412
hey there this is message 14413
hey there this is message 14414
hey there this is message 14415
hey there this is message 14416
hey there this is message 14417
hey there this is message 14418
hey there this is message 14419
hey there this is message 14420
hey there this is message 14421
hey there this is message 14422
hey there this is message 14423
hey there this is message 14424
hey there this is message 14425
hey there this is message 14426
hey there this is message 14427
hey there this is message 14428
hey there this is message 14429
hey there this is message 14430
hey there this is message 14431
hey there this is message 14432
hey there this is message 14433
hey there this is message 14434
hey there this is message 14435
hey there this is message 14436
hey there this is message 14437
hey there this is message 14438
hey there this is message 14439
hey there this is message 14440
hey there this is message 14441
hey there this is message 14442
hey there this is message 14443
hey there this is message 14444
hey there this is message 14445
hey there this is message 14446
hey there this is message 14447
hey there this is message 14448
hey there this is message 14449
hey there this is message 14450
hey there this is message 14451
hey there this is message 14452
hey there this is message 14453
hey there this is message 14454
hey there this is message 14455
hey there this is message 14456
hey there this is message 14457
hey there this is message 14458
hey there this is message 14459
hey there this is message 14460
hey there this is message 14461
hey there this is message 14462
hey there this is message 14463
hey there this is message 14464
hey there this is message 14465
hey there this is message 14466
hey there this is message 14467
hey there this is message 14468
hey there this is message 14469
hey there this is message 14470
hey there this is message 14471
hey there this is message 14472
hey there this is message 14473
hey there this is message 14474
hey there this is message 14475
hey there this is message 14476
hey there this is message 14477
hey there this is message 14478
hey there this is message 14479
hey there this is message 14480
hey there this is message 14481
hey there this is message 14482
hey there this is message 14483
hey there this is message 14484
hey there this is message 14485
hey there this is message 14486
hey there this is message 14487
hey there this is message 14488
hey there this is message 14489
hey there this is message 14490
hey there this is message 14491
hey there this is message 14492
hey there this is message 14493
hey there this is message 14494
hey there this is message 14495
hey there this is message 14496
hey there this is message 14497
hey there this is message 14498
hey there this is message 14499
hey there this is message 14500
hey there this is message 14501
hey there this is message 14502
hey there this is message 14503
hey there this is message 14504
hey there this is message 14505
hey there this is message 14506
hey there this is message 14507
hey there this is message 14508
hey there this is message 14509
hey there this is message 14510
hey there this is message 14511
hey there this is message 14512
hey there this is message 14513
hey there this is message 14514
hey there this is message 14515
hey there this is message 14516
hey there this is message 14517
hey there this is message 14518
hey there this is message 14519
hey there this is message 14520
hey there this is message 14521
hey there this is message 14522
hey there this is message 14523
hey there this is message 14524
hey there this is message 14525
hey there this is message 14526
hey there this is message 14527
hey there this is message 14528
hey there this is message 14529
hey there this is message 14530
hey there this is message 14531
hey there this is message 14532
hey there this is message 14533
hey there this is message 14534
hey there this is message 14535
hey there this is message 14536
hey there this is message 14537
hey there this is message 14538
hey there this is message 14539
hey there this is message 14540
hey there this is message 14541
hey there this is message 14542
hey there this is message 14543
hey there this is message 14544
hey there this is message 14545
hey there this is message 14546
hey there this is message 14547
hey there this is message 14548
hey there this is message 14549
hey there this is message 14550
hey there this is message 14551
hey there this is message 14552
hey there this is message 14553
hey there this is message 14554
hey there this is message 14555
hey there this is message 14556
hey there this is message 14557
hey there this is message 14558
hey there this is message 14559
hey there this is message 14560
hey there this is message 14561
hey there this is message 14562
hey there this is message 14563
hey there this is message 14564
hey there this is message 14565
hey there this is message 14566
hey there this is message 14567
hey there this is message 14568
hey there this is message 14569
hey there this is message 14570
hey there this is message 14571
hey there this is message 14572
hey there this is message 14573
hey there this is message 14574
hey there this is message 14575
hey there this is message 14576
hey there this is message 14577
hey there this is message 14578
hey there this is message 14579
hey there this is message 14580
hey there this is message 14581
hey there this is message 14582
hey there this is message 14583
hey there this is message 14584
hey there this is message 14585
hey there this is message 14586
hey there this is message 14587
hey there this is message 14588
hey there this is message 14589
hey there this is message 14590
hey there this is message 14591
hey there this is message 14592
hey there this is message 14593
hey there this is message 14594
hey there this is message 14595
hey there this is message 14596
hey there this is message 14597
hey there this is message 14598
hey there this is message 14599
hey there this is message 14600
hey there this is message 14601
hey there this is message 14602
hey there this is message 14603
hey there this is message 14604
hey there this is message 14605
hey there this is message 14606
hey there this is message 14607
hey there this is message 14608
hey there this is message 14609
hey there this is message 14610
hey there this is message 14611
hey there this is message 14612
hey there this is message 14613
hey there this is message 14614
hey there this is message 14615
hey there this is message 14616
hey there this is message 14617
hey there this is message 14618
hey there this is message 14619
hey there this is message 14620
hey there this is message 14621
hey there this is message 14622
hey there this is message 14623
hey there this is message 14624
hey there this is message 14625
hey there this is message 14626
hey there this is message 14627
hey there this is message 14628
hey there this is message 14629
hey there this is message 14630
hey there this is message 14631
hey there this is message 14632
hey there this is message 14633
hey there this is message 14634
hey there this is message 14635
hey there this is message 14636
hey there this is message 14637
hey there this is message 14638
hey there this is message 14639
hey there this is message 14640
hey there this is message 14641
hey there this is message 14642
hey there this is message 14643
hey there this is message 14644
hey there this is message 14645
hey there this is message 14646
hey there this is message 14647
hey there this is message 14648
hey there this is message 14649
hey there this is message 14650
hey there this is message 14651
hey there this is message 14652
hey there this is message 14653
hey there this is message 14654
hey there this is message 14655
hey there this is message 14656
hey there this is message 14657
hey there this is message 14658
hey there this is message 14659
hey there this is message 14660
hey there this is message 14661
hey there this is message 14662
hey there this is message 14663
hey there this is message 14664
hey there this is message 14665
hey there this is message 14666
hey there this is message 14667
hey there this is message 14668
hey there this is message 14669
hey there this is message 14670
hey there this is message 14671
hey there this is message 14672
hey there this is message 14673
hey there this is message 14674
hey there this is message 14675
hey there this is message 14676
hey there this is message 14677
hey there this is message 14678
hey there this is message 14679
hey there this is message 14680
hey there this is message 14681
hey there this is message 14682
hey there this is message 14683
hey there this is message 14684
hey there this is message 14685
hey there this is message 14686
hey there this is message 14687
hey there this is message 14688
hey there this is message 14689
hey there this is message 14690
hey there this is message 14691
hey there this is message 14692
hey there this is message 14693
hey there this is message 14694
hey there this is message 14695
hey there this is message 14696
hey there this is message 14697
hey there this is message 14698
hey there this is message 14699
hey there this is message 14700
hey there this is message 14701
hey there this is message 14702
hey there this is message 14703
hey there this is message 14704
hey there this is message 14705
hey there this is message 14706
hey there this is message 14707
hey there this is message 14708
hey there this is message 14709
hey there this is message 14710
hey there this is message 14711
hey there this is message 14712
hey there this is message 14713
hey there this is message 14714
hey there this is message 14715
hey there this is message 14716
hey there this is message 14717
hey there this is message 14718
hey there this is message 14719
hey there this is message 14720
hey there this is message 14721
hey there this is message 14722
hey there this is message 14723
hey there this is message 14724
hey there this is message 14725
hey there this is message 14726
hey there this is message 14727
hey there this is message 14728
hey there this is message 14729
hey there this is message 14730
hey there this is message 14731
hey there this is message 14732
hey there this is message 14733
hey there this is message 14734
hey there this is message 14735
hey there this is message 14736
hey there this is message 14737
hey there this is message 14738
hey there this is message 14739
hey there this is message 14740
hey there this is message 14741
hey there this is message 14742
hey there this is message 14743
hey there this is message 14744
hey there this is message 14745
hey there this is message 14746
hey there this is message 14747
hey there this is message 14748
hey there this is message 14749
hey there this is message 14750
hey there this is message 14751
hey there this is message 14752
hey there this is message 14753
hey there this is message 14754
hey there this is message 14755
hey there this is message 14756
hey there this is message 14757
hey there this is message 14758
hey there this is message 14759
hey there this is message 14760
hey there this is message 14761
hey there this is message 14762
hey there this is message 14763
hey there this is message 14764
hey there this is message 14765
hey there this is message 14766
hey there this is message 14767
hey there this is message 14768
hey there this is message 14769
hey there this is message 14770
hey there this is message 14771
hey there this is message 14772
hey there this is message 14773
hey there this is message 14774
hey there this is message 14775
hey there this is message 14776
hey there this is message 14777
hey there this is message 14778
hey there this is message 14779
hey there this is message 14780
hey there this is message 14781
hey there this is message 14782
hey there this is message 14783
hey there this is message 14784
hey there this is message 14785
hey there this is message 14786
hey there this is message 14787
hey there this is message 14788
hey there this is message 14789
hey there this is message 14790
hey there this is message 14791
hey there this is message 14792
hey there this is message 14793
hey there this is message 14794
hey there this is message 14795
hey there this is message 14796
hey there this is message 14797
hey there this is message 14798
hey there this is message 14799
hey there this is message 14800
hey there this is message 14801
hey there this is message 14802
hey there this is message 14803
hey there this is message 14804
hey there this is message 14805
hey there this is message 14806
hey there this is message 14807
hey there this is message 14808
hey there this is message 14809
hey there this is message 14810
hey there this is message 14811
hey there this is message 14812
hey there this is message 14813
hey there this is message 14814
hey there this is message 14815
hey there this is message 14816
hey there this is message 14817
hey there this is message 14818
hey there this is message 14819
hey there this is message 14820
hey there this is message 14821
hey there this is message 14822
hey there this is message 14823
hey there this is message 14824
hey there this is message 14825
hey there this is message 14826
hey there this is message 14827
hey there this is message 14828
hey there this is message 14829
hey there this is message 14830
hey there this is message 14831
hey there this is message 14832
hey there this is message 14833
hey there this is message 14834
hey there this is message 14835
hey there this is message 14836
hey there this is message 14837
hey there this is message 14838
hey there this is message 14839
hey there this is message 14840
hey there this is message 14841
hey there this is message 14842
hey there this is message 14843
hey there this is message 14844
hey there this is message 14845
hey there this is message 14846
hey there this is message 14847
hey there this is message 14848
hey there this is message 14849
hey there this is message 14850
hey there this is message 14851
hey there this is message 14852
hey there this is message 14853
hey there this is message 14854
hey there this is message 14855
hey there this is message 14856
hey there this is message 14857
hey there this is message 14858
hey there this is message 14859
hey there this is message 14860
hey there this is message 14861
hey there this is message 14862
hey there this is message 14863
hey there this is message 14864
hey there this is message 14865
hey there this is message 14866
hey there this is message 14867
hey there this is message 14868
hey there this is message 14869
hey there this is message 14870
hey there this is message 14871
hey there this is message 14872
hey there this is message 14873
hey there this is message 14874
hey there this is message 14875
hey there this is message 14876
hey there this is message 14877
hey there this is message 14878
hey there this is message 14879
hey there this is message 14880
hey there this is message 14881
hey there this is message 14882
hey there this is message 14883
hey there this is message 14884
hey there this is message 14885
hey there this is message 14886
hey there this is message 14887
hey there this is message 14888
hey there this is message 14889
hey there this is message 14890
hey there this is message 14891
hey there this is message 14892
hey there this is message 14893
hey there this is message 14894
hey there this is message 14895
hey there this is message 14896
hey there this is message 14897
hey there this is message 14898
hey there this is message 14899
hey there this is message 14900
hey there this is message 14901
hey there this is message 14902
hey there this is message 14903
hey there this is message 14904
hey there this is message 14905
hey there this is message 14906
hey there this is message 14907
hey there this is message 14908
hey there this is message 14909
hey there this is message 14910
hey there this is message 14911
hey there this is message 14912
hey there this is message 14913
hey there this is message 14914
hey there this is message 14915
hey there this is message 14916
hey there this is message 14917
hey there this is message 14918
hey there this is message 14919
hey there this is message 14920
hey there this is message 14921
hey there this is message 14922
hey there this is message 14923
hey there this is message 14924
hey there this is message 14925
hey there this is message 14926
hey there this is message 14927
hey there this is message 14928
hey there this is message 14929
hey there this is message 14930
hey there this is message 14931
hey there this is message 14932
hey there this is message 14933
hey there this is message 14934
hey there this is message 14935
hey there this is message 14936
hey there this is message 14937
hey there this is message 14938
hey there this is message 14939
hey there this is message 14940
hey there this is message 14941
hey there this is message 14942
hey there this is message 14943
hey there this is message 14944
hey there this is message 14945
hey there this is message 14946
hey there this is message 14947
hey there this is message 14948
hey there this is message 14949
hey there this is message 14950
hey there this is message 14951
hey there this is message 14952
hey there this is message 14953
hey there this is message 14954
hey there this is message 14955
hey there this is message 14956
hey there this is message 14957
hey there this is message 14958
hey there this is message 14959
hey there this is message 14960
hey there this is message 14961
hey there this is message 14962
hey there this is message 14963
hey there this is message 14964
hey there this is message 14965
hey there this is message 14966
hey there this is message 14967
hey there this is message 14968
hey there this is message 14969
hey there this is message 14970
hey there this is message 14971
hey there this is message 14972
hey there this is message 14973
hey there this is message 14974
hey there this is message 14975
hey there this is message 14976
hey there this is message 14977
hey there this is message 14978
hey there this is message 14979
hey there this is message 14980
hey there this is message 14981
hey there this is message 14982
hey there this is message 14983
hey there this is message 14984
hey there this is message 14985
hey there this is message 14986
hey there this is message 14987
hey there this is message 14988
hey there this is message 14989
hey there this is message 14990
hey there this is message 14991
hey there this is message 14992
hey there this is message 14993
hey there this is message 14994
hey there this is message 14995
hey there this is message 14996
hey there this is message 14997
hey there this is message 14998
hey there this is message 14999
hey there this is message 15000
hey there this is message 15001
hey there this is message 15002
hey there this is message 15003
hey there this is message 15004
hey there this is message 15005
hey there this is message 15006
hey there this is message 15007
hey there this is message 15008
hey there this is message 15009
hey there this is message 15010
hey there this is message 15011
hey there this is message 15012
hey there this is message 15013
hey there this is message 15014
hey there this is message 15015
hey there this is message 15016
hey there this is message 15017
hey there this is message 15018
hey there this is message 15019
hey there this is message 15020
hey there this is message 15021
hey there this is message 15022
hey there this is message 15023
hey there this is message 15024
hey there this is message 15025
hey there this is message 15026
hey there this is message 15027
hey there this is message 15028
hey there this is message 15029
hey there this is message 15030
hey there this is message 15031
hey there this is message 15032
hey there this is message 15033
hey there this is message 15034
hey there this is message 15035
hey there this is message 15036
hey there this is message 15037
hey there this is message 15038
hey there this is message 15039
hey there this is message 15040
hey there this is message 15041
hey there this is message 15042
hey there this is message 15043
hey there this is message 15044
hey there this is message 15045
hey there this is message 15046
hey there this is message 15047
hey there this is message 15048
hey there this is message 15049
hey there this is message 15050
hey there this is message 15051
hey there this is message 15052
hey there this is message 15053
hey there this is message 15054
hey there this is message 15055
hey there this is message 15056
hey there this is message 15057
hey there this is message 15058
hey there this is message 15059
hey there this is message 15060
hey there this is message 15061
hey there this is message 15062
hey there this is message 15063
hey there this is message 15064
hey there this is message 15065
hey there this is message 15066
hey there this is message 15067
hey there this is message 15068
hey there this is message 15069
hey there this is message 15070
hey there this is message 15071
hey there this is message 15072
hey there this is message 15073
hey there this is message 15074
hey there this is message 15075
hey there this is message 15076
hey there this is message 15077
hey there this is message 15078
hey there this is message 15079
hey there this is message 15080
hey there this is message 15081
hey there this is message 15082
hey there this is message 15083
hey there this is message 15084
hey there this is message 15085
hey there this is message 15086
hey there this is message 15087
hey there this is message 15088
hey there this is message 15089
hey there this is message 15090
hey there this is message 15091
hey there this is message 15092
hey there this is message 15093
hey there this is message 15094
hey there this is message 15095
hey there this is message 15096
hey there this is message 15097
hey there this is message 15098
hey there this is message 15099
hey there this is message 15100
hey there this is message 15101
hey there this is message 15102
hey there this is message 15103
hey there this is message 15104
hey there this is message 15105
hey there this is message 15106
hey there this is message 15107
hey there this is message 15108
hey there this is message 15109
hey there this is message 15110
hey there this is message 15111
hey there this is message 15112
hey there this is message 15113
hey there this is message 15114
hey there this is message 15115
hey there this is message 15116
hey there this is message 15117
hey there this is message 15118
hey there this is message 15119
hey there this is message 15120
hey there this is message 15121
hey there this is message 15122
hey there this is message 15123
hey there this is message 15124
hey there this is message 15125
hey there this is message 15126
hey there this is message 15127
hey there this is message 15128
hey there this is message 15129
hey there this is message 15130
hey there this is message 15131
hey there this is message 15132
hey there this is message 15133
hey there this is message 15134
hey there this is message 15135
hey there this is message 15136
hey there this is message 15137
hey there this is message 15138
hey there this is message 15139
hey there this is message 15140
hey there this is message 15141
hey there this is message 15142
hey there this is message 15143
hey there this is message 15144
hey there this is message 15145
hey there this is message 15146
hey there this is message 15147
hey there this is message 15148
hey there this is message 15149
hey there this is message 15150
hey there this is message 15151
hey there this is message 15152
hey there this is message 15153
hey there this is message 15154
hey there this is message 15155
hey there this is message 15156
hey there this is message 15157
hey there this is message 15158
hey there this is message 15159
hey there this is message 15160
hey there this is message 15161
hey there this is message 15162
hey there this is message 15163
hey there this is message 15164
hey there this is message 15165
hey there this is message 15166
hey there this is message 15167
hey there this is message 15168
hey there this is message 15169
hey there this is message 15170
hey there this is message 15171
hey there this is message 15172
hey there this is message 15173
hey there this is message 15174
hey there this is message 15175
hey there this is message 15176
hey there this is message 15177
hey there this is message 15178
hey there this is message 15179
hey there this is message 15180
hey there this is message 15181
hey there this is message 15182
hey there this is message 15183
hey there this is message 15184
hey there this is message 15185
hey there this is message 15186
hey there this is message 15187
hey there this is message 15188
hey there this is message 15189
hey there this is message 15190
hey there this is message 15191
hey there this is message 15192
hey there this is message 15193
hey there this is message 15194
hey there this is message 15195
hey there this is message 15196
hey there this is message 15197
hey there this is message 15198
hey there this is message 15199
hey there this is message 15200
hey there this is message 15201
hey there this is message 15202
hey there this is message 15203
hey there this is message 15204
hey there this is message 15205
hey there this is message 15206
hey there this is message 15207
hey there this is message 15208
hey there this is message 15209
hey there this is message 15210
hey there this is message 15211
hey there this is message 15212
hey there this is message 15213
hey there this is message 15214
hey there this is message 15215
hey there this is message 15216
hey there this is message 15217
hey there this is message 15218
hey there this is message 15219
hey there this is message 15220
hey there this is message 15221
hey there this is message 15222
hey there this is message 15223
hey there this is message 15224
hey there this is message 15225
hey there this is message 15226
hey there this is message 15227
hey there this is message 15228
hey there this is message 15229
hey there this is message 15230
hey there this is message 15231
hey there this is message 15232
hey there this is message 15233
hey there this is message 15234
hey there this is message 15235
hey there this is message 15236
hey there this is message 15237
hey there this is message 15238
hey there this is message 15239
hey there this is message 15240
hey there this is message 15241
hey there this is message 15242
hey there this is message 15243
hey there this is message 15244
hey there this is message 15245
hey there this is message 15246
hey there this is message 15247
hey there this is message 15248
hey there this is message 15249
hey there this is message 15250
hey there this is message 15251
hey there this is message 15252
hey there this is message 15253
hey there this is message 15254
hey there this is message 15255
hey there this is message 15256
hey there this is message 15257
hey there this is message 15258
hey there this is message 15259
hey there this is message 15260
hey there this is message 15261
hey there this is message 15262
hey there this is message 15263
hey there this is message 15264
hey there this is message 15265
hey there this is message 15266
hey there this is message 15267
hey there this is message 15268
hey there this is message 15269
hey there this is message 15270
hey there this is message 15271
hey there this is message 15272
hey there this is message 15273
hey there this is message 15274
hey there this is message 15275
hey there this is message 15276
hey there this is message 15277
hey there this is message 15278
hey there this is message 15279
hey there this is message 15280
hey there this is message 15281
hey there this is message 15282
hey there this is message 15283
hey there this is message 15284
hey there this is message 15285
hey there this is message 15286
hey there this is message 15287
hey there this is message 15288
hey there this is message 15289
hey there this is message 15290
hey there this is message 15291
hey there this is message 15292
hey there this is message 15293
hey there this is message 15294
hey there this is message 15295
hey there this is message 15296
hey there this is message 15297
hey there this is message 15298
hey there this is message 15299
hey there this is message 15300
hey there this is message 15301
hey there this is message 15302
hey there this is message 15303
hey there this is message 15304
hey there this is message 15305
hey there this is message 15306
hey there this is message 15307
hey there this is message 15308
hey there this is message 15309
hey there this is message 15310
hey there this is message 15311
hey there this is message 15312
hey there this is message 15313
hey there this is message 15314
hey there this is message 15315
hey there this is message 15316
hey there this is message 15317
hey there this is message 15318
hey there this is message 15319
hey there this is message 15320
hey there this is message 15321
hey there this is message 15322
hey there this is message 15323
hey there this is message 15324
hey there this is message 15325
hey there this is message 15326
hey there this is message 15327
hey there this is message 15328
hey there this is message 15329
hey there this is message 15330
hey there this is message 15331
hey there this is message 15332
hey there this is message 15333
hey there this is message 15334
hey there this is message 15335
hey there this is message 15336
hey there this is message 15337
hey there this is message 15338
hey there this is message 15339
hey there this is message 15340
hey there this is message 15341
hey there this is message 15342
hey there this is message 15343
hey there this is message 15344
hey there this is message 15345
hey there this is message 15346
hey there this is message 15347
hey there this is message 15348
hey there this is message 15349
hey there this is message 15350
hey there this is message 15351
hey there this is message 15352
hey there this is message 15353
hey there this is message 15354
hey there this is message 15355
hey there this is message 15356
hey there this is message 15357
hey there this is message 15358
hey there this is message 15359
hey there this is message 15360
hey there this is message 15361
hey there this is message 15362
hey there this is message 15363
hey there this is message 15364
hey there this is message 15365
hey there this is message 15366
hey there this is message 15367
hey there this is message 15368
hey there this is message 15369
hey there this is message 15370
hey there this is message 15371
hey there this is message 15372
hey there this is message 15373
hey there this is message 15374
hey there this is message 15375
hey there this is message 15376
hey there this is message 15377
hey there this is message 15378
hey there this is message 15379
hey there this is message 15380
hey there this is message 15381
hey there this is message 15382
hey there this is message 15383
hey there this is message 15384
hey there this is message 15385
hey there this is message 15386
hey there this is message 15387
hey there this is message 15388
hey there this is message 15389
hey there this is message 15390
hey there this is message 15391
hey there this is message 15392
hey there this is message 15393
hey there this is message 15394
hey there this is message 15395
hey there this is message 15396
hey there this is message 15397
hey there this is message 15398
hey there this is message 15399
hey there this is message 15400
hey there this is message 15401
hey there this is message 15402
hey there this is message 15403
hey there this is message 15404
hey there this is message 15405
hey there this is message 15406
hey there this is message 15407
hey there this is message 15408
hey there this is message 15409
hey there this is message 15410
hey there this is message 15411
hey there this is message 15412
hey there this is message 15413
hey there this is message 15414
hey there this is message 15415
hey there this is message 15416
hey there this is message 15417
hey there this is message 15418
hey there this is message 15419
hey there this is message 15420
hey there this is message 15421
hey there this is message 15422
hey there this is message 15423
hey there this is message 15424
hey there this is message 15425
hey there this is message 15426
hey there this is message 15427
hey there this is message 15428
hey there this is message 15429
hey there this is message 15430
hey there this is message 15431
hey there this is message 15432
hey there this is message 15433
hey there this is message 15434
hey there this is message 15435
hey there this is message 15436
hey there this is message 15437
hey there this is message 15438
hey there this is message 15439
hey there this is message 15440
hey there this is message 15441
hey there this is message 15442
hey there this is message 15443
hey there this is message 15444
hey there this is message 15445
hey there this is message 15446
hey there this is message 15447
hey there this is message 15448
hey there this is message 15449
hey there this is message 15450
hey there this is message 15451
hey there this is message 15452
hey there this is message 15453
hey there this is message 15454
hey there this is message 15455
hey there this is message 15456
hey there this is message 15457
hey there this is message 15458
hey there this is message 15459
hey there this is message 15460
hey there this is message 15461
hey there this is message 15462
hey there this is message 15463
hey there this is message 15464
hey there this is message 15465
hey there this is message 15466
hey there this is message 15467
hey there this is message 15468
hey there this is message 15469
hey there this is message 15470
hey there this is message 15471
hey there this is message 15472
hey there this is message 15473
hey there this is message 15474
hey there this is message 15475
hey there this is message 15476
hey there this is message 15477
hey there this is message 15478
hey there this is message 15479
hey there this is message 15480
hey there this is message 15481
hey there this is message 15482
hey there this is message 15483
hey there this is message 15484
hey there this is message 15485
hey there this is message 15486
hey there this is message 15487
hey there this is message 15488
hey there this is message 15489
hey there this is message 15490
hey there this is message 15491
hey there this is message 15492
hey there this is message 15493
hey there this is message 15494
hey there this is message 15495
hey there this is message 15496
hey there this is message 15497
hey there this is message 15498
hey there this is message 15499
hey there this is message 15500
hey there this is message 15501
hey there this is message 15502
hey there this is message 15503
hey there this is message 15504
hey there this is message 15505
hey there this is message 15506
hey there this is message 15507
hey there this is message 15508
hey there this is message 15509
hey there this is message 15510
hey there this is message 15511
hey there this is message 15512
hey there this is message 15513
hey there this is message 15514
hey there this is message 15515
hey there this is message 15516
hey there this is message 15517
hey there this is message 15518
hey there this is message 15519
hey there this is message 15520
hey there this is message 15521
hey there this is message 15522
hey there this is message 15523
hey there this is message 15524
hey there this is message 15525
hey there this is message 15526
hey there this is message 15527
hey there this is message 15528
hey there this is message 15529
hey there this is message 15530
hey there this is message 15531
hey there this is message 15532
hey there this is message 15533
hey there this is message 15534
hey there this is message 15535
hey there this is message 15536
hey there this is message 15537
hey there this is message 15538
hey there this is message 15539
hey there this is message 15540
hey there this is message 15541
hey there this is message 15542
hey there this is message 15543
hey there this is message 15544
hey there this is message 15545
hey there this is message 15546
hey there this is message 15547
hey there this is message 15548
hey there this is message 15549
hey there this is message 15550
hey there this is message 15551
hey there this is message 15552
hey there this is message 15553
hey there this is message 15554
hey there this is message 15555
hey there this is message 15556
hey there this is message 15557
hey there this is message 15558
hey there this is message 15559
hey there this is message 15560
hey there this is message 15561
hey there this is message 15562
hey there this is message 15563
hey there this is message 15564
hey there this is message 15565
hey there this is message 15566
hey there this is message 15567
hey there this is message 15568
hey there this is message 15569
hey there this is message 15570
hey there this is message 15571
hey there this is message 15572
hey there this is message 15573
hey there this is message 15574
hey there this is message 15575
hey there this is message 15576
hey there this is message 15577
hey there this is message 15578
hey there this is message 15579
hey there this is message 15580
hey there this is message 15581
hey there this is message 15582
hey there this is message 15583
hey there this is message 15584
hey there this is message 15585
hey there this is message 15586
hey there this is message 15587
hey there this is message 15588
hey there this is message 15589
hey there this is message 15590
hey there this is message 15591
hey there this is message 15592
hey there this is message 15593
hey there this is message 15594
hey there this is message 15595
hey there this is message 15596
hey there this is message 15597
hey there this is message 15598
hey there this is message 15599
hey there this is message 15600
hey there this is message 15601
hey there this is message 15602
hey there this is message 15603
hey there this is message 15604
hey there this is message 15605
hey there this is message 15606
hey there this is message 15607
hey there this is message 15608
hey there this is message 15609
hey there this is message 15610
hey there this is message 15611
hey there this is message 15612
hey there this is message 15613
hey there this is message 15614
hey there this is message 15615
hey there this is message 15616
hey there this is message 15617
hey there this is message 15618
hey there this is message 15619
hey there this is message 15620
hey there this is message 15621
hey there this is message 15622
hey there this is message 15623
hey there this is message 15624
hey there this is message 15625
hey there this is message 15626
hey there this is message 15627
hey there this is message 15628
hey there this is message 15629
hey there this is message 15630
hey there this is message 15631
hey there this is message 15632
hey there this is message 15633
hey there this is message 15634
hey there this is message 15635
hey there this is message 15636
hey there this is message 15637
hey there this is message 15638
hey there this is message 15639
hey there this is message 15640
hey there this is message 15641
hey there this is message 15642
hey there this is message 15643
hey there this is message 15644
hey there this is message 15645
hey there this is message 15646
hey there this is message 15647
hey there this is message 15648
hey there this is message 15649
hey there this is message 15650
hey there this is message 15651
hey there this is message 15652
hey there this is message 15653
hey there this is message 15654
hey there this is message 15655
hey there this is message 15656
hey there this is message 15657
hey there this is message 15658
hey there this is message 15659
hey there this is message 15660
hey there this is message 15661
hey there this is message 15662
hey there this is message 15663
hey there this is message 15664
hey there this is message 15665
hey there this is message 15666
hey there this is message 15667
hey there this is message 15668
hey there this is message 15669
hey there this is message 15670
hey there this is message 15671
hey there this is message 15672
hey there this is message 15673
hey there this is message 15674
hey there this is message 15675
hey there this is message 15676
hey there this is message 15677
hey there this is message 15678
hey there this is message 15679
hey there this is message 15680
hey there this is message 15681
hey there this is message 15682
hey there this is message 15683
hey there this is message 15684
hey there this is message 15685
hey there this is message 15686
hey there this is message 15687
hey there this is message 15688
hey there this is message 15689
hey there this is message 15690
hey there this is message 15691
hey there this is message 15692
hey there this is message 15693
hey there this is message 15694
hey there this is message 15695
hey there this is message 15696
hey there this is message 15697
hey there this is message 15698
hey there this is message 15699
hey there this is message 15700
hey there this is message 15701
hey there this is message 15702
hey there this is message 15703
hey there this is message 15704
hey there this is message 15705
hey there this is message 15706
hey there this is message 15707
hey there this is message 15708
hey there this is message 15709
hey there this is message 15710
hey there this is message 15711
hey there this is message 15712
hey there this is message 15713
hey there this is message 15714
hey there this is message 15715
hey there this is message 15716
hey there this is message 15717
hey there this is message 15718
hey there this is message 15719
hey there this is message 15720
hey there this is message 15721
hey there this is message 15722
hey there this is message 15723
hey there this is message 15724
hey there this is message 15725
hey there this is message 15726
hey there this is message 15727
hey there this is message 15728
hey there this is message 15729
hey there this is message 15730
hey there this is message 15731
hey there this is message 15732
hey there this is message 15733
hey there this is message 15734
hey there this is message 15735
hey there this is message 15736
hey there this is message 15737
hey there this is message 15738
hey there this is message 15739
hey there this is message 15740
hey there this is message 15741
hey there this is message 15742
hey there this is message 15743
hey there this is message 15744
hey there this is message 15745
hey there this is message 15746
hey there this is message 15747
hey there this is message 15748
hey there this is message 15749
hey there this is message 15750
hey there this is message 15751
hey there this is message 15752
hey there this is message 15753
hey there this is message 15754
hey there this is message 15755
hey there this is message 15756
hey there this is message 15757
hey there this is message 15758
hey there this is message 15759
hey there this is message 15760
hey there this is message 15761
hey there this is message 15762
hey there this is message 15763
hey there this is message 15764
hey there this is message 15765
hey there this is message 15766
hey there this is message 15767
hey there this is message 15768
hey there this is message 15769
hey there this is message 15770
hey there this is message 15771
hey there this is message 15772
hey there this is message 15773
hey there this is message 15774
hey there this is message 15775
hey there this is message 15776
hey there this is message 15777
hey there this is message 15778
hey there this is message 15779
hey there this is message 15780
hey there this is message 15781
hey there this is message 15782
hey there this is message 15783
hey there this is message 15784
hey there this is message 15785
hey there this is message 15786
hey there this is message 15787
hey there this is message 15788
hey there this is message 15789
hey there this is message 15790
hey there this is message 15791
hey there this is message 15792
hey there this is message 15793
hey there this is message 15794
hey there this is message 15795
hey there this is message 15796
hey there this is message 15797
hey there this is message 15798
hey there this is message 15799
hey there this is message 15800
hey there this is message 15801
hey there this is message 15802
hey there this is message 15803
hey there this is message 15804
hey there this is message 15805
hey there this is message 15806
hey there this is message 15807
hey there this is message 15808
hey there this is message 15809
hey there this is message 15810
hey there this is message 15811
hey there this is message 15812
hey there this is message 15813
hey there this is message 15814
hey there this is message 15815
hey there this is message 15816
hey there this is message 15817
hey there this is message 15818
hey there this is message 15819
hey there this is message 15820
hey there this is message 15821
hey there this is message 15822
hey there this is message 15823
hey there this is message 15824
hey there this is message 15825
hey there this is message 15826
hey there this is message 15827
hey there this is message 15828
hey there this is message 15829
hey there this is message 15830
hey there this is message 15831
hey there this is message 15832
hey there this is message 15833
hey there this is message 15834
hey there this is message 15835
hey there this is message 15836
hey there this is message 15837
hey there this is message 15838
hey there this is message 15839
hey there this is message 15840
hey there this is message 15841
hey there this is message 15842
hey there this is message 15843
hey there this is message 15844
hey there this is message 15845
hey there this is message 15846
hey there this is message 15847
hey there this is message 15848
hey there this is message 15849
hey there this is message 15850
hey there this is message 15851
hey there this is message 15852
hey there this is message 15853
hey there this is message 15854
hey there this is message 15855
hey there this is message 15856
hey there this is message 15857
hey there this is message 15858
hey there this is message 15859
hey there this is message 15860
hey there this is message 15861
hey there this is message 15862
hey there this is message 15863
hey there this is message 15864
hey there this is message 15865
hey there this is message 15866
hey there this is message 15867
hey there this is message 15868
hey there this is message 15869
hey there this is message 15870
hey there this is message 15871
hey there this is message 15872
hey there this is message 15873
hey there this is message 15874
hey there this is message 15875
hey there this is message 15876
hey there this is message 15877
hey there this is message 15878
hey there this is message 15879
hey there this is message 15880
hey there this is message 15881
hey there this is message 15882
hey there this is message 15883
hey there this is message 15884
hey there this is message 15885
hey there this is message 15886
hey there this is message 15887
hey there this is message 15888
hey there this is message 15889
hey there this is message 15890
hey there this is message 15891
hey there this is message 15892
hey there this is message 15893
hey there this is message 15894
hey there this is message 15895
hey there this is message 15896
hey there this is message 15897
hey there this is message 15898
hey there this is message 15899
hey there this is message 15900
hey there this is message 15901
hey there this is message 15902
hey there this is message 15903
hey there this is message 15904
hey there this is message 15905
hey there this is message 15906
hey there this is message 15907
hey there this is message 15908
hey there this is message 15909
hey there this is message 15910
hey there this is message 15911
hey there this is message 15912
hey there this is message 15913
hey there this is message 15914
hey there this is message 15915
hey there this is message 15916
hey there this is message 15917
hey there this is message 15918
hey there this is message 15919
hey there this is message 15920
hey there this is message 15921
hey there this is message 15922
hey there this is message 15923
hey there this is message 15924
hey there this is message 15925
hey there this is message 15926
hey there this is message 15927
hey there this is message 15928
hey there this is message 15929
hey there this is message 15930
hey there this is message 15931
hey there this is message 15932
hey there this is message 15933
hey there this is message 15934
hey there this is message 15935
hey there this is message 15936
hey there this is message 15937
hey there this is message 15938
hey there this is message 15939
hey there this is message 15940
hey there this is message 15941
hey there this is message 15942
hey there this is message 15943
hey there this is message 15944
hey there this is message 15945
hey there this is message 15946
hey there this is message 15947
hey there this is message 15948
hey there this is message 15949
hey there this is message 15950
hey there this is message 15951
hey there this is message 15952
hey there this is message 15953
hey there this is message 15954
hey there this is message 15955
hey there this is message 15956
hey there this is message 15957
hey there this is message 15958
hey there this is message 15959
hey there this is message 15960
hey there this is message 15961
hey there this is message 15962
hey there this is message 15963
hey there this is message 15964
hey there this is message 15965
hey there this is message 15966
hey there this is message 15967
hey there this is message 15968
hey there this is message 15969
hey there this is message 15970
hey there this is message 15971
hey there this is message 15972
hey there this is message 15973
hey there this is message 15974
hey there this is message 15975
hey there this is message 15976
hey there this is message 15977
hey there this is message 15978
hey there this is message 15979
hey there this is message 15980
hey there this is message 15981
hey there this is message 15982
hey there this is message 15983
hey there this is message 15984
hey there this is message 15985
hey there this is message 15986
hey there this is message 15987
hey there this is message 15988
hey there this is message 15989
hey there this is message 15990
hey there this is message 15991
hey there this is message 15992
hey there this is message 15993
hey there this is message 15994
hey there this is message 15995
hey there this is message 15996
hey there this is message 15997
hey there this is message 15998
hey there this is message 15999
hey there this is message 16000
hey there this is message 16001
hey there this is message 16002
hey there this is message 16003
hey there this is message 16004
hey there this is message 16005
hey there this is message 16006
hey there this is message 16007
hey there this is message 16008
hey there this is message 16009
hey there this is message 16010
hey there this is message 16011
hey there this is message 16012
hey there this is message 16013
hey there this is message 16014
hey there this is message 16015
hey there this is message 16016
hey there this is message 16017
hey there this is message 16018
hey there this is message 16019
hey there this is message 16020
hey there this is message 16021
hey there this is message 16022
hey there this is message 16023
hey there this is message 16024
hey there this is message 16025
hey there this is message 16026
hey there this is message 16027
hey there this is message 16028
hey there this is message 16029
hey there this is message 16030
hey there this is message 16031
hey there this is message 16032
hey there this is message 16033
hey there this is message 16034
hey there this is message 16035
hey there this is message 16036
hey there this is message 16037
hey there this is message 16038
hey there this is message 16039
hey there this is message 16040
hey there this is message 16041
hey there this is message 16042
hey there this is message 16043
hey there this is message 16044
hey there this is message 16045
hey there this is message 16046
hey there this is message 16047
hey there this is message 16048
hey there this is message 16049
hey there this is message 16050
hey there this is message 16051
hey there this is message 16052
hey there this is message 16053
hey there this is message 16054
hey there this is message 16055
hey there this is message 16056
hey there this is message 16057
hey there this is message 16058
hey there this is message 16059
hey there this is message 16060
hey there this is message 16061
hey there this is message 16062
hey there this is message 16063
hey there this is message 16064
hey there this is message 16065
hey there this is message 16066
hey there this is message 16067
hey there this is message 16068
hey there this is message 16069
hey there this is message 16070
hey there this is message 16071
hey there this is message 16072
hey there this is message 16073
hey there this is message 16074
hey there this is message 16075
hey there this is message 16076
hey there this is message 16077
hey there this is message 16078
hey there this is message 16079
hey there this is message 16080
hey there this is message 16081
hey there this is message 16082
hey there this is message 16083
hey there this is message 16084
hey there this is message 16085
hey there this is message 16086
hey there this is message 16087
hey there this is message 16088
hey there this is message 16089
hey there this is message 16090
hey there this is message 16091
hey there this is message 16092
hey there this is message 16093
hey there this is message 16094
hey there this is message 16095
hey there this is message 16096
hey there this is message 16097
hey there this is message 16098
hey there this is message 16099
hey there this is message 16100
hey there this is message 16101
hey there this is message 16102
hey there this is message 16103
hey there this is message 16104
hey there this is message 16105
hey there this is message 16106
hey there this is message 16107
hey there this is message 16108
hey there this is message 16109
hey there this is message 16110
hey there this is message 16111
hey there this is message 16112
hey there this is message 16113
hey there this is message 16114
hey there this is message 16115
hey there this is message 16116
hey there this is message 16117
hey there this is message 16118
hey there this is message 16119
hey there this is message 16120
hey there this is message 16121
hey there this is message 16122
hey there this is message 16123
hey there this is message 16124
hey there this is message 16125
hey there this is message 16126
hey there this is message 16127
hey there this is message 16128
hey there this is message 16129
hey there this is message 16130
hey there this is message 16131
hey there this is message 16132
hey there this is message 16133
hey there this is message 16134
hey there this is message 16135
hey there this is message 16136
hey there this is message 16137
hey there this is message 16138
hey there this is message 16139
hey there this is message 16140
hey there this is message 16141
hey there this is message 16142
hey there this is message 16143
hey there this is message 16144
hey there this is message 16145
hey there this is message 16146
hey there this is message 16147
hey there this is message 16148
hey there this is message 16149
hey there this is message 16150
hey there this is message 16151
hey there this is message 16152
hey there this is message 16153
hey there this is message 16154
hey there this is message 16155
hey there this is message 16156
hey there this is message 16157
hey there this is message 16158
hey there this is message 16159
hey there this is message 16160
hey there this is message 16161
hey there this is message 16162
hey there this is message 16163
hey there this is message 16164
hey there this is message 16165
hey there this is message 16166
hey there this is message 16167
hey there this is message 16168
hey there this is message 16169
hey there this is message 16170
hey there this is message 16171
hey there this is message 16172
hey there this is message 16173
hey there this is message 16174
hey there this is message 16175
hey there this is message 16176
hey there this is message 16177
hey there this is message 16178
hey there this is message 16179
hey there this is message 16180
hey there this is message 16181
hey there this is message 16182
hey there this is message 16183
hey there this is message 16184
hey there this is message 16185
hey there this is message 16186
hey there this is message 16187
hey there this is message 16188
hey there this is message 16189
hey there this is message 16190
hey there this is message 16191
hey there this is message 16192
hey there this is message 16193
hey there this is message 16194
hey there this is message 16195
hey there this is message 16196
hey there this is message 16197
hey there this is message 16198
hey there this is message 16199
hey there this is message 16200
hey there this is message 16201
hey there this is message 16202
hey there this is message 16203
hey there this is message 16204
hey there this is message 16205
hey there this is message 16206
hey there this is message 16207
hey there this is message 16208
hey there this is message 16209
hey there this is message 16210
hey there this is message 16211
hey there this is message 16212
hey there this is message 16213
hey there this is message 16214
hey there this is message 16215
hey there this is message 16216
hey there this is message 16217
hey there this is message 16218
hey there this is message 16219
hey there this is message 16220
hey there this is message 16221
hey there this is message 16222
hey there this is message 16223
hey there this is message 16224
hey there this is message 16225
hey there this is message 16226
hey there this is message 16227
hey there this is message 16228
hey there this is message 16229
hey there this is message 16230
hey there this is message 16231
hey there this is message 16232
hey there this is message 16233
hey there this is message 16234
hey there this is message 16235
hey there this is message 16236
hey there this is message 16237
hey there this is message 16238
hey there this is message 16239
hey there this is message 16240
hey there this is message 16241
hey there this is message 16242
hey there this is message 16243
hey there this is message 16244
hey there this is message 16245
hey there this is message 16246
hey there this is message 16247
hey there this is message 16248
hey there this is message 16249
hey there this is message 16250
hey there this is message 16251
hey there this is message 16252
hey there this is message 16253
hey there this is message 16254
hey there this is message 16255
hey there this is message 16256
hey there this is message 16257
hey there this is message 16258
hey there this is message 16259
hey there this is message 16260
hey there this is message 16261
hey there this is message 16262
hey there this is message 16263
hey there this is message 16264
hey there this is message 16265
hey there this is message 16266
hey there this is message 16267
hey there this is message 16268
hey there this is message 16269
hey there this is message 16270
hey there this is message 16271
hey there this is message 16272
hey there this is message 16273
hey there this is message 16274
hey there this is message 16275
hey there this is message 16276
hey there this is message 16277
hey there this is message 16278
hey there this is message 16279
hey there this is message 16280
hey there this is message 16281
hey there this is message 16282
hey there this is message 16283
hey there this is message 16284
hey there this is message 16285
hey there this is message 16286
hey there this is message 16287
hey there this is message 16288
hey there this is message 16289
hey there this is message 16290
hey there this is message 16291
hey there this is message 16292
hey there this is message 16293
hey there this is message 16294
hey there this is message 16295
hey there this is message 16296
hey there this is message 16297
hey there this is message 16298
hey there this is message 16299
hey there this is message 16300
hey there this is message 16301
hey there this is message 16302
hey there this is message 16303
hey there this is message 16304
hey there this is message 16305
hey there this is message 16306
hey there this is message 16307
hey there this is message 16308
hey there this is message 16309
hey there this is message 16310
hey there this is message 16311
hey there this is message 16312
hey there this is message 16313
hey there this is message 16314
hey there this is message 16315
hey there this is message 16316
hey there this is message 16317
hey there this is message 16318
hey there this is message 16319
hey there this is message 16320
hey there this is message 16321
hey there this is message 16322
hey there this is message 16323
hey there this is message 16324
hey there this is message 16325
hey there this is message 16326
hey there this is message 16327
hey there this is message 16328
hey there this is message 16329
hey there this is message 16330
hey there this is message 16331
hey there this is message 16332
hey there this is message 16333
hey there this is message 16334
hey there this is message 16335
hey there this is message 16336
hey there this is message 16337
hey there this is message 16338
hey there this is message 16339
hey there this is message 16340
hey there this is message 16341
hey there this is message 16342
hey there this is message 16343
hey there this is message 16344
hey there this is message 16345
hey there this is message 16346
hey there this is message 16347
hey there this is message 16348
hey there this is message 16349
hey there this is message 16350
hey there this is message 16351
hey there this is message 16352
hey there this is message 16353
hey there this is message 16354
hey there this is message 16355
hey there this is message 16356
hey there this is message 16357
hey there this is message 16358
hey there this is message 16359
hey there this is message 16360
hey there this is message 16361
hey there this is message 16362
hey there this is message 16363
hey there this is message 16364
hey there this is message 16365
hey there this is message 16366
hey there this is message 16367
hey there this is message 16368
hey there this is message 16369
hey there this is message 16370
hey there this is message 16371
hey there this is message 16372
hey there this is message 16373
hey there this is message 16374
hey there this is message 16375
hey there this is message 16376
hey there this is message 16377
hey there this is message 16378
hey there this is message 16379
hey there this is message 16380
hey there this is message 16381
hey there this is message 16382
hey there this is message 16383
hey there this is message 16384
hey there this is message 16385
hey there this is message 16386
hey there this is message 16387
hey there this is message 16388
hey there this is message 16389
hey there this is message 16390
hey there this is message 16391
hey there this is message 16392
hey there this is message 16393
hey there this is message 16394
hey there this is message 16395
hey there this is message 16396
hey there this is message 16397
hey there this is message 16398
hey there this is message 16399
hey there this is message 16400
hey there this is message 16401
hey there this is message 16402
hey there this is message 16403
hey there this is message 16404
hey there this is message 16405
hey there this is message 16406
hey there this is message 16407
hey there this is message 16408
hey there this is message 16409
hey there this is message 16410
hey there this is message 16411
hey there this is message 16412
hey there this is message 16413
hey there this is message 16414
hey there this is message 16415
hey there this is message 16416
hey there this is message 16417
hey there this is message 16418
hey there this is message 16419
hey there this is message 16420
hey there this is message 16421
hey there this is message 16422
hey there this is message 16423
hey there this is message 16424
hey there this is message 16425
hey there this is message 16426
hey there this is message 16427
hey there this is message 16428
hey there this is message 16429
hey there this is message 16430
hey there this is message 16431
hey there this is message 16432
hey there this is message 16433
hey there this is message 16434
hey there this is message 16435
hey there this is message 16436
hey there this is message 16437
hey there this is message 16438
hey there this is message 16439
hey there this is message 16440
hey there this is message 16441
hey there this is message 16442
hey there this is message 16443
hey there this is message 16444
hey there this is message 16445
hey there this is message 16446
hey there this is message 16447
hey there this is message 16448
hey there this is message 16449
hey there this is message 16450
hey there this is message 16451
hey there this is message 16452
hey there this is message 16453
hey there this is message 16454
hey there this is message 16455
hey there this is message 16456
hey there this is message 16457
hey there this is message 16458
hey there this is message 16459
hey there this is message 16460
hey there this is message 16461
hey there this is message 16462
hey there this is message 16463
hey there this is message 16464
hey there this is message 16465
hey there this is message 16466
hey there this is message 16467
hey there this is message 16468
hey there this is message 16469
hey there this is message 16470
hey there this is message 16471
hey there this is message 16472
hey there this is message 16473
hey there this is message 16474
hey there this is message 16475
hey there this is message 16476
hey there this is message 16477
hey there this is message 16478
hey there this is message 16479
hey there this is message 16480
hey there this is message 16481
hey there this is message 16482
hey there this is message 16483
hey there this is message 16484
hey there this is message 16485
hey there this is message 16486
hey there this is message 16487
hey there this is message 16488
hey there this is message 16489
hey there this is message 16490
hey there this is message 16491
hey there this is message 16492
hey there this is message 16493
hey there this is message 16494
hey there this is message 16495
hey there this is message 16496
hey there this is message 16497
hey there this is message 16498
hey there this is message 16499
hey there this is message 16500
hey there this is message 16501
hey there this is message 16502
hey there this is message 16503
hey there this is message 16504
hey there this is message 16505
hey there this is message 16506
hey there this is message 16507
hey there this is message 16508
hey there this is message 16509
hey there this is message 16510
hey there this is message 16511
hey there this is message 16512
hey there this is message 16513
hey there this is message 16514
hey there this is message 16515
hey there this is message 16516
hey there this is message 16517
hey there this is message 16518
hey there this is message 16519
hey there this is message 16520
hey there this is message 16521
hey there this is message 16522
hey there this is message 16523
hey there this is message 16524
hey there this is message 16525
hey there this is message 16526
hey there this is message 16527
hey there this is message 16528
hey there this is message 16529
hey there this is message 16530
hey there this is message 16531
hey there this is message 16532
hey there this is message 16533
hey there this is message 16534
hey there this is message 16535
hey there this is message 16536
hey there this is message 16537
hey there this is message 16538
hey there this is message 16539
hey there this is message 16540
hey there this is message 16541
hey there this is message 16542
hey there this is message 16543
hey there this is message 16544
hey there this is message 16545
hey there this is message 16546
hey there this is message 16547
hey there this is message 16548
hey there this is message 16549
hey there this is message 16550
hey there this is message 16551
hey there this is message 16552
hey there this is message 16553
hey there this is message 16554
hey there this is message 16555
hey there this is message 16556
hey there this is message 16557
hey there this is message 16558
hey there this is message 16559
hey there this is message 16560
hey there this is message 16561
hey there this is message 16562
hey there this is message 16563
hey there this is message 16564
hey there this is message 16565
hey there this is message 16566
hey there this is message 16567
hey there this is message 16568
hey there this is message 16569
hey there this is message 16570
hey there this is message 16571
hey there this is message 16572
hey there this is message 16573
hey there this is message 16574
hey there this is message 16575
hey there this is message 16576
hey there this is message 16577
hey there this is message 16578
hey there this is message 16579
hey there this is message 16580
hey there this is message 16581
hey there this is message 16582
hey there this is message 16583
hey there this is message 16584
hey there this is message 16585
hey there this is message 16586
hey there this is message 16587
hey there this is message 16588
hey there this is message 16589
hey there this is message 16590
hey there this is message 16591
hey there this is message 16592
hey there this is message 16593
hey there this is message 16594
hey there this is message 16595
hey there this is message 16596
hey there this is message 16597
hey there this is message 16598
hey there this is message 16599
hey there this is message 16600
hey there this is message 16601
hey there this is message 16602
hey there this is message 16603
hey there this is message 16604
hey there this is message 16605
hey there this is message 16606
hey there this is message 16607
hey there this is message 16608
hey there this is message 16609
hey there this is message 16610
hey there this is message 16611
hey there this is message 16612
hey there this is message 16613
hey there this is message 16614
hey there this is message 16615
hey there this is message 16616
hey there this is message 16617
hey there this is message 16618
hey there this is message 16619
hey there this is message 16620
hey there this is message 16621
hey there this is message 16622
hey there this is message 16623
hey there this is message 16624
hey there this is message 16625
hey there this is message 16626
hey there this is message 16627
hey there this is message 16628
hey there this is message 16629
hey there this is message 16630
hey there this is message 16631
hey there this is message 16632
hey there this is message 16633
hey there this is message 16634
hey there this is message 16635
hey there this is message 16636
hey there this is message 16637
hey there this is message 16638
hey there this is message 16639
hey there this is message 16640
hey there this is message 16641
hey there this is message 16642
hey there this is message 16643
hey there this is message 16644
hey there this is message 16645
hey there this is message 16646
hey there this is message 16647
hey there this is message 16648
hey there this is message 16649
hey there this is message 16650
hey there this is message 16651
hey there this is message 16652
hey there this is message 16653
hey there this is message 16654
hey there this is message 16655
hey there this is message 16656
hey there this is message 16657
hey there this is message 16658
hey there this is message 16659
hey there this is message 16660
hey there this is message 16661
hey there this is message 16662
hey there this is message 16663
hey there this is message 16664
hey there this is message 16665
hey there this is message 16666
hey there this is message 16667
hey there this is message 16668
hey there this is message 16669
hey there this is message 16670
hey there this is message 16671
hey there this is message 16672
hey there this is message 16673
hey there this is message 16674
hey there this is message 16675
hey there this is message 16676
hey there this is message 16677
hey there this is message 16678
hey there this is message 16679
hey there this is message 16680
hey there this is message 16681
hey there this is message 16682
hey there this is message 16683
hey there this is message 16684
hey there this is message 16685
hey there this is message 16686
hey there this is message 16687
hey there this is message 16688
hey there this is message 16689
hey there this is message 16690
hey there this is message 16691
hey there this is message 16692
hey there this is message 16693
hey there this is message 16694
hey there this is message 16695
hey there this is message 16696
hey there this is message 16697
hey there this is message 16698
hey there this is message 16699
hey there this is message 16700
hey there this is message 16701
hey there this is message 16702
hey there this is message 16703
hey there this is message 16704
hey there this is message 16705
hey there this is message 16706
hey there this is message 16707
hey there this is message 16708
hey there this is message 16709
hey there this is message 16710
hey there this is message 16711
hey there this is message 16712
hey there this is message 16713
hey there this is message 16714
hey there this is message 16715
hey there this is message 16716
hey there this is message 16717
hey there this is message 16718
hey there this is message 16719
hey there this is message 16720
hey there this is message 16721
hey there this is message 16722
hey there this is message 16723
hey there this is message 16724
hey there this is message 16725
hey there this is message 16726
hey there this is message 16727
hey there this is message 16728
hey there this is message 16729
hey there this is message 16730
hey there this is message 16731
hey there this is message 16732
hey there this is message 16733
hey there this is message 16734
hey there this is message 16735
hey there this is message 16736
hey there this is message 16737
hey there this is message 16738
hey there this is message 16739
hey there this is message 16740
hey there this is message 16741
hey there this is message 16742
hey there this is message 16743
hey there this is message 16744
hey there this is message 16745
hey there this is message 16746
hey there this is message 16747
hey there this is message 16748
hey there this is message 16749
hey there this is message 16750
hey there this is message 16751
hey there this is message 16752
hey there this is message 16753
hey there this is message 16754
hey there this is message 16755
hey there this is message 16756
hey there this is message 16757
hey there this is message 16758
hey there this is message 16759
hey there this is message 16760
hey there this is message 16761
hey there this is message 16762
hey there this is message 16763
hey there this is message 16764
hey there this is message 16765
hey there this is message 16766
hey there this is message 16767
hey there this is message 16768
hey there this is message 16769
hey there this is message 16770
hey there this is message 16771
hey there this is message 16772
hey there this is message 16773
hey there this is message 16774
hey there this is message 16775
hey there this is message 16776
hey there this is message 16777
hey there this is message 16778
hey there this is message 16779
hey there this is message 16780
hey there this is message 16781
hey there this is message 16782
hey there this is message 16783
hey there this is message 16784
hey there this is message 16785
hey there this is message 16786
hey there this is message 16787
hey there this is message 16788
hey there this is message 16789
hey there this is message 16790
hey there this is message 16791
hey there this is message 16792
hey there this is message 16793
hey there this is message 16794
hey there this is message 16795
hey there this is message 16796
hey there this is message 16797
hey there this is message 16798
hey there this is message 16799
hey there this is message 16800
hey there this is message 16801
hey there this is message 16802
hey there this is message 16803
hey there this is message 16804
hey there this is message 16805
hey there this is message 16806
hey there this is message 16807
hey there this is message 16808
hey there this is message 16809
hey there this is message 16810
hey there this is message 16811
hey there this is message 16812
hey there this is message 16813
hey there this is message 16814
hey there this is message 16815
hey there this is message 16816
hey there this is message 16817
hey there this is message 16818
hey there this is message 16819
hey there this is message 16820
hey there this is message 16821
hey there this is message 16822
hey there this is message 16823
hey there this is message 16824
hey there this is message 16825
hey there this is message 16826
hey there this is message 16827
hey there this is message 16828
hey there this is message 16829
hey there this is message 16830
hey there this is message 16831
hey there this is message 16832
hey there this is message 16833
hey there this is message 16834
hey there this is message 16835
hey there this is message 16836
hey there this is message 16837
hey there this is message 16838
hey there this is message 16839
hey there this is message 16840
hey there this is message 16841
hey there this is message 16842
hey there this is message 16843
hey there this is message 16844
hey there this is message 16845
hey there this is message 16846
hey there this is message 16847
hey there this is message 16848
hey there this is message 16849
hey there this is message 16850
hey there this is message 16851
hey there this is message 16852
hey there this is message 16853
hey there this is message 16854
hey there this is message 16855
hey there this is message 16856
hey there this is message 16857
hey there this is message 16858
hey there this is message 16859
hey there this is message 16860
hey there this is message 16861
hey there this is message 16862
hey there this is message 16863
hey there this is message 16864
hey there this is message 16865
hey there this is message 16866
hey there this is message 16867
hey there this is message 16868
hey there this is message 16869
hey there this is message 16870
hey there this is message 16871
hey there this is message 16872
hey there this is message 16873
hey there this is message 16874
hey there this is message 16875
hey there this is message 16876
hey there this is message 16877
hey there this is message 16878
hey there this is message 16879
hey there this is message 16880
hey there this is message 16881
hey there this is message 16882
hey there this is message 16883
hey there this is message 16884
hey there this is message 16885
hey there this is message 16886
hey there this is message 16887
hey there this is message 16888
hey there this is message 16889
hey there this is message 16890
hey there this is message 16891
hey there this is message 16892
hey there this is message 16893
hey there this is message 16894
hey there this is message 16895
hey there this is message 16896
hey there this is message 16897
hey there this is message 16898
hey there this is message 16899
hey there this is message 16900
hey there this is message 16901
hey there this is message 16902
hey there this is message 16903
hey there this is message 16904
hey there this is message 16905
hey there this is message 16906
hey there this is message 16907
hey there this is message 16908
hey there this is message 16909
hey there this is message 16910
hey there this is message 16911
hey there this is message 16912
hey there this is message 16913
hey there this is message 16914
hey there this is message 16915
hey there this is message 16916
hey there this is message 16917
hey there this is message 16918
hey there this is message 16919
hey there this is message 16920
hey there this is message 16921
hey there this is message 16922
hey there this is message 16923
hey there this is message 16924
hey there this is message 16925
hey there this is message 16926
hey there this is message 16927
hey there this is message 16928
hey there this is message 16929
hey there this is message 16930
hey there this is message 16931
hey there this is message 16932
hey there this is message 16933
hey there this is message 16934
hey there this is message 16935
hey there this is message 16936
hey there this is message 16937
hey there this is message 16938
hey there this is message 16939
hey there this is message 16940
hey there this is message 16941
hey there this is message 16942
hey there this is message 16943
hey there this is message 16944
hey there this is message 16945
hey there this is message 16946
hey there this is message 16947
hey there this is message 16948
hey there this is message 16949
hey there this is message 16950
hey there this is message 16951
hey there this is message 16952
hey there this is message 16953
hey there this is message 16954
hey there this is message 16955
hey there this is message 16956
hey there this is message 16957
hey there this is message 16958
hey there this is message 16959
hey there this is message 16960
hey there this is message 16961
hey there this is message 16962
hey there this is message 16963
hey there this is message 16964
hey there this is message 16965
hey there this is message 16966
hey there this is message 16967
hey there this is message 16968
hey there this is message 16969
hey there this is message 16970
hey there this is message 16971
hey there this is message 16972
hey there this is message 16973
hey there this is message 16974
hey there this is message 16975
hey there this is message 16976
hey there this is message 16977
hey there this is message 16978
hey there this is message 16979
hey there this is message 16980
hey there this is message 16981
hey there this is message 16982
hey there this is message 16983
hey there this is message 16984
hey there this is message 16985
hey there this is message 16986
hey there this is message 16987
hey there this is message 16988
hey there this is message 16989
hey there this is message 16990
hey there this is message 16991
hey there this is message 16992
hey there this is message 16993
hey there this is message 16994
hey there this is message 16995
hey there this is message 16996
hey there this is message 16997
hey there this is message 16998
hey there this is message 16999
hey there this is message 17000
hey there this is message 17001
hey there this is message 17002
hey there this is message 17003
hey there this is message 17004
hey there this is message 17005
hey there this is message 17006
hey there this is message 17007
hey there this is message 17008
hey there this is message 17009
hey there this is message 17010
hey there this is message 17011
hey there this is message 17012
hey there this is message 17013
hey there this is message 17014
hey there this is message 17015
hey there this is message 17016
hey there this is message 17017
hey there this is message 17018
hey there this is message 17019
hey there this is message 17020
hey there this is message 17021
hey there this is message 17022
hey there this is message 17023
hey there this is message 17024
hey there this is message 17025
hey there this is message 17026
hey there this is message 17027
hey there this is message 17028
hey there this is message 17029
hey there this is message 17030
hey there this is message 17031
hey there this is message 17032
hey there this is message 17033
hey there this is message 17034
hey there this is message 17035
hey there this is message 17036
hey there this is message 17037
hey there this is message 17038
hey there this is message 17039
hey there this is message 17040
hey there this is message 17041
hey there this is message 17042
hey there this is message 17043
hey there this is message 17044
hey there this is message 17045
hey there this is message 17046
hey there this is message 17047
hey there this is message 17048
hey there this is message 17049
hey there this is message 17050
hey there this is message 17051
hey there this is message 17052
hey there this is message 17053
hey there this is message 17054
hey there this is message 17055
hey there this is message 17056
hey there this is message 17057
hey there this is message 17058
hey there this is message 17059
hey there this is message 17060
hey there this is message 17061
hey there this is message 17062
hey there this is message 17063
hey there this is message 17064
hey there this is message 17065
hey there this is message 17066
hey there this is message 17067
hey there this is message 17068
hey there this is message 17069
hey there this is message 17070
hey there this is message 17071
hey there this is message 17072
hey there this is message 17073
hey there this is message 17074
hey there this is message 17075
hey there this is message 17076
hey there this is message 17077
hey there this is message 17078
hey there this is message 17079
hey there this is message 17080
hey there this is message 17081
hey there this is message 17082
hey there this is message 17083
hey there this is message 17084
hey there this is message 17085
hey there this is message 17086
hey there this is message 17087
hey there this is message 17088
hey there this is message 17089
hey there this is message 17090
hey there this is message 17091
hey there this is message 17092
hey there this is message 17093
hey there this is message 17094
hey there this is message 17095
hey there this is message 17096
hey there this is message 17097
hey there this is message 17098
hey there this is message 17099
hey there this is message 17100
hey there this is message 17101
hey there this is message 17102
hey there this is message 17103
hey there this is message 17104
hey there this is message 17105
hey there this is message 17106
hey there this is message 17107
hey there this is message 17108
hey there this is message 17109
hey there this is message 17110
hey there this is message 17111
hey there this is message 17112
hey there this is message 17113
hey there this is message 17114
hey there this is message 17115
hey there this is message 17116
hey there this is message 17117
hey there this is message 17118
hey there this is message 17119
hey there this is message 17120
hey there this is message 17121
hey there this is message 17122
hey there this is message 17123
hey there this is message 17124
hey there this is message 17125
hey there this is message 17126
hey there this is message 17127
hey there this is message 17128
hey there this is message 17129
hey there this is message 17130
hey there this is message 17131
hey there this is message 17132
hey there this is message 17133
hey there this is message 17134
hey there this is message 17135
hey there this is message 17136
hey there this is message 17137
hey there this is message 17138
hey there this is message 17139
hey there this is message 17140
hey there this is message 17141
hey there this is message 17142
hey there this is message 17143
hey there this is message 17144
hey there this is message 17145
hey there this is message 17146
hey there this is message 17147
hey there this is message 17148
hey there this is message 17149
hey there this is message 17150
hey there this is message 17151
hey there this is message 17152
hey there this is message 17153
hey there this is message 17154
hey there this is message 17155
hey there this is message 17156
hey there this is message 17157
hey there this is message 17158
hey there this is message 17159
hey there this is message 17160
hey there this is message 17161
hey there this is message 17162
hey there this is message 17163
hey there this is message 17164
hey there this is message 17165
hey there this is message 17166
hey there this is message 17167
hey there this is message 17168
hey there this is message 17169
hey there this is message 17170
hey there this is message 17171
hey there this is message 17172
hey there this is message 17173
hey there this is message 17174
hey there this is message 17175
hey there this is message 17176
hey there this is message 17177
hey there this is message 17178
hey there this is message 17179
hey there this is message 17180
hey there this is message 17181
hey there this is message 17182
hey there this is message 17183
hey there this is message 17184
hey there this is message 17185
hey there this is message 17186
hey there this is message 17187
hey there this is message 17188
hey there this is message 17189
hey there this is message 17190
hey there this is message 17191
hey there this is message 17192
hey there this is message 17193
hey there this is message 17194
hey there this is message 17195
hey there this is message 17196
hey there this is message 17197
hey there this is message 17198
hey there this is message 17199
hey there this is message 17200
hey there this is message 17201
hey there this is message 17202
hey there this is message 17203
hey there this is message 17204
hey there this is message 17205
hey there this is message 17206
hey there this is message 17207
hey there this is message 17208
hey there this is message 17209
hey there this is message 17210
hey there this is message 17211
hey there this is message 17212
hey there this is message 17213
hey there this is message 17214
hey there this is message 17215
hey there this is message 17216
hey there this is message 17217
hey there this is message 17218
hey there this is message 17219
hey there this is message 17220
hey there this is message 17221
hey there this is message 17222
hey there this is message 17223
hey there this is message 17224
hey there this is message 17225
hey there this is message 17226
hey there this is message 17227
hey there this is message 17228
hey there this is message 17229
hey there this is message 17230
hey there this is message 17231
hey there this is message 17232
hey there this is message 17233
hey there this is message 17234
hey there this is message 17235
hey there this is message 17236
hey there this is message 17237
hey there this is message 17238
hey there this is message 17239
hey there this is message 17240
hey there this is message 17241
hey there this is message 17242
hey there this is message 17243
hey there this is message 17244
hey there this is message 17245
hey there this is message 17246
hey there this is message 17247
hey there this is message 17248
hey there this is message 17249
hey there this is message 17250
hey there this is message 17251
hey there this is message 17252
hey there this is message 17253
hey there this is message 17254
hey there this is message 17255
hey there this is message 17256
hey there this is message 17257
hey there this is message 17258
hey there this is message 17259
hey there this is message 17260
hey there this is message 17261
hey there this is message 17262
hey there this is message 17263
hey there this is message 17264
hey there this is message 17265
hey there this is message 17266
hey there this is message 17267
hey there this is message 17268
hey there this is message 17269
hey there this is message 17270
hey there this is message 17271
hey there this is message 17272
hey there this is message 17273
hey there this is message 17274
hey there this is message 17275
hey there this is message 17276
hey there this is message 17277
hey there this is message 17278
hey there this is message 17279
hey there this is message 17280
hey there this is message 17281
hey there this is message 17282
hey there this is message 17283
hey there this is message 17284
hey there this is message 17285
hey there this is message 17286
hey there this is message 17287
hey there this is message 17288
hey there this is message 17289
hey there this is message 17290
hey there this is message 17291
hey there this is message 17292
hey there this is message 17293
hey there this is message 17294
hey there this is message 17295
hey there this is message 17296
hey there this is message 17297
hey there this is message 17298
hey there this is message 17299
hey there this is message 17300
hey there this is message 17301
hey there this is message 17302
hey there this is message 17303
hey there this is message 17304
hey there this is message 17305
hey there this is message 17306
hey there this is message 17307
hey there this is message 17308
hey there this is message 17309
hey there this is message 17310
hey there this is message 17311
hey there this is message 17312
hey there this is message 17313
hey there this is message 17314
hey there this is message 17315
hey there this is message 17316
hey there this is message 17317
hey there this is message 17318
hey there this is message 17319
hey there this is message 17320
hey there this is message 17321
hey there this is message 17322
hey there this is message 17323
hey there this is message 17324
hey there this is message 17325
hey there this is message 17326
hey there this is message 17327
hey there this is message 17328
hey there this is message 17329
hey there this is message 17330
hey there this is message 17331
hey there this is message 17332
hey there this is message 17333
hey there this is message 17334
hey there this is message 17335
hey there this is message 17336
hey there this is message 17337
hey there this is message 17338
hey there this is message 17339
hey there this is message 17340
hey there this is message 17341
hey there this is message 17342
hey there this is message 17343
hey there this is message 17344
hey there this is message 17345
hey there this is message 17346
hey there this is message 17347
hey there this is message 17348
hey there this is message 17349
hey there this is message 17350
hey there this is message 17351
hey there this is message 17352
hey there this is message 17353
hey there this is message 17354
hey there this is message 17355
hey there this is message 17356
hey there this is message 17357
hey there this is message 17358
hey there this is message 17359
hey there this is message 17360
hey there this is message 17361
hey there this is message 17362
hey there this is message 17363
hey there this is message 17364
hey there this is message 17365
hey there this is message 17366
hey there this is message 17367
hey there this is message 17368
hey there this is message 17369
hey there this is message 17370
hey there this is message 17371
hey there this is message 17372
hey there this is message 17373
hey there this is message 17374
hey there this is message 17375
hey there this is message 17376
hey there this is message 17377
hey there this is message 17378
hey there this is message 17379
hey there this is message 17380
hey there this is message 17381
hey there this is message 17382
hey there this is message 17383
hey there this is message 17384
hey there this is message 17385
hey there this is message 17386
hey there this is message 17387
hey there this is message 17388
hey there this is message 17389
hey there this is message 17390
hey there this is message 17391
hey there this is message 17392
hey there this is message 17393
hey there this is message 17394
hey there this is message 17395
hey there this is message 17396
hey there this is message 17397
hey there this is message 17398
hey there this is message 17399
hey there this is message 17400
hey there this is message 17401
hey there this is message 17402
hey there this is message 17403
hey there this is message 17404
hey there this is message 17405
hey there this is message 17406
hey there this is message 17407
hey there this is message 17408
hey there this is message 17409
hey there this is message 17410
hey there this is message 17411
hey there this is message 17412
hey there this is message 17413
hey there this is message 17414
hey there this is message 17415
hey there this is message 17416
hey there this is message 17417
hey there this is message 17418
hey there this is message 17419
hey there this is message 17420
hey there this is message 17421
hey there this is message 17422
hey there this is message 17423
hey there this is message 17424
hey there this is message 17425
hey there this is message 17426
hey there this is message 17427
hey there this is message 17428
hey there this is message 17429
hey there this is message 17430
hey there this is message 17431
hey there this is message 17432
hey there this is message 17433
hey there this is message 17434
hey there this is message 17435
hey there this is message 17436
hey there this is message 17437
hey there this is message 17438
hey there this is message 17439
hey there this is message 17440
hey there this is message 17441
hey there this is message 17442
hey there this is message 17443
hey there this is message 17444
hey there this is message 17445
hey there this is message 17446
hey there this is message 17447
hey there this is message 17448
hey there this is message 17449
hey there this is message 17450
hey there this is message 17451
hey there this is message 17452
hey there this is message 17453
hey there this is message 17454
hey there this is message 17455
hey there this is message 17456
hey there this is message 17457
hey there this is message 17458
hey there this is message 17459
hey there this is message 17460
hey there this is message 17461
hey there this is message 17462
hey there this is message 17463
hey there this is message 17464
hey there this is message 17465
hey there this is message 17466
hey there this is message 17467
hey there this is message 17468
hey there this is message 17469
hey there this is message 17470
hey there this is message 17471
hey there this is message 17472
hey there this is message 17473
hey there this is message 17474
hey there this is message 17475
hey there this is message 17476
hey there this is message 17477
hey there this is message 17478
hey there this is message 17479
hey there this is message 17480
hey there this is message 17481
hey there this is message 17482
hey there this is message 17483
hey there this is message 17484
hey there this is message 17485
hey there this is message 17486
hey there this is message 17487
hey there this is message 17488
hey there this is message 17489
hey there this is message 17490
hey there this is message 17491
hey there this is message 17492
hey there this is message 17493
hey there this is message 17494
hey there this is message 17495
hey there this is message 17496
hey there this is message 17497
hey there this is message 17498
hey there this is message 17499
hey there this is message 17500
hey there this is message 17501
hey there this is message 17502
hey there this is message 17503
hey there this is message 17504
hey there this is message 17505
hey there this is message 17506
hey there this is message 17507
hey there this is message 17508
hey there this is message 17509
hey there this is message 17510
hey there this is message 17511
hey there this is message 17512
hey there this is message 17513
hey there this is message 17514
hey there this is message 17515
hey there this is message 17516
hey there this is message 17517
hey there this is message 17518
hey there this is message 17519
hey there this is message 17520
hey there this is message 17521
hey there this is message 17522
hey there this is message 17523
hey there this is message 17524
hey there this is message 17525
hey there this is message 17526
hey there this is message 17527
hey there this is message 17528
hey there this is message 17529
hey there this is message 17530
hey there this is message 17531
hey there this is message 17532
hey there this is message 17533
hey there this is message 17534
hey there this is message 17535
hey there this is message 17536
hey there this is message 17537
hey there this is message 17538
hey there this is message 17539
hey there this is message 17540
hey there this is message 17541
hey there this is message 17542
hey there this is message 17543
hey there this is message 17544
hey there this is message 17545
hey there this is message 17546
hey there this is message 17547
hey there this is message 17548
hey there this is message 17549
hey there this is message 17550
hey there this is message 17551
hey there this is message 17552
hey there this is message 17553
hey there this is message 17554
hey there this is message 17555
hey there this is message 17556
hey there this is message 17557
hey there this is message 17558
hey there this is message 17559
hey there this is message 17560
hey there this is message 17561
hey there this is message 17562
hey there this is message 17563
hey there this is message 17564
hey there this is message 17565
hey there this is message 17566
hey there this is message 17567
hey there this is message 17568
hey there this is message 17569
hey there this is message 17570
hey there this is message 17571
hey there this is message 17572
hey there this is message 17573
hey there this is message 17574
hey there this is message 17575
hey there this is message 17576
hey there this is message 17577
hey there this is message 17578
hey there this is message 17579
hey there this is message 17580
hey there this is message 17581
hey there this is message 17582
hey there this is message 17583
hey there this is message 17584
hey there this is message 17585
hey there this is message 17586
hey there this is message 17587
hey there this is message 17588
hey there this is message 17589
hey there this is message 17590
hey there this is message 17591
hey there this is message 17592
hey there this is message 17593
hey there this is message 17594
hey there this is message 17595
hey there this is message 17596
hey there this is message 17597
hey there this is message 17598
hey there this is message 17599
hey there this is message 17600
hey there this is message 17601
hey there this is message 17602
hey there this is message 17603
hey there this is message 17604
hey there this is message 17605
hey there this is message 17606
hey there this is message 17607
hey there this is message 17608
hey there this is message 17609
hey there this is message 17610
hey there this is message 17611
hey there this is message 17612
hey there this is message 17613
hey there this is message 17614
hey there this is message 17615
hey there this is message 17616
hey there this is message 17617
hey there this is message 17618
hey there this is message 17619
hey there this is message 17620
hey there this is message 17621
hey there this is message 17622
hey there this is message 17623
hey there this is message 17624
hey there this is message 17625
hey there this is message 17626
hey there this is message 17627
hey there this is message 17628
hey there this is message 17629
hey there this is message 17630
hey there this is message 17631
hey there this is message 17632
hey there this is message 17633
hey there this is message 17634
hey there this is message 17635
hey there this is message 17636
hey there this is message 17637
hey there this is message 17638
hey there this is message 17639
hey there this is message 17640
hey there this is message 17641
hey there this is message 17642
hey there this is message 17643
hey there this is message 17644
hey there this is message 17645
hey there this is message 17646
hey there this is message 17647
hey there this is message 17648
hey there this is message 17649
hey there this is message 17650
hey there this is message 17651
hey there this is message 17652
hey there this is message 17653
hey there this is message 17654
hey there this is message 17655
hey there this is message 17656
hey there this is message 17657
hey there this is message 17658
hey there this is message 17659
hey there this is message 17660
hey there this is message 17661
hey there this is message 17662
hey there this is message 17663
hey there this is message 17664
hey there this is message 17665
hey there this is message 17666
hey there this is message 17667
hey there this is message 17668
hey there this is message 17669
hey there this is message 17670
hey there this is message 17671
hey there this is message 17672
hey there this is message 17673
hey there this is message 17674
hey there this is message 17675
hey there this is message 17676
hey there this is message 17677
hey there this is message 17678
hey there this is message 17679
hey there this is message 17680
hey there this is message 17681
hey there this is message 17682
hey there this is message 17683
hey there this is message 17684
hey there this is message 17685
hey there this is message 17686
hey there this is message 17687
hey there this is message 17688
hey there this is message 17689
hey there this is message 17690
hey there this is message 17691
hey there this is message 17692
hey there this is message 17693
hey there this is message 17694
hey there this is message 17695
hey there this is message 17696
hey there this is message 17697
hey there this is message 17698
hey there this is message 17699
hey there this is message 17700
hey there this is message 17701
hey there this is message 17702
hey there this is message 17703
hey there this is message 17704
hey there this is message 17705
hey there this is message 17706
hey there this is message 17707
hey there this is message 17708
hey there this is message 17709
hey there this is message 17710
hey there this is message 17711
hey there this is message 17712
hey there this is message 17713
hey there this is message 17714
hey there this is message 17715
hey there this is message 17716
hey there this is message 17717
hey there this is message 17718
hey there this is message 17719
hey there this is message 17720
hey there this is message 17721
hey there this is message 17722
hey there this is message 17723
hey there this is message 17724
hey there this is message 17725
hey there this is message 17726
hey there this is message 17727
hey there this is message 17728
hey there this is message 17729
hey there this is message 17730
hey there this is message 17731
hey there this is message 17732
hey there this is message 17733
hey there this is message 17734
hey there this is message 17735
hey there this is message 17736
hey there this is message 17737
hey there this is message 17738
hey there this is message 17739
hey there this is message 17740
hey there this is message 17741
hey there this is message 17742
hey there this is message 17743
hey there this is message 17744
hey there this is message 17745
hey there this is message 17746
hey there this is message 17747
hey there this is message 17748
hey there this is message 17749
hey there this is message 17750
hey there this is message 17751
hey there this is message 17752
hey there this is message 17753
hey there this is message 17754
hey there this is message 17755
hey there this is message 17756
hey there this is message 17757
hey there this is message 17758
hey there this is message 17759
hey there this is message 17760
hey there this is message 17761
hey there this is message 17762
hey there this is message 17763
hey there this is message 17764
hey there this is message 17765
hey there this is message 17766
hey there this is message 17767
hey there this is message 17768
hey there this is message 17769
hey there this is message 17770
hey there this is message 17771
hey there this is message 17772
hey there this is message 17773
hey there this is message 17774
hey there this is message 17775
hey there this is message 17776
hey there this is message 17777
hey there this is message 17778
hey there this is message 17779
hey there this is message 17780
hey there this is message 17781
hey there this is message 17782
hey there this is message 17783
hey there this is message 17784
hey there this is message 17785
hey there this is message 17786
hey there this is message 17787
hey there this is message 17788
hey there this is message 17789
hey there this is message 17790
hey there this is message 17791
hey there this is message 17792
hey there this is message 17793
hey there this is message 17794
hey there this is message 17795
hey there this is message 17796
hey there this is message 17797
hey there this is message 17798
hey there this is message 17799
hey there this is message 17800
hey there this is message 17801
hey there this is message 17802
hey there this is message 17803
hey there this is message 17804
hey there this is message 17805
hey there this is message 17806
hey there this is message 17807
hey there this is message 17808
hey there this is message 17809
hey there this is message 17810
hey there this is message 17811
hey there this is message 17812
hey there this is message 17813
hey there this is message 17814
hey there this is message 17815
hey there this is message 17816
hey there this is message 17817
hey there this is message 17818
hey there this is message 17819
hey there this is message 17820
hey there this is message 17821
hey there this is message 17822
hey there this is message 17823
hey there this is message 17824
hey there this is message 17825
hey there this is message 17826
hey there this is message 17827
hey there this is message 17828
hey there this is message 17829
hey there this is message 17830
hey there this is message 17831
hey there this is message 17832
hey there this is message 17833
hey there this is message 17834
hey there this is message 17835
hey there this is message 17836
hey there this is message 17837
hey there this is message 17838
hey there this is message 17839
hey there this is message 17840
hey there this is message 17841
hey there this is message 17842
hey there this is message 17843
hey there this is message 17844
hey there this is message 17845
hey there this is message 17846
hey there this is message 17847
hey there this is message 17848
hey there this is message 17849
hey there this is message 17850
hey there this is message 17851
hey there this is message 17852
hey there this is message 17853
hey there this is message 17854
hey there this is message 17855
hey there this is message 17856
hey there this is message 17857
hey there this is message 17858
hey there this is message 17859
hey there this is message 17860
hey there this is message 17861
hey there this is message 17862
hey there this is message 17863
hey there this is message 17864
hey there this is message 17865
hey there this is message 17866
hey there this is message 17867
hey there this is message 17868
hey there this is message 17869
hey there this is message 17870
hey there this is message 17871
hey there this is message 17872
hey there this is message 17873
hey there this is message 17874
hey there this is message 17875
hey there this is message 17876
hey there this is message 17877
hey there this is message 17878
hey there this is message 17879
hey there this is message 17880
hey there this is message 17881
hey there this is message 17882
hey there this is message 17883
hey there this is message 17884
hey there this is message 17885
hey there this is message 17886
hey there this is message 17887
hey there this is message 17888
hey there this is message 17889
hey there this is message 17890
hey there this is message 17891
hey there this is message 17892
hey there this is message 17893
hey there this is message 17894
hey there this is message 17895
hey there this is message 17896
hey there this is message 17897
hey there this is message 17898
hey there this is message 17899
hey there this is message 17900
hey there this is message 17901
hey there this is message 17902
hey there this is message 17903
hey there this is message 17904
hey there this is message 17905
hey there this is message 17906
hey there this is message 17907
hey there this is message 17908
hey there this is message 17909
hey there this is message 17910
hey there this is message 17911
hey there this is message 17912
hey there this is message 17913
hey there this is message 17914
hey there this is message 17915
hey there this is message 17916
hey there this is message 17917
hey there this is message 17918
hey there this is message 17919
hey there this is message 17920
hey there this is message 17921
hey there this is message 17922
hey there this is message 17923
hey there this is message 17924
hey there this is message 17925
hey there this is message 17926
hey there this is message 17927
hey there this is message 17928
hey there this is message 17929
hey there this is message 17930
hey there this is message 17931
hey there this is message 17932
hey there this is message 17933
hey there this is message 17934
hey there this is message 17935
hey there this is message 17936
hey there this is message 17937
hey there this is message 17938
hey there this is message 17939
hey there this is message 17940
hey there this is message 17941
hey there this is message 17942
hey there this is message 17943
hey there this is message 17944
hey there this is message 17945
hey there this is message 17946
hey there this is message 17947
hey there this is message 17948
hey there this is message 17949
hey there this is message 17950
hey there this is message 17951
hey there this is message 17952
hey there this is message 17953
hey there this is message 17954
hey there this is message 17955
hey there this is message 17956
hey there this is message 17957
hey there this is message 17958
hey there this is message 17959
hey there this is message 17960
hey there this is message 17961
hey there this is message 17962
hey there this is message 17963
hey there this is message 17964
hey there this is message 17965
hey there this is message 17966
hey there this is message 17967
hey there this is message 17968
hey there this is message 17969
hey there this is message 17970
hey there this is message 17971
hey there this is message 17972
hey there this is message 17973
hey there this is message 17974
hey there this is message 17975
hey there this is message 17976
hey there this is message 17977
hey there this is message 17978
hey there this is message 17979
hey there this is message 17980
hey there this is message 17981
hey there this is message 17982
hey there this is message 17983
hey there this is message 17984
hey there this is message 17985
hey there this is message 17986
hey there this is message 17987
hey there this is message 17988
hey there this is message 17989
hey there this is message 17990
hey there this is message 17991
hey there this is message 17992
hey there this is message 17993
hey there this is message 17994
hey there this is message 17995
hey there this is message 17996
hey there this is message 17997
hey there this is message 17998
hey there this is message 17999
hey there this is message 18000
hey there this is message 18001
hey there this is message 18002
hey there this is message 18003
hey there this is message 18004
hey there this is message 18005
hey there this is message 18006
hey there this is message 18007
hey there this is message 18008
hey there this is message 18009
hey there this is message 18010
hey there this is message 18011
hey there this is message 18012
hey there this is message 18013
hey there this is message 18014
hey there this is message 18015
hey there this is message 18016
hey there this is message 18017
hey there this is message 18018
hey there this is message 18019
hey there this is message 18020
hey there this is message 18021
hey there this is message 18022
hey there this is message 18023
hey there this is message 18024
hey there this is message 18025
hey there this is message 18026
hey there this is message 18027
hey there this is message 18028
hey there this is message 18029
hey there this is message 18030
hey there this is message 18031
hey there this is message 18032
hey there this is message 18033
hey there this is message 18034
hey there this is message 18035
hey there this is message 18036
hey there this is message 18037
hey there this is message 18038
hey there this is message 18039
hey there this is message 18040
hey there this is message 18041
hey there this is message 18042
hey there this is message 18043
hey there this is message 18044
hey there this is message 18045
hey there this is message 18046
hey there this is message 18047
hey there this is message 18048
hey there this is message 18049
hey there this is message 18050
hey there this is message 18051
hey there this is message 18052
hey there this is message 18053
hey there this is message 18054
hey there this is message 18055
hey there this is message 18056
hey there this is message 18057
hey there this is message 18058
hey there this is message 18059
hey there this is message 18060
hey there this is message 18061
hey there this is message 18062
hey there this is message 18063
hey there this is message 18064
hey there this is message 18065
hey there this is message 18066
hey there this is message 18067
hey there this is message 18068
hey there this is message 18069
hey there this is message 18070
hey there this is message 18071
hey there this is message 18072
hey there this is message 18073
hey there this is message 18074
hey there this is message 18075
hey there this is message 18076
hey there this is message 18077
hey there this is message 18078
hey there this is message 18079
hey there this is message 18080
hey there this is message 18081
hey there this is message 18082
hey there this is message 18083
hey there this is message 18084
hey there this is message 18085
hey there this is message 18086
hey there this is message 18087
hey there this is message 18088
hey there this is message 18089
hey there this is message 18090
hey there this is message 18091
hey there this is message 18092
hey there this is message 18093
hey there this is message 18094
hey there this is message 18095
hey there this is message 18096
hey there this is message 18097
hey there this is message 18098
hey there this is message 18099
hey there this is message 18100
hey there this is message 18101
hey there this is message 18102
hey there this is message 18103
hey there this is message 18104
hey there this is message 18105
hey there this is message 18106
hey there this is message 18107
hey there this is message 18108
hey there this is message 18109
hey there this is message 18110
hey there this is message 18111
hey there this is message 18112
hey there this is message 18113
hey there this is message 18114
hey there this is message 18115
hey there this is message 18116
hey there this is message 18117
hey there this is message 18118
hey there this is message 18119
hey there this is message 18120
hey there this is message 18121
hey there this is message 18122
hey there this is message 18123
hey there this is message 18124
hey there this is message 18125
hey there this is message 18126
hey there this is message 18127
hey there this is message 18128
hey there this is message 18129
hey there this is message 18130
hey there this is message 18131
hey there this is message 18132
hey there this is message 18133
hey there this is message 18134
hey there this is message 18135
hey there this is message 18136
hey there this is message 18137
hey there this is message 18138
hey there this is message 18139
hey there this is message 18140
hey there this is message 18141
hey there this is message 18142
hey there this is message 18143
hey there this is message 18144
hey there this is message 18145
hey there this is message 18146
hey there this is message 18147
hey there this is message 18148
hey there this is message 18149
hey there this is message 18150
hey there this is message 18151
hey there this is message 18152
hey there this is message 18153
hey there this is message 18154
hey there this is message 18155
hey there this is message 18156
hey there this is message 18157
hey there this is message 18158
hey there this is message 18159
hey there this is message 18160
hey there this is message 18161
hey there this is message 18162
hey there this is message 18163
hey there this is message 18164
hey there this is message 18165
hey there this is message 18166
hey there this is message 18167
hey there this is message 18168
hey there this is message 18169
hey there this is message 18170
hey there this is message 18171
hey there this is message 18172
hey there this is message 18173
hey there this is message 18174
hey there this is message 18175
hey there this is message 18176
hey there this is message 18177
hey there this is message 18178
hey there this is message 18179
hey there this is message 18180
hey there this is message 18181
hey there this is message 18182
hey there this is message 18183
hey there this is message 18184
hey there this is message 18185
hey there this is message 18186
hey there this is message 18187
hey there this is message 18188
hey there this is message 18189
hey there this is message 18190
hey there this is message 18191
hey there this is message 18192
hey there this is message 18193
hey there this is message 18194
hey there this is message 18195
hey there this is message 18196
hey there this is message 18197
hey there this is message 18198
hey there this is message 18199
hey there this is message 18200
hey there this is message 18201
hey there this is message 18202
hey there this is message 18203
hey there this is message 18204
hey there this is message 18205
hey there this is message 18206
hey there this is message 18207
hey there this is message 18208
hey there this is message 18209
hey there this is message 18210
hey there this is message 18211
hey there this is message 18212
hey there this is message 18213
hey there this is message 18214
hey there this is message 18215
hey there this is message 18216
hey there this is message 18217
hey there this is message 18218
hey there this is message 18219
hey there this is message 18220
hey there this is message 18221
hey there this is message 18222
hey there this is message 18223
hey there this is message 18224
hey there this is message 18225
hey there this is message 18226
hey there this is message 18227
hey there this is message 18228
hey there this is message 18229
hey there this is message 18230
hey there this is message 18231
hey there this is message 18232
hey there this is message 18233
hey there this is message 18234
hey there this is message 18235
hey there this is message 18236
hey there this is message 18237
hey there this is message 18238
hey there this is message 18239
hey there this is message 18240
hey there this is message 18241
hey there this is message 18242
hey there this is message 18243
hey there this is message 18244
hey there this is message 18245
hey there this is message 18246
hey there this is message 18247
hey there this is message 18248
hey there this is message 18249
hey there this is message 18250
hey there this is message 18251
hey there this is message 18252
hey there this is message 18253
hey there this is message 18254
hey there this is message 18255
hey there this is message 18256
hey there this is message 18257
hey there this is message 18258
hey there this is message 18259
hey there this is message 18260
hey there this is message 18261
hey there this is message 18262
hey there this is message 18263
hey there this is message 18264
hey there this is message 18265
hey there this is message 18266
hey there this is message 18267
hey there this is message 18268
hey there this is message 18269
hey there this is message 18270
hey there this is message 18271
hey there this is message 18272
hey there this is message 18273
hey there this is message 18274
hey there this is message 18275
hey there this is message 18276
hey there this is message 18277
hey there this is message 18278
hey there this is message 18279
hey there this is message 18280
hey there this is message 18281
hey there this is message 18282
hey there this is message 18283
hey there this is message 18284
hey there this is message 18285
hey there this is message 18286
hey there this is message 18287
hey there this is message 18288
hey there this is message 18289
hey there this is message 18290
hey there this is message 18291
hey there this is message 18292
hey there this is message 18293
hey there this is message 18294
hey there this is message 18295
hey there this is message 18296
hey there this is message 18297
hey there this is message 18298
hey there this is message 18299
hey there this is message 18300
hey there this is message 18301
hey there this is message 18302
hey there this is message 18303
hey there this is message 18304
hey there this is message 18305
hey there this is message 18306
hey there this is message 18307
hey there this is message 18308
hey there this is message 18309
hey there this is message 18310
hey there this is message 18311
hey there this is message 18312
hey there this is message 18313
hey there this is message 18314
hey there this is message 18315
hey there this is message 18316
hey there this is message 18317
hey there this is message 18318
hey there this is message 18319
hey there this is message 18320
hey there this is message 18321
hey there this is message 18322
hey there this is message 18323
hey there this is message 18324
hey there this is message 18325
hey there this is message 18326
hey there this is message 18327
hey there this is message 18328
hey there this is message 18329
hey there this is message 18330
hey there this is message 18331
hey there this is message 18332
hey there this is message 18333
hey there this is message 18334
hey there this is message 18335
hey there this is message 18336
hey there this is message 18337
hey there this is message 18338
hey there this is message 18339
hey there this is message 18340
hey there this is message 18341
hey there this is message 18342
hey there this is message 18343
hey there this is message 18344
hey there this is message 18345
hey there this is message 18346
hey there this is message 18347
hey there this is message 18348
hey there this is message 18349
hey there this is message 18350
hey there this is message 18351
hey there this is message 18352
hey there this is message 18353
hey there this is message 18354
hey there this is message 18355
hey there this is message 18356
hey there this is message 18357
hey there this is message 18358
hey there this is message 18359
hey there this is message 18360
hey there this is message 18361
hey there this is message 18362
hey there this is message 18363
hey there this is message 18364
hey there this is message 18365
hey there this is message 18366
hey there this is message 18367
hey there this is message 18368
hey there this is message 18369
hey there this is message 18370
hey there this is message 18371
hey there this is message 18372
hey there this is message 18373
hey there this is message 18374
hey there this is message 18375
hey there this is message 18376
hey there this is message 18377
hey there this is message 18378
hey there this is message 18379
hey there this is message 18380
hey there this is message 18381
hey there this is message 18382
hey there this is message 18383
hey there this is message 18384
hey there this is message 18385
hey there this is message 18386
hey there this is message 18387
hey there this is message 18388
hey there this is message 18389
hey there this is message 18390
hey there this is message 18391
hey there this is message 18392
hey there this is message 18393
hey there this is message 18394
hey there this is message 18395
hey there this is message 18396
hey there this is message 18397
hey there this is message 18398
hey there this is message 18399
hey there this is message 18400
hey there this is message 18401
hey there this is message 18402
hey there this is message 18403
hey there this is message 18404
hey there this is message 18405
hey there this is message 18406
hey there this is message 18407
hey there this is message 18408
hey there this is message 18409
hey there this is message 18410
hey there this is message 18411
hey there this is message 18412
hey there this is message 18413
hey there this is message 18414
hey there this is message 18415
hey there this is message 18416
hey there this is message 18417
hey there this is message 18418
hey there this is message 18419
hey there this is message 18420
hey there this is message 18421
hey there this is message 18422
hey there this is message 18423
hey there this is message 18424
hey there this is message 18425
hey there this is message 18426
hey there this is message 18427
hey there this is message 18428
hey there this is message 18429
hey there this is message 18430
hey there this is message 18431
hey there this is message 18432
hey there this is message 18433
hey there this is message 18434
hey there this is message 18435
hey there this is message 18436
hey there this is message 18437
hey there this is message 18438
hey there this is message 18439
hey there this is message 18440
hey there this is message 18441
hey there this is message 18442
hey there this is message 18443
hey there this is message 18444
hey there this is message 18445
hey there this is message 18446
hey there this is message 18447
hey there this is message 18448
hey there this is message 18449
hey there this is message 18450
hey there this is message 18451
hey there this is message 18452
hey there this is message 18453
hey there this is message 18454
hey there this is message 18455
hey there this is message 18456
hey there this is message 18457
hey there this is message 18458
hey there this is message 18459
hey there this is message 18460
hey there this is message 18461
hey there this is message 18462
hey there this is message 18463
hey there this is message 18464
hey there this is message 18465
hey there this is message 18466
hey there this is message 18467
hey there this is message 18468
hey there this is message 18469
hey there this is message 18470
hey there this is message 18471
hey there this is message 18472
hey there this is message 18473
hey there this is message 18474
hey there this is message 18475
hey there this is message 18476
hey there this is message 18477
hey there this is message 18478
hey there this is message 18479
hey there this is message 18480
hey there this is message 18481
hey there this is message 18482
hey there this is message 18483
hey there this is message 18484
hey there this is message 18485
hey there this is message 18486
hey there this is message 18487
hey there this is message 18488
hey there this is message 18489
hey there this is message 18490
hey there this is message 18491
hey there this is message 18492
hey there this is message 18493
hey there this is message 18494
hey there this is message 18495
hey there this is message 18496
hey there this is message 18497
hey there this is message 18498
hey there this is message 18499
hey there this is message 18500
hey there this is message 18501
hey there this is message 18502
hey there this is message 18503
hey there this is message 18504
hey there this is message 18505
hey there this is message 18506
hey there this is message 18507
hey there this is message 18508
hey there this is message 18509
hey there this is message 18510
hey there this is message 18511
hey there this is message 18512
hey there this is message 18513
hey there this is message 18514
hey there this is message 18515
hey there this is message 18516
hey there this is message 18517
hey there this is message 18518
hey there this is message 18519
hey there this is message 18520
hey there this is message 18521
hey there this is message 18522
hey there this is message 18523
hey there this is message 18524
hey there this is message 18525
hey there this is message 18526
hey there this is message 18527
hey there this is message 18528
hey there this is message 18529
hey there this is message 18530
hey there this is message 18531
hey there this is message 18532
hey there this is message 18533
hey there this is message 18534
hey there this is message 18535
hey there this is message 18536
hey there this is message 18537
hey there this is message 18538
hey there this is message 18539
hey there this is message 18540
hey there this is message 18541
hey there this is message 18542
hey there this is message 18543
hey there this is message 18544
hey there this is message 18545
hey there this is message 18546
hey there this is message 18547
hey there this is message 18548
hey there this is message 18549
hey there this is message 18550
hey there this is message 18551
hey there this is message 18552
hey there this is message 18553
hey there this is message 18554
hey there this is message 18555
hey there this is message 18556
hey there this is message 18557
hey there this is message 18558
hey there this is message 18559
hey there this is message 18560
hey there this is message 18561
hey there this is message 18562
hey there this is message 18563
hey there this is message 18564
hey there this is message 18565
hey there this is message 18566
hey there this is message 18567
hey there this is message 18568
hey there this is message 18569
hey there this is message 18570
hey there this is message 18571
hey there this is message 18572
hey there this is message 18573
hey there this is message 18574
hey there this is message 18575
hey there this is message 18576
hey there this is message 18577
hey there this is message 18578
hey there this is message 18579
hey there this is message 18580
hey there this is message 18581
hey there this is message 18582
hey there this is message 18583
hey there this is message 18584
hey there this is message 18585
hey there this is message 18586
hey there this is message 18587
hey there this is message 18588
hey there this is message 18589
hey there this is message 18590
hey there this is message 18591
hey there this is message 18592
hey there this is message 18593
hey there this is message 18594
hey there this is message 18595
hey there this is message 18596
hey there this is message 18597
hey there this is message 18598
hey there this is message 18599
hey there this is message 18600
hey there this is message 18601
hey there this is message 18602
hey there this is message 18603
hey there this is message 18604
hey there this is message 18605
hey there this is message 18606
hey there this is message 18607
hey there this is message 18608
hey there this is message 18609
hey there this is message 18610
hey there this is message 18611
hey there this is message 18612
hey there this is message 18613
hey there this is message 18614
hey there this is message 18615
hey there this is message 18616
hey there this is message 18617
hey there this is message 18618
hey there this is message 18619
hey there this is message 18620
hey there this is message 18621
hey there this is message 18622
hey there this is message 18623
hey there this is message 18624
hey there this is message 18625
hey there this is message 18626
hey there this is message 18627
hey there this is message 18628
hey there this is message 18629
hey there this is message 18630
hey there this is message 18631
hey there this is message 18632
hey there this is message 18633
hey there this is message 18634
hey there this is message 18635
hey there this is message 18636
hey there this is message 18637
hey there this is message 18638
hey there this is message 18639
hey there this is message 18640
hey there this is message 18641
hey there this is message 18642
hey there this is message 18643
hey there this is message 18644
hey there this is message 18645
hey there this is message 18646
hey there this is message 18647
hey there this is message 18648
hey there this is message 18649
hey there this is message 18650
hey there this is message 18651
hey there this is message 18652
hey there this is message 18653
hey there this is message 18654
hey there this is message 18655
hey there this is message 18656
hey there this is message 18657
hey there this is message 18658
hey there this is message 18659
hey there this is message 18660
hey there this is message 18661
hey there this is message 18662
hey there this is message 18663
hey there this is message 18664
hey there this is message 18665
hey there this is message 18666
hey there this is message 18667
hey there this is message 18668
hey there this is message 18669
hey there this is message 18670
hey there this is message 18671
hey there this is message 18672
hey there this is message 18673
hey there this is message 18674
hey there this is message 18675
hey there this is message 18676
hey there this is message 18677
hey there this is message 18678
hey there this is message 18679
hey there this is message 18680
hey there this is message 18681
hey there this is message 18682
hey there this is message 18683
hey there this is message 18684
hey there this is message 18685
hey there this is message 18686
hey there this is message 18687
hey there this is message 18688
hey there this is message 18689
hey there this is message 18690
hey there this is message 18691
hey there this is message 18692
hey there this is message 18693
hey there this is message 18694
hey there this is message 18695
hey there this is message 18696
hey there this is message 18697
hey there this is message 18698
hey there this is message 18699
hey there this is message 18700
hey there this is message 18701
hey there this is message 18702
hey there this is message 18703
hey there this is message 18704
hey there this is message 18705
hey there this is message 18706
hey there this is message 18707
hey there this is message 18708
hey there this is message 18709
hey there this is message 18710
hey there this is message 18711
hey there this is message 18712
hey there this is message 18713
hey there this is message 18714
hey there this is message 18715
hey there this is message 18716
hey there this is message 18717
hey there this is message 18718
hey there this is message 18719
hey there this is message 18720
hey there this is message 18721
hey there this is message 18722
hey there this is message 18723
hey there this is message 18724
hey there this is message 18725
hey there this is message 18726
hey there this is message 18727
hey there this is message 18728
hey there this is message 18729
hey there this is message 18730
hey there this is message 18731
hey there this is message 18732
hey there this is message 18733
hey there this is message 18734
hey there this is message 18735
hey there this is message 18736
hey there this is message 18737
hey there this is message 18738
hey there this is message 18739
hey there this is message 18740
hey there this is message 18741
hey there this is message 18742
hey there this is message 18743
hey there this is message 18744
hey there this is message 18745
hey there this is message 18746
hey there this is message 18747
hey there this is message 18748
hey there this is message 18749
hey there this is message 18750
hey there this is message 18751
hey there this is message 18752
hey there this is message 18753
hey there this is message 18754
hey there this is message 18755
hey there this is message 18756
hey there this is message 18757
hey there this is message 18758
hey there this is message 18759
hey there this is message 18760
hey there this is message 18761
hey there this is message 18762
hey there this is message 18763
hey there this is message 18764
hey there this is message 18765
hey there this is message 18766
hey there this is message 18767
hey there this is message 18768
hey there this is message 18769
hey there this is message 18770
hey there this is message 18771
hey there this is message 18772
hey there this is message 18773
hey there this is message 18774
hey there this is message 18775
hey there this is message 18776
hey there this is message 18777
hey there this is message 18778
hey there this is message 18779
hey there this is message 18780
hey there this is message 18781
hey there this is message 18782
hey there this is message 18783
hey there this is message 18784
hey there this is message 18785
hey there this is message 18786
hey there this is message 18787
hey there this is message 18788
hey there this is message 18789
hey there this is message 18790
hey there this is message 18791
hey there this is message 18792
hey there this is message 18793
hey there this is message 18794
hey there this is message 18795
hey there this is message 18796
hey there this is message 18797
hey there this is message 18798
hey there this is message 18799
hey there this is message 18800
hey there this is message 18801
hey there this is message 18802
hey there this is message 18803
hey there this is message 18804
hey there this is message 18805
hey there this is message 18806
hey there this is message 18807
hey there this is message 18808
hey there this is message 18809
hey there this is message 18810
hey there this is message 18811
hey there this is message 18812
hey there this is message 18813
hey there this is message 18814
hey there this is message 18815
hey there this is message 18816
hey there this is message 18817
hey there this is message 18818
hey there this is message 18819
hey there this is message 18820
hey there this is message 18821
hey there this is message 18822
hey there this is message 18823
hey there this is message 18824
hey there this is message 18825
hey there this is message 18826
hey there this is message 18827
hey there this is message 18828
hey there this is message 18829
hey there this is message 18830
hey there this is message 18831
hey there this is message 18832
hey there this is message 18833
hey there this is message 18834
hey there this is message 18835
hey there this is message 18836
hey there this is message 18837
hey there this is message 18838
hey there this is message 18839
hey there this is message 18840
hey there this is message 18841
hey there this is message 18842
hey there this is message 18843
hey there this is message 18844
hey there this is message 18845
hey there this is message 18846
hey there this is message 18847
hey there this is message 18848
hey there this is message 18849
hey there this is message 18850
hey there this is message 18851
hey there this is message 18852
hey there this is message 18853
hey there this is message 18854
hey there this is message 18855
hey there this is message 18856
hey there this is message 18857
hey there this is message 18858
hey there this is message 18859
hey there this is message 18860
hey there this is message 18861
hey there this is message 18862
hey there this is message 18863
hey there this is message 18864
hey there this is message 18865
hey there this is message 18866
hey there this is message 18867
hey there this is message 18868
hey there this is message 18869
hey there this is message 18870
hey there this is message 18871
hey there this is message 18872
hey there this is message 18873
hey there this is message 18874
hey there this is message 18875
hey there this is message 18876
hey there this is message 18877
hey there this is message 18878
hey there this is message 18879
hey there this is message 18880
hey there this is message 18881
hey there this is message 18882
hey there this is message 18883
hey there this is message 18884
hey there this is message 18885
hey there this is message 18886
hey there this is message 18887
hey there this is message 18888
hey there this is message 18889
hey there this is message 18890
hey there this is message 18891
hey there this is message 18892
hey there this is message 18893
hey there this is message 18894
hey there this is message 18895
hey there this is message 18896
hey there this is message 18897
hey there this is message 18898
hey there this is message 18899
hey there this is message 18900
hey there this is message 18901
hey there this is message 18902
hey there this is message 18903
hey there this is message 18904
hey there this is message 18905
hey there this is message 18906
hey there this is message 18907
hey there this is message 18908
hey there this is message 18909
hey there this is message 18910
hey there this is message 18911
hey there this is message 18912
hey there this is message 18913
hey there this is message 18914
hey there this is message 18915
hey there this is message 18916
hey there this is message 18917
hey there this is message 18918
hey there this is message 18919
hey there this is message 18920
hey there this is message 18921
hey there this is message 18922
hey there this is message 18923
hey there this is message 18924
hey there this is message 18925
hey there this is message 18926
hey there this is message 18927
hey there this is message 18928
hey there this is message 18929
hey there this is message 18930
hey there this is message 18931
hey there this is message 18932
hey there this is message 18933
hey there this is message 18934
hey there this is message 18935
hey there this is message 18936
hey there this is message 18937
hey there this is message 18938
hey there this is message 18939
hey there this is message 18940
hey there this is message 18941
hey there this is message 18942
hey there this is message 18943
hey there this is message 18944
hey there this is message 18945
hey there this is message 18946
hey there this is message 18947
hey there this is message 18948
hey there this is message 18949
hey there this is message 18950
hey there this is message 18951
hey there this is message 18952
hey there this is message 18953
hey there this is message 18954
hey there this is message 18955
hey there this is message 18956
hey there this is message 18957
hey there this is message 18958
hey there this is message 18959
hey there this is message 18960
hey there this is message 18961
hey there this is message 18962
hey there this is message 18963
hey there this is message 18964
hey there this is message 18965
hey there this is message 18966
hey there this is message 18967
hey there this is message 18968
hey there this is message 18969
hey there this is message 18970
hey there this is message 18971
hey there this is message 18972
hey there this is message 18973
hey there this is message 18974
hey there this is message 18975
hey there this is message 18976
hey there this is message 18977
hey there this is message 18978
hey there this is message 18979
hey there this is message 18980
hey there this is message 18981
hey there this is message 18982
hey there this is message 18983
hey there this is message 18984
hey there this is message 18985
hey there this is message 18986
hey there this is message 18987
hey there this is message 18988
hey there this is message 18989
hey there this is message 18990
hey there this is message 18991
hey there this is message 18992
hey there this is message 18993
hey there this is message 18994
hey there this is message 18995
hey there this is message 18996
hey there this is message 18997
hey there this is message 18998
hey there this is message 18999
hey there this is message 19000
hey there this is message 19001
hey there this is message 19002
hey there this is message 19003
hey there this is message 19004
hey there this is message 19005
hey there this is message 19006
hey there this is message 19007
hey there this is message 19008
hey there this is message 19009
hey there this is message 19010
hey there this is message 19011
hey there this is message 19012
hey there this is message 19013
hey there this is message 19014
hey there this is message 19015
hey there this is message 19016
hey there this is message 19017
hey there this is message 19018
hey there this is message 19019
hey there this is message 19020
hey there this is message 19021
hey there this is message 19022
hey there this is message 19023
hey there this is message 19024
hey there this is message 19025
hey there this is message 19026
hey there this is message 19027
hey there this is message 19028
hey there this is message 19029
hey there this is message 19030
hey there this is message 19031
hey there this is message 19032
hey there this is message 19033
hey there this is message 19034
hey there this is message 19035
hey there this is message 19036
hey there this is message 19037
hey there this is message 19038
hey there this is message 19039
hey there this is message 19040
hey there this is message 19041
hey there this is message 19042
hey there this is message 19043
hey there this is message 19044
hey there this is message 19045
hey there this is message 19046
hey there this is message 19047
hey there this is message 19048
hey there this is message 19049
hey there this is message 19050
hey there this is message 19051
hey there this is message 19052
hey there this is message 19053
hey there this is message 19054
hey there this is message 19055
hey there this is message 19056
hey there this is message 19057
hey there this is message 19058
hey there this is message 19059
hey there this is message 19060
hey there this is message 19061
hey there this is message 19062
hey there this is message 19063
hey there this is message 19064
hey there this is message 19065
hey there this is message 19066
hey there this is message 19067
hey there this is message 19068
hey there this is message 19069
hey there this is message 19070
hey there this is message 19071
hey there this is message 19072
hey there this is message 19073
hey there this is message 19074
hey there this is message 19075
hey there this is message 19076
hey there this is message 19077
hey there this is message 19078
hey there this is message 19079
hey there this is message 19080
hey there this is message 19081
hey there this is message 19082
hey there this is message 19083
hey there this is message 19084
hey there this is message 19085
hey there this is message 19086
hey there this is message 19087
hey there this is message 19088
hey there this is message 19089
hey there this is message 19090
hey there this is message 19091
hey there this is message 19092
hey there this is message 19093
hey there this is message 19094
hey there this is message 19095
hey there this is message 19096
hey there this is message 19097
hey there this is message 19098
hey there this is message 19099
hey there this is message 19100
hey there this is message 19101
hey there this is message 19102
hey there this is message 19103
hey there this is message 19104
hey there this is message 19105
hey there this is message 19106
hey there this is message 19107
hey there this is message 19108
hey there this is message 19109
hey there this is message 19110
hey there this is message 19111
hey there this is message 19112
hey there this is message 19113
hey there this is message 19114
hey there this is message 19115
hey there this is message 19116
hey there this is message 19117
hey there this is message 19118
hey there this is message 19119
hey there this is message 19120
hey there this is message 19121
hey there this is message 19122
hey there this is message 19123
hey there this is message 19124
hey there this is message 19125
hey there this is message 19126
hey there this is message 19127
hey there this is message 19128
hey there this is message 19129
hey there this is message 19130
hey there this is message 19131
hey there this is message 19132
hey there this is message 19133
hey there this is message 19134
hey there this is message 19135
hey there this is message 19136
hey there this is message 19137
hey there this is message 19138
hey there this is message 19139
hey there this is message 19140
hey there this is message 19141
hey there this is message 19142
hey there this is message 19143
hey there this is message 19144
hey there this is message 19145
hey there this is message 19146
hey there this is message 19147
hey there this is message 19148
hey there this is message 19149
hey there this is message 19150
hey there this is message 19151
hey there this is message 19152
hey there this is message 19153
hey there this is message 19154
hey there this is message 19155
hey there this is message 19156
hey there this is message 19157
hey there this is message 19158
hey there this is message 19159
hey there this is message 19160
hey there this is message 19161
hey there this is message 19162
hey there this is message 19163
hey there this is message 19164
hey there this is message 19165
hey there this is message 19166
hey there this is message 19167
hey there this is message 19168
hey there this is message 19169
hey there this is message 19170
hey there this is message 19171
hey there this is message 19172
hey there this is message 19173
hey there this is message 19174
hey there this is message 19175
hey there this is message 19176
hey there this is message 19177
hey there this is message 19178
hey there this is message 19179
hey there this is message 19180
hey there this is message 19181
hey there this is message 19182
hey there this is message 19183
hey there this is message 19184
hey there this is message 19185
hey there this is message 19186
hey there this is message 19187
hey there this is message 19188
hey there this is message 19189
hey there this is message 19190
hey there this is message 19191
hey there this is message 19192
hey there this is message 19193
hey there this is message 19194
hey there this is message 19195
hey there this is message 19196
hey there this is message 19197
hey there this is message 19198
hey there this is message 19199
hey there this is message 19200
hey there this is message 19201
hey there this is message 19202
hey there this is message 19203
hey there this is message 19204
hey there this is message 19205
hey there this is message 19206
hey there this is message 19207
hey there this is message 19208
hey there this is message 19209
hey there this is message 19210
hey there this is message 19211
hey there this is message 19212
hey there this is message 19213
hey there this is message 19214
hey there this is message 19215
hey there this is message 19216
hey there this is message 19217
hey there this is message 19218
hey there this is message 19219
hey there this is message 19220
hey there this is message 19221
hey there this is message 19222
hey there this is message 19223
hey there this is message 19224
hey there this is message 19225
hey there this is message 19226
hey there this is message 19227
hey there this is message 19228
hey there this is message 19229
hey there this is message 19230
hey there this is message 19231
hey there this is message 19232
hey there this is message 19233
hey there this is message 19234
hey there this is message 19235
hey there this is message 19236
hey there this is message 19237
hey there this is message 19238
hey there this is message 19239
hey there this is message 19240
hey there this is message 19241
hey there this is message 19242
hey there this is message 19243
hey there this is message 19244
hey there this is message 19245
hey there this is message 19246
hey there this is message 19247
hey there this is message 19248
hey there this is message 19249
hey there this is message 19250
hey there this is message 19251
hey there this is message 19252
hey there this is message 19253
hey there this is message 19254
hey there this is message 19255
hey there this is message 19256
hey there this is message 19257
hey there this is message 19258
hey there this is message 19259
hey there this is message 19260
hey there this is message 19261
hey there this is message 19262
hey there this is message 19263
hey there this is message 19264
hey there this is message 19265
hey there this is message 19266
hey there this is message 19267
hey there this is message 19268
hey there this is message 19269
hey there this is message 19270
hey there this is message 19271
hey there this is message 19272
hey there this is message 19273
hey there this is message 19274
hey there this is message 19275
hey there this is message 19276
hey there this is message 19277
hey there this is message 19278
hey there this is message 19279
hey there this is message 19280
hey there this is message 19281
hey there this is message 19282
hey there this is message 19283
hey there this is message 19284
hey there this is message 19285
hey there this is message 19286
hey there this is message 19287
hey there this is message 19288
hey there this is message 19289
hey there this is message 19290
hey there this is message 19291
hey there this is message 19292
hey there this is message 19293
hey there this is message 19294
hey there this is message 19295
hey there this is message 19296
hey there this is message 19297
hey there this is message 19298
hey there this is message 19299
hey there this is message 19300
hey there this is message 19301
hey there this is message 19302
hey there this is message 19303
hey there this is message 19304
hey there this is message 19305
hey there this is message 19306
hey there this is message 19307
hey there this is message 19308
hey there this is message 19309
hey there this is message 19310
hey there this is message 19311
hey there this is message 19312
hey there this is message 19313
hey there this is message 19314
hey there this is message 19315
hey there this is message 19316
hey there this is message 19317
hey there this is message 19318
hey there this is message 19319
hey there this is message 19320
hey there this is message 19321
hey there this is message 19322
hey there this is message 19323
hey there this is message 19324
hey there this is message 19325
hey there this is message 19326
hey there this is message 19327
hey there this is message 19328
hey there this is message 19329
hey there this is message 19330
hey there this is message 19331
hey there this is message 19332
hey there this is message 19333
hey there this is message 19334
hey there this is message 19335
hey there this is message 19336
hey there this is message 19337
hey there this is message 19338
hey there this is message 19339
hey there this is message 19340
hey there this is message 19341
hey there this is message 19342
hey there this is message 19343
hey there this is message 19344
hey there this is message 19345
hey there this is message 19346
hey there this is message 19347
hey there this is message 19348
hey there this is message 19349
hey there this is message 19350
hey there this is message 19351
hey there this is message 19352
hey there this is message 19353
hey there this is message 19354
hey there this is message 19355
hey there this is message 19356
hey there this is message 19357
hey there this is message 19358
hey there this is message 19359
hey there this is message 19360
hey there this is message 19361
hey there this is message 19362
hey there this is message 19363
hey there this is message 19364
hey there this is message 19365
hey there this is message 19366
hey there this is message 19367
hey there this is message 19368
hey there this is message 19369
hey there this is message 19370
hey there this is message 19371
hey there this is message 19372
hey there this is message 19373
hey there this is message 19374
hey there this is message 19375
hey there this is message 19376
hey there this is message 19377
hey there this is message 19378
hey there this is message 19379
hey there this is message 19380
hey there this is message 19381
hey there this is message 19382
hey there this is message 19383
hey there this is message 19384
hey there this is message 19385
hey there this is message 19386
hey there this is message 19387
hey there this is message 19388
hey there this is message 19389
hey there this is message 19390
hey there this is message 19391
hey there this is message 19392
hey there this is message 19393
hey there this is message 19394
hey there this is message 19395
hey there this is message 19396
hey there this is message 19397
hey there this is message 19398
hey there this is message 19399
hey there this is message 19400
hey there this is message 19401
hey there this is message 19402
hey there this is message 19403
hey there this is message 19404
hey there this is message 19405
hey there this is message 19406
hey there this is message 19407
hey there this is message 19408
hey there this is message 19409
hey there this is message 19410
hey there this is message 19411
hey there this is message 19412
hey there this is message 19413
hey there this is message 19414
hey there this is message 19415
hey there this is message 19416
hey there this is message 19417
hey there this is message 19418
hey there this is message 19419
hey there this is message 19420
hey there this is message 19421
hey there this is message 19422
hey there this is message 19423
hey there this is message 19424
hey there this is message 19425
hey there this is message 19426
hey there this is message 19427
hey there this is message 19428
hey there this is message 19429
hey there this is message 19430
hey there this is message 19431
hey there this is message 19432
hey there this is message 19433
hey there this is message 19434
hey there this is message 19435
hey there this is message 19436
hey there this is message 19437
hey there this is message 19438
hey there this is message 19439
hey there this is message 19440
hey there this is message 19441
hey there this is message 19442
hey there this is message 19443
hey there this is message 19444
hey there this is message 19445
hey there this is message 19446
hey there this is message 19447
hey there this is message 19448
hey there this is message 19449
hey there this is message 19450
hey there this is message 19451
hey there this is message 19452
hey there this is message 19453
hey there this is message 19454
hey there this is message 19455
hey there this is message 19456
hey there this is message 19457
hey there this is message 19458
hey there this is message 19459
hey there this is message 19460
hey there this is message 19461
hey there this is message 19462
hey there this is message 19463
hey there this is message 19464
hey there this is message 19465
hey there this is message 19466
hey there this is message 19467
hey there this is message 19468
hey there this is message 19469
hey there this is message 19470
hey there this is message 19471
hey there this is message 19472
hey there this is message 19473
hey there this is message 19474
hey there this is message 19475
hey there this is message 19476
hey there this is message 19477
hey there this is message 19478
hey there this is message 19479
hey there this is message 19480
hey there this is message 19481
hey there this is message 19482
hey there this is message 19483
hey there this is message 19484
hey there this is message 19485
hey there this is message 19486
hey there this is message 19487
hey there this is message 19488
hey there this is message 19489
hey there this is message 19490
hey there this is message 19491
hey there this is message 19492
hey there this is message 19493
hey there this is message 19494
hey there this is message 19495
hey there this is message 19496
hey there this is message 19497
hey there this is message 19498
hey there this is message 19499
hey there this is message 19500
hey there this is message 19501
hey there this is message 19502
hey there this is message 19503
hey there this is message 19504
hey there this is message 19505
hey there this is message 19506
hey there this is message 19507
hey there this is message 19508
hey there this is message 19509
hey there this is message 19510
hey there this is message 19511
hey there this is message 19512
hey there this is message 19513
hey there this is message 19514
hey there this is message 19515
hey there this is message 19516
hey there this is message 19517
hey there this is message 19518
hey there this is message 19519
hey there this is message 19520
hey there this is message 19521
hey there this is message 19522
hey there this is message 19523
hey there this is message 19524
hey there this is message 19525
hey there this is message 19526
hey there this is message 19527
hey there this is message 19528
hey there this is message 19529
hey there this is message 19530
hey there this is message 19531
hey there this is message 19532
hey there this is message 19533
hey there this is message 19534
hey there this is message 19535
hey there this is message 19536
hey there this is message 19537
hey there this is message 19538
hey there this is message 19539
hey there this is message 19540
hey there this is message 19541
hey there this is message 19542
hey there this is message 19543
hey there this is message 19544
hey there this is message 19545
hey there this is message 19546
hey there this is message 19547
hey there this is message 19548
hey there this is message 19549
hey there this is message 19550
hey there this is message 19551
hey there this is message 19552
hey there this is message 19553
hey there this is message 19554
hey there this is message 19555
hey there this is message 19556
hey there this is message 19557
hey there this is message 19558
hey there this is message 19559
hey there this is message 19560
hey there this is message 19561
hey there this is message 19562
hey there this is message 19563
hey there this is message 19564
hey there this is message 19565
hey there this is message 19566
hey there this is message 19567
hey there this is message 19568
hey there this is message 19569
hey there this is message 19570
hey there this is message 19571
hey there this is message 19572
hey there this is message 19573
hey there this is message 19574
hey there this is message 19575
hey there this is message 19576
hey there this is message 19577
hey there this is message 19578
hey there this is message 19579
hey there this is message 19580
hey there this is message 19581
hey there this is message 19582
hey there this is message 19583
hey there this is message 19584
hey there this is message 19585
hey there this is message 19586
hey there this is message 19587
hey there this is message 19588
hey there this is message 19589
hey there this is message 19590
hey there this is message 19591
hey there this is message 19592
hey there this is message 19593
hey there this is message 19594
hey there this is message 19595
hey there this is message 19596
hey there this is message 19597
hey there this is message 19598
hey there this is message 19599
hey there this is message 19600
hey there this is message 19601
hey there this is message 19602
hey there this is message 19603
hey there this is message 19604
hey there this is message 19605
hey there this is message 19606
hey there this is message 19607
hey there this is message 19608
hey there this is message 19609
hey there this is message 19610
hey there this is message 19611
hey there this is message 19612
hey there this is message 19613
hey there this is message 19614
hey there this is message 19615
hey there this is message 19616
hey there this is message 19617
hey there this is message 19618
hey there this is message 19619
hey there this is message 19620
hey there this is message 19621
hey there this is message 19622
hey there this is message 19623
hey there this is message 19624
hey there this is message 19625
hey there this is message 19626
hey there this is message 19627
hey there this is message 19628
hey there this is message 19629
hey there this is message 19630
hey there this is message 19631
hey there this is message 19632
hey there this is message 19633
hey there this is message 19634
hey there this is message 19635
hey there this is message 19636
hey there this is message 19637
hey there this is message 19638
hey there this is message 19639
hey there this is message 19640
hey there this is message 19641
hey there this is message 19642
hey there this is message 19643
hey there this is message 19644
hey there this is message 19645
hey there this is message 19646
hey there this is message 19647
hey there this is message 19648
hey there this is message 19649
hey there this is message 19650
hey there this is message 19651
hey there this is message 19652
hey there this is message 19653
hey there this is message 19654
hey there this is message 19655
hey there this is message 19656
hey there this is message 19657
hey there this is message 19658
hey there this is message 19659
hey there this is message 19660
hey there this is message 19661
hey there this is message 19662
hey there this is message 19663
hey there this is message 19664
hey there this is message 19665
hey there this is message 19666
hey there this is message 19667
hey there this is message 19668
hey there this is message 19669
hey there this is message 19670
hey there this is message 19671
hey there this is message 19672
hey there this is message 19673
hey there this is message 19674
hey there this is message 19675
hey there this is message 19676
hey there this is message 19677
hey there this is message 19678
hey there this is message 19679
hey there this is message 19680
hey there this is message 19681
hey there this is message 19682
hey there this is message 19683
hey there this is message 19684
hey there this is message 19685
hey there this is message 19686
hey there this is message 19687
hey there this is message 19688
hey there this is message 19689
hey there this is message 19690
hey there this is message 19691
hey there this is message 19692
hey there this is message 19693
hey there this is message 19694
hey there this is message 19695
hey there this is message 19696
hey there this is message 19697
hey there this is message 19698
hey there this is message 19699
hey there this is message 19700
hey there this is message 19701
hey there this is message 19702
hey there this is message 19703
hey there this is message 19704
hey there this is message 19705
hey there this is message 19706
hey there this is message 19707
hey there this is message 19708
hey there this is message 19709
hey there this is message 19710
hey there this is message 19711
hey there this is message 19712
hey there this is message 19713
hey there this is message 19714
hey there this is message 19715
hey there this is message 19716
hey there this is message 19717
hey there this is message 19718
hey there this is message 19719
hey there this is message 19720
hey there this is message 19721
hey there this is message 19722
hey there this is message 19723
hey there this is message 19724
hey there this is message 19725
hey there this is message 19726
hey there this is message 19727
hey there this is message 19728
hey there this is message 19729
hey there this is message 19730
hey there this is message 19731
hey there this is message 19732
hey there this is message 19733
hey there this is message 19734
hey there this is message 19735
hey there this is message 19736
hey there this is message 19737
hey there this is message 19738
hey there this is message 19739
hey there this is message 19740
hey there this is message 19741
hey there this is message 19742
hey there this is message 19743
hey there this is message 19744
hey there this is message 19745
hey there this is message 19746
hey there this is message 19747
hey there this is message 19748
hey there this is message 19749
hey there this is message 19750
hey there this is message 19751
hey there this is message 19752
hey there this is message 19753
hey there this is message 19754
hey there this is message 19755
hey there this is message 19756
hey there this is message 19757
hey there this is message 19758
hey there this is message 19759
hey there this is message 19760
hey there this is message 19761
hey there this is message 19762
hey there this is message 19763
hey there this is message 19764
hey there this is message 19765
hey there this is message 19766
hey there this is message 19767
hey there this is message 19768
hey there this is message 19769
hey there this is message 19770
hey there this is message 19771
hey there this is message 19772
hey there this is message 19773
hey there this is message 19774
hey there this is message 19775
hey there this is message 19776
hey there this is message 19777
hey there this is message 19778
hey there this is message 19779
hey there this is message 19780
hey there this is message 19781
hey there this is message 19782
hey there this is message 19783
hey there this is message 19784
hey there this is message 19785
hey there this is message 19786
hey there this is message 19787
hey there this is message 19788
hey there this is message 19789
hey there this is message 19790
hey there this is message 19791
hey there this is message 19792
hey there this is message 19793
hey there this is message 19794
hey there this is message 19795
hey there this is message 19796
hey there this is message 19797
hey there this is message 19798
hey there this is message 19799
hey there this is message 19800
hey there this is message 19801
hey there this is message 19802
hey there this is message 19803
hey there this is message 19804
hey there this is message 19805
hey there this is message 19806
hey there this is message 19807
hey there this is message 19808
hey there this is message 19809
hey there this is message 19810
hey there this is message 19811
hey there this is message 19812
hey there this is message 19813
hey there this is message 19814
hey there this is message 19815
hey there this is message 19816
hey there this is message 19817
hey there this is message 19818
hey there this is message 19819
hey there this is message 19820
hey there this is message 19821
hey there this is message 19822
hey there this is message 19823
hey there this is message 19824
hey there this is message 19825
hey there this is message 19826
hey there this is message 19827
hey there this is message 19828
hey there this is message 19829
hey there this is message 19830
hey there this is message 19831
hey there this is message 19832
hey there this is message 19833
hey there this is message 19834
hey there this is message 19835
hey there this is message 19836
hey there this is message 19837
hey there this is message 19838
hey there this is message 19839
hey there this is message 19840
hey there this is message 19841
hey there this is message 19842
hey there this is message 19843
hey there this is message 19844
hey there this is message 19845
hey there this is message 19846
hey there this is message 19847
hey there this is message 19848
hey there this is message 19849
hey there this is message 19850
hey there this is message 19851
hey there this is message 19852
hey there this is message 19853
hey there this is message 19854
hey there this is message 19855
hey there this is message 19856
hey there this is message 19857
hey there this is message 19858
hey there this is message 19859
hey there this is message 19860
hey there this is message 19861
hey there this is message 19862
hey there this is message 19863
hey there this is message 19864
hey there this is message 19865
hey there this is message 19866
hey there this is message 19867
hey there this is message 19868
hey there this is message 19869
hey there this is message 19870
hey there this is message 19871
hey there this is message 19872
hey there this is message 19873
hey there this is message 19874
hey there this is message 19875
hey there this is message 19876
hey there this is message 19877
hey there this is message 19878
hey there this is message 19879
hey there this is message 19880
hey there this is message 19881
hey there this is message 19882
hey there this is message 19883
hey there this is message 19884
hey there this is message 19885
hey there this is message 19886
hey there this is message 19887
hey there this is message 19888
hey there this is message 19889
hey there this is message 19890
hey there this is message 19891
hey there this is message 19892
hey there this is message 19893
hey there this is message 19894
hey there this is message 19895
hey there this is message 19896
hey there this is message 19897
hey there this is message 19898
hey there this is message 19899
hey there this is message 19900
hey there this is message 19901
hey there this is message 19902
hey there this is message 19903
hey there this is message 19904
hey there this is message 19905
hey there this is message 19906
hey there this is message 19907
hey there this is message 19908
hey there this is message 19909
hey there this is message 19910
hey there this is message 19911
hey there this is message 19912
hey there this is message 19913
hey there this is message 19914
hey there this is message 19915
hey there this is message 19916
hey there this is message 19917
hey there this is message 19918
hey there this is message 19919
hey there this is message 19920
hey there this is message 19921
hey there this is message 19922
hey there this is message 19923
hey there this is message 19924
hey there this is message 19925
hey there this is message 19926
hey there this is message 19927
hey there this is message 19928
hey there this is message 19929
hey there this is message 19930
hey there this is message 19931
hey there this is message 19932
hey there this is message 19933
hey there this is message 19934
hey there this is message 19935
hey there this is message 19936
hey there this is message 19937
hey there this is message 19938
hey there this is message 19939
hey there this is message 19940
hey there this is message 19941
hey there this is message 19942
hey there this is message 19943
hey there this is message 19944
hey there this is message 19945
hey there this is message 19946
hey there this is message 19947
hey there this is message 19948
hey there this is message 19949
hey there this is message 19950
hey there this is message 19951
hey there this is message 19952
hey there this is message 19953
hey there this is message 19954
hey there this is message 19955
hey there this is message 19956
hey there this is message 19957
hey there this is message 19958
hey there this is message 19959
hey there this is message 19960
hey there this is message 19961
hey there this is message 19962
hey there this is message 19963
hey there this is message 19964
hey there this is message 19965
hey there this is message 19966
hey there this is message 19967
hey there this is message 19968
hey there this is message 19969
hey there this is message 19970
hey there this is message 19971
hey there this is message 19972
hey there this is message 19973
hey there this is message 19974
hey there this is message 19975
hey there this is message 19976
hey there this is message 19977
hey there this is message 19978
hey there this is message 19979
hey there this is message 19980
hey there this is message 19981
hey there this is message 19982
hey there this is message 19983
hey there this is message 19984
hey there this is message 19985
hey there this is message 19986
hey there this is message 19987
hey there this is message 19988
hey there this is message 19989
hey there this is message 19990
hey there this is message 19991
hey there this is message 19992
hey there this is message 19993
hey there this is message 19994
hey there this is message 19995
hey there this is message 19996
hey there this is message 19997
hey there this is message 19998
hey there this is message 19999
hey there this is message 20000
hey there this is message 20001
hey there this is message 20002
hey there this is message 20003
hey there this is message 20004
hey there this is message 20005
hey there this is message 20006
hey there this is message 20007
hey there this is message 20008
hey there this is message 20009
hey there this is message 20010
hey there this is message 20011
hey there this is message 20012
hey there this is message 20013
hey there this is message 20014
hey there this is message 20015
hey there this is message 20016
hey there this is message 20017
hey there this is message 20018
hey there this is message 20019
hey there this is message 20020
hey there this is message 20021
hey there this is message 20022
hey there this is message 20023
hey there this is message 20024
hey there this is message 20025
hey there this is message 20026
hey there this is message 20027
hey there this is message 20028
hey there this is message 20029
hey there this is message 20030
hey there this is message 20031
hey there this is message 20032
hey there this is message 20033
hey there this is message 20034
hey there this is message 20035
hey there this is message 20036
hey there this is message 20037
hey there this is message 20038
hey there this is message 20039
hey there this is message 20040
hey there this is message 20041
hey there this is message 20042
hey there this is message 20043
hey there this is message 20044
hey there this is message 20045
hey there this is message 20046
hey there this is message 20047
hey there this is message 20048
hey there this is message 20049
hey there this is message 20050
hey there this is message 20051
hey there this is message 20052
hey there this is message 20053
hey there this is message 20054
hey there this is message 20055
hey there this is message 20056
hey there this is message 20057
hey there this is message 20058
hey there this is message 20059
hey there this is message 20060
hey there this is message 20061
hey there this is message 20062
hey there this is message 20063
hey there this is message 20064
hey there this is message 20065
hey there this is message 20066
hey there this is message 20067
hey there this is message 20068
hey there this is message 20069
hey there this is message 20070
hey there this is message 20071
hey there this is message 20072
hey there this is message 20073
hey there this is message 20074
hey there this is message 20075
hey there this is message 20076
hey there this is message 20077
hey there this is message 20078
hey there this is message 20079
hey there this is message 20080
hey there this is message 20081
hey there this is message 20082
hey there this is message 20083
hey there this is message 20084
hey there this is message 20085
hey there this is message 20086
hey there this is message 20087
hey there this is message 20088
hey there this is message 20089
hey there this is message 20090
hey there this is message 20091
hey there this is message 20092
hey there this is message 20093
hey there this is message 20094
hey there this is message 20095
hey there this is message 20096
hey there this is message 20097
hey there this is message 20098
hey there this is message 20099
hey there this is message 20100
hey there this is message 20101
hey there this is message 20102
hey there this is message 20103
hey there this is message 20104
hey there this is message 20105
hey there this is message 20106
hey there this is message 20107
hey there this is message 20108
hey there this is message 20109
hey there this is message 20110
hey there this is message 20111
hey there this is message 20112
hey there this is message 20113
hey there this is message 20114
hey there this is message 20115
hey there this is message 20116
hey there this is message 20117
hey there this is message 20118
hey there this is message 20119
hey there this is message 20120
hey there this is message 20121
hey there this is message 20122
hey there this is message 20123
hey there this is message 20124
hey there this is message 20125
hey there this is message 20126
hey there this is message 20127
hey there this is message 20128
hey there this is message 20129
hey there this is message 20130
hey there this is message 20131
hey there this is message 20132
hey there this is message 20133
hey there this is message 20134
hey there this is message 20135
hey there this is message 20136
hey there this is message 20137
hey there this is message 20138
hey there this is message 20139
hey there this is message 20140
hey there this is message 20141
hey there this is message 20142
hey there this is message 20143
hey there this is message 20144
hey there this is message 20145
hey there this is message 20146
hey there this is message 20147
hey there this is message 20148
hey there this is message 20149
hey there this is message 20150
hey there this is message 20151
hey there this is message 20152
hey there this is message 20153
hey there this is message 20154
hey there this is message 20155
hey there this is message 20156
hey there this is message 20157
hey there this is message 20158
hey there this is message 20159
hey there this is message 20160
hey there this is message 20161
hey there this is message 20162
hey there this is message 20163
hey there this is message 20164
hey there this is message 20165
hey there this is message 20166
hey there this is message 20167
hey there this is message 20168
hey there this is message 20169
hey there this is message 20170
hey there this is message 20171
hey there this is message 20172
hey there this is message 20173
hey there this is message 20174
hey there this is message 20175
hey there this is message 20176
hey there this is message 20177
hey there this is message 20178
hey there this is message 20179
hey there this is message 20180
hey there this is message 20181
hey there this is message 20182
hey there this is message 20183
hey there this is message 20184
hey there this is message 20185
hey there this is message 20186
hey there this is message 20187
hey there this is message 20188
hey there this is message 20189
hey there this is message 20190
hey there this is message 20191
hey there this is message 20192
hey there this is message 20193
hey there this is message 20194
hey there this is message 20195
hey there this is message 20196
hey there this is message 20197
hey there this is message 20198
hey there this is message 20199
hey there this is message 20200
hey there this is message 20201
hey there this is message 20202
hey there this is message 20203
hey there this is message 20204
hey there this is message 20205
hey there this is message 20206
hey there this is message 20207
hey there this is message 20208
hey there this is message 20209
hey there this is message 20210
hey there this is message 20211
hey there this is message 20212
hey there this is message 20213
hey there this is message 20214
hey there this is message 20215
hey there this is message 20216
hey there this is message 20217
hey there this is message 20218
hey there this is message 20219
hey there this is message 20220
hey there this is message 20221
hey there this is message 20222
hey there this is message 20223
hey there this is message 20224
hey there this is message 20225
hey there this is message 20226
hey there this is message 20227
hey there this is message 20228
hey there this is message 20229
hey there this is message 20230
hey there this is message 20231
hey there this is message 20232
hey there this is message 20233
hey there this is message 20234
hey there this is message 20235
hey there this is message 20236
hey there this is message 20237
hey there this is message 20238
hey there this is message 20239
hey there this is message 20240
hey there this is message 20241
hey there this is message 20242
hey there this is message 20243
hey there this is message 20244
hey there this is message 20245
hey there this is message 20246
hey there this is message 20247
hey there this is message 20248
hey there this is message 20249
hey there this is message 20250
hey there this is message 20251
hey there this is message 20252
hey there this is message 20253
hey there this is message 20254
hey there this is message 20255
hey there this is message 20256
hey there this is message 20257
hey there this is message 20258
hey there this is message 20259
hey there this is message 20260
hey there this is message 20261
hey there this is message 20262
hey there this is message 20263
hey there this is message 20264
hey there this is message 20265
hey there this is message 20266
hey there this is message 20267
hey there this is message 20268
hey there this is message 20269
hey there this is message 20270
hey there this is message 20271
hey there this is message 20272
hey there this is message 20273
hey there this is message 20274
hey there this is message 20275
hey there this is message 20276
hey there this is message 20277
hey there this is message 20278
hey there this is message 20279
hey there this is message 20280
hey there this is message 20281
hey there this is message 20282
hey there this is message 20283
hey there this is message 20284
hey there this is message 20285
hey there this is message 20286
hey there this is message 20287
hey there this is message 20288
hey there this is message 20289
hey there this is message 20290
hey there this is message 20291
hey there this is message 20292
hey there this is message 20293
hey there this is message 20294
hey there this is message 20295
hey there this is message 20296
hey there this is message 20297
hey there this is message 20298
hey there this is message 20299
hey there this is message 20300
hey there this is message 20301
hey there this is message 20302
hey there this is message 20303
hey there this is message 20304
hey there this is message 20305
hey there this is message 20306
hey there this is message 20307
hey there this is message 20308
hey there this is message 20309
hey there this is message 20310
hey there this is message 20311
hey there this is message 20312
hey there this is message 20313
hey there this is message 20314
hey there this is message 20315
hey there this is message 20316
hey there this is message 20317
hey there this is message 20318
hey there this is message 20319
hey there this is message 20320
hey there this is message 20321
hey there this is message 20322
hey there this is message 20323
hey there this is message 20324
hey there this is message 20325
hey there this is message 20326
hey there this is message 20327
hey there this is message 20328
hey there this is message 20329
hey there this is message 20330
hey there this is message 20331
hey there this is message 20332
hey there this is message 20333
hey there this is message 20334
hey there this is message 20335
hey there this is message 20336
hey there this is message 20337
hey there this is message 20338
hey there this is message 20339
hey there this is message 20340
hey there this is message 20341
hey there this is message 20342
hey there this is message 20343
hey there this is message 20344
hey there this is message 20345
hey there this is message 20346
hey there this is message 20347
hey there this is message 20348
hey there this is message 20349
hey there this is message 20350
hey there this is message 20351
hey there this is message 20352
hey there this is message 20353
hey there this is message 20354
hey there this is message 20355
hey there this is message 20356
hey there this is message 20357
hey there this is message 20358
hey there this is message 20359
hey there this is message 20360
hey there this is message 20361
hey there this is message 20362
hey there this is message 20363
hey there this is message 20364
hey there this is message 20365
hey there this is message 20366
hey there this is message 20367
hey there this is message 20368
hey there this is message 20369
hey there this is message 20370
hey there this is message 20371
hey there this is message 20372
hey there this is message 20373
hey there this is message 20374
hey there this is message 20375
hey there this is message 20376
hey there this is message 20377
hey there this is message 20378
hey there this is message 20379
hey there this is message 20380
hey there this is message 20381
hey there this is message 20382
hey there this is message 20383
hey there this is message 20384
hey there this is message 20385
hey there this is message 20386
hey there this is message 20387
hey there this is message 20388
hey there this is message 20389
hey there this is message 20390
hey there this is message 20391
hey there this is message 20392
hey there this is message 20393
hey there this is message 20394
hey there this is message 20395
hey there this is message 20396
hey there this is message 20397
hey there this is message 20398
hey there this is message 20399
hey there this is message 20400
hey there this is message 20401
hey there this is message 20402
hey there this is message 20403
hey there this is message 20404
hey there this is message 20405
hey there this is message 20406
hey there this is message 20407
hey there this is message 20408
hey there this is message 20409
hey there this is message 20410
hey there this is message 20411
hey there this is message 20412
hey there this is message 20413
hey there this is message 20414
hey there this is message 20415
hey there this is message 20416
hey there this is message 20417
hey there this is message 20418
hey there this is message 20419
hey there this is message 20420
hey there this is message 20421
hey there this is message 20422
hey there this is message 20423
hey there this is message 20424
hey there this is message 20425
hey there this is message 20426
hey there this is message 20427
hey there this is message 20428
hey there this is message 20429
hey there this is message 20430
hey there this is message 20431
hey there this is message 20432
hey there this is message 20433
hey there this is message 20434
hey there this is message 20435
hey there this is message 20436
hey there this is message 20437
hey there this is message 20438
hey there this is message 20439
hey there this is message 20440
hey there this is message 20441
hey there this is message 20442
hey there this is message 20443
hey there this is message 20444
hey there this is message 20445
hey there this is message 20446
hey there this is message 20447
hey there this is message 20448
hey there this is message 20449
hey there this is message 20450
hey there this is message 20451
hey there this is message 20452
hey there this is message 20453
hey there this is message 20454
hey there this is message 20455
hey there this is message 20456
hey there this is message 20457
hey there this is message 20458
hey there this is message 20459
hey there this is message 20460
hey there this is message 20461
hey there this is message 20462
hey there this is message 20463
hey there this is message 20464
hey there this is message 20465
hey there this is message 20466
hey there this is message 20467
hey there this is message 20468
hey there this is message 20469
hey there this is message 20470
hey there this is message 20471
hey there this is message 20472
hey there this is message 20473
hey there this is message 20474
hey there this is message 20475
hey there this is message 20476
hey there this is message 20477
hey there this is message 20478
hey there this is message 20479
hey there this is message 20480
hey there this is message 20481
hey there this is message 20482
hey there this is message 20483
hey there this is message 20484
hey there this is message 20485
hey there this is message 20486
hey there this is message 20487
hey there this is message 20488
hey there this is message 20489
hey there this is message 20490
hey there this is message 20491
hey there this is message 20492
hey there this is message 20493
hey there this is message 20494
hey there this is message 20495
hey there this is message 20496
hey there this is message 20497
hey there this is message 20498
hey there this is message 20499
hey there this is message 20500
hey there this is message 20501
hey there this is message 20502
hey there this is message 20503
hey there this is message 20504
hey there this is message 20505
hey there this is message 20506
hey there this is message 20507
hey there this is message 20508
hey there this is message 20509
hey there this is message 20510
hey there this is message 20511
hey there this is message 20512
hey there this is message 20513
hey there this is message 20514
hey there this is message 20515
hey there this is message 20516
hey there this is message 20517
hey there this is message 20518
hey there this is message 20519
hey there this is message 20520
hey there this is message 20521
hey there this is message 20522
hey there this is message 20523
hey there this is message 20524
hey there this is message 20525
hey there this is message 20526
hey there this is message 20527
hey there this is message 20528
hey there this is message 20529
hey there this is message 20530
hey there this is message 20531
hey there this is message 20532
hey there this is message 20533
hey there this is message 20534
hey there this is message 20535
hey there this is message 20536
hey there this is message 20537
hey there this is message 20538
hey there this is message 20539
hey there this is message 20540
hey there this is message 20541
hey there this is message 20542
hey there this is message 20543
hey there this is message 20544
hey there this is message 20545
hey there this is message 20546
hey there this is message 20547
hey there this is message 20548
hey there this is message 20549
hey there this is message 20550
hey there this is message 20551
hey there this is message 20552
hey there this is message 20553
hey there this is message 20554
hey there this is message 20555
hey there this is message 20556
hey there this is message 20557
hey there this is message 20558
hey there this is message 20559
hey there this is message 20560
hey there this is message 20561
hey there this is message 20562
hey there this is message 20563
hey there this is message 20564
hey there this is message 20565
hey there this is message 20566
hey there this is message 20567
hey there this is message 20568
hey there this is message 20569
hey there this is message 20570
hey there this is message 20571
hey there this is message 20572
hey there this is message 20573
hey there this is message 20574
hey there this is message 20575
hey there this is message 20576
hey there this is message 20577
hey there this is message 20578
hey there this is message 20579
hey there this is message 20580
hey there this is message 20581
hey there this is message 20582
hey there this is message 20583
hey there this is message 20584
hey there this is message 20585
hey there this is message 20586
hey there this is message 20587
hey there this is message 20588
hey there this is message 20589
hey there this is message 20590
hey there this is message 20591
hey there this is message 20592
hey there this is message 20593
hey there this is message 20594
hey there this is message 20595
hey there this is message 20596
hey there this is message 20597
hey there this is message 20598
hey there this is message 20599
hey there this is message 20600
hey there this is message 20601
hey there this is message 20602
hey there this is message 20603
hey there this is message 20604
hey there this is message 20605
hey there this is message 20606
hey there this is message 20607
hey there this is message 20608
hey there this is message 20609
hey there this is message 20610
hey there this is message 20611
hey there this is message 20612
hey there this is message 20613
hey there this is message 20614
hey there this is message 20615
hey there this is message 20616
hey there this is message 20617
hey there this is message 20618
hey there this is message 20619
hey there this is message 20620
hey there this is message 20621
hey there this is message 20622
hey there this is message 20623
hey there this is message 20624
hey there this is message 20625
hey there this is message 20626
hey there this is message 20627
hey there this is message 20628
hey there this is message 20629
hey there this is message 20630
hey there this is message 20631
hey there this is message 20632
hey there this is message 20633
hey there this is message 20634
hey there this is message 20635
hey there this is message 20636
hey there this is message 20637
hey there this is message 20638
hey there this is message 20639
hey there this is message 20640
hey there this is message 20641
hey there this is message 20642
hey there this is message 20643
hey there this is message 20644
hey there this is message 20645
hey there this is message 20646
hey there this is message 20647
hey there this is message 20648
hey there this is message 20649
hey there this is message 20650
hey there this is message 20651
hey there this is message 20652
hey there this is message 20653
hey there this is message 20654
hey there this is message 20655
hey there this is message 20656
hey there this is message 20657
hey there this is message 20658
hey there this is message 20659
hey there this is message 20660
hey there this is message 20661
hey there this is message 20662
hey there this is message 20663
hey there this is message 20664
hey there this is message 20665
hey there this is message 20666
hey there this is message 20667
hey there this is message 20668
hey there this is message 20669
hey there this is message 20670
hey there this is message 20671
hey there this is message 20672
hey there this is message 20673
hey there this is message 20674
hey there this is message 20675
hey there this is message 20676
hey there this is message 20677
hey there this is message 20678
hey there this is message 20679
hey there this is message 20680
hey there this is message 20681
hey there this is message 20682
hey there this is message 20683
hey there this is message 20684
hey there this is message 20685
hey there this is message 20686
hey there this is message 20687
hey there this is message 20688
hey there this is message 20689
hey there this is message 20690
hey there this is message 20691
hey there this is message 20692
hey there this is message 20693
hey there this is message 20694
hey there this is message 20695
hey there this is message 20696
hey there this is message 20697
hey there this is message 20698
hey there this is message 20699
hey there this is message 20700
hey there this is message 20701
hey there this is message 20702
hey there this is message 20703
hey there this is message 20704
hey there this is message 20705
hey there this is message 20706
hey there this is message 20707
hey there this is message 20708
hey there this is message 20709
hey there this is message 20710
hey there this is message 20711
hey there this is message 20712
hey there this is message 20713
hey there this is message 20714
hey there this is message 20715
hey there this is message 20716
hey there this is message 20717
hey there this is message 20718
hey there this is message 20719
hey there this is message 20720
hey there this is message 20721
hey there this is message 20722
hey there this is message 20723
hey there this is message 20724
hey there this is message 20725
hey there this is message 20726
hey there this is message 20727
hey there this is message 20728
hey there this is message 20729
hey there this is message 20730
hey there this is message 20731
hey there this is message 20732
hey there this is message 20733
hey there this is message 20734
hey there this is message 20735
hey there this is message 20736
hey there this is message 20737
hey there this is message 20738
hey there this is message 20739
hey there this is message 20740
hey there this is message 20741
hey there this is message 20742
hey there this is message 20743
hey there this is message 20744
hey there this is message 20745
hey there this is message 20746
hey there this is message 20747
hey there this is message 20748
hey there this is message 20749
hey there this is message 20750
hey there this is message 20751
hey there this is message 20752
hey there this is message 20753
hey there this is message 20754
hey there this is message 20755
hey there this is message 20756
hey there this is message 20757
hey there this is message 20758
hey there this is message 20759
hey there this is message 20760
hey there this is message 20761
hey there this is message 20762
hey there this is message 20763
hey there this is message 20764
hey there this is message 20765
hey there this is message 20766
hey there this is message 20767
hey there this is message 20768
hey there this is message 20769
hey there this is message 20770
hey there this is message 20771
hey there this is message 20772
hey there this is message 20773
hey there this is message 20774
hey there this is message 20775
hey there this is message 20776
hey there this is message 20777
hey there this is message 20778
hey there this is message 20779
hey there this is message 20780
hey there this is message 20781
hey there this is message 20782
hey there this is message 20783
hey there this is message 20784
hey there this is message 20785
hey there this is message 20786
hey there this is message 20787
hey there this is message 20788
hey there this is message 20789
hey there this is message 20790
hey there this is message 20791
hey there this is message 20792
hey there this is message 20793
hey there this is message 20794
hey there this is message 20795
hey there this is message 20796
hey there this is message 20797
hey there this is message 20798
hey there this is message 20799
hey there this is message 20800
hey there this is message 20801
hey there this is message 20802
hey there this is message 20803
hey there this is message 20804
hey there this is message 20805
hey there this is message 20806
hey there this is message 20807
hey there this is message 20808
hey there this is message 20809
hey there this is message 20810
hey there this is message 20811
hey there this is message 20812
hey there this is message 20813
hey there this is message 20814
hey there this is message 20815
hey there this is message 20816
hey there this is message 20817
hey there this is message 20818
hey there this is message 20819
hey there this is message 20820
hey there this is message 20821
hey there this is message 20822
hey there this is message 20823
hey there this is message 20824
hey there this is message 20825
hey there this is message 20826
hey there this is message 20827
hey there this is message 20828
hey there this is message 20829
hey there this is message 20830
hey there this is message 20831
hey there this is message 20832
hey there this is message 20833
hey there this is message 20834
hey there this is message 20835
hey there this is message 20836
hey there this is message 20837
hey there this is message 20838
hey there this is message 20839
hey there this is message 20840
hey there this is message 20841
hey there this is message 20842
hey there this is message 20843
hey there this is message 20844
hey there this is message 20845
hey there this is message 20846
hey there this is message 20847
hey there this is message 20848
hey there this is message 20849
hey there this is message 20850
hey there this is message 20851
hey there this is message 20852
hey there this is message 20853
hey there this is message 20854
hey there this is message 20855
hey there this is message 20856
hey there this is message 20857
hey there this is message 20858
hey there this is message 20859
hey there this is message 20860
hey there this is message 20861
hey there this is message 20862
hey there this is message 20863
hey there this is message 20864
hey there this is message 20865
hey there this is message 20866
hey there this is message 20867
hey there this is message 20868
hey there this is message 20869
hey there this is message 20870
hey there this is message 20871
hey there this is message 20872
hey there this is message 20873
hey there this is message 20874
hey there this is message 20875
hey there this is message 20876
hey there this is message 20877
hey there this is message 20878
hey there this is message 20879
hey there this is message 20880
hey there this is message 20881
hey there this is message 20882
hey there this is message 20883
hey there this is message 20884
hey there this is message 20885
hey there this is message 20886
hey there this is message 20887
hey there this is message 20888
hey there this is message 20889
hey there this is message 20890
hey there this is message 20891
hey there this is message 20892
hey there this is message 20893
hey there this is message 20894
hey there this is message 20895
hey there this is message 20896
hey there this is message 20897
hey there this is message 20898
hey there this is message 20899
hey there this is message 20900
hey there this is message 20901
hey there this is message 20902
hey there this is message 20903
hey there this is message 20904
hey there this is message 20905
hey there this is message 20906
hey there this is message 20907
hey there this is message 20908
hey there this is message 20909
hey there this is message 20910
hey there this is message 20911
hey there this is message 20912
hey there this is message 20913
hey there this is message 20914
hey there this is message 20915
hey there this is message 20916
hey there this is message 20917
hey there this is message 20918
hey there this is message 20919
hey there this is message 20920
hey there this is message 20921
hey there this is message 20922
hey there this is message 20923
hey there this is message 20924
hey there this is message 20925
hey there this is message 20926
hey there this is message 20927
hey there this is message 20928
hey there this is message 20929
hey there this is message 20930
hey there this is message 20931
hey there this is message 20932
hey there this is message 20933
hey there this is message 20934
hey there this is message 20935
hey there this is message 20936
hey there this is message 20937
hey there this is message 20938
hey there this is message 20939
hey there this is message 20940
hey there this is message 20941
hey there this is message 20942
hey there this is message 20943
hey there this is message 20944
hey there this is message 20945
hey there this is message 20946
hey there this is message 20947
hey there this is message 20948
hey there this is message 20949
hey there this is message 20950
hey there this is message 20951
hey there this is message 20952
hey there this is message 20953
hey there this is message 20954
hey there this is message 20955
hey there this is message 20956
hey there this is message 20957
hey there this is message 20958
hey there this is message 20959
hey there this is message 20960
hey there this is message 20961
hey there this is message 20962
hey there this is message 20963
hey there this is message 20964
hey there this is message 20965
hey there this is message 20966
hey there this is message 20967
hey there this is message 20968
hey there this is message 20969
hey there this is message 20970
hey there this is message 20971
hey there this is message 20972
hey there this is message 20973
hey there this is message 20974
hey there this is message 20975
hey there this is message 20976
hey there this is message 20977
hey there this is message 20978
hey there this is message 20979
hey there this is message 20980
hey there this is message 20981
hey there this is message 20982
hey there this is message 20983
hey there this is message 20984
hey there this is message 20985
hey there this is message 20986
hey there this is message 20987
hey there this is message 20988
hey there this is message 20989
hey there this is message 20990
hey there this is message 20991
hey there this is message 20992
hey there this is message 20993
hey there this is message 20994
hey there this is message 20995
hey there this is message 20996
hey there this is message 20997
hey there this is message 20998
hey there this is message 20999
hey there this is message 21000
hey there this is message 21001
hey there this is message 21002
hey there this is message 21003
hey there this is message 21004
hey there this is message 21005
hey there this is message 21006
hey there this is message 21007
hey there this is message 21008
hey there this is message 21009
hey there this is message 21010
hey there this is message 21011
hey there this is message 21012
hey there this is message 21013
hey there this is message 21014
hey there this is message 21015
hey there this is message 21016
hey there this is message 21017
hey there this is message 21018
hey there this is message 21019
hey there this is message 21020
hey there this is message 21021
hey there this is message 21022
hey there this is message 21023
hey there this is message 21024
hey there this is message 21025
hey there this is message 21026
hey there this is message 21027
hey there this is message 21028
hey there this is message 21029
hey there this is message 21030
hey there this is message 21031
hey there this is message 21032
hey there this is message 21033
hey there this is message 21034
hey there this is message 21035
hey there this is message 21036
hey there this is message 21037
hey there this is message 21038
hey there this is message 21039
hey there this is message 21040
hey there this is message 21041
hey there this is message 21042
hey there this is message 21043
hey there this is message 21044
hey there this is message 21045
hey there this is message 21046
hey there this is message 21047
hey there this is message 21048
hey there this is message 21049
hey there this is message 21050
hey there this is message 21051
hey there this is message 21052
hey there this is message 21053
hey there this is message 21054
hey there this is message 21055
hey there this is message 21056
hey there this is message 21057
hey there this is message 21058
hey there this is message 21059
hey there this is message 21060
hey there this is message 21061
hey there this is message 21062
hey there this is message 21063
hey there this is message 21064
hey there this is message 21065
hey there this is message 21066
hey there this is message 21067
hey there this is message 21068
hey there this is message 21069
hey there this is message 21070
hey there this is message 21071
hey there this is message 21072
hey there this is message 21073
hey there this is message 21074
hey there this is message 21075
hey there this is message 21076
hey there this is message 21077
hey there this is message 21078
hey there this is message 21079
hey there this is message 21080
hey there this is message 21081
hey there this is message 21082
hey there this is message 21083
hey there this is message 21084
hey there this is message 21085
hey there this is message 21086
hey there this is message 21087
hey there this is message 21088
hey there this is message 21089
hey there this is message 21090
hey there this is message 21091
hey there this is message 21092
hey there this is message 21093
hey there this is message 21094
hey there this is message 21095
hey there this is message 21096
hey there this is message 21097
hey there this is message 21098
hey there this is message 21099
hey there this is message 21100
hey there this is message 21101
hey there this is message 21102
hey there this is message 21103
hey there this is message 21104
hey there this is message 21105
hey there this is message 21106
hey there this is message 21107
hey there this is message 21108
hey there this is message 21109
hey there this is message 21110
hey there this is message 21111
hey there this is message 21112
hey there this is message 21113
hey there this is message 21114
hey there this is message 21115
hey there this is message 21116
hey there this is message 21117
hey there this is message 21118
hey there this is message 21119
hey there this is message 21120
hey there this is message 21121
hey there this is message 21122
hey there this is message 21123
hey there this is message 21124
hey there this is message 21125
hey there this is message 21126
hey there this is message 21127
hey there this is message 21128
hey there this is message 21129
hey there this is message 21130
hey there this is message 21131
hey there this is message 21132
hey there this is message 21133
hey there this is message 21134
hey there this is message 21135
hey there this is message 21136
hey there this is message 21137
hey there this is message 21138
hey there this is message 21139
hey there this is message 21140
hey there this is message 21141
hey there this is message 21142
hey there this is message 21143
hey there this is message 21144
hey there this is message 21145
hey there this is message 21146
hey there this is message 21147
hey there this is message 21148
hey there this is message 21149
hey there this is message 21150
hey there this is message 21151
hey there this is message 21152
hey there this is message 21153
hey there this is message 21154
hey there this is message 21155
hey there this is message 21156
hey there this is message 21157
hey there this is message 21158
hey there this is message 21159
hey there this is message 21160
hey there this is message 21161
hey there this is message 21162
hey there this is message 21163
hey there this is message 21164
hey there this is message 21165
hey there this is message 21166
hey there this is message 21167
hey there this is message 21168
hey there this is message 21169
hey there this is message 21170
hey there this is message 21171
hey there this is message 21172
hey there this is message 21173
hey there this is message 21174
hey there this is message 21175
hey there this is message 21176
hey there this is message 21177
hey there this is message 21178
hey there this is message 21179
hey there this is message 21180
hey there this is message 21181
hey there this is message 21182
hey there this is message 21183
hey there this is message 21184
hey there this is message 21185
hey there this is message 21186
hey there this is message 21187
hey there this is message 21188
hey there this is message 21189
hey there this is message 21190
hey there this is message 21191
hey there this is message 21192
hey there this is message 21193
hey there this is message 21194
hey there this is message 21195
hey there this is message 21196
hey there this is message 21197
hey there this is message 21198
hey there this is message 21199
hey there this is message 21200
hey there this is message 21201
hey there this is message 21202
hey there this is message 21203
hey there this is message 21204
hey there this is message 21205
hey there this is message 21206
hey there this is message 21207
hey there this is message 21208
hey there this is message 21209
hey there this is message 21210
hey there this is message 21211
hey there this is message 21212
hey there this is message 21213
hey there this is message 21214
hey there this is message 21215
hey there this is message 21216
hey there this is message 21217
hey there this is message 21218
hey there this is message 21219
hey there this is message 21220
hey there this is message 21221
hey there this is message 21222
hey there this is message 21223
hey there this is message 21224
hey there this is message 21225
hey there this is message 21226
hey there this is message 21227
hey there this is message 21228
hey there this is message 21229
hey there this is message 21230
hey there this is message 21231
hey there this is message 21232
hey there this is message 21233
hey there this is message 21234
hey there this is message 21235
hey there this is message 21236
hey there this is message 21237
hey there this is message 21238
hey there this is message 21239
hey there this is message 21240
hey there this is message 21241
hey there this is message 21242
hey there this is message 21243
hey there this is message 21244
hey there this is message 21245
hey there this is message 21246
hey there this is message 21247
hey there this is message 21248
hey there this is message 21249
hey there this is message 21250
hey there this is message 21251
hey there this is message 21252
hey there this is message 21253
hey there this is message 21254
hey there this is message 21255
hey there this is message 21256
hey there this is message 21257
hey there this is message 21258
hey there this is message 21259
hey there this is message 21260
hey there this is message 21261
hey there this is message 21262
hey there this is message 21263
hey there this is message 21264
hey there this is message 21265
hey there this is message 21266
hey there this is message 21267
hey there this is message 21268
hey there this is message 21269
hey there this is message 21270
hey there this is message 21271
hey there this is message 21272
hey there this is message 21273
hey there this is message 21274
hey there this is message 21275
hey there this is message 21276
hey there this is message 21277
hey there this is message 21278
hey there this is message 21279
hey there this is message 21280
hey there this is message 21281
hey there this is message 21282
hey there this is message 21283
hey there this is message 21284
hey there this is message 21285
hey there this is message 21286
hey there this is message 21287
hey there this is message 21288
hey there this is message 21289
hey there this is message 21290
hey there this is message 21291
hey there this is message 21292
hey there this is message 21293
hey there this is message 21294
hey there this is message 21295
hey there this is message 21296
hey there this is message 21297
hey there this is message 21298
hey there this is message 21299
hey there this is message 21300
hey there this is message 21301
hey there this is message 21302
hey there this is message 21303
hey there this is message 21304
hey there this is message 21305
hey there this is message 21306
hey there this is message 21307
hey there this is message 21308
hey there this is message 21309
hey there this is message 21310
hey there this is message 21311
hey there this is message 21312
hey there this is message 21313
hey there this is message 21314
hey there this is message 21315
hey there this is message 21316
hey there this is message 21317
hey there this is message 21318
hey there this is message 21319
hey there this is message 21320
hey there this is message 21321
hey there this is message 21322
hey there this is message 21323
hey there this is message 21324
hey there this is message 21325
hey there this is message 21326
hey there this is message 21327
hey there this is message 21328
hey there this is message 21329
hey there this is message 21330
hey there this is message 21331
hey there this is message 21332
hey there this is message 21333
hey there this is message 21334
hey there this is message 21335
hey there this is message 21336
hey there this is message 21337
hey there this is message 21338
hey there this is message 21339
hey there this is message 21340
hey there this is message 21341
hey there this is message 21342
hey there this is message 21343
hey there this is message 21344
hey there this is message 21345
hey there this is message 21346
hey there this is message 21347
hey there this is message 21348
hey there this is message 21349
hey there this is message 21350
hey there this is message 21351
hey there this is message 21352
hey there this is message 21353
hey there this is message 21354
hey there this is message 21355
hey there this is message 21356
hey there this is message 21357
hey there this is message 21358
hey there this is message 21359
hey there this is message 21360
hey there this is message 21361
hey there this is message 21362
hey there this is message 21363
hey there this is message 21364
hey there this is message 21365
hey there this is message 21366
hey there this is message 21367
hey there this is message 21368
hey there this is message 21369
hey there this is message 21370
hey there this is message 21371
hey there this is message 21372
hey there this is message 21373
hey there this is message 21374
hey there this is message 21375
hey there this is message 21376
hey there this is message 21377
hey there this is message 21378
hey there this is message 21379
hey there this is message 21380
hey there this is message 21381
hey there this is message 21382
hey there this is message 21383
hey there this is message 21384
hey there this is message 21385
hey there this is message 21386
hey there this is message 21387
hey there this is message 21388
hey there this is message 21389
hey there this is message 21390
hey there this is message 21391
hey there this is message 21392
hey there this is message 21393
hey there this is message 21394
hey there this is message 21395
hey there this is message 21396
hey there this is message 21397
hey there this is message 21398
hey there this is message 21399
hey there this is message 21400
hey there this is message 21401
hey there this is message 21402
hey there this is message 21403
hey there this is message 21404
hey there this is message 21405
hey there this is message 21406
hey there this is message 21407
hey there this is message 21408
hey there this is message 21409
hey there this is message 21410
hey there this is message 21411
hey there this is message 21412
hey there this is message 21413
hey there this is message 21414
hey there this is message 21415
hey there this is message 21416
hey there this is message 21417
hey there this is message 21418
hey there this is message 21419
hey there this is message 21420
hey there this is message 21421
hey there this is message 21422
hey there this is message 21423
hey there this is message 21424
hey there this is message 21425
hey there this is message 21426
hey there this is message 21427
hey there this is message 21428
hey there this is message 21429
hey there this is message 21430
hey there this is message 21431
hey there this is message 21432
hey there this is message 21433
hey there this is message 21434
hey there this is message 21435
hey there this is message 21436
hey there this is message 21437
hey there this is message 21438
hey there this is message 21439
hey there this is message 21440
hey there this is message 21441
hey there this is message 21442
hey there this is message 21443
hey there this is message 21444
hey there this is message 21445
hey there this is message 21446
hey there this is message 21447
hey there this is message 21448
hey there this is message 21449
hey there this is message 21450
hey there this is message 21451
hey there this is message 21452
hey there this is message 21453
hey there this is message 21454
hey there this is message 21455
hey there this is message 21456
hey there this is message 21457
hey there this is message 21458
hey there this is message 21459
hey there this is message 21460
hey there this is message 21461
hey there this is message 21462
hey there this is message 21463
hey there this is message 21464
hey there this is message 21465
hey there this is message 21466
hey there this is message 21467
hey there this is message 21468
hey there this is message 21469
hey there this is message 21470
hey there this is message 21471
hey there this is message 21472
hey there this is message 21473
hey there this is message 21474
hey there this is message 21475
hey there this is message 21476
hey there this is message 21477
hey there this is message 21478
hey there this is message 21479
hey there this is message 21480
hey there this is message 21481
hey there this is message 21482
hey there this is message 21483
hey there this is message 21484
hey there this is message 21485
hey there this is message 21486
hey there this is message 21487
hey there this is message 21488
hey there this is message 21489
hey there this is message 21490
hey there this is message 21491
hey there this is message 21492
hey there this is message 21493
hey there this is message 21494
hey there this is message 21495
hey there this is message 21496
hey there this is message 21497
hey there this is message 21498
hey there this is message 21499
hey there this is message 21500
hey there this is message 21501
hey there this is message 21502
hey there this is message 21503
hey there this is message 21504
hey there this is message 21505
hey there this is message 21506
hey there this is message 21507
hey there this is message 21508
hey there this is message 21509
hey there this is message 21510
hey there this is message 21511
hey there this is message 21512
hey there this is message 21513
hey there this is message 21514
hey there this is message 21515
hey there this is message 21516
hey there this is message 21517
hey there this is message 21518
hey there this is message 21519
hey there this is message 21520
hey there this is message 21521
hey there this is message 21522
hey there this is message 21523
hey there this is message 21524
hey there this is message 21525
hey there this is message 21526
hey there this is message 21527
hey there this is message 21528
hey there this is message 21529
hey there this is message 21530
hey there this is message 21531
hey there this is message 21532
hey there this is message 21533
hey there this is message 21534
hey there this is message 21535
hey there this is message 21536
hey there this is message 21537
hey there this is message 21538
hey there this is message 21539
hey there this is message 21540
hey there this is message 21541
hey there this is message 21542
hey there this is message 21543
hey there this is message 21544
hey there this is message 21545
hey there this is message 21546
hey there this is message 21547
hey there this is message 21548
hey there this is message 21549
hey there this is message 21550
hey there this is message 21551
hey there this is message 21552
hey there this is message 21553
hey there this is message 21554
hey there this is message 21555
hey there this is message 21556
hey there this is message 21557
hey there this is message 21558
hey there this is message 21559
hey there this is message 21560
hey there this is message 21561
hey there this is message 21562
hey there this is message 21563
hey there this is message 21564
hey there this is message 21565
hey there this is message 21566
hey there this is message 21567
hey there this is message 21568
hey there this is message 21569
hey there this is message 21570
hey there this is message 21571
hey there this is message 21572
hey there this is message 21573
hey there this is message 21574
hey there this is message 21575
hey there this is message 21576
hey there this is message 21577
hey there this is message 21578
hey there this is message 21579
hey there this is message 21580
hey there this is message 21581
hey there this is message 21582
hey there this is message 21583
hey there this is message 21584
hey there this is message 21585
hey there this is message 21586
hey there this is message 21587
hey there this is message 21588
hey there this is message 21589
hey there this is message 21590
hey there this is message 21591
hey there this is message 21592
hey there this is message 21593
hey there this is message 21594
hey there this is message 21595
hey there this is message 21596
hey there this is message 21597
hey there this is message 21598
hey there this is message 21599
hey there this is message 21600
hey there this is message 21601
hey there this is message 21602
hey there this is message 21603
hey there this is message 21604
hey there this is message 21605
hey there this is message 21606
hey there this is message 21607
hey there this is message 21608
hey there this is message 21609
hey there this is message 21610
hey there this is message 21611
hey there this is message 21612
hey there this is message 21613
hey there this is message 21614
hey there this is message 21615
hey there this is message 21616
hey there this is message 21617
hey there this is message 21618
hey there this is message 21619
hey there this is message 21620
hey there this is message 21621
hey there this is message 21622
hey there this is message 21623
hey there this is message 21624
hey there this is message 21625
hey there this is message 21626
hey there this is message 21627
hey there this is message 21628
hey there this is message 21629
hey there this is message 21630
hey there this is message 21631
hey there this is message 21632
hey there this is message 21633
hey there this is message 21634
hey there this is message 21635
hey there this is message 21636
hey there this is message 21637
hey there this is message 21638
hey there this is message 21639
hey there this is message 21640
hey there this is message 21641
hey there this is message 21642
hey there this is message 21643
hey there this is message 21644
hey there this is message 21645
hey there this is message 21646
hey there this is message 21647
hey there this is message 21648
hey there this is message 21649
hey there this is message 21650
hey there this is message 21651
hey there this is message 21652
hey there this is message 21653
hey there this is message 21654
hey there this is message 21655
hey there this is message 21656
hey there this is message 21657
hey there this is message 21658
hey there this is message 21659
hey there this is message 21660
hey there this is message 21661
hey there this is message 21662
hey there this is message 21663
hey there this is message 21664
hey there this is message 21665
hey there this is message 21666
hey there this is message 21667
hey there this is message 21668
hey there this is message 21669
hey there this is message 21670
hey there this is message 21671
hey there this is message 21672
hey there this is message 21673
hey there this is message 21674
hey there this is message 21675
hey there this is message 21676
hey there this is message 21677
hey there this is message 21678
hey there this is message 21679
hey there this is message 21680
hey there this is message 21681
hey there this is message 21682
hey there this is message 21683
hey there this is message 21684
hey there this is message 21685
hey there this is message 21686
hey there this is message 21687
hey there this is message 21688
hey there this is message 21689
hey there this is message 21690
hey there this is message 21691
hey there this is message 21692
hey there this is message 21693
hey there this is message 21694
hey there this is message 21695
hey there this is message 21696
hey there this is message 21697
hey there this is message 21698
hey there this is message 21699
hey there this is message 21700
hey there this is message 21701
hey there this is message 21702
hey there this is message 21703
hey there this is message 21704
hey there this is message 21705
hey there this is message 21706
hey there this is message 21707
hey there this is message 21708
hey there this is message 21709
hey there this is message 21710
hey there this is message 21711
hey there this is message 21712
hey there this is message 21713
hey there this is message 21714
hey there this is message 21715
hey there this is message 21716
hey there this is message 21717
hey there this is message 21718
hey there this is message 21719
hey there this is message 21720
hey there this is message 21721
hey there this is message 21722
hey there this is message 21723
hey there this is message 21724
hey there this is message 21725
hey there this is message 21726
hey there this is message 21727
hey there this is message 21728
hey there this is message 21729
hey there this is message 21730
hey there this is message 21731
hey there this is message 21732
hey there this is message 21733
hey there this is message 21734
hey there this is message 21735
hey there this is message 21736
hey there this is message 21737
hey there this is message 21738
hey there this is message 21739
hey there this is message 21740
hey there this is message 21741
hey there this is message 21742
hey there this is message 21743
hey there this is message 21744
hey there this is message 21745
hey there this is message 21746
hey there this is message 21747
hey there this is message 21748
hey there this is message 21749
hey there this is message 21750
hey there this is message 21751
hey there this is message 21752
hey there this is message 21753
hey there this is message 21754
hey there this is message 21755
hey there this is message 21756
hey there this is message 21757
hey there this is message 21758
hey there this is message 21759
hey there this is message 21760
hey there this is message 21761
hey there this is message 21762
hey there this is message 21763
hey there this is message 21764
hey there this is message 21765
hey there this is message 21766
hey there this is message 21767
hey there this is message 21768
hey there this is message 21769
hey there this is message 21770
hey there this is message 21771
hey there this is message 21772
hey there this is message 21773
hey there this is message 21774
hey there this is message 21775
hey there this is message 21776
hey there this is message 21777
hey there this is message 21778
hey there this is message 21779
hey there this is message 21780
hey there this is message 21781
hey there this is message 21782
hey there this is message 21783
hey there this is message 21784
hey there this is message 21785
hey there this is message 21786
hey there this is message 21787
hey there this is message 21788
hey there this is message 21789
hey there this is message 21790
hey there this is message 21791
hey there this is message 21792
hey there this is message 21793
hey there this is message 21794
hey there this is message 21795
hey there this is message 21796
hey there this is message 21797
hey there this is message 21798
hey there this is message 21799
hey there this is message 21800
hey there this is message 21801
hey there this is message 21802
hey there this is message 21803
hey there this is message 21804
hey there this is message 21805
hey there this is message 21806
hey there this is message 21807
hey there this is message 21808
hey there this is message 21809
hey there this is message 21810
hey there this is message 21811
hey there this is message 21812
hey there this is message 21813
hey there this is message 21814
hey there this is message 21815
hey there this is message 21816
hey there this is message 21817
hey there this is message 21818
hey there this is message 21819
hey there this is message 21820
hey there this is message 21821
hey there this is message 21822
hey there this is message 21823
hey there this is message 21824
hey there this is message 21825
hey there this is message 21826
hey there this is message 21827
hey there this is message 21828
hey there this is message 21829
hey there this is message 21830
hey there this is message 21831
hey there this is message 21832
hey there this is message 21833
hey there this is message 21834
hey there this is message 21835
hey there this is message 21836
hey there this is message 21837
hey there this is message 21838
hey there this is message 21839
hey there this is message 21840
hey there this is message 21841
hey there this is message 21842
hey there this is message 21843
hey there this is message 21844
hey there this is message 21845
hey there this is message 21846
hey there this is message 21847
hey there this is message 21848
hey there this is message 21849
hey there this is message 21850
hey there this is message 21851
hey there this is message 21852
hey there this is message 21853
hey there this is message 21854
hey there this is message 21855
hey there this is message 21856
hey there this is message 21857
hey there this is message 21858
hey there this is message 21859
hey there this is message 21860
hey there this is message 21861
hey there this is message 21862
hey there this is message 21863
hey there this is message 21864
hey there this is message 21865
hey there this is message 21866
hey there this is message 21867
hey there this is message 21868
hey there this is message 21869
hey there this is message 21870
hey there this is message 21871
hey there this is message 21872
hey there this is message 21873
hey there this is message 21874
hey there this is message 21875
hey there this is message 21876
hey there this is message 21877
hey there this is message 21878
hey there this is message 21879
hey there this is message 21880
hey there this is message 21881
hey there this is message 21882
hey there this is message 21883
hey there this is message 21884
hey there this is message 21885
hey there this is message 21886
hey there this is message 21887
hey there this is message 21888
hey there this is message 21889
hey there this is message 21890
hey there this is message 21891
hey there this is message 21892
hey there this is message 21893
hey there this is message 21894
hey there this is message 21895
hey there this is message 21896
hey there this is message 21897
hey there this is message 21898
hey there this is message 21899
hey there this is message 21900
hey there this is message 21901
hey there this is message 21902
hey there this is message 21903
hey there this is message 21904
hey there this is message 21905
hey there this is message 21906
hey there this is message 21907
hey there this is message 21908
hey there this is message 21909
hey there this is message 21910
hey there this is message 21911
hey there this is message 21912
hey there this is message 21913
hey there this is message 21914
hey there this is message 21915
hey there this is message 21916
hey there this is message 21917
hey there this is message 21918
hey there this is message 21919
hey there this is message 21920
hey there this is message 21921
hey there this is message 21922
hey there this is message 21923
hey there this is message 21924
hey there this is message 21925
hey there this is message 21926
hey there this is message 21927
hey there this is message 21928
hey there this is message 21929
hey there this is message 21930
hey there this is message 21931
hey there this is message 21932
hey there this is message 21933
hey there this is message 21934
hey there this is message 21935
hey there this is message 21936
hey there this is message 21937
hey there this is message 21938
hey there this is message 21939
hey there this is message 21940
hey there this is message 21941
hey there this is message 21942
hey there this is message 21943
hey there this is message 21944
hey there this is message 21945
hey there this is message 21946
hey there this is message 21947
hey there this is message 21948
hey there this is message 21949
hey there this is message 21950
hey there this is message 21951
hey there this is message 21952
hey there this is message 21953
hey there this is message 21954
hey there this is message 21955
hey there this is message 21956
hey there this is message 21957
hey there this is message 21958
hey there this is message 21959
hey there this is message 21960
hey there this is message 21961
hey there this is message 21962
hey there this is message 21963
hey there this is message 21964
hey there this is message 21965
hey there this is message 21966
hey there this is message 21967
hey there this is message 21968
hey there this is message 21969
hey there this is message 21970
hey there this is message 21971
hey there this is message 21972
hey there this is message 21973
hey there this is message 21974
hey there this is message 21975
hey there this is message 21976
hey there this is message 21977
hey there this is message 21978
hey there this is message 21979
hey there this is message 21980
hey there this is message 21981
hey there this is message 21982
hey there this is message 21983
hey there this is message 21984
hey there this is message 21985
hey there this is message 21986
hey there this is message 21987
hey there this is message 21988
hey there this is message 21989
hey there this is message 21990
hey there this is message 21991
hey there this is message 21992
hey there this is message 21993
hey there this is message 21994
hey there this is message 21995
hey there this is message 21996
hey there this is message 21997
hey there this is message 21998
hey there this is message 21999
hey there this is message 22000
hey there this is message 22001
hey there this is message 22002
hey there this is message 22003
hey there this is message 22004
hey there this is message 22005
hey there this is message 22006
hey there this is message 22007
hey there this is message 22008
hey there this is message 22009
hey there this is message 22010
hey there this is message 22011
hey there this is message 22012
hey there this is message 22013
hey there this is message 22014
hey there this is message 22015
hey there this is message 22016
hey there this is message 22017
hey there this is message 22018
hey there this is message 22019
hey there this is message 22020
hey there this is message 22021
hey there this is message 22022
hey there this is message 22023
hey there this is message 22024
hey there this is message 22025
hey there this is message 22026
hey there this is message 22027
hey there this is message 22028
hey there this is message 22029
hey there this is message 22030
hey there this is message 22031
hey there this is message 22032
hey there this is message 22033
hey there this is message 22034
hey there this is message 22035
hey there this is message 22036
hey there this is message 22037
hey there this is message 22038
hey there this is message 22039
hey there this is message 22040
hey there this is message 22041
hey there this is message 22042
hey there this is message 22043
hey there this is message 22044
hey there this is message 22045
hey there this is message 22046
hey there this is message 22047
hey there this is message 22048
hey there this is message 22049
hey there this is message 22050
hey there this is message 22051
hey there this is message 22052
hey there this is message 22053
hey there this is message 22054
hey there this is message 22055
hey there this is message 22056
hey there this is message 22057
hey there this is message 22058
hey there this is message 22059
hey there this is message 22060
hey there this is message 22061
hey there this is message 22062
hey there this is message 22063
hey there this is message 22064
hey there this is message 22065
hey there this is message 22066
hey there this is message 22067
hey there this is message 22068
hey there this is message 22069
hey there this is message 22070
hey there this is message 22071
hey there this is message 22072
hey there this is message 22073
hey there this is message 22074
hey there this is message 22075
hey there this is message 22076
hey there this is message 22077
hey there this is message 22078
hey there this is message 22079
hey there this is message 22080
hey there this is message 22081
hey there this is message 22082
hey there this is message 22083
hey there this is message 22084
hey there this is message 22085
hey there this is message 22086
hey there this is message 22087
hey there this is message 22088
hey there this is message 22089
hey there this is message 22090
hey there this is message 22091
hey there this is message 22092
hey there this is message 22093
hey there this is message 22094
hey there this is message 22095
hey there this is message 22096
hey there this is message 22097
hey there this is message 22098
hey there this is message 22099
hey there this is message 22100
hey there this is message 22101
hey there this is message 22102
hey there this is message 22103
hey there this is message 22104
hey there this is message 22105
hey there this is message 22106
hey there this is message 22107
hey there this is message 22108
hey there this is message 22109
hey there this is message 22110
hey there this is message 22111
hey there this is message 22112
hey there this is message 22113
hey there this is message 22114
hey there this is message 22115
hey there this is message 22116
hey there this is message 22117
hey there this is message 22118
hey there this is message 22119
hey there this is message 22120
hey there this is message 22121
hey there this is message 22122
hey there this is message 22123
hey there this is message 22124
hey there this is message 22125
hey there this is message 22126
hey there this is message 22127
hey there this is message 22128
hey there this is message 22129
hey there this is message 22130
hey there this is message 22131
hey there this is message 22132
hey there this is message 22133
hey there this is message 22134
hey there this is message 22135
hey there this is message 22136
hey there this is message 22137
hey there this is message 22138
hey there this is message 22139
hey there this is message 22140
hey there this is message 22141
hey there this is message 22142
hey there this is message 22143
hey there this is message 22144
hey there this is message 22145
hey there this is message 22146
hey there this is message 22147
hey there this is message 22148
hey there this is message 22149
hey there this is message 22150
hey there this is message 22151
hey there this is message 22152
hey there this is message 22153
hey there this is message 22154
hey there this is message 22155
hey there this is message 22156
hey there this is message 22157
hey there this is message 22158
hey there this is message 22159
hey there this is message 22160
hey there this is message 22161
hey there this is message 22162
hey there this is message 22163
hey there this is message 22164
hey there this is message 22165
hey there this is message 22166
hey there this is message 22167
hey there this is message 22168
hey there this is message 22169
hey there this is message 22170
hey there this is message 22171
hey there this is message 22172
hey there this is message 22173
hey there this is message 22174
hey there this is message 22175
hey there this is message 22176
hey there this is message 22177
hey there this is message 22178
hey there this is message 22179
hey there this is message 22180
hey there this is message 22181
hey there this is message 22182
hey there this is message 22183
hey there this is message 22184
hey there this is message 22185
hey there this is message 22186
hey there this is message 22187
hey there this is message 22188
hey there this is message 22189
hey there this is message 22190
hey there this is message 22191
hey there this is message 22192
hey there this is message 22193
hey there this is message 22194
hey there this is message 22195
hey there this is message 22196
hey there this is message 22197
hey there this is message 22198
hey there this is message 22199
hey there this is message 22200
hey there this is message 22201
hey there this is message 22202
hey there this is message 22203
hey there this is message 22204
hey there this is message 22205
hey there this is message 22206
hey there this is message 22207
hey there this is message 22208
hey there this is message 22209
hey there this is message 22210
hey there this is message 22211
hey there this is message 22212
hey there this is message 22213
hey there this is message 22214
hey there this is message 22215
hey there this is message 22216
hey there this is message 22217
hey there this is message 22218
hey there this is message 22219
hey there this is message 22220
hey there this is message 22221
hey there this is message 22222
hey there this is message 22223
hey there this is message 22224
hey there this is message 22225
hey there this is message 22226
hey there this is message 22227
hey there this is message 22228
hey there this is message 22229
hey there this is message 22230
hey there this is message 22231
hey there this is message 22232
hey there this is message 22233
hey there this is message 22234
hey there this is message 22235
hey there this is message 22236
hey there this is message 22237
hey there this is message 22238
hey there this is message 22239
hey there this is message 22240
hey there this is message 22241
hey there this is message 22242
hey there this is message 22243
hey there this is message 22244
hey there this is message 22245
hey there this is message 22246
hey there this is message 22247
hey there this is message 22248
hey there this is message 22249
hey there this is message 22250
hey there this is message 22251
hey there this is message 22252
hey there this is message 22253
hey there this is message 22254
hey there this is message 22255
hey there this is message 22256
hey there this is message 22257
hey there this is message 22258
hey there this is message 22259
hey there this is message 22260
hey there this is message 22261
hey there this is message 22262
hey there this is message 22263
hey there this is message 22264
hey there this is message 22265
hey there this is message 22266
hey there this is message 22267
hey there this is message 22268
hey there this is message 22269
hey there this is message 22270
hey there this is message 22271
hey there this is message 22272
hey there this is message 22273
hey there this is message 22274
hey there this is message 22275
hey there this is message 22276
hey there this is message 22277
hey there this is message 22278
hey there this is message 22279
hey there this is message 22280
hey there this is message 22281
hey there this is message 22282
hey there this is message 22283
hey there this is message 22284
hey there this is message 22285
hey there this is message 22286
hey there this is message 22287
hey there this is message 22288
hey there this is message 22289
hey there this is message 22290
hey there this is message 22291
hey there this is message 22292
hey there this is message 22293
hey there this is message 22294
hey there this is message 22295
hey there this is message 22296
hey there this is message 22297
hey there this is message 22298
hey there this is message 22299
hey there this is message 22300
hey there this is message 22301
hey there this is message 22302
hey there this is message 22303
hey there this is message 22304
hey there this is message 22305
hey there this is message 22306
hey there this is message 22307
hey there this is message 22308
hey there this is message 22309
hey there this is message 22310
hey there this is message 22311
hey there this is message 22312
hey there this is message 22313
hey there this is message 22314
hey there this is message 22315
hey there this is message 22316
hey there this is message 22317
hey there this is message 22318
hey there this is message 22319
hey there this is message 22320
hey there this is message 22321
hey there this is message 22322
hey there this is message 22323
hey there this is message 22324
hey there this is message 22325
hey there this is message 22326
hey there this is message 22327
hey there this is message 22328
hey there this is message 22329
hey there this is message 22330
hey there this is message 22331
hey there this is message 22332
hey there this is message 22333
hey there this is message 22334
hey there this is message 22335
hey there this is message 22336
hey there this is message 22337
hey there this is message 22338
hey there this is message 22339
hey there this is message 22340
hey there this is message 22341
hey there this is message 22342
hey there this is message 22343
hey there this is message 22344
hey there this is message 22345
hey there this is message 22346
hey there this is message 22347
hey there this is message 22348
hey there this is message 22349
hey there this is message 22350
hey there this is message 22351
hey there this is message 22352
hey there this is message 22353
hey there this is message 22354
hey there this is message 22355
hey there this is message 22356
hey there this is message 22357
hey there this is message 22358
hey there this is message 22359
hey there this is message 22360
hey there this is message 22361
hey there this is message 22362
hey there this is message 22363
hey there this is message 22364
hey there this is message 22365
hey there this is message 22366
hey there this is message 22367
hey there this is message 22368
hey there this is message 22369
hey there this is message 22370
hey there this is message 22371
hey there this is message 22372
hey there this is message 22373
hey there this is message 22374
hey there this is message 22375
hey there this is message 22376
hey there this is message 22377
hey there this is message 22378
hey there this is message 22379
hey there this is message 22380
hey there this is message 22381
hey there this is message 22382
hey there this is message 22383
hey there this is message 22384
hey there this is message 22385
hey there this is message 22386
hey there this is message 22387
hey there this is message 22388
hey there this is message 22389
hey there this is message 22390
hey there this is message 22391
hey there this is message 22392
hey there this is message 22393
hey there this is message 22394
hey there this is message 22395
hey there this is message 22396
hey there this is message 22397
hey there this is message 22398
hey there this is message 22399
hey there this is message 22400
hey there this is message 22401
hey there this is message 22402
hey there this is message 22403
hey there this is message 22404
hey there this is message 22405
hey there this is message 22406
hey there this is message 22407
hey there this is message 22408
hey there this is message 22409
hey there this is message 22410
hey there this is message 22411
hey there this is message 22412
hey there this is message 22413
hey there this is message 22414
hey there this is message 22415
hey there this is message 22416
hey there this is message 22417
hey there this is message 22418
hey there this is message 22419
hey there this is message 22420
hey there this is message 22421
hey there this is message 22422
hey there this is message 22423
hey there this is message 22424
hey there this is message 22425
hey there this is message 22426
hey there this is message 22427
hey there this is message 22428
hey there this is message 22429
hey there this is message 22430
hey there this is message 22431
hey there this is message 22432
hey there this is message 22433
hey there this is message 22434
hey there this is message 22435
hey there this is message 22436
hey there this is message 22437
hey there this is message 22438
hey there this is message 22439
hey there this is message 22440
hey there this is message 22441
hey there this is message 22442
hey there this is message 22443
hey there this is message 22444
hey there this is message 22445
hey there this is message 22446
hey there this is message 22447
hey there this is message 22448
hey there this is message 22449
hey there this is message 22450
hey there this is message 22451
hey there this is message 22452
hey there this is message 22453
hey there this is message 22454
hey there this is message 22455
hey there this is message 22456
hey there this is message 22457
hey there this is message 22458
hey there this is message 22459
hey there this is message 22460
hey there this is message 22461
hey there this is message 22462
hey there this is message 22463
hey there this is message 22464
hey there this is message 22465
hey there this is message 22466
hey there this is message 22467
hey there this is message 22468
hey there this is message 22469
hey there this is message 22470
hey there this is message 22471
hey there this is message 22472
hey there this is message 22473
hey there this is message 22474
hey there this is message 22475
hey there this is message 22476
hey there this is message 22477
hey there this is message 22478
hey there this is message 22479
hey there this is message 22480
hey there this is message 22481
hey there this is message 22482
hey there this is message 22483
hey there this is message 22484
hey there this is message 22485
hey there this is message 22486
hey there this is message 22487
hey there this is message 22488
hey there this is message 22489
hey there this is message 22490
hey there this is message 22491
hey there this is message 22492
hey there this is message 22493
hey there this is message 22494
hey there this is message 22495
hey there this is message 22496
hey there this is message 22497
hey there this is message 22498
hey there this is message 22499
hey there this is message 22500
hey there this is message 22501
hey there this is message 22502
hey there this is message 22503
hey there this is message 22504
hey there this is message 22505
hey there this is message 22506
hey there this is message 22507
hey there this is message 22508
hey there this is message 22509
hey there this is message 22510
hey there this is message 22511
hey there this is message 22512
hey there this is message 22513
hey there this is message 22514
hey there this is message 22515
hey there this is message 22516
hey there this is message 22517
hey there this is message 22518
hey there this is message 22519
hey there this is message 22520
hey there this is message 22521
hey there this is message 22522
hey there this is message 22523
hey there this is message 22524
hey there this is message 22525
hey there this is message 22526
hey there this is message 22527
hey there this is message 22528
hey there this is message 22529
hey there this is message 22530
hey there this is message 22531
hey there this is message 22532
hey there this is message 22533
hey there this is message 22534
hey there this is message 22535
hey there this is message 22536
hey there this is message 22537
hey there this is message 22538
hey there this is message 22539
hey there this is message 22540
hey there this is message 22541
hey there this is message 22542
hey there this is message 22543
hey there this is message 22544
hey there this is message 22545
hey there this is message 22546
hey there this is message 22547
hey there this is message 22548
hey there this is message 22549
hey there this is message 22550
hey there this is message 22551
hey there this is message 22552
hey there this is message 22553
hey there this is message 22554
hey there this is message 22555
hey there this is message 22556
hey there this is message 22557
hey there this is message 22558
hey there this is message 22559
hey there this is message 22560
hey there this is message 22561
hey there this is message 22562
hey there this is message 22563
hey there this is message 22564
hey there this is message 22565
hey there this is message 22566
hey there this is message 22567
hey there this is message 22568
hey there this is message 22569
hey there this is message 22570
hey there this is message 22571
hey there this is message 22572
hey there this is message 22573
hey there this is message 22574
hey there this is message 22575
hey there this is message 22576
hey there this is message 22577
hey there this is message 22578
hey there this is message 22579
hey there this is message 22580
hey there this is message 22581
hey there this is message 22582
hey there this is message 22583
hey there this is message 22584
hey there this is message 22585
hey there this is message 22586
hey there this is message 22587
hey there this is message 22588
hey there this is message 22589
hey there this is message 22590
hey there this is message 22591
hey there this is message 22592
hey there this is message 22593
hey there this is message 22594
hey there this is message 22595
hey there this is message 22596
hey there this is message 22597
hey there this is message 22598
hey there this is message 22599
hey there this is message 22600
hey there this is message 22601
hey there this is message 22602
hey there this is message 22603
hey there this is message 22604
hey there this is message 22605
hey there this is message 22606
hey there this is message 22607
hey there this is message 22608
hey there this is message 22609
hey there this is message 22610
hey there this is message 22611
hey there this is message 22612
hey there this is message 22613
hey there this is message 22614
hey there this is message 22615
hey there this is message 22616
hey there this is message 22617
hey there this is message 22618
hey there this is message 22619
hey there this is message 22620
hey there this is message 22621
hey there this is message 22622
hey there this is message 22623
hey there this is message 22624
hey there this is message 22625
hey there this is message 22626
hey there this is message 22627
hey there this is message 22628
hey there this is message 22629
hey there this is message 22630
hey there this is message 22631
hey there this is message 22632
hey there this is message 22633
hey there this is message 22634
hey there this is message 22635
hey there this is message 22636
hey there this is message 22637
hey there this is message 22638
hey there this is message 22639
hey there this is message 22640
hey there this is message 22641
hey there this is message 22642
hey there this is message 22643
hey there this is message 22644
hey there this is message 22645
hey there this is message 22646
hey there this is message 22647
hey there this is message 22648
hey there this is message 22649
hey there this is message 22650
hey there this is message 22651
hey there this is message 22652
hey there this is message 22653
hey there this is message 22654
hey there this is message 22655
hey there this is message 22656
hey there this is message 22657
hey there this is message 22658
hey there this is message 22659
hey there this is message 22660
hey there this is message 22661
hey there this is message 22662
hey there this is message 22663
hey there this is message 22664
hey there this is message 22665
hey there this is message 22666
hey there this is message 22667
hey there this is message 22668
hey there this is message 22669
hey there this is message 22670
hey there this is message 22671
hey there this is message 22672
hey there this is message 22673
hey there this is message 22674
hey there this is message 22675
hey there this is message 22676
hey there this is message 22677
hey there this is message 22678
hey there this is message 22679
hey there this is message 22680
hey there this is message 22681
hey there this is message 22682
hey there this is message 22683
hey there this is message 22684
hey there this is message 22685
hey there this is message 22686
hey there this is message 22687
hey there this is message 22688
hey there this is message 22689
hey there this is message 22690
hey there this is message 22691
hey there this is message 22692
hey there this is message 22693
hey there this is message 22694
hey there this is message 22695
hey there this is message 22696
hey there this is message 22697
hey there this is message 22698
hey there this is message 22699
hey there this is message 22700
hey there this is message 22701
hey there this is message 22702
hey there this is message 22703
hey there this is message 22704
hey there this is message 22705
hey there this is message 22706
hey there this is message 22707
hey there this is message 22708
hey there this is message 22709
hey there this is message 22710
hey there this is message 22711
hey there this is message 22712
hey there this is message 22713
hey there this is message 22714
hey there this is message 22715
hey there this is message 22716
hey there this is message 22717
hey there this is message 22718
hey there this is message 22719
hey there this is message 22720
hey there this is message 22721
hey there this is message 22722
hey there this is message 22723
hey there this is message 22724
hey there this is message 22725
hey there this is message 22726
hey there this is message 22727
hey there this is message 22728
hey there this is message 22729
hey there this is message 22730
hey there this is message 22731
hey there this is message 22732
hey there this is message 22733
hey there this is message 22734
hey there this is message 22735
hey there this is message 22736
hey there this is message 22737
hey there this is message 22738
hey there this is message 22739
hey there this is message 22740
hey there this is message 22741
hey there this is message 22742
hey there this is message 22743
hey there this is message 22744
hey there this is message 22745
hey there this is message 22746
hey there this is message 22747
hey there this is message 22748
hey there this is message 22749
hey there this is message 22750
hey there this is message 22751
hey there this is message 22752
hey there this is message 22753
hey there this is message 22754
hey there this is message 22755
hey there this is message 22756
hey there this is message 22757
hey there this is message 22758
hey there this is message 22759
hey there this is message 22760
hey there this is message 22761
hey there this is message 22762
hey there this is message 22763
hey there this is message 22764
hey there this is message 22765
hey there this is message 22766
hey there this is message 22767
hey there this is message 22768
hey there this is message 22769
hey there this is message 22770
hey there this is message 22771
hey there this is message 22772
hey there this is message 22773
hey there this is message 22774
hey there this is message 22775
hey there this is message 22776
hey there this is message 22777
hey there this is message 22778
hey there this is message 22779
hey there this is message 22780
hey there this is message 22781
hey there this is message 22782
hey there this is message 22783
hey there this is message 22784
hey there this is message 22785
hey there this is message 22786
hey there this is message 22787
hey there this is message 22788
hey there this is message 22789
hey there this is message 22790
hey there this is message 22791
hey there this is message 22792
hey there this is message 22793
hey there this is message 22794
hey there this is message 22795
hey there this is message 22796
hey there this is message 22797
hey there this is message 22798
hey there this is message 22799
hey there this is message 22800
hey there this is message 22801
hey there this is message 22802
hey there this is message 22803
hey there this is message 22804
hey there this is message 22805
hey there this is message 22806
hey there this is message 22807
hey there this is message 22808
hey there this is message 22809
hey there this is message 22810
hey there this is message 22811
hey there this is message 22812
hey there this is message 22813
hey there this is message 22814
hey there this is message 22815
hey there this is message 22816
hey there this is message 22817
hey there this is message 22818
hey there this is message 22819
hey there this is message 22820
hey there this is message 22821
hey there this is message 22822
hey there this is message 22823
hey there this is message 22824
hey there this is message 22825
hey there this is message 22826
hey there this is message 22827
hey there this is message 22828
hey there this is message 22829
hey there this is message 22830
hey there this is message 22831
hey there this is message 22832
hey there this is message 22833
hey there this is message 22834
hey there this is message 22835
hey there this is message 22836
hey there this is message 22837
hey there this is message 22838
hey there this is message 22839
hey there this is message 22840
hey there this is message 22841
hey there this is message 22842
hey there this is message 22843
hey there this is message 22844
hey there this is message 22845
hey there this is message 22846
hey there this is message 22847
hey there this is message 22848
hey there this is message 22849
hey there this is message 22850
hey there this is message 22851
hey there this is message 22852
hey there this is message 22853
hey there this is message 22854
hey there this is message 22855
hey there this is message 22856
hey there this is message 22857
hey there this is message 22858
hey there this is message 22859
hey there this is message 22860
hey there this is message 22861
hey there this is message 22862
hey there this is message 22863
hey there this is message 22864
hey there this is message 22865
hey there this is message 22866
hey there this is message 22867
hey there this is message 22868
hey there this is message 22869
hey there this is message 22870
hey there this is message 22871
hey there this is message 22872
hey there this is message 22873
hey there this is message 22874
hey there this is message 22875
hey there this is message 22876
hey there this is message 22877
hey there this is message 22878
hey there this is message 22879
hey there this is message 22880
hey there this is message 22881
hey there this is message 22882
hey there this is message 22883
hey there this is message 22884
hey there this is message 22885
hey there this is message 22886
hey there this is message 22887
hey there this is message 22888
hey there this is message 22889
hey there this is message 22890
hey there this is message 22891
hey there this is message 22892
hey there this is message 22893
hey there this is message 22894
hey there this is message 22895
hey there this is message 22896
hey there this is message 22897
hey there this is message 22898
hey there this is message 22899
hey there this is message 22900
hey there this is message 22901
hey there this is message 22902
hey there this is message 22903
hey there this is message 22904
hey there this is message 22905
hey there this is message 22906
hey there this is message 22907
hey there this is message 22908
hey there this is message 22909
hey there this is message 22910
hey there this is message 22911
hey there this is message 22912
hey there this is message 22913
hey there this is message 22914
hey there this is message 22915
hey there this is message 22916
hey there this is message 22917
hey there this is message 22918
hey there this is message 22919
hey there this is message 22920
hey there this is message 22921
hey there this is message 22922
hey there this is message 22923
hey there this is message 22924
hey there this is message 22925
hey there this is message 22926
hey there this is message 22927
hey there this is message 22928
hey there this is message 22929
hey there this is message 22930
hey there this is message 22931
hey there this is message 22932
hey there this is message 22933
hey there this is message 22934
hey there this is message 22935
hey there this is message 22936
hey there this is message 22937
hey there this is message 22938
hey there this is message 22939
hey there this is message 22940
hey there this is message 22941
hey there this is message 22942
hey there this is message 22943
hey there this is message 22944
hey there this is message 22945
hey there this is message 22946
hey there this is message 22947
hey there this is message 22948
hey there this is message 22949
hey there this is message 22950
hey there this is message 22951
hey there this is message 22952
hey there this is message 22953
hey there this is message 22954
hey there this is message 22955
hey there this is message 22956
hey there this is message 22957
hey there this is message 22958
hey there this is message 22959
hey there this is message 22960
hey there this is message 22961
hey there this is message 22962
hey there this is message 22963
hey there this is message 22964
hey there this is message 22965
hey there this is message 22966
hey there this is message 22967
hey there this is message 22968
hey there this is message 22969
hey there this is message 22970
hey there this is message 22971
hey there this is message 22972
hey there this is message 22973
hey there this is message 22974
hey there this is message 22975
hey there this is message 22976
hey there this is message 22977
hey there this is message 22978
hey there this is message 22979
hey there this is message 22980
hey there this is message 22981
hey there this is message 22982
hey there this is message 22983
hey there this is message 22984
hey there this is message 22985
hey there this is message 22986
hey there this is message 22987
hey there this is message 22988
hey there this is message 22989
hey there this is message 22990
hey there this is message 22991
hey there this is message 22992
hey there this is message 22993
hey there this is message 22994
hey there this is message 22995
hey there this is message 22996
hey there this is message 22997
hey there this is message 22998
hey there this is message 22999
hey there this is message 23000
hey there this is message 23001
hey there this is message 23002
hey there this is message 23003
hey there this is message 23004
hey there this is message 23005
hey there this is message 23006
hey there this is message 23007
hey there this is message 23008
hey there this is message 23009
hey there this is message 23010
hey there this is message 23011
hey there this is message 23012
hey there this is message 23013
hey there this is message 23014
hey there this is message 23015
hey there this is message 23016
hey there this is message 23017
hey there this is message 23018
hey there this is message 23019
hey there this is message 23020
hey there this is message 23021
hey there this is message 23022
hey there this is message 23023
hey there this is message 23024
hey there this is message 23025
hey there this is message 23026
hey there this is message 23027
hey there this is message 23028
hey there this is message 23029
hey there this is message 23030
hey there this is message 23031
hey there this is message 23032
hey there this is message 23033
hey there this is message 23034
hey there this is message 23035
hey there this is message 23036
hey there this is message 23037
hey there this is message 23038
hey there this is message 23039
hey there this is message 23040
hey there this is message 23041
hey there this is message 23042
hey there this is message 23043
hey there this is message 23044
hey there this is message 23045
hey there this is message 23046
hey there this is message 23047
hey there this is message 23048
hey there this is message 23049
hey there this is message 23050
hey there this is message 23051
hey there this is message 23052
hey there this is message 23053
hey there this is message 23054
hey there this is message 23055
hey there this is message 23056
hey there this is message 23057
hey there this is message 23058
hey there this is message 23059
hey there this is message 23060
hey there this is message 23061
hey there this is message 23062
hey there this is message 23063
hey there this is message 23064
hey there this is message 23065
hey there this is message 23066
hey there this is message 23067
hey there this is message 23068
hey there this is message 23069
hey there this is message 23070
hey there this is message 23071
hey there this is message 23072
hey there this is message 23073
hey there this is message 23074
hey there this is message 23075
hey there this is message 23076
hey there this is message 23077
hey there this is message 23078
hey there this is message 23079
hey there this is message 23080
hey there this is message 23081
hey there this is message 23082
hey there this is message 23083
hey there this is message 23084
hey there this is message 23085
hey there this is message 23086
hey there this is message 23087
hey there this is message 23088
hey there this is message 23089
hey there this is message 23090
hey there this is message 23091
hey there this is message 23092
hey there this is message 23093
hey there this is message 23094
hey there this is message 23095
hey there this is message 23096
hey there this is message 23097
hey there this is message 23098
hey there this is message 23099
hey there this is message 23100
hey there this is message 23101
hey there this is message 23102
hey there this is message 23103
hey there this is message 23104
hey there this is message 23105
hey there this is message 23106
hey there this is message 23107
hey there this is message 23108
hey there this is message 23109
hey there this is message 23110
hey there this is message 23111
hey there this is message 23112
hey there this is message 23113
hey there this is message 23114
hey there this is message 23115
hey there this is message 23116
hey there this is message 23117
hey there this is message 23118
hey there this is message 23119
hey there this is message 23120
hey there this is message 23121
hey there this is message 23122
hey there this is message 23123
hey there this is message 23124
hey there this is message 23125
hey there this is message 23126
hey there this is message 23127
hey there this is message 23128
hey there this is message 23129
hey there this is message 23130
hey there this is message 23131
hey there this is message 23132
hey there this is message 23133
hey there this is message 23134
hey there this is message 23135
hey there this is message 23136
hey there this is message 23137
hey there this is message 23138
hey there this is message 23139
hey there this is message 23140
hey there this is message 23141
hey there this is message 23142
hey there this is message 23143
hey there this is message 23144
hey there this is message 23145
hey there this is message 23146
hey there this is message 23147
hey there this is message 23148
hey there this is message 23149
hey there this is message 23150
hey there this is message 23151
hey there this is message 23152
hey there this is message 23153
hey there this is message 23154
hey there this is message 23155
hey there this is message 23156
hey there this is message 23157
hey there this is message 23158
hey there this is message 23159
hey there this is message 23160
hey there this is message 23161
hey there this is message 23162
hey there this is message 23163
hey there this is message 23164
hey there this is message 23165
hey there this is message 23166
hey there this is message 23167
hey there this is message 23168
hey there this is message 23169
hey there this is message 23170
hey there this is message 23171
hey there this is message 23172
hey there this is message 23173
hey there this is message 23174
hey there this is message 23175
hey there this is message 23176
hey there this is message 23177
hey there this is message 23178
hey there this is message 23179
hey there this is message 23180
hey there this is message 23181
hey there this is message 23182
hey there this is message 23183
hey there this is message 23184
hey there this is message 23185
hey there this is message 23186
hey there this is message 23187
hey there this is message 23188
hey there this is message 23189
hey there this is message 23190
hey there this is message 23191
hey there this is message 23192
hey there this is message 23193
hey there this is message 23194
hey there this is message 23195
hey there this is message 23196
hey there this is message 23197
hey there this is message 23198
hey there this is message 23199
hey there this is message 23200
hey there this is message 23201
hey there this is message 23202
hey there this is message 23203
hey there this is message 23204
hey there this is message 23205
hey there this is message 23206
hey there this is message 23207
hey there this is message 23208
hey there this is message 23209
hey there this is message 23210
hey there this is message 23211
hey there this is message 23212
hey there this is message 23213
hey there this is message 23214
hey there this is message 23215
hey there this is message 23216
hey there this is message 23217
hey there this is message 23218
hey there this is message 23219
hey there this is message 23220
hey there this is message 23221
hey there this is message 23222
hey there this is message 23223
hey there this is message 23224
hey there this is message 23225
hey there this is message 23226
hey there this is message 23227
hey there this is message 23228
hey there this is message 23229
hey there this is message 23230
hey there this is message 23231
hey there this is message 23232
hey there this is message 23233
hey there this is message 23234
hey there this is message 23235
hey there this is message 23236
hey there this is message 23237
hey there this is message 23238
hey there this is message 23239
hey there this is message 23240
hey there this is message 23241
hey there this is message 23242
hey there this is message 23243
hey there this is message 23244
hey there this is message 23245
hey there this is message 23246
hey there this is message 23247
hey there this is message 23248
hey there this is message 23249
hey there this is message 23250
hey there this is message 23251
hey there this is message 23252
hey there this is message 23253
hey there this is message 23254
hey there this is message 23255
hey there this is message 23256
hey there this is message 23257
hey there this is message 23258
hey there this is message 23259
hey there this is message 23260
hey there this is message 23261
hey there this is message 23262
hey there this is message 23263
hey there this is message 23264
hey there this is message 23265
hey there this is message 23266
hey there this is message 23267
hey there this is message 23268
hey there this is message 23269
hey there this is message 23270
hey there this is message 23271
hey there this is message 23272
hey there this is message 23273
hey there this is message 23274
hey there this is message 23275
hey there this is message 23276
hey there this is message 23277
hey there this is message 23278
hey there this is message 23279
hey there this is message 23280
hey there this is message 23281
hey there this is message 23282
hey there this is message 23283
hey there this is message 23284
hey there this is message 23285
hey there this is message 23286
hey there this is message 23287
hey there this is message 23288
hey there this is message 23289
hey there this is message 23290
hey there this is message 23291
hey there this is message 23292
hey there this is message 23293
hey there this is message 23294
hey there this is message 23295
hey there this is message 23296
hey there this is message 23297
hey there this is message 23298
hey there this is message 23299
hey there this is message 23300
hey there this is message 23301
hey there this is message 23302
hey there this is message 23303
hey there this is message 23304
hey there this is message 23305
hey there this is message 23306
hey there this is message 23307
hey there this is message 23308
hey there this is message 23309
hey there this is message 23310
hey there this is message 23311
hey there this is message 23312
hey there this is message 23313
hey there this is message 23314
hey there this is message 23315
hey there this is message 23316
hey there this is message 23317
hey there this is message 23318
hey there this is message 23319
hey there this is message 23320
hey there this is message 23321
hey there this is message 23322
hey there this is message 23323
hey there this is message 23324
hey there this is message 23325
hey there this is message 23326
hey there this is message 23327
hey there this is message 23328
hey there this is message 23329
hey there this is message 23330
hey there this is message 23331
hey there this is message 23332
hey there this is message 23333
hey there this is message 23334
hey there this is message 23335
hey there this is message 23336
hey there this is message 23337
hey there this is message 23338
hey there this is message 23339
hey there this is message 23340
hey there this is message 23341
hey there this is message 23342
hey there this is message 23343
hey there this is message 23344
hey there this is message 23345
hey there this is message 23346
hey there this is message 23347
hey there this is message 23348
hey there this is message 23349
hey there this is message 23350
hey there this is message 23351
hey there this is message 23352
hey there this is message 23353
hey there this is message 23354
hey there this is message 23355
hey there this is message 23356
hey there this is message 23357
hey there this is message 23358
hey there this is message 23359
hey there this is message 23360
hey there this is message 23361
hey there this is message 23362
hey there this is message 23363
hey there this is message 23364
hey there this is message 23365
hey there this is message 23366
hey there this is message 23367
hey there this is message 23368
hey there this is message 23369
hey there this is message 23370
hey there this is message 23371
hey there this is message 23372
hey there this is message 23373
hey there this is message 23374
hey there this is message 23375
hey there this is message 23376
hey there this is message 23377
hey there this is message 23378
hey there this is message 23379
hey there this is message 23380
hey there this is message 23381
hey there this is message 23382
hey there this is message 23383
hey there this is message 23384
hey there this is message 23385
hey there this is message 23386
hey there this is message 23387
hey there this is message 23388
hey there this is message 23389
hey there this is message 23390
hey there this is message 23391
hey there this is message 23392
hey there this is message 23393
hey there this is message 23394
hey there this is message 23395
hey there this is message 23396
hey there this is message 23397
hey there this is message 23398
hey there this is message 23399
hey there this is message 23400
hey there this is message 23401
hey there this is message 23402
hey there this is message 23403
hey there this is message 23404
hey there this is message 23405
hey there this is message 23406
hey there this is message 23407
hey there this is message 23408
hey there this is message 23409
hey there this is message 23410
hey there this is message 23411
hey there this is message 23412
hey there this is message 23413
hey there this is message 23414
hey there this is message 23415
hey there this is message 23416
hey there this is message 23417
hey there this is message 23418
hey there this is message 23419
hey there this is message 23420
hey there this is message 23421
hey there this is message 23422
hey there this is message 23423
hey there this is message 23424
hey there this is message 23425
hey there this is message 23426
hey there this is message 23427
hey there this is message 23428
hey there this is message 23429
hey there this is message 23430
hey there this is message 23431
hey there this is message 23432
hey there this is message 23433
hey there this is message 23434
hey there this is message 23435
hey there this is message 23436
hey there this is message 23437
hey there this is message 23438
hey there this is message 23439
hey there this is message 23440
hey there this is message 23441
hey there this is message 23442
hey there this is message 23443
hey there this is message 23444
hey there this is message 23445
hey there this is message 23446
hey there this is message 23447
hey there this is message 23448
hey there this is message 23449
hey there this is message 23450
hey there this is message 23451
hey there this is message 23452
hey there this is message 23453
hey there this is message 23454
hey there this is message 23455
hey there this is message 23456
hey there this is message 23457
hey there this is message 23458
hey there this is message 23459
hey there this is message 23460
hey there this is message 23461
hey there this is message 23462
hey there this is message 23463
hey there this is message 23464
hey there this is message 23465
hey there this is message 23466
hey there this is message 23467
hey there this is message 23468
hey there this is message 23469
hey there this is message 23470
hey there this is message 23471
hey there this is message 23472
hey there this is message 23473
hey there this is message 23474
hey there this is message 23475
hey there this is message 23476
hey there this is message 23477
hey there this is message 23478
hey there this is message 23479
hey there this is message 23480
hey there this is message 23481
hey there this is message 23482
hey there this is message 23483
hey there this is message 23484
hey there this is message 23485
hey there this is message 23486
hey there this is message 23487
hey there this is message 23488
hey there this is message 23489
hey there this is message 23490
hey there this is message 23491
hey there this is message 23492
hey there this is message 23493
hey there this is message 23494
hey there this is message 23495
hey there this is message 23496
hey there this is message 23497
hey there this is message 23498
hey there this is message 23499
hey there this is message 23500
hey there this is message 23501
hey there this is message 23502
hey there this is message 23503
hey there this is message 23504
hey there this is message 23505
hey there this is message 23506
hey there this is message 23507
hey there this is message 23508
hey there this is message 23509
hey there this is message 23510
hey there this is message 23511
hey there this is message 23512
hey there this is message 23513
hey there this is message 23514
hey there this is message 23515
hey there this is message 23516
hey there this is message 23517
hey there this is message 23518
hey there this is message 23519
hey there this is message 23520
hey there this is message 23521
hey there this is message 23522
hey there this is message 23523
hey there this is message 23524
hey there this is message 23525
hey there this is message 23526
hey there this is message 23527
hey there this is message 23528
hey there this is message 23529
hey there this is message 23530
hey there this is message 23531
hey there this is message 23532
hey there this is message 23533
hey there this is message 23534
hey there this is message 23535
hey there this is message 23536
hey there this is message 23537
hey there this is message 23538
hey there this is message 23539
hey there this is message 23540
hey there this is message 23541
hey there this is message 23542
hey there this is message 23543
hey there this is message 23544
hey there this is message 23545
hey there this is message 23546
hey there this is message 23547
hey there this is message 23548
hey there this is message 23549
hey there this is message 23550
hey there this is message 23551
hey there this is message 23552
hey there this is message 23553
hey there this is message 23554
hey there this is message 23555
hey there this is message 23556
hey there this is message 23557
hey there this is message 23558
hey there this is message 23559
hey there this is message 23560
hey there this is message 23561
hey there this is message 23562
hey there this is message 23563
hey there this is message 23564
hey there this is message 23565
hey there this is message 23566
hey there this is message 23567
hey there this is message 23568
hey there this is message 23569
hey there this is message 23570
hey there this is message 23571
hey there this is message 23572
hey there this is message 23573
hey there this is message 23574
hey there this is message 23575
hey there this is message 23576
hey there this is message 23577
hey there this is message 23578
hey there this is message 23579
hey there this is message 23580
hey there this is message 23581
hey there this is message 23582
hey there this is message 23583
hey there this is message 23584
hey there this is message 23585
hey there this is message 23586
hey there this is message 23587
hey there this is message 23588
hey there this is message 23589
hey there this is message 23590
hey there this is message 23591
hey there this is message 23592
hey there this is message 23593
hey there this is message 23594
hey there this is message 23595
hey there this is message 23596
hey there this is message 23597
hey there this is message 23598
hey there this is message 23599
hey there this is message 23600
hey there this is message 23601
hey there this is message 23602
hey there this is message 23603
hey there this is message 23604
hey there this is message 23605
hey there this is message 23606
hey there this is message 23607
hey there this is message 23608
hey there this is message 23609
hey there this is message 23610
hey there this is message 23611
hey there this is message 23612
hey there this is message 23613
hey there this is message 23614
hey there this is message 23615
hey there this is message 23616
hey there this is message 23617
hey there this is message 23618
hey there this is message 23619
hey there this is message 23620
hey there this is message 23621
hey there this is message 23622
hey there this is message 23623
hey there this is message 23624
hey there this is message 23625
hey there this is message 23626
hey there this is message 23627
hey there this is message 23628
hey there this is message 23629
hey there this is message 23630
hey there this is message 23631
hey there this is message 23632
hey there this is message 23633
hey there this is message 23634
hey there this is message 23635
hey there this is message 23636
hey there this is message 23637
hey there this is message 23638
hey there this is message 23639
hey there this is message 23640
hey there this is message 23641
hey there this is message 23642
hey there this is message 23643
hey there this is message 23644
hey there this is message 23645
hey there this is message 23646
hey there this is message 23647
hey there this is message 23648
hey there this is message 23649
hey there this is message 23650
hey there this is message 23651
hey there this is message 23652
hey there this is message 23653
hey there this is message 23654
hey there this is message 23655
hey there this is message 23656
hey there this is message 23657
hey there this is message 23658
hey there this is message 23659
hey there this is message 23660
hey there this is message 23661
hey there this is message 23662
hey there this is message 23663
hey there this is message 23664
hey there this is message 23665
hey there this is message 23666
hey there this is message 23667
hey there this is message 23668
hey there this is message 23669
hey there this is message 23670
hey there this is message 23671
hey there this is message 23672
hey there this is message 23673
hey there this is message 23674
hey there this is message 23675
hey there this is message 23676
hey there this is message 23677
hey there this is message 23678
hey there this is message 23679
hey there this is message 23680
hey there this is message 23681
hey there this is message 23682
hey there this is message 23683
hey there this is message 23684
hey there this is message 23685
hey there this is message 23686
hey there this is message 23687
hey there this is message 23688
hey there this is message 23689
hey there this is message 23690
hey there this is message 23691
hey there this is message 23692
hey there this is message 23693
hey there this is message 23694
hey there this is message 23695
hey there this is message 23696
hey there this is message 23697
hey there this is message 23698
hey there this is message 23699
hey there this is message 23700
hey there this is message 23701
hey there this is message 23702
hey there this is message 23703
hey there this is message 23704
hey there this is message 23705
hey there this is message 23706
hey there this is message 23707
hey there this is message 23708
hey there this is message 23709
hey there this is message 23710
hey there this is message 23711
hey there this is message 23712
hey there this is message 23713
hey there this is message 23714
hey there this is message 23715
hey there this is message 23716
hey there this is message 23717
hey there this is message 23718
hey there this is message 23719
hey there this is message 23720
hey there this is message 23721
hey there this is message 23722
hey there this is message 23723
hey there this is message 23724
hey there this is message 23725
hey there this is message 23726
hey there this is message 23727
hey there this is message 23728
hey there this is message 23729
hey there this is message 23730
hey there this is message 23731
hey there this is message 23732
hey there this is message 23733
hey there this is message 23734
hey there this is message 23735
hey there this is message 23736
hey there this is message 23737
hey there this is message 23738
hey there this is message 23739
hey there this is message 23740
hey there this is message 23741
hey there this is message 23742
hey there this is message 23743
hey there this is message 23744
hey there this is message 23745
hey there this is message 23746
hey there this is message 23747
hey there this is message 23748
hey there this is message 23749
hey there this is message 23750
hey there this is message 23751
hey there this is message 23752
hey there this is message 23753
hey there this is message 23754
hey there this is message 23755
hey there this is message 23756
hey there this is message 23757
hey there this is message 23758
hey there this is message 23759
hey there this is message 23760
hey there this is message 23761
hey there this is message 23762
hey there this is message 23763
hey there this is message 23764
hey there this is message 23765
hey there this is message 23766
hey there this is message 23767
hey there this is message 23768
hey there this is message 23769
hey there this is message 23770
hey there this is message 23771
hey there this is message 23772
hey there this is message 23773
hey there this is message 23774
hey there this is message 23775
hey there this is message 23776
hey there this is message 23777
hey there this is message 23778
hey there this is message 23779
hey there this is message 23780
hey there this is message 23781
hey there this is message 23782
hey there this is message 23783
hey there this is message 23784
hey there this is message 23785
hey there this is message 23786
hey there this is message 23787
hey there this is message 23788
hey there this is message 23789
hey there this is message 23790
hey there this is message 23791
hey there this is message 23792
hey there this is message 23793
hey there this is message 23794
hey there this is message 23795
hey there this is message 23796
hey there this is message 23797
hey there this is message 23798
hey there this is message 23799
hey there this is message 23800
hey there this is message 23801
hey there this is message 23802
hey there this is message 23803
hey there this is message 23804
hey there this is message 23805
hey there this is message 23806
hey there this is message 23807
hey there this is message 23808
hey there this is message 23809
hey there this is message 23810
hey there this is message 23811
hey there this is message 23812
hey there this is message 23813
hey there this is message 23814
hey there this is message 23815
hey there this is message 23816
hey there this is message 23817
hey there this is message 23818
hey there this is message 23819
hey there this is message 23820
hey there this is message 23821
hey there this is message 23822
hey there this is message 23823
hey there this is message 23824
hey there this is message 23825
hey there this is message 23826
hey there this is message 23827
hey there this is message 23828
hey there this is message 23829
hey there this is message 23830
hey there this is message 23831
hey there this is message 23832
hey there this is message 23833
hey there this is message 23834
hey there this is message 23835
hey there this is message 23836
hey there this is message 23837
hey there this is message 23838
hey there this is message 23839
hey there this is message 23840
hey there this is message 23841
hey there this is message 23842
hey there this is message 23843
hey there this is message 23844
hey there this is message 23845
hey there this is message 23846
hey there this is message 23847
hey there this is message 23848
hey there this is message 23849
hey there this is message 23850
hey there this is message 23851
hey there this is message 23852
hey there this is message 23853
hey there this is message 23854
hey there this is message 23855
hey there this is message 23856
hey there this is message 23857
hey there this is message 23858
hey there this is message 23859
hey there this is message 23860
hey there this is message 23861
hey there this is message 23862
hey there this is message 23863
hey there this is message 23864
hey there this is message 23865
hey there this is message 23866
hey there this is message 23867
hey there this is message 23868
hey there this is message 23869
hey there this is message 23870
hey there this is message 23871
hey there this is message 23872
hey there this is message 23873
hey there this is message 23874
hey there this is message 23875
hey there this is message 23876
hey there this is message 23877
hey there this is message 23878
hey there this is message 23879
hey there this is message 23880
hey there this is message 23881
hey there this is message 23882
hey there this is message 23883
hey there this is message 23884
hey there this is message 23885
hey there this is message 23886
hey there this is message 23887
hey there this is message 23888
hey there this is message 23889
hey there this is message 23890
hey there this is message 23891
hey there this is message 23892
hey there this is message 23893
hey there this is message 23894
hey there this is message 23895
hey there this is message 23896
hey there this is message 23897
hey there this is message 23898
hey there this is message 23899
hey there this is message 23900
hey there this is message 23901
hey there this is message 23902
hey there this is message 23903
hey there this is message 23904
hey there this is message 23905
hey there this is message 23906
hey there this is message 23907
hey there this is message 23908
hey there this is message 23909
hey there this is message 23910
hey there this is message 23911
hey there this is message 23912
hey there this is message 23913
hey there this is message 23914
hey there this is message 23915
hey there this is message 23916
hey there this is message 23917
hey there this is message 23918
hey there this is message 23919
hey there this is message 23920
hey there this is message 23921
hey there this is message 23922
hey there this is message 23923
hey there this is message 23924
hey there this is message 23925
hey there this is message 23926
hey there this is message 23927
hey there this is message 23928
hey there this is message 23929
hey there this is message 23930
hey there this is message 23931
hey there this is message 23932
hey there this is message 23933
hey there this is message 23934
hey there this is message 23935
hey there this is message 23936
hey there this is message 23937
hey there this is message 23938
hey there this is message 23939
hey there this is message 23940
hey there this is message 23941
hey there this is message 23942
hey there this is message 23943
hey there this is message 23944
hey there this is message 23945
hey there this is message 23946
hey there this is message 23947
hey there this is message 23948
hey there this is message 23949
hey there this is message 23950
hey there this is message 23951
hey there this is message 23952
hey there this is message 23953
hey there this is message 23954
hey there this is message 23955
hey there this is message 23956
hey there this is message 23957
hey there this is message 23958
hey there this is message 23959
hey there this is message 23960
hey there this is message 23961
hey there this is message 23962
hey there this is message 23963
hey there this is message 23964
hey there this is message 23965
hey there this is message 23966
hey there this is message 23967
hey there this is message 23968
hey there this is message 23969
hey there this is message 23970
hey there this is message 23971
hey there this is message 23972
hey there this is message 23973
hey there this is message 23974
hey there this is message 23975
hey there this is message 23976
hey there this is message 23977
hey there this is message 23978
hey there this is message 23979
hey there this is message 23980
hey there this is message 23981
hey there this is message 23982
hey there this is message 23983
hey there this is message 23984
hey there this is message 23985
hey there this is message 23986
hey there this is message 23987
hey there this is message 23988
hey there this is message 23989
hey there this is message 23990
hey there this is message 23991
hey there this is message 23992
hey there this is message 23993
hey there this is message 23994
hey there this is message 23995
hey there this is message 23996
hey there this is message 23997
hey there this is message 23998
hey there this is message 23999
hey there this is message 24000
hey there this is message 24001
hey there this is message 24002
hey there this is message 24003
hey there this is message 24004
hey there this is message 24005
hey there this is message 24006
hey there this is message 24007
hey there this is message 24008
hey there this is message 24009
hey there this is message 24010
hey there this is message 24011
hey there this is message 24012
hey there this is message 24013
hey there this is message 24014
hey there this is message 24015
hey there this is message 24016
hey there this is message 24017
hey there this is message 24018
hey there this is message 24019
hey there this is message 24020
hey there this is message 24021
hey there this is message 24022
hey there this is message 24023
hey there this is message 24024
hey there this is message 24025
hey there this is message 24026
hey there this is message 24027
hey there this is message 24028
hey there this is message 24029
hey there this is message 24030
hey there this is message 24031
hey there this is message 24032
hey there this is message 24033
hey there this is message 24034
hey there this is message 24035
hey there this is message 24036
hey there this is message 24037
hey there this is message 24038
hey there this is message 24039
hey there this is message 24040
hey there this is message 24041
hey there this is message 24042
hey there this is message 24043
hey there this is message 24044
hey there this is message 24045
hey there this is message 24046
hey there this is message 24047
hey there this is message 24048
hey there this is message 24049
hey there this is message 24050
hey there this is message 24051
hey there this is message 24052
hey there this is message 24053
hey there this is message 24054
hey there this is message 24055
hey there this is message 24056
hey there this is message 24057
hey there this is message 24058
hey there this is message 24059
hey there this is message 24060
hey there this is message 24061
hey there this is message 24062
hey there this is message 24063
hey there this is message 24064
hey there this is message 24065
hey there this is message 24066
hey there this is message 24067
hey there this is message 24068
hey there this is message 24069
hey there this is message 24070
hey there this is message 24071
hey there this is message 24072
hey there this is message 24073
hey there this is message 24074
hey there this is message 24075
hey there this is message 24076
hey there this is message 24077
hey there this is message 24078
hey there this is message 24079
hey there this is message 24080
hey there this is message 24081
hey there this is message 24082
hey there this is message 24083
hey there this is message 24084
hey there this is message 24085
hey there this is message 24086
hey there this is message 24087
hey there this is message 24088
hey there this is message 24089
hey there this is message 24090
hey there this is message 24091
hey there this is message 24092
hey there this is message 24093
hey there this is message 24094
hey there this is message 24095
hey there this is message 24096
hey there this is message 24097
hey there this is message 24098
hey there this is message 24099
hey there this is message 24100
hey there this is message 24101
hey there this is message 24102
hey there this is message 24103
hey there this is message 24104
hey there this is message 24105
hey there this is message 24106
hey there this is message 24107
hey there this is message 24108
hey there this is message 24109
hey there this is message 24110
hey there this is message 24111
hey there this is message 24112
hey there this is message 24113
hey there this is message 24114
hey there this is message 24115
hey there this is message 24116
hey there this is message 24117
hey there this is message 24118
hey there this is message 24119
hey there this is message 24120
hey there this is message 24121
hey there this is message 24122
hey there this is message 24123
hey there this is message 24124
hey there this is message 24125
hey there this is message 24126
hey there this is message 24127
hey there this is message 24128
hey there this is message 24129
hey there this is message 24130
hey there this is message 24131
hey there this is message 24132
hey there this is message 24133
hey there this is message 24134
hey there this is message 24135
hey there this is message 24136
hey there this is message 24137
hey there this is message 24138
hey there this is message 24139
hey there this is message 24140
hey there this is message 24141
hey there this is message 24142
hey there this is message 24143
hey there this is message 24144
hey there this is message 24145
hey there this is message 24146
hey there this is message 24147
hey there this is message 24148
hey there this is message 24149
hey there this is message 24150
hey there this is message 24151
hey there this is message 24152
hey there this is message 24153
hey there this is message 24154
hey there this is message 24155
hey there this is message 24156
hey there this is message 24157
hey there this is message 24158
hey there this is message 24159
hey there this is message 24160
hey there this is message 24161
hey there this is message 24162
hey there this is message 24163
hey there this is message 24164
hey there this is message 24165
hey there this is message 24166
hey there this is message 24167
hey there this is message 24168
hey there this is message 24169
hey there this is message 24170
hey there this is message 24171
hey there this is message 24172
hey there this is message 24173
hey there this is message 24174
hey there this is message 24175
hey there this is message 24176
hey there this is message 24177
hey there this is message 24178
hey there this is message 24179
hey there this is message 24180
hey there this is message 24181
hey there this is message 24182
hey there this is message 24183
hey there this is message 24184
hey there this is message 24185
hey there this is message 24186
hey there this is message 24187
hey there this is message 24188
hey there this is message 24189
hey there this is message 24190
hey there this is message 24191
hey there this is message 24192
hey there this is message 24193
hey there this is message 24194
hey there this is message 24195
hey there this is message 24196
hey there this is message 24197
hey there this is message 24198
hey there this is message 24199
hey there this is message 24200
hey there this is message 24201
hey there this is message 24202
hey there this is message 24203
hey there this is message 24204
hey there this is message 24205
hey there this is message 24206
hey there this is message 24207
hey there this is message 24208
hey there this is message 24209
hey there this is message 24210
hey there this is message 24211
hey there this is message 24212
hey there this is message 24213
hey there this is message 24214
hey there this is message 24215
hey there this is message 24216
hey there this is message 24217
hey there this is message 24218
hey there this is message 24219
hey there this is message 24220
hey there this is message 24221
hey there this is message 24222
hey there this is message 24223
hey there this is message 24224
hey there this is message 24225
hey there this is message 24226
hey there this is message 24227
hey there this is message 24228
hey there this is message 24229
hey there this is message 24230
hey there this is message 24231
hey there this is message 24232
hey there this is message 24233
hey there this is message 24234
hey there this is message 24235
hey there this is message 24236
hey there this is message 24237
hey there this is message 24238
hey there this is message 24239
hey there this is message 24240
hey there this is message 24241
hey there this is message 24242
hey there this is message 24243
hey there this is message 24244
hey there this is message 24245
hey there this is message 24246
hey there this is message 24247
hey there this is message 24248
hey there this is message 24249
hey there this is message 24250
hey there this is message 24251
hey there this is message 24252
hey there this is message 24253
hey there this is message 24254
hey there this is message 24255
hey there this is message 24256
hey there this is message 24257
hey there this is message 24258
hey there this is message 24259
hey there this is message 24260
hey there this is message 24261
hey there this is message 24262
hey there this is message 24263
hey there this is message 24264
hey there this is message 24265
hey there this is message 24266
hey there this is message 24267
hey there this is message 24268
hey there this is message 24269
hey there this is message 24270
hey there this is message 24271
hey there this is message 24272
hey there this is message 24273
hey there this is message 24274
hey there this is message 24275
hey there this is message 24276
hey there this is message 24277
hey there this is message 24278
hey there this is message 24279
hey there this is message 24280
hey there this is message 24281
hey there this is message 24282
hey there this is message 24283
hey there this is message 24284
hey there this is message 24285
hey there this is message 24286
hey there this is message 24287
hey there this is message 24288
hey there this is message 24289
hey there this is message 24290
hey there this is message 24291
hey there this is message 24292
hey there this is message 24293
hey there this is message 24294
hey there this is message 24295
hey there this is message 24296
hey there this is message 24297
hey there this is message 24298
hey there this is message 24299
hey there this is message 24300
hey there this is message 24301
hey there this is message 24302
hey there this is message 24303
hey there this is message 24304
hey there this is message 24305
hey there this is message 24306
hey there this is message 24307
hey there this is message 24308
hey there this is message 24309
hey there this is message 24310
hey there this is message 24311
hey there this is message 24312
hey there this is message 24313
hey there this is message 24314
hey there this is message 24315
hey there this is message 24316
hey there this is message 24317
hey there this is message 24318
hey there this is message 24319
hey there this is message 24320
hey there this is message 24321
hey there this is message 24322
hey there this is message 24323
hey there this is message 24324
hey there this is message 24325
hey there this is message 24326
hey there this is message 24327
hey there this is message 24328
hey there this is message 24329
hey there this is message 24330
hey there this is message 24331
hey there this is message 24332
hey there this is message 24333
hey there this is message 24334
hey there this is message 24335
hey there this is message 24336
hey there this is message 24337
hey there this is message 24338
hey there this is message 24339
hey there this is message 24340
hey there this is message 24341
hey there this is message 24342
hey there this is message 24343
hey there this is message 24344
hey there this is message 24345
hey there this is message 24346
hey there this is message 24347
hey there this is message 24348
hey there this is message 24349
hey there this is message 24350
hey there this is message 24351
hey there this is message 24352
hey there this is message 24353
hey there this is message 24354
hey there this is message 24355
hey there this is message 24356
hey there this is message 24357
hey there this is message 24358
hey there this is message 24359
hey there this is message 24360
hey there this is message 24361
hey there this is message 24362
hey there this is message 24363
hey there this is message 24364
hey there this is message 24365
hey there this is message 24366
hey there this is message 24367
hey there this is message 24368
hey there this is message 24369
hey there this is message 24370
hey there this is message 24371
hey there this is message 24372
hey there this is message 24373
hey there this is message 24374
hey there this is message 24375
hey there this is message 24376
hey there this is message 24377
hey there this is message 24378
hey there this is message 24379
hey there this is message 24380
hey there this is message 24381
hey there this is message 24382
hey there this is message 24383
hey there this is message 24384
hey there this is message 24385
hey there this is message 24386
hey there this is message 24387
hey there this is message 24388
hey there this is message 24389
hey there this is message 24390
hey there this is message 24391
hey there this is message 24392
hey there this is message 24393
hey there this is message 24394
hey there this is message 24395
hey there this is message 24396
hey there this is message 24397
hey there this is message 24398
hey there this is message 24399
hey there this is message 24400
hey there this is message 24401
hey there this is message 24402
hey there this is message 24403
hey there this is message 24404
hey there this is message 24405
hey there this is message 24406
hey there this is message 24407
hey there this is message 24408
hey there this is message 24409
hey there this is message 24410
hey there this is message 24411
hey there this is message 24412
hey there this is message 24413
hey there this is message 24414
hey there this is message 24415
hey there this is message 24416
hey there this is message 24417
hey there this is message 24418
hey there this is message 24419
hey there this is message 24420
hey there this is message 24421
hey there this is message 24422
hey there this is message 24423
hey there this is message 24424
hey there this is message 24425
hey there this is message 24426
hey there this is message 24427
hey there this is message 24428
hey there this is message 24429
hey there this is message 24430
hey there this is message 24431
hey there this is message 24432
hey there this is message 24433
hey there this is message 24434
hey there this is message 24435
hey there this is message 24436
hey there this is message 24437
hey there this is message 24438
hey there this is message 24439
hey there this is message 24440
hey there this is message 24441
hey there this is message 24442
hey there this is message 24443
hey there this is message 24444
hey there this is message 24445
hey there this is message 24446
hey there this is message 24447
hey there this is message 24448
hey there this is message 24449
hey there this is message 24450
hey there this is message 24451
hey there this is message 24452
hey there this is message 24453
hey there this is message 24454
hey there this is message 24455
hey there this is message 24456
hey there this is message 24457
hey there this is message 24458
hey there this is message 24459
hey there this is message 24460
hey there this is message 24461
hey there this is message 24462
hey there this is message 24463
hey there this is message 24464
hey there this is message 24465
hey there this is message 24466
hey there this is message 24467
hey there this is message 24468
hey there this is message 24469
hey there this is message 24470
hey there this is message 24471
hey there this is message 24472
hey there this is message 24473
hey there this is message 24474
hey there this is message 24475
hey there this is message 24476
hey there this is message 24477
hey there this is message 24478
hey there this is message 24479
hey there this is message 24480
hey there this is message 24481
hey there this is message 24482
hey there this is message 24483
hey there this is message 24484
hey there this is message 24485
hey there this is message 24486
hey there this is message 24487
hey there this is message 24488
hey there this is message 24489
hey there this is message 24490
hey there this is message 24491
hey there this is message 24492
hey there this is message 24493
hey there this is message 24494
hey there this is message 24495
hey there this is message 24496
hey there this is message 24497
hey there this is message 24498
hey there this is message 24499
hey there this is message 24500
hey there this is message 24501
hey there this is message 24502
hey there this is message 24503
hey there this is message 24504
hey there this is message 24505
hey there this is message 24506
hey there this is message 24507
hey there this is message 24508
hey there this is message 24509
hey there this is message 24510
hey there this is message 24511
hey there this is message 24512
hey there this is message 24513
hey there this is message 24514
hey there this is message 24515
hey there this is message 24516
hey there this is message 24517
hey there this is message 24518
hey there this is message 24519
hey there this is message 24520
hey there this is message 24521
hey there this is message 24522
hey there this is message 24523
hey there this is message 24524
hey there this is message 24525
hey there this is message 24526
hey there this is message 24527
hey there this is message 24528
hey there this is message 24529
hey there this is message 24530
hey there this is message 24531
hey there this is message 24532
hey there this is message 24533
hey there this is message 24534
hey there this is message 24535
hey there this is message 24536
hey there this is message 24537
hey there this is message 24538
hey there this is message 24539
hey there this is message 24540
hey there this is message 24541
hey there this is message 24542
hey there this is message 24543
hey there this is message 24544
hey there this is message 24545
hey there this is message 24546
hey there this is message 24547
hey there this is message 24548
hey there this is message 24549
hey there this is message 24550
hey there this is message 24551
hey there this is message 24552
hey there this is message 24553
hey there this is message 24554
hey there this is message 24555
hey there this is message 24556
hey there this is message 24557
hey there this is message 24558
hey there this is message 24559
hey there this is message 24560
hey there this is message 24561
hey there this is message 24562
hey there this is message 24563
hey there this is message 24564
hey there this is message 24565
hey there this is message 24566
hey there this is message 24567
hey there this is message 24568
hey there this is message 24569
hey there this is message 24570
hey there this is message 24571
hey there this is message 24572
hey there this is message 24573
hey there this is message 24574
hey there this is message 24575
hey there this is message 24576
hey there this is message 24577
hey there this is message 24578
hey there this is message 24579
hey there this is message 24580
hey there this is message 24581
hey there this is message 24582
hey there this is message 24583
hey there this is message 24584
hey there this is message 24585
hey there this is message 24586
hey there this is message 24587
hey there this is message 24588
hey there this is message 24589
hey there this is message 24590
hey there this is message 24591
hey there this is message 24592
hey there this is message 24593
hey there this is message 24594
hey there this is message 24595
hey there this is message 24596
hey there this is message 24597
hey there this is message 24598
hey there this is message 24599
hey there this is message 24600
hey there this is message 24601
hey there this is message 24602
hey there this is message 24603
hey there this is message 24604
hey there this is message 24605
hey there this is message 24606
hey there this is message 24607
hey there this is message 24608
hey there this is message 24609
hey there this is message 24610
hey there this is message 24611
hey there this is message 24612
hey there this is message 24613
hey there this is message 24614
hey there this is message 24615
hey there this is message 24616
hey there this is message 24617
hey there this is message 24618
hey there this is message 24619
hey there this is message 24620
hey there this is message 24621
hey there this is message 24622
hey there this is message 24623
hey there this is message 24624
hey there this is message 24625
hey there this is message 24626
hey there this is message 24627
hey there this is message 24628
hey there this is message 24629
hey there this is message 24630
hey there this is message 24631
hey there this is message 24632
hey there this is message 24633
hey there this is message 24634
hey there this is message 24635
hey there this is message 24636
hey there this is message 24637
hey there this is message 24638
hey there this is message 24639
hey there this is message 24640
hey there this is message 24641
hey there this is message 24642
hey there this is message 24643
hey there this is message 24644
hey there this is message 24645
hey there this is message 24646
hey there this is message 24647
hey there this is message 24648
hey there this is message 24649
hey there this is message 24650
hey there this is message 24651
hey there this is message 24652
hey there this is message 24653
hey there this is message 24654
hey there this is message 24655
hey there this is message 24656
hey there this is message 24657
hey there this is message 24658
hey there this is message 24659
hey there this is message 24660
hey there this is message 24661
hey there this is message 24662
hey there this is message 24663
hey there this is message 24664
hey there this is message 24665
hey there this is message 24666
hey there this is message 24667
hey there this is message 24668
hey there this is message 24669
hey there this is message 24670
hey there this is message 24671
hey there this is message 24672
hey there this is message 24673
hey there this is message 24674
hey there this is message 24675
hey there this is message 24676
hey there this is message 24677
hey there this is message 24678
hey there this is message 24679
hey there this is message 24680
hey there this is message 24681
hey there this is message 24682
hey there this is message 24683
hey there this is message 24684
hey there this is message 24685
hey there this is message 24686
hey there this is message 24687
hey there this is message 24688
hey there this is message 24689
hey there this is message 24690
hey there this is message 24691
hey there this is message 24692
hey there this is message 24693
hey there this is message 24694
hey there this is message 24695
hey there this is message 24696
hey there this is message 24697
hey there this is message 24698
hey there this is message 24699
hey there this is message 24700
hey there this is message 24701
hey there this is message 24702
hey there this is message 24703
hey there this is message 24704
hey there this is message 24705
hey there this is message 24706
hey there this is message 24707
hey there this is message 24708
hey there this is message 24709
hey there this is message 24710
hey there this is message 24711
hey there this is message 24712
hey there this is message 24713
hey there this is message 24714
hey there this is message 24715
hey there this is message 24716
hey there this is message 24717
hey there this is message 24718
hey there this is message 24719
hey there this is message 24720
hey there this is message 24721
hey there this is message 24722
hey there this is message 24723
hey there this is message 24724
hey there this is message 24725
hey there this is message 24726
hey there this is message 24727
hey there this is message 24728
hey there this is message 24729
hey there this is message 24730
hey there this is message 24731
hey there this is message 24732
hey there this is message 24733
hey there this is message 24734
hey there this is message 24735
hey there this is message 24736
hey there this is message 24737
hey there this is message 24738
hey there this is message 24739
hey there this is message 24740
hey there this is message 24741
hey there this is message 24742
hey there this is message 24743
hey there this is message 24744
hey there this is message 24745
hey there this is message 24746
hey there this is message 24747
hey there this is message 24748
hey there this is message 24749
hey there this is message 24750
hey there this is message 24751
hey there this is message 24752
hey there this is message 24753
hey there this is message 24754
hey there this is message 24755
hey there this is message 24756
hey there this is message 24757
hey there this is message 24758
hey there this is message 24759
hey there this is message 24760
hey there this is message 24761
hey there this is message 24762
hey there this is message 24763
hey there this is message 24764
hey there this is message 24765
hey there this is message 24766
hey there this is message 24767
hey there this is message 24768
hey there this is message 24769
hey there this is message 24770
hey there this is message 24771
hey there this is message 24772
hey there this is message 24773
hey there this is message 24774
hey there this is message 24775
hey there this is message 24776
hey there this is message 24777
hey there this is message 24778
hey there this is message 24779
hey there this is message 24780
hey there this is message 24781
hey there this is message 24782
hey there this is message 24783
hey there this is message 24784
hey there this is message 24785
hey there this is message 24786
hey there this is message 24787
hey there this is message 24788
hey there this is message 24789
hey there this is message 24790
hey there this is message 24791
hey there this is message 24792
hey there this is message 24793
hey there this is message 24794
hey there this is message 24795
hey there this is message 24796
hey there this is message 24797
hey there this is message 24798
hey there this is message 24799
hey there this is message 24800
hey there this is message 24801
hey there this is message 24802
hey there this is message 24803
hey there this is message 24804
hey there this is message 24805
hey there this is message 24806
hey there this is message 24807
hey there this is message 24808
hey there this is message 24809
hey there this is message 24810
hey there this is message 24811
hey there this is message 24812
hey there this is message 24813
hey there this is message 24814
hey there this is message 24815
hey there this is message 24816
hey there this is message 24817
hey there this is message 24818
hey there this is message 24819
hey there this is message 24820
hey there this is message 24821
hey there this is message 24822
hey there this is message 24823
hey there this is message 24824
hey there this is message 24825
hey there this is message 24826
hey there this is message 24827
hey there this is message 24828
hey there this is message 24829
hey there this is message 24830
hey there this is message 24831
hey there this is message 24832
hey there this is message 24833
hey there this is message 24834
hey there this is message 24835
hey there this is message 24836
hey there this is message 24837
hey there this is message 24838
hey there this is message 24839
hey there this is message 24840
hey there this is message 24841
hey there this is message 24842
hey there this is message 24843
hey there this is message 24844
hey there this is message 24845
hey there this is message 24846
hey there this is message 24847
hey there this is message 24848
hey there this is message 24849
hey there this is message 24850
hey there this is message 24851
hey there this is message 24852
hey there this is message 24853
hey there this is message 24854
hey there this is message 24855
hey there this is message 24856
hey there this is message 24857
hey there this is message 24858
hey there this is message 24859
hey there this is message 24860
hey there this is message 24861
hey there this is message 24862
hey there this is message 24863
hey there this is message 24864
hey there this is message 24865
hey there this is message 24866
hey there this is message 24867
hey there this is message 24868
hey there this is message 24869
hey there this is message 24870
hey there this is message 24871
hey there this is message 24872
hey there this is message 24873
hey there this is message 24874
hey there this is message 24875
hey there this is message 24876
hey there this is message 24877
hey there this is message 24878
hey there this is message 24879
hey there this is message 24880
hey there this is message 24881
hey there this is message 24882
hey there this is message 24883
hey there this is message 24884
hey there this is message 24885
hey there this is message 24886
hey there this is message 24887
hey there this is message 24888
hey there this is message 24889
hey there this is message 24890
hey there this is message 24891
hey there this is message 24892
hey there this is message 24893
hey there this is message 24894
hey there this is message 24895
hey there this is message 24896
hey there this is message 24897
hey there this is message 24898
hey there this is message 24899
hey there this is message 24900
hey there this is message 24901
hey there this is message 24902
hey there this is message 24903
hey there this is message 24904
hey there this is message 24905
hey there this is message 24906
hey there this is message 24907
hey there this is message 24908
hey there this is message 24909
hey there this is message 24910
hey there this is message 24911
hey there this is message 24912
hey there this is message 24913
hey there this is message 24914
hey there this is message 24915
hey there this is message 24916
hey there this is message 24917
hey there this is message 24918
hey there this is message 24919
hey there this is message 24920
hey there this is message 24921
hey there this is message 24922
hey there this is message 24923
hey there this is message 24924
hey there this is message 24925
hey there this is message 24926
hey there this is message 24927
hey there this is message 24928
hey there this is message 24929
hey there this is message 24930
hey there this is message 24931
hey there this is message 24932
hey there this is message 24933
hey there this is message 24934
hey there this is message 24935
hey there this is message 24936
hey there this is message 24937
hey there this is message 24938
hey there this is message 24939
hey there this is message 24940
hey there this is message 24941
hey there this is message 24942
hey there this is message 24943
hey there this is message 24944
hey there this is message 24945
hey there this is message 24946
hey there this is message 24947
hey there this is message 24948
hey there this is message 24949
hey there this is message 24950
hey there this is message 24951
hey there this is message 24952
hey there this is message 24953
hey there this is message 24954
hey there this is message 24955
hey there this is message 24956
hey there this is message 24957
hey there this is message 24958
hey there this is message 24959
hey there this is message 24960
hey there this is message 24961
hey there this is message 24962
hey there this is message 24963
hey there this is message 24964
hey there this is message 24965
hey there this is message 24966
hey there this is message 24967
hey there this is message 24968
hey there this is message 24969
hey there this is message 24970
hey there this is message 24971
hey there this is message 24972
hey there this is message 24973
hey there this is message 24974
hey there this is message 24975
hey there this is message 24976
hey there this is message 24977
hey there this is message 24978
hey there this is message 24979
hey there this is message 24980
hey there this is message 24981
hey there this is message 24982
hey there this is message 24983
hey there this is message 24984
hey there this is message 24985
hey there this is message 24986
hey there this is message 24987
hey there this is message 24988
hey there this is message 24989
hey there this is message 24990
hey there this is message 24991
hey there this is message 24992
hey there this is message 24993
hey there this is message 24994
hey there this is message 24995
hey there this is message 24996
hey there this is message 24997
hey there this is message 24998
hey there this is message 24999
hey there this is message 25000
hey there this is message 25001
hey there this is message 25002
hey there this is message 25003
hey there this is message 25004
hey there this is message 25005
hey there this is message 25006
hey there this is message 25007
hey there this is message 25008
hey there this is message 25009
hey there this is message 25010
hey there this is message 25011
hey there this is message 25012
hey there this is message 25013
hey there this is message 25014
hey there this is message 25015
hey there this is message 25016
hey there this is message 25017
hey there this is message 25018
hey there this is message 25019
hey there this is message 25020
hey there this is message 25021
hey there this is message 25022
hey there this is message 25023
hey there this is message 25024
hey there this is message 25025
hey there this is message 25026
hey there this is message 25027
hey there this is message 25028
hey there this is message 25029
hey there this is message 25030
hey there this is message 25031
hey there this is message 25032
hey there this is message 25033
hey there this is message 25034
hey there this is message 25035
hey there this is message 25036
hey there this is message 25037
hey there this is message 25038
hey there this is message 25039
hey there this is message 25040
hey there this is message 25041
hey there this is message 25042
hey there this is message 25043
hey there this is message 25044
hey there this is message 25045
hey there this is message 25046
hey there this is message 25047
hey there this is message 25048
hey there this is message 25049
hey there this is message 25050
hey there this is message 25051
hey there this is message 25052
hey there this is message 25053
hey there this is message 25054
hey there this is message 25055
hey there this is message 25056
hey there this is message 25057
hey there this is message 25058
hey there this is message 25059
hey there this is message 25060
hey there this is message 25061
hey there this is message 25062
hey there this is message 25063
hey there this is message 25064
hey there this is message 25065
hey there this is message 25066
hey there this is message 25067
hey there this is message 25068
hey there this is message 25069
hey there this is message 25070
hey there this is message 25071
hey there this is message 25072
hey there this is message 25073
hey there this is message 25074
hey there this is message 25075
hey there this is message 25076
hey there this is message 25077
hey there this is message 25078
hey there this is message 25079
hey there this is message 25080
hey there this is message 25081
hey there this is message 25082
hey there this is message 25083
hey there this is message 25084
hey there this is message 25085
hey there this is message 25086
hey there this is message 25087
hey there this is message 25088
hey there this is message 25089
hey there this is message 25090
hey there this is message 25091
hey there this is message 25092
hey there this is message 25093
hey there this is message 25094
hey there this is message 25095
hey there this is message 25096
hey there this is message 25097
hey there this is message 25098
hey there this is message 25099
hey there this is message 25100
hey there this is message 25101
hey there this is message 25102
hey there this is message 25103
hey there this is message 25104
hey there this is message 25105
hey there this is message 25106
hey there this is message 25107
hey there this is message 25108
hey there this is message 25109
hey there this is message 25110
hey there this is message 25111
hey there this is message 25112
hey there this is message 25113
hey there this is message 25114
hey there this is message 25115
hey there this is message 25116
hey there this is message 25117
hey there this is message 25118
hey there this is message 25119
hey there this is message 25120
hey there this is message 25121
hey there this is message 25122
hey there this is message 25123
hey there this is message 25124
hey there this is message 25125
hey there this is message 25126
hey there this is message 25127
hey there this is message 25128
hey there this is message 25129
hey there this is message 25130
hey there this is message 25131
hey there this is message 25132
hey there this is message 25133
hey there this is message 25134
hey there this is message 25135
hey there this is message 25136
hey there this is message 25137
hey there this is message 25138
hey there this is message 25139
hey there this is message 25140
hey there this is message 25141
hey there this is message 25142
hey there this is message 25143
hey there this is message 25144
hey there this is message 25145
hey there this is message 25146
hey there this is message 25147
hey there this is message 25148
hey there this is message 25149
hey there this is message 25150
hey there this is message 25151
hey there this is message 25152
hey there this is message 25153
hey there this is message 25154
hey there this is message 25155
hey there this is message 25156
hey there this is message 25157
hey there this is message 25158
hey there this is message 25159
hey there this is message 25160
hey there this is message 25161
hey there this is message 25162
hey there this is message 25163
hey there this is message 25164
hey there this is message 25165
hey there this is message 25166
hey there this is message 25167
hey there this is message 25168
hey there this is message 25169
hey there this is message 25170
hey there this is message 25171
hey there this is message 25172
hey there this is message 25173
hey there this is message 25174
hey there this is message 25175
hey there this is message 25176
hey there this is message 25177
hey there this is message 25178
hey there this is message 25179
hey there this is message 25180
hey there this is message 25181
hey there this is message 25182
hey there this is message 25183
hey there this is message 25184
hey there this is message 25185
hey there this is message 25186
hey there this is message 25187
hey there this is message 25188
hey there this is message 25189
hey there this is message 25190
hey there this is message 25191
hey there this is message 25192
hey there this is message 25193
hey there this is message 25194
hey there this is message 25195
hey there this is message 25196
hey there this is message 25197
hey there this is message 25198
hey there this is message 25199
hey there this is message 25200
hey there this is message 25201
hey there this is message 25202
hey there this is message 25203
hey there this is message 25204
hey there this is message 25205
hey there this is message 25206
hey there this is message 25207
hey there this is message 25208
hey there this is message 25209
hey there this is message 25210
hey there this is message 25211
hey there this is message 25212
hey there this is message 25213
hey there this is message 25214
hey there this is message 25215
hey there this is message 25216
hey there this is message 25217
hey there this is message 25218
hey there this is message 25219
hey there this is message 25220
hey there this is message 25221
hey there this is message 25222
hey there this is message 25223
hey there this is message 25224
hey there this is message 25225
hey there this is message 25226
hey there this is message 25227
hey there this is message 25228
hey there this is message 25229
hey there this is message 25230
hey there this is message 25231
hey there this is message 25232
hey there this is message 25233
hey there this is message 25234
hey there this is message 25235
hey there this is message 25236
hey there this is message 25237
hey there this is message 25238
hey there this is message 25239
hey there this is message 25240
hey there this is message 25241
hey there this is message 25242
hey there this is message 25243
hey there this is message 25244
hey there this is message 25245
hey there this is message 25246
hey there this is message 25247
hey there this is message 25248
hey there this is message 25249
hey there this is message 25250
hey there this is message 25251
hey there this is message 25252
hey there this is message 25253
hey there this is message 25254
hey there this is message 25255
hey there this is message 25256
hey there this is message 25257
hey there this is message 25258
hey there this is message 25259
hey there this is message 25260
hey there this is message 25261
hey there this is message 25262
hey there this is message 25263
hey there this is message 25264
hey there this is message 25265
hey there this is message 25266
hey there this is message 25267
hey there this is message 25268
hey there this is message 25269
hey there this is message 25270
hey there this is message 25271
hey there this is message 25272
hey there this is message 25273
hey there this is message 25274
hey there this is message 25275
hey there this is message 25276
hey there this is message 25277
hey there this is message 25278
hey there this is message 25279
hey there this is message 25280
hey there this is message 25281
hey there this is message 25282
hey there this is message 25283
hey there this is message 25284
hey there this is message 25285
hey there this is message 25286
hey there this is message 25287
hey there this is message 25288
hey there this is message 25289
hey there this is message 25290
hey there this is message 25291
hey there this is message 25292
hey there this is message 25293
hey there this is message 25294
hey there this is message 25295
hey there this is message 25296
hey there this is message 25297
hey there this is message 25298
hey there this is message 25299
hey there this is message 25300
hey there this is message 25301
hey there this is message 25302
hey there this is message 25303
hey there this is message 25304
hey there this is message 25305
hey there this is message 25306
hey there this is message 25307
hey there this is message 25308
hey there this is message 25309
hey there this is message 25310
hey there this is message 25311
hey there this is message 25312
hey there this is message 25313
hey there this is message 25314
hey there this is message 25315
hey there this is message 25316
hey there this is message 25317
hey there this is message 25318
hey there this is message 25319
hey there this is message 25320
hey there this is message 25321
hey there this is message 25322
hey there this is message 25323
hey there this is message 25324
hey there this is message 25325
hey there this is message 25326
hey there this is message 25327
hey there this is message 25328
hey there this is message 25329
hey there this is message 25330
hey there this is message 25331
hey there this is message 25332
hey there this is message 25333
hey there this is message 25334
hey there this is message 25335
hey there this is message 25336
hey there this is message 25337
hey there this is message 25338
hey there this is message 25339
hey there this is message 25340
hey there this is message 25341
hey there this is message 25342
hey there this is message 25343
hey there this is message 25344
hey there this is message 25345
hey there this is message 25346
hey there this is message 25347
hey there this is message 25348
hey there this is message 25349
hey there this is message 25350
hey there this is message 25351
hey there this is message 25352
hey there this is message 25353
hey there this is message 25354
hey there this is message 25355
hey there this is message 25356
hey there this is message 25357
hey there this is message 25358
hey there this is message 25359
hey there this is message 25360
hey there this is message 25361
hey there this is message 25362
hey there this is message 25363
hey there this is message 25364
hey there this is message 25365
hey there this is message 25366
hey there this is message 25367
hey there this is message 25368
hey there this is message 25369
hey there this is message 25370
hey there this is message 25371
hey there this is message 25372
hey there this is message 25373
hey there this is message 25374
hey there this is message 25375
hey there this is message 25376
hey there this is message 25377
hey there this is message 25378
hey there this is message 25379
hey there this is message 25380
hey there this is message 25381
hey there this is message 25382
hey there this is message 25383
hey there this is message 25384
hey there this is message 25385
hey there this is message 25386
hey there this is message 25387
hey there this is message 25388
hey there this is message 25389
hey there this is message 25390
hey there this is message 25391
hey there this is message 25392
hey there this is message 25393
hey there this is message 25394
hey there this is message 25395
hey there this is message 25396
hey there this is message 25397
hey there this is message 25398
hey there this is message 25399
hey there this is message 25400
hey there this is message 25401
hey there this is message 25402
hey there this is message 25403
hey there this is message 25404
hey there this is message 25405
hey there this is message 25406
hey there this is message 25407
hey there this is message 25408
hey there this is message 25409
hey there this is message 25410
hey there this is message 25411
hey there this is message 25412
hey there this is message 25413
hey there this is message 25414
hey there this is message 25415
hey there this is message 25416
hey there this is message 25417
hey there this is message 25418
hey there this is message 25419
hey there this is message 25420
hey there this is message 25421
hey there this is message 25422
hey there this is message 25423
hey there this is message 25424
hey there this is message 25425
hey there this is message 25426
hey there this is message 25427
hey there this is message 25428
hey there this is message 25429
hey there this is message 25430
hey there this is message 25431
hey there this is message 25432
hey there this is message 25433
hey there this is message 25434
hey there this is message 25435
hey there this is message 25436
hey there this is message 25437
hey there this is message 25438
hey there this is message 25439
hey there this is message 25440
hey there this is message 25441
hey there this is message 25442
hey there this is message 25443
hey there this is message 25444
hey there this is message 25445
hey there this is message 25446
hey there this is message 25447
hey there this is message 25448
hey there this is message 25449
hey there this is message 25450
hey there this is message 25451
hey there this is message 25452
hey there this is message 25453
hey there this is message 25454
hey there this is message 25455
hey there this is message 25456
hey there this is message 25457
hey there this is message 25458
hey there this is message 25459
hey there this is message 25460
hey there this is message 25461
hey there this is message 25462
hey there this is message 25463
hey there this is message 25464
hey there this is message 25465
hey there this is message 25466
hey there this is message 25467
hey there this is message 25468
hey there this is message 25469
hey there this is message 25470
hey there this is message 25471
hey there this is message 25472
hey there this is message 25473
hey there this is message 25474
hey there this is message 25475
hey there this is message 25476
hey there this is message 25477
hey there this is message 25478
hey there this is message 25479
hey there this is message 25480
hey there this is message 25481
hey there this is message 25482
hey there this is message 25483
hey there this is message 25484
hey there this is message 25485
hey there this is message 25486
hey there this is message 25487
hey there this is message 25488
hey there this is message 25489
hey there this is message 25490
hey there this is message 25491
hey there this is message 25492
hey there this is message 25493
hey there this is message 25494
hey there this is message 25495
hey there this is message 25496
hey there this is message 25497
hey there this is message 25498
hey there this is message 25499
hey there this is message 25500
hey there this is message 25501
hey there this is message 25502
hey there this is message 25503
hey there this is message 25504
hey there this is message 25505
hey there this is message 25506
hey there this is message 25507
hey there this is message 25508
hey there this is message 25509
hey there this is message 25510
hey there this is message 25511
hey there this is message 25512
hey there this is message 25513
hey there this is message 25514
hey there this is message 25515
hey there this is message 25516
hey there this is message 25517
hey there this is message 25518
hey there this is message 25519
hey there this is message 25520
hey there this is message 25521
hey there this is message 25522
hey there this is message 25523
hey there this is message 25524
hey there this is message 25525
hey there this is message 25526
hey there this is message 25527
hey there this is message 25528
hey there this is message 25529
hey there this is message 25530
hey there this is message 25531
hey there this is message 25532
hey there this is message 25533
hey there this is message 25534
hey there this is message 25535
hey there this is message 25536
hey there this is message 25537
hey there this is message 25538
hey there this is message 25539
hey there this is message 25540
hey there this is message 25541
hey there this is message 25542
hey there this is message 25543
hey there this is message 25544
hey there this is message 25545
hey there this is message 25546
hey there this is message 25547
hey there this is message 25548
hey there this is message 25549
hey there this is message 25550
hey there this is message 25551
hey there this is message 25552
hey there this is message 25553
hey there this is message 25554
hey there this is message 25555
hey there this is message 25556
hey there this is message 25557
hey there this is message 25558
hey there this is message 25559
hey there this is message 25560
hey there this is message 25561
hey there this is message 25562
hey there this is message 25563
hey there this is message 25564
hey there this is message 25565
hey there this is message 25566
hey there this is message 25567
hey there this is message 25568
hey there this is message 25569
hey there this is message 25570
hey there this is message 25571
hey there this is message 25572
hey there this is message 25573
hey there this is message 25574
hey there this is message 25575
hey there this is message 25576
hey there this is message 25577
hey there this is message 25578
hey there this is message 25579
hey there this is message 25580
hey there this is message 25581
hey there this is message 25582
hey there this is message 25583
hey there this is message 25584
hey there this is message 25585
hey there this is message 25586
hey there this is message 25587
hey there this is message 25588
hey there this is message 25589
hey there this is message 25590
hey there this is message 25591
hey there this is message 25592
hey there this is message 25593
hey there this is message 25594
hey there this is message 25595
hey there this is message 25596
hey there this is message 25597
hey there this is message 25598
hey there this is message 25599
hey there this is message 25600
hey there this is message 25601
hey there this is message 25602
hey there this is message 25603
hey there this is message 25604
hey there this is message 25605
hey there this is message 25606
hey there this is message 25607
hey there this is message 25608
hey there this is message 25609
hey there this is message 25610
hey there this is message 25611
hey there this is message 25612
hey there this is message 25613
hey there this is message 25614
hey there this is message 25615
hey there this is message 25616
hey there this is message 25617
hey there this is message 25618
hey there this is message 25619
hey there this is message 25620
hey there this is message 25621
hey there this is message 25622
hey there this is message 25623
hey there this is message 25624
hey there this is message 25625
hey there this is message 25626
hey there this is message 25627
hey there this is message 25628
hey there this is message 25629
hey there this is message 25630
hey there this is message 25631
hey there this is message 25632
hey there this is message 25633
hey there this is message 25634
hey there this is message 25635
hey there this is message 25636
hey there this is message 25637
hey there this is message 25638
hey there this is message 25639
hey there this is message 25640
hey there this is message 25641
hey there this is message 25642
hey there this is message 25643
hey there this is message 25644
hey there this is message 25645
hey there this is message 25646
hey there this is message 25647
hey there this is message 25648
hey there this is message 25649
hey there this is message 25650
hey there this is message 25651
hey there this is message 25652
hey there this is message 25653
hey there this is message 25654
hey there this is message 25655
hey there this is message 25656
hey there this is message 25657
hey there this is message 25658
hey there this is message 25659
hey there this is message 25660
hey there this is message 25661
hey there this is message 25662
hey there this is message 25663
hey there this is message 25664
hey there this is message 25665
hey there this is message 25666
hey there this is message 25667
hey there this is message 25668
hey there this is message 25669
hey there this is message 25670
hey there this is message 25671
hey there this is message 25672
hey there this is message 25673
hey there this is message 25674
hey there this is message 25675
hey there this is message 25676
hey there this is message 25677
hey there this is message 25678
hey there this is message 25679
hey there this is message 25680
hey there this is message 25681
hey there this is message 25682
hey there this is message 25683
hey there this is message 25684
hey there this is message 25685
hey there this is message 25686
hey there this is message 25687
hey there this is message 25688
hey there this is message 25689
hey there this is message 25690
hey there this is message 25691
hey there this is message 25692
hey there this is message 25693
hey there this is message 25694
hey there this is message 25695
hey there this is message 25696
hey there this is message 25697
hey there this is message 25698
hey there this is message 25699
hey there this is message 25700
hey there this is message 25701
hey there this is message 25702
hey there this is message 25703
hey there this is message 25704
hey there this is message 25705
hey there this is message 25706
hey there this is message 25707
hey there this is message 25708
hey there this is message 25709
hey there this is message 25710
hey there this is message 25711
hey there this is message 25712
hey there this is message 25713
hey there this is message 25714
hey there this is message 25715
hey there this is message 25716
hey there this is message 25717
hey there this is message 25718
hey there this is message 25719
hey there this is message 25720
hey there this is message 25721
hey there this is message 25722
hey there this is message 25723
hey there this is message 25724
hey there this is message 25725
hey there this is message 25726
hey there this is message 25727
hey there this is message 25728
hey there this is message 25729
hey there this is message 25730
hey there this is message 25731
hey there this is message 25732
hey there this is message 25733
hey there this is message 25734
hey there this is message 25735
hey there this is message 25736
hey there this is message 25737
hey there this is message 25738
hey there this is message 25739
hey there this is message 25740
hey there this is message 25741
hey there this is message 25742
hey there this is message 25743
hey there this is message 25744
hey there this is message 25745
hey there this is message 25746
hey there this is message 25747
hey there this is message 25748
hey there this is message 25749
hey there this is message 25750
hey there this is message 25751
hey there this is message 25752
hey there this is message 25753
hey there this is message 25754
hey there this is message 25755
hey there this is message 25756
hey there this is message 25757
hey there this is message 25758
hey there this is message 25759
hey there this is message 25760
hey there this is message 25761
hey there this is message 25762
hey there this is message 25763
hey there this is message 25764
hey there this is message 25765
hey there this is message 25766
hey there this is message 25767
hey there this is message 25768
hey there this is message 25769
hey there this is message 25770
hey there this is message 25771
hey there this is message 25772
hey there this is message 25773
hey there this is message 25774
hey there this is message 25775
hey there this is message 25776
hey there this is message 25777
hey there this is message 25778
hey there this is message 25779
hey there this is message 25780
hey there this is message 25781
hey there this is message 25782
hey there this is message 25783
hey there this is message 25784
hey there this is message 25785
hey there this is message 25786
hey there this is message 25787
hey there this is message 25788
hey there this is message 25789
hey there this is message 25790
hey there this is message 25791
hey there this is message 25792
hey there this is message 25793
hey there this is message 25794
hey there this is message 25795
hey there this is message 25796
hey there this is message 25797
hey there this is message 25798
hey there this is message 25799
hey there this is message 25800
hey there this is message 25801
hey there this is message 25802
hey there this is message 25803
hey there this is message 25804
hey there this is message 25805
hey there this is message 25806
hey there this is message 25807
hey there this is message 25808
hey there this is message 25809
hey there this is message 25810
hey there this is message 25811
hey there this is message 25812
hey there this is message 25813
hey there this is message 25814
hey there this is message 25815
hey there this is message 25816
hey there this is message 25817
hey there this is message 25818
hey there this is message 25819
hey there this is message 25820
hey there this is message 25821
hey there this is message 25822
hey there this is message 25823
hey there this is message 25824
hey there this is message 25825
hey there this is message 25826
hey there this is message 25827
hey there this is message 25828
hey there this is message 25829
hey there this is message 25830
hey there this is message 25831
hey there this is message 25832
hey there this is message 25833
hey there this is message 25834
hey there this is message 25835
hey there this is message 25836
hey there this is message 25837
hey there this is message 25838
hey there this is message 25839
hey there this is message 25840
hey there this is message 25841
hey there this is message 25842
hey there this is message 25843
hey there this is message 25844
hey there this is message 25845
hey there this is message 25846
hey there this is message 25847
hey there this is message 25848
hey there this is message 25849
hey there this is message 25850
hey there this is message 25851
hey there this is message 25852
hey there this is message 25853
hey there this is message 25854
hey there this is message 25855
hey there this is message 25856
hey there this is message 25857
hey there this is message 25858
hey there this is message 25859
hey there this is message 25860
hey there this is message 25861
hey there this is message 25862
hey there this is message 25863
hey there this is message 25864
hey there this is message 25865
hey there this is message 25866
hey there this is message 25867
hey there this is message 25868
hey there this is message 25869
hey there this is message 25870
hey there this is message 25871
hey there this is message 25872
hey there this is message 25873
hey there this is message 25874
hey there this is message 25875
hey there this is message 25876
hey there this is message 25877
hey there this is message 25878
hey there this is message 25879
hey there this is message 25880
hey there this is message 25881
hey there this is message 25882
hey there this is message 25883
hey there this is message 25884
hey there this is message 25885
hey there this is message 25886
hey there this is message 25887
hey there this is message 25888
hey there this is message 25889
hey there this is message 25890
hey there this is message 25891
hey there this is message 25892
hey there this is message 25893
hey there this is message 25894
hey there this is message 25895
hey there this is message 25896
hey there this is message 25897
hey there this is message 25898
hey there this is message 25899
hey there this is message 25900
hey there this is message 25901
hey there this is message 25902
hey there this is message 25903
hey there this is message 25904
hey there this is message 25905
hey there this is message 25906
hey there this is message 25907
hey there this is message 25908
hey there this is message 25909
hey there this is message 25910
hey there this is message 25911
hey there this is message 25912
hey there this is message 25913
hey there this is message 25914
hey there this is message 25915
hey there this is message 25916
hey there this is message 25917
hey there this is message 25918
hey there this is message 25919
hey there this is message 25920
hey there this is message 25921
hey there this is message 25922
hey there this is message 25923
hey there this is message 25924
hey there this is message 25925
hey there this is message 25926
hey there this is message 25927
hey there this is message 25928
hey there this is message 25929
hey there this is message 25930
hey there this is message 25931
hey there this is message 25932
hey there this is message 25933
hey there this is message 25934
hey there this is message 25935
hey there this is message 25936
hey there this is message 25937
hey there this is message 25938
hey there this is message 25939
hey there this is message 25940
hey there this is message 25941
hey there this is message 25942
hey there this is message 25943
hey there this is message 25944
hey there this is message 25945
hey there this is message 25946
hey there this is message 25947
hey there this is message 25948
hey there this is message 25949
hey there this is message 25950
hey there this is message 25951
hey there this is message 25952
hey there this is message 25953
hey there this is message 25954
hey there this is message 25955
hey there this is message 25956
hey there this is message 25957
hey there this is message 25958
hey there this is message 25959
hey there this is message 25960
hey there this is message 25961
hey there this is message 25962
hey there this is message 25963
hey there this is message 25964
hey there this is message 25965
hey there this is message 25966
hey there this is message 25967
hey there this is message 25968
hey there this is message 25969
hey there this is message 25970
hey there this is message 25971
hey there this is message 25972
hey there this is message 25973
hey there this is message 25974
hey there this is message 25975
hey there this is message 25976
hey there this is message 25977
hey there this is message 25978
hey there this is message 25979
hey there this is message 25980
hey there this is message 25981
hey there this is message 25982
hey there this is message 25983
hey there this is message 25984
hey there this is message 25985
hey there this is message 25986
hey there this is message 25987
hey there this is message 25988
hey there this is message 25989
hey there this is message 25990
hey there this is message 25991
hey there this is message 25992
hey there this is message 25993
hey there this is message 25994
hey there this is message 25995
hey there this is message 25996
hey there this is message 25997
hey there this is message 25998
hey there this is message 25999
hey there this is message 26000
hey there this is message 26001
hey there this is message 26002
hey there this is message 26003
hey there this is message 26004
hey there this is message 26005
hey there this is message 26006
hey there this is message 26007
hey there this is message 26008
hey there this is message 26009
hey there this is message 26010
hey there this is message 26011
hey there this is message 26012
hey there this is message 26013
hey there this is message 26014
hey there this is message 26015
hey there this is message 26016
hey there this is message 26017
hey there this is message 26018
hey there this is message 26019
hey there this is message 26020
hey there this is message 26021
hey there this is message 26022
hey there this is message 26023
hey there this is message 26024
hey there this is message 26025
hey there this is message 26026
hey there this is message 26027
hey there this is message 26028
hey there this is message 26029
hey there this is message 26030
hey there this is message 26031
hey there this is message 26032
hey there this is message 26033
hey there this is message 26034
hey there this is message 26035
hey there this is message 26036
hey there this is message 26037
hey there this is message 26038
hey there this is message 26039
hey there this is message 26040
hey there this is message 26041
hey there this is message 26042
hey there this is message 26043
hey there this is message 26044
hey there this is message 26045
hey there this is message 26046
hey there this is message 26047
hey there this is message 26048
hey there this is message 26049
hey there this is message 26050
hey there this is message 26051
hey there this is message 26052
hey there this is message 26053
hey there this is message 26054
hey there this is message 26055
hey there this is message 26056
hey there this is message 26057
hey there this is message 26058
hey there this is message 26059
hey there this is message 26060
hey there this is message 26061
hey there this is message 26062
hey there this is message 26063
hey there this is message 26064
hey there this is message 26065
hey there this is message 26066
hey there this is message 26067
hey there this is message 26068
hey there this is message 26069
hey there this is message 26070
hey there this is message 26071
hey there this is message 26072
hey there this is message 26073
hey there this is message 26074
hey there this is message 26075
hey there this is message 26076
hey there this is message 26077
hey there this is message 26078
hey there this is message 26079
hey there this is message 26080
hey there this is message 26081
hey there this is message 26082
hey there this is message 26083
hey there this is message 26084
hey there this is message 26085
hey there this is message 26086
hey there this is message 26087
hey there this is message 26088
hey there this is message 26089
hey there this is message 26090
hey there this is message 26091
hey there this is message 26092
hey there this is message 26093
hey there this is message 26094
hey there this is message 26095
hey there this is message 26096
hey there this is message 26097
hey there this is message 26098
hey there this is message 26099
hey there this is message 26100
hey there this is message 26101
hey there this is message 26102
hey there this is message 26103
hey there this is message 26104
hey there this is message 26105
hey there this is message 26106
hey there this is message 26107
hey there this is message 26108
hey there this is message 26109
hey there this is message 26110
hey there this is message 26111
hey there this is message 26112
hey there this is message 26113
hey there this is message 26114
hey there this is message 26115
hey there this is message 26116
hey there this is message 26117
hey there this is message 26118
hey there this is message 26119
hey there this is message 26120
hey there this is message 26121
hey there this is message 26122
hey there this is message 26123
hey there this is message 26124
hey there this is message 26125
hey there this is message 26126
hey there this is message 26127
hey there this is message 26128
hey there this is message 26129
hey there this is message 26130
hey there this is message 26131
hey there this is message 26132
hey there this is message 26133
hey there this is message 26134
hey there this is message 26135
hey there this is message 26136
hey there this is message 26137
hey there this is message 26138
hey there this is message 26139
hey there this is message 26140
hey there this is message 26141
hey there this is message 26142
hey there this is message 26143
hey there this is message 26144
hey there this is message 26145
hey there this is message 26146
hey there this is message 26147
hey there this is message 26148
hey there this is message 26149
hey there this is message 26150
hey there this is message 26151
hey there this is message 26152
hey there this is message 26153
hey there this is message 26154
hey there this is message 26155
hey there this is message 26156
hey there this is message 26157
hey there this is message 26158
hey there this is message 26159
hey there this is message 26160
hey there this is message 26161
hey there this is message 26162
hey there this is message 26163
hey there this is message 26164
hey there this is message 26165
hey there this is message 26166
hey there this is message 26167
hey there this is message 26168
hey there this is message 26169
hey there this is message 26170
hey there this is message 26171
hey there this is message 26172
hey there this is message 26173
hey there this is message 26174
hey there this is message 26175
hey there this is message 26176
hey there this is message 26177
hey there this is message 26178
hey there this is message 26179
hey there this is message 26180
hey there this is message 26181
hey there this is message 26182
hey there this is message 26183
hey there this is message 26184
hey there this is message 26185
hey there this is message 26186
hey there this is message 26187
hey there this is message 26188
hey there this is message 26189
hey there this is message 26190
hey there this is message 26191
hey there this is message 26192
hey there this is message 26193
hey there this is message 26194
hey there this is message 26195
hey there this is message 26196
hey there this is message 26197
hey there this is message 26198
hey there this is message 26199
hey there this is message 26200
hey there this is message 26201
hey there this is message 26202
hey there this is message 26203
hey there this is message 26204
hey there this is message 26205
hey there this is message 26206
hey there this is message 26207
hey there this is message 26208
hey there this is message 26209
hey there this is message 26210
hey there this is message 26211
hey there this is message 26212
hey there this is message 26213
hey there this is message 26214
hey there this is message 26215
hey there this is message 26216
hey there this is message 26217
hey there this is message 26218
hey there this is message 26219
hey there this is message 26220
hey there this is message 26221
hey there this is message 26222
hey there this is message 26223
hey there this is message 26224
hey there this is message 26225
hey there this is message 26226
hey there this is message 26227
hey there this is message 26228
hey there this is message 26229
hey there this is message 26230
hey there this is message 26231
hey there this is message 26232
hey there this is message 26233
hey there this is message 26234
hey there this is message 26235
hey there this is message 26236
hey there this is message 26237
hey there this is message 26238
hey there this is message 26239
hey there this is message 26240
hey there this is message 26241
hey there this is message 26242
hey there this is message 26243
hey there this is message 26244
hey there this is message 26245
hey there this is message 26246
hey there this is message 26247
hey there this is message 26248
hey there this is message 26249
hey there this is message 26250
hey there this is message 26251
hey there this is message 26252
hey there this is message 26253
hey there this is message 26254
hey there this is message 26255
hey there this is message 26256
hey there this is message 26257
hey there this is message 26258
hey there this is message 26259
hey there this is message 26260
hey there this is message 26261
hey there this is message 26262
hey there this is message 26263
hey there this is message 26264
hey there this is message 26265
hey there this is message 26266
hey there this is message 26267
hey there this is message 26268
hey there this is message 26269
hey there this is message 26270
hey there this is message 26271
hey there this is message 26272
hey there this is message 26273
hey there this is message 26274
hey there this is message 26275
hey there this is message 26276
hey there this is message 26277
hey there this is message 26278
hey there this is message 26279
hey there this is message 26280
hey there this is message 26281
hey there this is message 26282
hey there this is message 26283
hey there this is message 26284
hey there this is message 26285
hey there this is message 26286
hey there this is message 26287
hey there this is message 26288
hey there this is message 26289
hey there this is message 26290
hey there this is message 26291
hey there this is message 26292
hey there this is message 26293
hey there this is message 26294
hey there this is message 26295
hey there this is message 26296
hey there this is message 26297
hey there this is message 26298
hey there this is message 26299
hey there this is message 26300
hey there this is message 26301
hey there this is message 26302
hey there this is message 26303
hey there this is message 26304
hey there this is message 26305
hey there this is message 26306
hey there this is message 26307
hey there this is message 26308
hey there this is message 26309
hey there this is message 26310
hey there this is message 26311
hey there this is message 26312
hey there this is message 26313
hey there this is message 26314
hey there this is message 26315
hey there this is message 26316
hey there this is message 26317
hey there this is message 26318
hey there this is message 26319
hey there this is message 26320
hey there this is message 26321
hey there this is message 26322
hey there this is message 26323
hey there this is message 26324
hey there this is message 26325
hey there this is message 26326
hey there this is message 26327
hey there this is message 26328
hey there this is message 26329
hey there this is message 26330
hey there this is message 26331
hey there this is message 26332
hey there this is message 26333
hey there this is message 26334
hey there this is message 26335
hey there this is message 26336
hey there this is message 26337
hey there this is message 26338
hey there this is message 26339
hey there this is message 26340
hey there this is message 26341
hey there this is message 26342
hey there this is message 26343
hey there this is message 26344
hey there this is message 26345
hey there this is message 26346
hey there this is message 26347
hey there this is message 26348
hey there this is message 26349
hey there this is message 26350
hey there this is message 26351
hey there this is message 26352
hey there this is message 26353
hey there this is message 26354
hey there this is message 26355
hey there this is message 26356
hey there this is message 26357
hey there this is message 26358
hey there this is message 26359
hey there this is message 26360
hey there this is message 26361
hey there this is message 26362
hey there this is message 26363
hey there this is message 26364
hey there this is message 26365
hey there this is message 26366
hey there this is message 26367
hey there this is message 26368
hey there this is message 26369
hey there this is message 26370
hey there this is message 26371
hey there this is message 26372
hey there this is message 26373
hey there this is message 26374
hey there this is message 26375
hey there this is message 26376
hey there this is message 26377
hey there this is message 26378
hey there this is message 26379
hey there this is message 26380
hey there this is message 26381
hey there this is message 26382
hey there this is message 26383
hey there this is message 26384
hey there this is message 26385
hey there this is message 26386
hey there this is message 26387
hey there this is message 26388
hey there this is message 26389
hey there this is message 26390
hey there this is message 26391
hey there this is message 26392
hey there this is message 26393
hey there this is message 26394
hey there this is message 26395
hey there this is message 26396
hey there this is message 26397
hey there this is message 26398
hey there this is message 26399
hey there this is message 26400
hey there this is message 26401
hey there this is message 26402
hey there this is message 26403
hey there this is message 26404
hey there this is message 26405
hey there this is message 26406
hey there this is message 26407
hey there this is message 26408
hey there this is message 26409
hey there this is message 26410
hey there this is message 26411
hey there this is message 26412
hey there this is message 26413
hey there this is message 26414
hey there this is message 26415
hey there this is message 26416
hey there this is message 26417
hey there this is message 26418
hey there this is message 26419
hey there this is message 26420
hey there this is message 26421
hey there this is message 26422
hey there this is message 26423
hey there this is message 26424
hey there this is message 26425
hey there this is message 26426
hey there this is message 26427
hey there this is message 26428
hey there this is message 26429
hey there this is message 26430
hey there this is message 26431
hey there this is message 26432
hey there this is message 26433
hey there this is message 26434
hey there this is message 26435
hey there this is message 26436
hey there this is message 26437
hey there this is message 26438
hey there this is message 26439
hey there this is message 26440
hey there this is message 26441
hey there this is message 26442
hey there this is message 26443
hey there this is message 26444
hey there this is message 26445
hey there this is message 26446
hey there this is message 26447
hey there this is message 26448
hey there this is message 26449
hey there this is message 26450
hey there this is message 26451
hey there this is message 26452
hey there this is message 26453
hey there this is message 26454
hey there this is message 26455
hey there this is message 26456
hey there this is message 26457
hey there this is message 26458
hey there this is message 26459
hey there this is message 26460
hey there this is message 26461
hey there this is message 26462
hey there this is message 26463
hey there this is message 26464
hey there this is message 26465
hey there this is message 26466
hey there this is message 26467
hey there this is message 26468
hey there this is message 26469
hey there this is message 26470
hey there this is message 26471
hey there this is message 26472
hey there this is message 26473
hey there this is message 26474
hey there this is message 26475
hey there this is message 26476
hey there this is message 26477
hey there this is message 26478
hey there this is message 26479
hey there this is message 26480
hey there this is message 26481
hey there this is message 26482
hey there this is message 26483
hey there this is message 26484
hey there this is message 26485
hey there this is message 26486
hey there this is message 26487
hey there this is message 26488
hey there this is message 26489
hey there this is message 26490
hey there this is message 26491
hey there this is message 26492
hey there this is message 26493
hey there this is message 26494
hey there this is message 26495
hey there this is message 26496
hey there this is message 26497
hey there this is message 26498
hey there this is message 26499
hey there this is message 26500
hey there this is message 26501
hey there this is message 26502
hey there this is message 26503
hey there this is message 26504
hey there this is message 26505
hey there this is message 26506
hey there this is message 26507
hey there this is message 26508
hey there this is message 26509
hey there this is message 26510
hey there this is message 26511
hey there this is message 26512
hey there this is message 26513
hey there this is message 26514
hey there this is message 26515
hey there this is message 26516
hey there this is message 26517
hey there this is message 26518
hey there this is message 26519
hey there this is message 26520
hey there this is message 26521
hey there this is message 26522
hey there this is message 26523
hey there this is message 26524
hey there this is message 26525
hey there this is message 26526
hey there this is message 26527
hey there this is message 26528
hey there this is message 26529
hey there this is message 26530
hey there this is message 26531
hey there this is message 26532
hey there this is message 26533
hey there this is message 26534
hey there this is message 26535
hey there this is message 26536
hey there this is message 26537
hey there this is message 26538
hey there this is message 26539
hey there this is message 26540
hey there this is message 26541
hey there this is message 26542
hey there this is message 26543
hey there this is message 26544
hey there this is message 26545
hey there this is message 26546
hey there this is message 26547
hey there this is message 26548
hey there this is message 26549
hey there this is message 26550
hey there this is message 26551
hey there this is message 26552
hey there this is message 26553
hey there this is message 26554
hey there this is message 26555
hey there this is message 26556
hey there this is message 26557
hey there this is message 26558
hey there this is message 26559
hey there this is message 26560
hey there this is message 26561
hey there this is message 26562
hey there this is message 26563
hey there this is message 26564
hey there this is message 26565
hey there this is message 26566
hey there this is message 26567
hey there this is message 26568
hey there this is message 26569
hey there this is message 26570
hey there this is message 26571
hey there this is message 26572
hey there this is message 26573
hey there this is message 26574
hey there this is message 26575
hey there this is message 26576
hey there this is message 26577
hey there this is message 26578
hey there this is message 26579
hey there this is message 26580
hey there this is message 26581
hey there this is message 26582
hey there this is message 26583
hey there this is message 26584
hey there this is message 26585
hey there this is message 26586
hey there this is message 26587
hey there this is message 26588
hey there this is message 26589
hey there this is message 26590
hey there this is message 26591
hey there this is message 26592
hey there this is message 26593
hey there this is message 26594
hey there this is message 26595
hey there this is message 26596
hey there this is message 26597
hey there this is message 26598
hey there this is message 26599
hey there this is message 26600
hey there this is message 26601
hey there this is message 26602
hey there this is message 26603
hey there this is message 26604
hey there this is message 26605
hey there this is message 26606
hey there this is message 26607
hey there this is message 26608
hey there this is message 26609
hey there this is message 26610
hey there this is message 26611
hey there this is message 26612
hey there this is message 26613
hey there this is message 26614
hey there this is message 26615
hey there this is message 26616
hey there this is message 26617
hey there this is message 26618
hey there this is message 26619
hey there this is message 26620
hey there this is message 26621
hey there this is message 26622
hey there this is message 26623
hey there this is message 26624
hey there this is message 26625
hey there this is message 26626
hey there this is message 26627
hey there this is message 26628
hey there this is message 26629
hey there this is message 26630
hey there this is message 26631
hey there this is message 26632
hey there this is message 26633
hey there this is message 26634
hey there this is message 26635
hey there this is message 26636
hey there this is message 26637
hey there this is message 26638
hey there this is message 26639
hey there this is message 26640
hey there this is message 26641
hey there this is message 26642
hey there this is message 26643
hey there this is message 26644
hey there this is message 26645
hey there this is message 26646
hey there this is message 26647
hey there this is message 26648
hey there this is message 26649
hey there this is message 26650
hey there this is message 26651
hey there this is message 26652
hey there this is message 26653
hey there this is message 26654
hey there this is message 26655
hey there this is message 26656
hey there this is message 26657
hey there this is message 26658
hey there this is message 26659
hey there this is message 26660
hey there this is message 26661
hey there this is message 26662
hey there this is message 26663
hey there this is message 26664
hey there this is message 26665
hey there this is message 26666
hey there this is message 26667
hey there this is message 26668
hey there this is message 26669
hey there this is message 26670
hey there this is message 26671
hey there this is message 26672
hey there this is message 26673
hey there this is message 26674
hey there this is message 26675
hey there this is message 26676
hey there this is message 26677
hey there this is message 26678
hey there this is message 26679
hey there this is message 26680
hey there this is message 26681
hey there this is message 26682
hey there this is message 26683
hey there this is message 26684
hey there this is message 26685
hey there this is message 26686
hey there this is message 26687
hey there this is message 26688
hey there this is message 26689
hey there this is message 26690
hey there this is message 26691
hey there this is message 26692
hey there this is message 26693
hey there this is message 26694
hey there this is message 26695
hey there this is message 26696
hey there this is message 26697
hey there this is message 26698
hey there this is message 26699
hey there this is message 26700
hey there this is message 26701
hey there this is message 26702
hey there this is message 26703
hey there this is message 26704
hey there this is message 26705
hey there this is message 26706
hey there this is message 26707
hey there this is message 26708
hey there this is message 26709
hey there this is message 26710
hey there this is message 26711
hey there this is message 26712
hey there this is message 26713
hey there this is message 26714
hey there this is message 26715
hey there this is message 26716
hey there this is message 26717
hey there this is message 26718
hey there this is message 26719
hey there this is message 26720
hey there this is message 26721
hey there this is message 26722
hey there this is message 26723
hey there this is message 26724
hey there this is message 26725
hey there this is message 26726
hey there this is message 26727
hey there this is message 26728
hey there this is message 26729
hey there this is message 26730
hey there this is message 26731
hey there this is message 26732
hey there this is message 26733
hey there this is message 26734
hey there this is message 26735
hey there this is message 26736
hey there this is message 26737
hey there this is message 26738
hey there this is message 26739
hey there this is message 26740
hey there this is message 26741
hey there this is message 26742
hey there this is message 26743
hey there this is message 26744
hey there this is message 26745
hey there this is message 26746
hey there this is message 26747
hey there this is message 26748
hey there this is message 26749
hey there this is message 26750
hey there this is message 26751
hey there this is message 26752
hey there this is message 26753
hey there this is message 26754
hey there this is message 26755
hey there this is message 26756
hey there this is message 26757
hey there this is message 26758
hey there this is message 26759
hey there this is message 26760
hey there this is message 26761
hey there this is message 26762
hey there this is message 26763
hey there this is message 26764
hey there this is message 26765
hey there this is message 26766
hey there this is message 26767
hey there this is message 26768
hey there this is message 26769
hey there this is message 26770
hey there this is message 26771
hey there this is message 26772
hey there this is message 26773
hey there this is message 26774
hey there this is message 26775
hey there this is message 26776
hey there this is message 26777
hey there this is message 26778
hey there this is message 26779
hey there this is message 26780
hey there this is message 26781
hey there this is message 26782
hey there this is message 26783
hey there this is message 26784
hey there this is message 26785
hey there this is message 26786
hey there this is message 26787
hey there this is message 26788
hey there this is message 26789
hey there this is message 26790
hey there this is message 26791
hey there this is message 26792
hey there this is message 26793
hey there this is message 26794
hey there this is message 26795
hey there this is message 26796
hey there this is message 26797
hey there this is message 26798
hey there this is message 26799
hey there this is message 26800
hey there this is message 26801
hey there this is message 26802
hey there this is message 26803
hey there this is message 26804
hey there this is message 26805
hey there this is message 26806
hey there this is message 26807
hey there this is message 26808
hey there this is message 26809
hey there this is message 26810
hey there this is message 26811
hey there this is message 26812
hey there this is message 26813
hey there this is message 26814
hey there this is message 26815
hey there this is message 26816
hey there this is message 26817
hey there this is message 26818
hey there this is message 26819
hey there this is message 26820
hey there this is message 26821
hey there this is message 26822
hey there this is message 26823
hey there this is message 26824
hey there this is message 26825
hey there this is message 26826
hey there this is message 26827
hey there this is message 26828
hey there this is message 26829
hey there this is message 26830
hey there this is message 26831
hey there this is message 26832
hey there this is message 26833
hey there this is message 26834
hey there this is message 26835
hey there this is message 26836
hey there this is message 26837
hey there this is message 26838
hey there this is message 26839
hey there this is message 26840
hey there this is message 26841
hey there this is message 26842
hey there this is message 26843
hey there this is message 26844
hey there this is message 26845
hey there this is message 26846
hey there this is message 26847
hey there this is message 26848
hey there this is message 26849
hey there this is message 26850
hey there this is message 26851
hey there this is message 26852
hey there this is message 26853
hey there this is message 26854
hey there this is message 26855
hey there this is message 26856
hey there this is message 26857
hey there this is message 26858
hey there this is message 26859
hey there this is message 26860
hey there this is message 26861
hey there this is message 26862
hey there this is message 26863
hey there this is message 26864
hey there this is message 26865
hey there this is message 26866
hey there this is message 26867
hey there this is message 26868
hey there this is message 26869
hey there this is message 26870
hey there this is message 26871
hey there this is message 26872
hey there this is message 26873
hey there this is message 26874
hey there this is message 26875
hey there this is message 26876
hey there this is message 26877
hey there this is message 26878
hey there this is message 26879
hey there this is message 26880
hey there this is message 26881
hey there this is message 26882
hey there this is message 26883
hey there this is message 26884
hey there this is message 26885
hey there this is message 26886
hey there this is message 26887
hey there this is message 26888
hey there this is message 26889
hey there this is message 26890
hey there this is message 26891
hey there this is message 26892
hey there this is message 26893
hey there this is message 26894
hey there this is message 26895
hey there this is message 26896
hey there this is message 26897
hey there this is message 26898
hey there this is message 26899
hey there this is message 26900
hey there this is message 26901
hey there this is message 26902
hey there this is message 26903
hey there this is message 26904
hey there this is message 26905
hey there this is message 26906
hey there this is message 26907
hey there this is message 26908
hey there this is message 26909
hey there this is message 26910
hey there this is message 26911
hey there this is message 26912
hey there this is message 26913
hey there this is message 26914
hey there this is message 26915
hey there this is message 26916
hey there this is message 26917
hey there this is message 26918
hey there this is message 26919
hey there this is message 26920
hey there this is message 26921
hey there this is message 26922
hey there this is message 26923
hey there this is message 26924
hey there this is message 26925
hey there this is message 26926
hey there this is message 26927
hey there this is message 26928
hey there this is message 26929
hey there this is message 26930
hey there this is message 26931
hey there this is message 26932
hey there this is message 26933
hey there this is message 26934
hey there this is message 26935
hey there this is message 26936
hey there this is message 26937
hey there this is message 26938
hey there this is message 26939
hey there this is message 26940
hey there this is message 26941
hey there this is message 26942
hey there this is message 26943
hey there this is message 26944
hey there this is message 26945
hey there this is message 26946
hey there this is message 26947
hey there this is message 26948
hey there this is message 26949
hey there this is message 26950
hey there this is message 26951
hey there this is message 26952
hey there this is message 26953
hey there this is message 26954
hey there this is message 26955
hey there this is message 26956
hey there this is message 26957
hey there this is message 26958
hey there this is message 26959
hey there this is message 26960
hey there this is message 26961
hey there this is message 26962
hey there this is message 26963
hey there this is message 26964
hey there this is message 26965
hey there this is message 26966
hey there this is message 26967
hey there this is message 26968
hey there this is message 26969
hey there this is message 26970
hey there this is message 26971
hey there this is message 26972
hey there this is message 26973
hey there this is message 26974
hey there this is message 26975
hey there this is message 26976
hey there this is message 26977
hey there this is message 26978
hey there this is message 26979
hey there this is message 26980
hey there this is message 26981
hey there this is message 26982
hey there this is message 26983
hey there this is message 26984
hey there this is message 26985
hey there this is message 26986
hey there this is message 26987
hey there this is message 26988
hey there this is message 26989
hey there this is message 26990
hey there this is message 26991
hey there this is message 26992
hey there this is message 26993
hey there this is message 26994
hey there this is message 26995
hey there this is message 26996
hey there this is message 26997
hey there this is message 26998
hey there this is message 26999
hey there this is message 27000
hey there this is message 27001
hey there this is message 27002
hey there this is message 27003
hey there this is message 27004
hey there this is message 27005
hey there this is message 27006
hey there this is message 27007
hey there this is message 27008
hey there this is message 27009
hey there this is message 27010
hey there this is message 27011
hey there this is message 27012
hey there this is message 27013
hey there this is message 27014
hey there this is message 27015
hey there this is message 27016
hey there this is message 27017
hey there this is message 27018
hey there this is message 27019
hey there this is message 27020
hey there this is message 27021
hey there this is message 27022
hey there this is message 27023
hey there this is message 27024
hey there this is message 27025
hey there this is message 27026
hey there this is message 27027
hey there this is message 27028
hey there this is message 27029
hey there this is message 27030
hey there this is message 27031
hey there this is message 27032
hey there this is message 27033
hey there this is message 27034
hey there this is message 27035
hey there this is message 27036
hey there this is message 27037
hey there this is message 27038
hey there this is message 27039
hey there this is message 27040
hey there this is message 27041
hey there this is message 27042
hey there this is message 27043
hey there this is message 27044
hey there this is message 27045
hey there this is message 27046
hey there this is message 27047
hey there this is message 27048
hey there this is message 27049
hey there this is message 27050
hey there this is message 27051
hey there this is message 27052
hey there this is message 27053
hey there this is message 27054
hey there this is message 27055
hey there this is message 27056
hey there this is message 27057
hey there this is message 27058
hey there this is message 27059
hey there this is message 27060
hey there this is message 27061
hey there this is message 27062
hey there this is message 27063
hey there this is message 27064
hey there this is message 27065
hey there this is message 27066
hey there this is message 27067
hey there this is message 27068
hey there this is message 27069
hey there this is message 27070
hey there this is message 27071
hey there this is message 27072
hey there this is message 27073
hey there this is message 27074
hey there this is message 27075
hey there this is message 27076
hey there this is message 27077
hey there this is message 27078
hey there this is message 27079
hey there this is message 27080
hey there this is message 27081
hey there this is message 27082
hey there this is message 27083
hey there this is message 27084
hey there this is message 27085
hey there this is message 27086
hey there this is message 27087
hey there this is message 27088
hey there this is message 27089
hey there this is message 27090
hey there this is message 27091
hey there this is message 27092
hey there this is message 27093
hey there this is message 27094
hey there this is message 27095
hey there this is message 27096
hey there this is message 27097
hey there this is message 27098
hey there this is message 27099
hey there this is message 27100
hey there this is message 27101
hey there this is message 27102
hey there this is message 27103
hey there this is message 27104
hey there this is message 27105
hey there this is message 27106
hey there this is message 27107
hey there this is message 27108
hey there this is message 27109
hey there this is message 27110
hey there this is message 27111
hey there this is message 27112
hey there this is message 27113
hey there this is message 27114
hey there this is message 27115
hey there this is message 27116
hey there this is message 27117
hey there this is message 27118
hey there this is message 27119
hey there this is message 27120
hey there this is message 27121
hey there this is message 27122
hey there this is message 27123
hey there this is message 27124
hey there this is message 27125
hey there this is message 27126
hey there this is message 27127
hey there this is message 27128
hey there this is message 27129
hey there this is message 27130
hey there this is message 27131
hey there this is message 27132
hey there this is message 27133
hey there this is message 27134
hey there this is message 27135
hey there this is message 27136
hey there this is message 27137
hey there this is message 27138
hey there this is message 27139
hey there this is message 27140
hey there this is message 27141
hey there this is message 27142
hey there this is message 27143
hey there this is message 27144
hey there this is message 27145
hey there this is message 27146
hey there this is message 27147
hey there this is message 27148
hey there this is message 27149
hey there this is message 27150
hey there this is message 27151
hey there this is message 27152
hey there this is message 27153
hey there this is message 27154
hey there this is message 27155
hey there this is message 27156
hey there this is message 27157
hey there this is message 27158
hey there this is message 27159
hey there this is message 27160
hey there this is message 27161
hey there this is message 27162
hey there this is message 27163
hey there this is message 27164
hey there this is message 27165
hey there this is message 27166
hey there this is message 27167
hey there this is message 27168
hey there this is message 27169
hey there this is message 27170
hey there this is message 27171
hey there this is message 27172
hey there this is message 27173
hey there this is message 27174
hey there this is message 27175
hey there this is message 27176
hey there this is message 27177
hey there this is message 27178
hey there this is message 27179
hey there this is message 27180
hey there this is message 27181
hey there this is message 27182
hey there this is message 27183
hey there this is message 27184
hey there this is message 27185
hey there this is message 27186
hey there this is message 27187
hey there this is message 27188
hey there this is message 27189
hey there this is message 27190
hey there this is message 27191
hey there this is message 27192
hey there this is message 27193
hey there this is message 27194
hey there this is message 27195
hey there this is message 27196
hey there this is message 27197
hey there this is message 27198
hey there this is message 27199
hey there this is message 27200
hey there this is message 27201
hey there this is message 27202
hey there this is message 27203
hey there this is message 27204
hey there this is message 27205
hey there this is message 27206
hey there this is message 27207
hey there this is message 27208
hey there this is message 27209
hey there this is message 27210
hey there this is message 27211
hey there this is message 27212
hey there this is message 27213
hey there this is message 27214
hey there this is message 27215
hey there this is message 27216
hey there this is message 27217
hey there this is message 27218
hey there this is message 27219
hey there this is message 27220
hey there this is message 27221
hey there this is message 27222
hey there this is message 27223
hey there this is message 27224
hey there this is message 27225
hey there this is message 27226
hey there this is message 27227
hey there this is message 27228
hey there this is message 27229
hey there this is message 27230
hey there this is message 27231
hey there this is message 27232
hey there this is message 27233
hey there this is message 27234
hey there this is message 27235
hey there this is message 27236
hey there this is message 27237
hey there this is message 27238
hey there this is message 27239
hey there this is message 27240
hey there this is message 27241
hey there this is message 27242
hey there this is message 27243
hey there this is message 27244
hey there this is message 27245
hey there this is message 27246
hey there this is message 27247
hey there this is message 27248
hey there this is message 27249
hey there this is message 27250
hey there this is message 27251
hey there this is message 27252
hey there this is message 27253
hey there this is message 27254
hey there this is message 27255
hey there this is message 27256
hey there this is message 27257
hey there this is message 27258
hey there this is message 27259
hey there this is message 27260
hey there this is message 27261
hey there this is message 27262
hey there this is message 27263
hey there this is message 27264
hey there this is message 27265
hey there this is message 27266
hey there this is message 27267
hey there this is message 27268
hey there this is message 27269
hey there this is message 27270
hey there this is message 27271
hey there this is message 27272
hey there this is message 27273
hey there this is message 27274
hey there this is message 27275
hey there this is message 27276
hey there this is message 27277
hey there this is message 27278
hey there this is message 27279
hey there this is message 27280
hey there this is message 27281
hey there this is message 27282
hey there this is message 27283
hey there this is message 27284
hey there this is message 27285
hey there this is message 27286
hey there this is message 27287
hey there this is message 27288
hey there this is message 27289
hey there this is message 27290
hey there this is message 27291
hey there this is message 27292
hey there this is message 27293
hey there this is message 27294
hey there this is message 27295
hey there this is message 27296
hey there this is message 27297
hey there this is message 27298
hey there this is message 27299
hey there this is message 27300
hey there this is message 27301
hey there this is message 27302
hey there this is message 27303
hey there this is message 27304
hey there this is message 27305
hey there this is message 27306
hey there this is message 27307
hey there this is message 27308
hey there this is message 27309
hey there this is message 27310
hey there this is message 27311
hey there this is message 27312
hey there this is message 27313
hey there this is message 27314
hey there this is message 27315
hey there this is message 27316
hey there this is message 27317
hey there this is message 27318
hey there this is message 27319
hey there this is message 27320
hey there this is message 27321
hey there this is message 27322
hey there this is message 27323
hey there this is message 27324
hey there this is message 27325
hey there this is message 27326
hey there this is message 27327
hey there this is message 27328
hey there this is message 27329
hey there this is message 27330
hey there this is message 27331
hey there this is message 27332
hey there this is message 27333
hey there this is message 27334
hey there this is message 27335
hey there this is message 27336
hey there this is message 27337
hey there this is message 27338
hey there this is message 27339
hey there this is message 27340
hey there this is message 27341
hey there this is message 27342
hey there this is message 27343
hey there this is message 27344
hey there this is message 27345
hey there this is message 27346
hey there this is message 27347
hey there this is message 27348
hey there this is message 27349
hey there this is message 27350
hey there this is message 27351
hey there this is message 27352
hey there this is message 27353
hey there this is message 27354
hey there this is message 27355
hey there this is message 27356
hey there this is message 27357
hey there this is message 27358
hey there this is message 27359
hey there this is message 27360
hey there this is message 27361
hey there this is message 27362
hey there this is message 27363
hey there this is message 27364
hey there this is message 27365
hey there this is message 27366
hey there this is message 27367
hey there this is message 27368
hey there this is message 27369
hey there this is message 27370
hey there this is message 27371
hey there this is message 27372
hey there this is message 27373
hey there this is message 27374
hey there this is message 27375
hey there this is message 27376
hey there this is message 27377
hey there this is message 27378
hey there this is message 27379
hey there this is message 27380
hey there this is message 27381
hey there this is message 27382
hey there this is message 27383
hey there this is message 27384
hey there this is message 27385
hey there this is message 27386
hey there this is message 27387
hey there this is message 27388
hey there this is message 27389
hey there this is message 27390
hey there this is message 27391
hey there this is message 27392
hey there this is message 27393
hey there this is message 27394
hey there this is message 27395
hey there this is message 27396
hey there this is message 27397
hey there this is message 27398
hey there this is message 27399
hey there this is message 27400
hey there this is message 27401
hey there this is message 27402
hey there this is message 27403
hey there this is message 27404
hey there this is message 27405
hey there this is message 27406
hey there this is message 27407
hey there this is message 27408
hey there this is message 27409
hey there this is message 27410
hey there this is message 27411
hey there this is message 27412
hey there this is message 27413
hey there this is message 27414
hey there this is message 27415
hey there this is message 27416
hey there this is message 27417
hey there this is message 27418
hey there this is message 27419
hey there this is message 27420
hey there this is message 27421
hey there this is message 27422
hey there this is message 27423
hey there this is message 27424
hey there this is message 27425
hey there this is message 27426
hey there this is message 27427
hey there this is message 27428
hey there this is message 27429
hey there this is message 27430
hey there this is message 27431
hey there this is message 27432
hey there this is message 27433
hey there this is message 27434
hey there this is message 27435
hey there this is message 27436
hey there this is message 27437
hey there this is message 27438
hey there this is message 27439
hey there this is message 27440
hey there this is message 27441
hey there this is message 27442
hey there this is message 27443
hey there this is message 27444
hey there this is message 27445
hey there this is message 27446
hey there this is message 27447
hey there this is message 27448
hey there this is message 27449
hey there this is message 27450
hey there this is message 27451
hey there this is message 27452
hey there this is message 27453
hey there this is message 27454
hey there this is message 27455
hey there this is message 27456
hey there this is message 27457
hey there this is message 27458
hey there this is message 27459
hey there this is message 27460
hey there this is message 27461
hey there this is message 27462
hey there this is message 27463
hey there this is message 27464
hey there this is message 27465
hey there this is message 27466
hey there this is message 27467
hey there this is message 27468
hey there this is message 27469
hey there this is message 27470
hey there this is message 27471
hey there this is message 27472
hey there this is message 27473
hey there this is message 27474
hey there this is message 27475
hey there this is message 27476
hey there this is message 27477
hey there this is message 27478
hey there this is message 27479
hey there this is message 27480
hey there this is message 27481
hey there this is message 27482
hey there this is message 27483
hey there this is message 27484
hey there this is message 27485
hey there this is message 27486
hey there this is message 27487
hey there this is message 27488
hey there this is message 27489
hey there this is message 27490
hey there this is message 27491
hey there this is message 27492
hey there this is message 27493
hey there this is message 27494
hey there this is message 27495
hey there this is message 27496
hey there this is message 27497
hey there this is message 27498
hey there this is message 27499
hey there this is message 27500
hey there this is message 27501
hey there this is message 27502
hey there this is message 27503
hey there this is message 27504
hey there this is message 27505
hey there this is message 27506
hey there this is message 27507
hey there this is message 27508
hey there this is message 27509
hey there this is message 27510
hey there this is message 27511
hey there this is message 27512
hey there this is message 27513
hey there this is message 27514
hey there this is message 27515
hey there this is message 27516
hey there this is message 27517
hey there this is message 27518
hey there this is message 27519
hey there this is message 27520
hey there this is message 27521
hey there this is message 27522
hey there this is message 27523
hey there this is message 27524
hey there this is message 27525
hey there this is message 27526
hey there this is message 27527
hey there this is message 27528
hey there this is message 27529
hey there this is message 27530
hey there this is message 27531
hey there this is message 27532
hey there this is message 27533
hey there this is message 27534
hey there this is message 27535
hey there this is message 27536
hey there this is message 27537
hey there this is message 27538
hey there this is message 27539
hey there this is message 27540
hey there this is message 27541
hey there this is message 27542
hey there this is message 27543
hey there this is message 27544
hey there this is message 27545
hey there this is message 27546
hey there this is message 27547
hey there this is message 27548
hey there this is message 27549
hey there this is message 27550
hey there this is message 27551
hey there this is message 27552
hey there this is message 27553
hey there this is message 27554
hey there this is message 27555
hey there this is message 27556
hey there this is message 27557
hey there this is message 27558
hey there this is message 27559
hey there this is message 27560
hey there this is message 27561
hey there this is message 27562
hey there this is message 27563
hey there this is message 27564
hey there this is message 27565
hey there this is message 27566
hey there this is message 27567
hey there this is message 27568
hey there this is message 27569
hey there this is message 27570
hey there this is message 27571
hey there this is message 27572
hey there this is message 27573
hey there this is message 27574
hey there this is message 27575
hey there this is message 27576
hey there this is message 27577
hey there this is message 27578
hey there this is message 27579
hey there this is message 27580
hey there this is message 27581
hey there this is message 27582
hey there this is message 27583
hey there this is message 27584
hey there this is message 27585
hey there this is message 27586
hey there this is message 27587
hey there this is message 27588
hey there this is message 27589
hey there this is message 27590
hey there this is message 27591
hey there this is message 27592
hey there this is message 27593
hey there this is message 27594
hey there this is message 27595
hey there this is message 27596
hey there this is message 27597
hey there this is message 27598
hey there this is message 27599
hey there this is message 27600
hey there this is message 27601
hey there this is message 27602
hey there this is message 27603
hey there this is message 27604
hey there this is message 27605
hey there this is message 27606
hey there this is message 27607
hey there this is message 27608
hey there this is message 27609
hey there this is message 27610
hey there this is message 27611
hey there this is message 27612
hey there this is message 27613
hey there this is message 27614
hey there this is message 27615
hey there this is message 27616
hey there this is message 27617
hey there this is message 27618
hey there this is message 27619
hey there this is message 27620
hey there this is message 27621
hey there this is message 27622
hey there this is message 27623
hey there this is message 27624
hey there this is message 27625
hey there this is message 27626
hey there this is message 27627
hey there this is message 27628
hey there this is message 27629
hey there this is message 27630
hey there this is message 27631
hey there this is message 27632
hey there this is message 27633
hey there this is message 27634
hey there this is message 27635
hey there this is message 27636
hey there this is message 27637
hey there this is message 27638
hey there this is message 27639
hey there this is message 27640
hey there this is message 27641
hey there this is message 27642
hey there this is message 27643
hey there this is message 27644
hey there this is message 27645
hey there this is message 27646
hey there this is message 27647
hey there this is message 27648
hey there this is message 27649
hey there this is message 27650
hey there this is message 27651
hey there this is message 27652
hey there this is message 27653
hey there this is message 27654
hey there this is message 27655
hey there this is message 27656
hey there this is message 27657
hey there this is message 27658
hey there this is message 27659
hey there this is message 27660
hey there this is message 27661
hey there this is message 27662
hey there this is message 27663
hey there this is message 27664
hey there this is message 27665
hey there this is message 27666
hey there this is message 27667
hey there this is message 27668
hey there this is message 27669
hey there this is message 27670
hey there this is message 27671
hey there this is message 27672
hey there this is message 27673
hey there this is message 27674
hey there this is message 27675
hey there this is message 27676
hey there this is message 27677
hey there this is message 27678
hey there this is message 27679
hey there this is message 27680
hey there this is message 27681
hey there this is message 27682
hey there this is message 27683
hey there this is message 27684
hey there this is message 27685
hey there this is message 27686
hey there this is message 27687
hey there this is message 27688
hey there this is message 27689
hey there this is message 27690
hey there this is message 27691
hey there this is message 27692
hey there this is message 27693
hey there this is message 27694
hey there this is message 27695
hey there this is message 27696
hey there this is message 27697
hey there this is message 27698
hey there this is message 27699
hey there this is message 27700
hey there this is message 27701
hey there this is message 27702
hey there this is message 27703
hey there this is message 27704
hey there this is message 27705
hey there this is message 27706
hey there this is message 27707
hey there this is message 27708
hey there this is message 27709
hey there this is message 27710
hey there this is message 27711
hey there this is message 27712
hey there this is message 27713
hey there this is message 27714
hey there this is message 27715
hey there this is message 27716
hey there this is message 27717
hey there this is message 27718
hey there this is message 27719
hey there this is message 27720
hey there this is message 27721
hey there this is message 27722
hey there this is message 27723
hey there this is message 27724
hey there this is message 27725
hey there this is message 27726
hey there this is message 27727
hey there this is message 27728
hey there this is message 27729
hey there this is message 27730
hey there this is message 27731
hey there this is message 27732
hey there this is message 27733
hey there this is message 27734
hey there this is message 27735
hey there this is message 27736
hey there this is message 27737
hey there this is message 27738
hey there this is message 27739
hey there this is message 27740
hey there this is message 27741
hey there this is message 27742
hey there this is message 27743
hey there this is message 27744
hey there this is message 27745
hey there this is message 27746
hey there this is message 27747
hey there this is message 27748
hey there this is message 27749
hey there this is message 27750
hey there this is message 27751
hey there this is message 27752
hey there this is message 27753
hey there this is message 27754
hey there this is message 27755
hey there this is message 27756
hey there this is message 27757
hey there this is message 27758
hey there this is message 27759
hey there this is message 27760
hey there this is message 27761
hey there this is message 27762
hey there this is message 27763
hey there this is message 27764
hey there this is message 27765
hey there this is message 27766
hey there this is message 27767
hey there this is message 27768
hey there this is message 27769
hey there this is message 27770
hey there this is message 27771
hey there this is message 27772
hey there this is message 27773
hey there this is message 27774
hey there this is message 27775
hey there this is message 27776
hey there this is message 27777
hey there this is message 27778
hey there this is message 27779
hey there this is message 27780
hey there this is message 27781
hey there this is message 27782
hey there this is message 27783
hey there this is message 27784
hey there this is message 27785
hey there this is message 27786
hey there this is message 27787
hey there this is message 27788
hey there this is message 27789
hey there this is message 27790
hey there this is message 27791
hey there this is message 27792
hey there this is message 27793
hey there this is message 27794
hey there this is message 27795
hey there this is message 27796
hey there this is message 27797
hey there this is message 27798
hey there this is message 27799
hey there this is message 27800
hey there this is message 27801
hey there this is message 27802
hey there this is message 27803
hey there this is message 27804
hey there this is message 27805
hey there this is message 27806
hey there this is message 27807
hey there this is message 27808
hey there this is message 27809
hey there this is message 27810
hey there this is message 27811
hey there this is message 27812
hey there this is message 27813
hey there this is message 27814
hey there this is message 27815
hey there this is message 27816
hey there this is message 27817
hey there this is message 27818
hey there this is message 27819
hey there this is message 27820
hey there this is message 27821
hey there this is message 27822
hey there this is message 27823
hey there this is message 27824
hey there this is message 27825
hey there this is message 27826
hey there this is message 27827
hey there this is message 27828
hey there this is message 27829
hey there this is message 27830
hey there this is message 27831
hey there this is message 27832
hey there this is message 27833
hey there this is message 27834
hey there this is message 27835
hey there this is message 27836
hey there this is message 27837
hey there this is message 27838
hey there this is message 27839
hey there this is message 27840
hey there this is message 27841
hey there this is message 27842
hey there this is message 27843
hey there this is message 27844
hey there this is message 27845
hey there this is message 27846
hey there this is message 27847
hey there this is message 27848
hey there this is message 27849
hey there this is message 27850
hey there this is message 27851
hey there this is message 27852
hey there this is message 27853
hey there this is message 27854
hey there this is message 27855
hey there this is message 27856
hey there this is message 27857
hey there this is message 27858
hey there this is message 27859
hey there this is message 27860
hey there this is message 27861
hey there this is message 27862
hey there this is message 27863
hey there this is message 27864
hey there this is message 27865
hey there this is message 27866
hey there this is message 27867
hey there this is message 27868
hey there this is message 27869
hey there this is message 27870
hey there this is message 27871
hey there this is message 27872
hey there this is message 27873
hey there this is message 27874
hey there this is message 27875
hey there this is message 27876
hey there this is message 27877
hey there this is message 27878
hey there this is message 27879
hey there this is message 27880
hey there this is message 27881
hey there this is message 27882
hey there this is message 27883
hey there this is message 27884
hey there this is message 27885
hey there this is message 27886
hey there this is message 27887
hey there this is message 27888
hey there this is message 27889
hey there this is message 27890
hey there this is message 27891
hey there this is message 27892
hey there this is message 27893
hey there this is message 27894
hey there this is message 27895
hey there this is message 27896
hey there this is message 27897
hey there this is message 27898
hey there this is message 27899
hey there this is message 27900
hey there this is message 27901
hey there this is message 27902
hey there this is message 27903
hey there this is message 27904
hey there this is message 27905
hey there this is message 27906
hey there this is message 27907
hey there this is message 27908
hey there this is message 27909
hey there this is message 27910
hey there this is message 27911
hey there this is message 27912
hey there this is message 27913
hey there this is message 27914
hey there this is message 27915
hey there this is message 27916
hey there this is message 27917
hey there this is message 27918
hey there this is message 27919
hey there this is message 27920
hey there this is message 27921
hey there this is message 27922
hey there this is message 27923
hey there this is message 27924
hey there this is message 27925
hey there this is message 27926
hey there this is message 27927
hey there this is message 27928
hey there this is message 27929
hey there this is message 27930
hey there this is message 27931
hey there this is message 27932
hey there this is message 27933
hey there this is message 27934
hey there this is message 27935
hey there this is message 27936
hey there this is message 27937
hey there this is message 27938
hey there this is message 27939
hey there this is message 27940
hey there this is message 27941
hey there this is message 27942
hey there this is message 27943
hey there this is message 27944
hey there this is message 27945
hey there this is message 27946
hey there this is message 27947
hey there this is message 27948
hey there this is message 27949
hey there this is message 27950
hey there this is message 27951
hey there this is message 27952
hey there this is message 27953
hey there this is message 27954
hey there this is message 27955
hey there this is message 27956
hey there this is message 27957
hey there this is message 27958
hey there this is message 27959
hey there this is message 27960
hey there this is message 27961
hey there this is message 27962
hey there this is message 27963
hey there this is message 27964
hey there this is message 27965
hey there this is message 27966
hey there this is message 27967
hey there this is message 27968
hey there this is message 27969
hey there this is message 27970
hey there this is message 27971
hey there this is message 27972
hey there this is message 27973
hey there this is message 27974
hey there this is message 27975
hey there this is message 27976
hey there this is message 27977
hey there this is message 27978
hey there this is message 27979
hey there this is message 27980
hey there this is message 27981
hey there this is message 27982
hey there this is message 27983
hey there this is message 27984
hey there this is message 27985
hey there this is message 27986
hey there this is message 27987
hey there this is message 27988
hey there this is message 27989
hey there this is message 27990
hey there this is message 27991
hey there this is message 27992
hey there this is message 27993
hey there this is message 27994
hey there this is message 27995
hey there this is message 27996
hey there this is message 27997
hey there this is message 27998
hey there this is message 27999
hey there this is message 28000
hey there this is message 28001
hey there this is message 28002
hey there this is message 28003
hey there this is message 28004
hey there this is message 28005
hey there this is message 28006
hey there this is message 28007
hey there this is message 28008
hey there this is message 28009
hey there this is message 28010
hey there this is message 28011
hey there this is message 28012
hey there this is message 28013
hey there this is message 28014
hey there this is message 28015
hey there this is message 28016
hey there this is message 28017
hey there this is message 28018
hey there this is message 28019
hey there this is message 28020
hey there this is message 28021
hey there this is message 28022
hey there this is message 28023
hey there this is message 28024
hey there this is message 28025
hey there this is message 28026
hey there this is message 28027
hey there this is message 28028
hey there this is message 28029
hey there this is message 28030
hey there this is message 28031
hey there this is message 28032
hey there this is message 28033
hey there this is message 28034
hey there this is message 28035
hey there this is message 28036
hey there this is message 28037
hey there this is message 28038
hey there this is message 28039
hey there this is message 28040
hey there this is message 28041
hey there this is message 28042
hey there this is message 28043
hey there this is message 28044
hey there this is message 28045
hey there this is message 28046
hey there this is message 28047
hey there this is message 28048
hey there this is message 28049
hey there this is message 28050
hey there this is message 28051
hey there this is message 28052
hey there this is message 28053
hey there this is message 28054
hey there this is message 28055
hey there this is message 28056
hey there this is message 28057
hey there this is message 28058
hey there this is message 28059
hey there this is message 28060
hey there this is message 28061
hey there this is message 28062
hey there this is message 28063
hey there this is message 28064
hey there this is message 28065
hey there this is message 28066
hey there this is message 28067
hey there this is message 28068
hey there this is message 28069
hey there this is message 28070
hey there this is message 28071
hey there this is message 28072
hey there this is message 28073
hey there this is message 28074
hey there this is message 28075
hey there this is message 28076
hey there this is message 28077
hey there this is message 28078
hey there this is message 28079
hey there this is message 28080
hey there this is message 28081
hey there this is message 28082
hey there this is message 28083
hey there this is message 28084
hey there this is message 28085
hey there this is message 28086
hey there this is message 28087
hey there this is message 28088
hey there this is message 28089
hey there this is message 28090
hey there this is message 28091
hey there this is message 28092
hey there this is message 28093
hey there this is message 28094
hey there this is message 28095
hey there this is message 28096
hey there this is message 28097
hey there this is message 28098
hey there this is message 28099
hey there this is message 28100
hey there this is message 28101
hey there this is message 28102
hey there this is message 28103
hey there this is message 28104
hey there this is message 28105
hey there this is message 28106
hey there this is message 28107
hey there this is message 28108
hey there this is message 28109
hey there this is message 28110
hey there this is message 28111
hey there this is message 28112
hey there this is message 28113
hey there this is message 28114
hey there this is message 28115
hey there this is message 28116
hey there this is message 28117
hey there this is message 28118
hey there this is message 28119
hey there this is message 28120
hey there this is message 28121
hey there this is message 28122
hey there this is message 28123
hey there this is message 28124
hey there this is message 28125
hey there this is message 28126
hey there this is message 28127
hey there this is message 28128
hey there this is message 28129
hey there this is message 28130
hey there this is message 28131
hey there this is message 28132
hey there this is message 28133
hey there this is message 28134
hey there this is message 28135
hey there this is message 28136
hey there this is message 28137
hey there this is message 28138
hey there this is message 28139
hey there this is message 28140
hey there this is message 28141
hey there this is message 28142
hey there this is message 28143
hey there this is message 28144
hey there this is message 28145
hey there this is message 28146
hey there this is message 28147
hey there this is message 28148
hey there this is message 28149
hey there this is message 28150
hey there this is message 28151
hey there this is message 28152
hey there this is message 28153
hey there this is message 28154
hey there this is message 28155
hey there this is message 28156
hey there this is message 28157
hey there this is message 28158
hey there this is message 28159
hey there this is message 28160
hey there this is message 28161
hey there this is message 28162
hey there this is message 28163
hey there this is message 28164
hey there this is message 28165
hey there this is message 28166
hey there this is message 28167
hey there this is message 28168
hey there this is message 28169
hey there this is message 28170
hey there this is message 28171
hey there this is message 28172
hey there this is message 28173
hey there this is message 28174
hey there this is message 28175
hey there this is message 28176
hey there this is message 28177
hey there this is message 28178
hey there this is message 28179
hey there this is message 28180
hey there this is message 28181
hey there this is message 28182
hey there this is message 28183
hey there this is message 28184
hey there this is message 28185
hey there this is message 28186
hey there this is message 28187
hey there this is message 28188
hey there this is message 28189
hey there this is message 28190
hey there this is message 28191
hey there this is message 28192
hey there this is message 28193
hey there this is message 28194
hey there this is message 28195
hey there this is message 28196
hey there this is message 28197
hey there this is message 28198
hey there this is message 28199
hey there this is message 28200
hey there this is message 28201
hey there this is message 28202
hey there this is message 28203
hey there this is message 28204
hey there this is message 28205
hey there this is message 28206
hey there this is message 28207
hey there this is message 28208
hey there this is message 28209
hey there this is message 28210
hey there this is message 28211
hey there this is message 28212
hey there this is message 28213
hey there this is message 28214
hey there this is message 28215
hey there this is message 28216
hey there this is message 28217
hey there this is message 28218
hey there this is message 28219
hey there this is message 28220
hey there this is message 28221
hey there this is message 28222
hey there this is message 28223
hey there this is message 28224
hey there this is message 28225
hey there this is message 28226
hey there this is message 28227
hey there this is message 28228
hey there this is message 28229
hey there this is message 28230
hey there this is message 28231
hey there this is message 28232
hey there this is message 28233
hey there this is message 28234
hey there this is message 28235
hey there this is message 28236
hey there this is message 28237
hey there this is message 28238
hey there this is message 28239
hey there this is message 28240
hey there this is message 28241
hey there this is message 28242
hey there this is message 28243
hey there this is message 28244
hey there this is message 28245
hey there this is message 28246
hey there this is message 28247
hey there this is message 28248
hey there this is message 28249
hey there this is message 28250
hey there this is message 28251
hey there this is message 28252
hey there this is message 28253
hey there this is message 28254
hey there this is message 28255
hey there this is message 28256
hey there this is message 28257
hey there this is message 28258
hey there this is message 28259
hey there this is message 28260
hey there this is message 28261
hey there this is message 28262
hey there this is message 28263
hey there this is message 28264
hey there this is message 28265
hey there this is message 28266
hey there this is message 28267
hey there this is message 28268
hey there this is message 28269
hey there this is message 28270
hey there this is message 28271
hey there this is message 28272
hey there this is message 28273
hey there this is message 28274
hey there this is message 28275
hey there this is message 28276
hey there this is message 28277
hey there this is message 28278
hey there this is message 28279
hey there this is message 28280
hey there this is message 28281
hey there this is message 28282
hey there this is message 28283
hey there this is message 28284
hey there this is message 28285
hey there this is message 28286
hey there this is message 28287
hey there this is message 28288
hey there this is message 28289
hey there this is message 28290
hey there this is message 28291
hey there this is message 28292
hey there this is message 28293
hey there this is message 28294
hey there this is message 28295
hey there this is message 28296
hey there this is message 28297
hey there this is message 28298
hey there this is message 28299
hey there this is message 28300
hey there this is message 28301
hey there this is message 28302
hey there this is message 28303
hey there this is message 28304
hey there this is message 28305
hey there this is message 28306
hey there this is message 28307
hey there this is message 28308
hey there this is message 28309
hey there this is message 28310
hey there this is message 28311
hey there this is message 28312
hey there this is message 28313
hey there this is message 28314
hey there this is message 28315
hey there this is message 28316
hey there this is message 28317
hey there this is message 28318
hey there this is message 28319
hey there this is message 28320
hey there this is message 28321
hey there this is message 28322
hey there this is message 28323
hey there this is message 28324
hey there this is message 28325
hey there this is message 28326
hey there this is message 28327
hey there this is message 28328
hey there this is message 28329
hey there this is message 28330
hey there this is message 28331
hey there this is message 28332
hey there this is message 28333
hey there this is message 28334
hey there this is message 28335
hey there this is message 28336
hey there this is message 28337
hey there this is message 28338
hey there this is message 28339
hey there this is message 28340
hey there this is message 28341
hey there this is message 28342
hey there this is message 28343
hey there this is message 28344
hey there this is message 28345
hey there this is message 28346
hey there this is message 28347
hey there this is message 28348
hey there this is message 28349
hey there this is message 28350
hey there this is message 28351
hey there this is message 28352
hey there this is message 28353
hey there this is message 28354
hey there this is message 28355
hey there this is message 28356
hey there this is message 28357
hey there this is message 28358
hey there this is message 28359
hey there this is message 28360
hey there this is message 28361
hey there this is message 28362
hey there this is message 28363
hey there this is message 28364
hey there this is message 28365
hey there this is message 28366
hey there this is message 28367
hey there this is message 28368
hey there this is message 28369
hey there this is message 28370
hey there this is message 28371
hey there this is message 28372
hey there this is message 28373
hey there this is message 28374
hey there this is message 28375
hey there this is message 28376
hey there this is message 28377
hey there this is message 28378
hey there this is message 28379
hey there this is message 28380
hey there this is message 28381
hey there this is message 28382
hey there this is message 28383
hey there this is message 28384
hey there this is message 28385
hey there this is message 28386
hey there this is message 28387
hey there this is message 28388
hey there this is message 28389
hey there this is message 28390
hey there this is message 28391
hey there this is message 28392
hey there this is message 28393
hey there this is message 28394
hey there this is message 28395
hey there this is message 28396
hey there this is message 28397
hey there this is message 28398
hey there this is message 28399
hey there this is message 28400
hey there this is message 28401
hey there this is message 28402
hey there this is message 28403
hey there this is message 28404
hey there this is message 28405
hey there this is message 28406
hey there this is message 28407
hey there this is message 28408
hey there this is message 28409
hey there this is message 28410
hey there this is message 28411
hey there this is message 28412
hey there this is message 28413
hey there this is message 28414
hey there this is message 28415
hey there this is message 28416
hey there this is message 28417
hey there this is message 28418
hey there this is message 28419
hey there this is message 28420
hey there this is message 28421
hey there this is message 28422
hey there this is message 28423
hey there this is message 28424
hey there this is message 28425
hey there this is message 28426
hey there this is message 28427
hey there this is message 28428
hey there this is message 28429
hey there this is message 28430
hey there this is message 28431
hey there this is message 28432
hey there this is message 28433
hey there this is message 28434
hey there this is message 28435
hey there this is message 28436
hey there this is message 28437
hey there this is message 28438
hey there this is message 28439
hey there this is message 28440
hey there this is message 28441
hey there this is message 28442
hey there this is message 28443
hey there this is message 28444
hey there this is message 28445
hey there this is message 28446
hey there this is message 28447
hey there this is message 28448
hey there this is message 28449
hey there this is message 28450
hey there this is message 28451
hey there this is message 28452
hey there this is message 28453
hey there this is message 28454
hey there this is message 28455
hey there this is message 28456
hey there this is message 28457
hey there this is message 28458
hey there this is message 28459
hey there this is message 28460
hey there this is message 28461
hey there this is message 28462
hey there this is message 28463
hey there this is message 28464
hey there this is message 28465
hey there this is message 28466
hey there this is message 28467
hey there this is message 28468
hey there this is message 28469
hey there this is message 28470
hey there this is message 28471
hey there this is message 28472
hey there this is message 28473
hey there this is message 28474
hey there this is message 28475
hey there this is message 28476
hey there this is message 28477
hey there this is message 28478
hey there this is message 28479
hey there this is message 28480
hey there this is message 28481
hey there this is message 28482
hey there this is message 28483
hey there this is message 28484
hey there this is message 28485
hey there this is message 28486
hey there this is message 28487
hey there this is message 28488
hey there this is message 28489
hey there this is message 28490
hey there this is message 28491
hey there this is message 28492
hey there this is message 28493
hey there this is message 28494
hey there this is message 28495
hey there this is message 28496
hey there this is message 28497
hey there this is message 28498
hey there this is message 28499
hey there this is message 28500
hey there this is message 28501
hey there this is message 28502
hey there this is message 28503
hey there this is message 28504
hey there this is message 28505
hey there this is message 28506
hey there this is message 28507
hey there this is message 28508
hey there this is message 28509
hey there this is message 28510
hey there this is message 28511
hey there this is message 28512
hey there this is message 28513
hey there this is message 28514
hey there this is message 28515
hey there this is message 28516
hey there this is message 28517
hey there this is message 28518
hey there this is message 28519
hey there this is message 28520
hey there this is message 28521
hey there this is message 28522
hey there this is message 28523
hey there this is message 28524
hey there this is message 28525
hey there this is message 28526
hey there this is message 28527
hey there this is message 28528
hey there this is message 28529
hey there this is message 28530
hey there this is message 28531
hey there this is message 28532
hey there this is message 28533
hey there this is message 28534
hey there this is message 28535
hey there this is message 28536
hey there this is message 28537
hey there this is message 28538
hey there this is message 28539
hey there this is message 28540
hey there this is message 28541
hey there this is message 28542
hey there this is message 28543
hey there this is message 28544
hey there this is message 28545
hey there this is message 28546
hey there this is message 28547
hey there this is message 28548
hey there this is message 28549
hey there this is message 28550
hey there this is message 28551
hey there this is message 28552
hey there this is message 28553
hey there this is message 28554
hey there this is message 28555
hey there this is message 28556
hey there this is message 28557
hey there this is message 28558
hey there this is message 28559
hey there this is message 28560
hey there this is message 28561
hey there this is message 28562
hey there this is message 28563
hey there this is message 28564
hey there this is message 28565
hey there this is message 28566
hey there this is message 28567
hey there this is message 28568
hey there this is message 28569
hey there this is message 28570
hey there this is message 28571
hey there this is message 28572
hey there this is message 28573
hey there this is message 28574
hey there this is message 28575
hey there this is message 28576
hey there this is message 28577
hey there this is message 28578
hey there this is message 28579
hey there this is message 28580
hey there this is message 28581
hey there this is message 28582
hey there this is message 28583
hey there this is message 28584
hey there this is message 28585
hey there this is message 28586
hey there this is message 28587
hey there this is message 28588
hey there this is message 28589
hey there this is message 28590
hey there this is message 28591
hey there this is message 28592
hey there this is message 28593
hey there this is message 28594
hey there this is message 28595
hey there this is message 28596
hey there this is message 28597
hey there this is message 28598
hey there this is message 28599
hey there this is message 28600
hey there this is message 28601
hey there this is message 28602
hey there this is message 28603
hey there this is message 28604
hey there this is message 28605
hey there this is message 28606
hey there this is message 28607
hey there this is message 28608
hey there this is message 28609
hey there this is message 28610
hey there this is message 28611
hey there this is message 28612
hey there this is message 28613
hey there this is message 28614
hey there this is message 28615
hey there this is message 28616
hey there this is message 28617
hey there this is message 28618
hey there this is message 28619
hey there this is message 28620
hey there this is message 28621
hey there this is message 28622
hey there this is message 28623
hey there this is message 28624
hey there this is message 28625
hey there this is message 28626
hey there this is message 28627
hey there this is message 28628
hey there this is message 28629
hey there this is message 28630
hey there this is message 28631
hey there this is message 28632
hey there this is message 28633
hey there this is message 28634
hey there this is message 28635
hey there this is message 28636
hey there this is message 28637
hey there this is message 28638
hey there this is message 28639
hey there this is message 28640
hey there this is message 28641
hey there this is message 28642
hey there this is message 28643
hey there this is message 28644
hey there this is message 28645
hey there this is message 28646
hey there this is message 28647
hey there this is message 28648
hey there this is message 28649
hey there this is message 28650
hey there this is message 28651
hey there this is message 28652
hey there this is message 28653
hey there this is message 28654
hey there this is message 28655
hey there this is message 28656
hey there this is message 28657
hey there this is message 28658
hey there this is message 28659
hey there this is message 28660
hey there this is message 28661
hey there this is message 28662
hey there this is message 28663
hey there this is message 28664
hey there this is message 28665
hey there this is message 28666
hey there this is message 28667
hey there this is message 28668
hey there this is message 28669
hey there this is message 28670
hey there this is message 28671
hey there this is message 28672
hey there this is message 28673
hey there this is message 28674
hey there this is message 28675
hey there this is message 28676
hey there this is message 28677
hey there this is message 28678
hey there this is message 28679
hey there this is message 28680
hey there this is message 28681
hey there this is message 28682
hey there this is message 28683
hey there this is message 28684
hey there this is message 28685
hey there this is message 28686
hey there this is message 28687
hey there this is message 28688
hey there this is message 28689
hey there this is message 28690
hey there this is message 28691
hey there this is message 28692
hey there this is message 28693
hey there this is message 28694
hey there this is message 28695
hey there this is message 28696
hey there this is message 28697
hey there this is message 28698
hey there this is message 28699
hey there this is message 28700
hey there this is message 28701
hey there this is message 28702
hey there this is message 28703
hey there this is message 28704
hey there this is message 28705
hey there this is message 28706
hey there this is message 28707
hey there this is message 28708
hey there this is message 28709
hey there this is message 28710
hey there this is message 28711
hey there this is message 28712
hey there this is message 28713
hey there this is message 28714
hey there this is message 28715
hey there this is message 28716
hey there this is message 28717
hey there this is message 28718
hey there this is message 28719
hey there this is message 28720
hey there this is message 28721
hey there this is message 28722
hey there this is message 28723
hey there this is message 28724
hey there this is message 28725
hey there this is message 28726
hey there this is message 28727
hey there this is message 28728
hey there this is message 28729
hey there this is message 28730
hey there this is message 28731
hey there this is message 28732
hey there this is message 28733
hey there this is message 28734
hey there this is message 28735
hey there this is message 28736
hey there this is message 28737
hey there this is message 28738
hey there this is message 28739
hey there this is message 28740
hey there this is message 28741
hey there this is message 28742
hey there this is message 28743
hey there this is message 28744
hey there this is message 28745
hey there this is message 28746
hey there this is message 28747
hey there this is message 28748
hey there this is message 28749
hey there this is message 28750
hey there this is message 28751
hey there this is message 28752
hey there this is message 28753
hey there this is message 28754
hey there this is message 28755
hey there this is message 28756
hey there this is message 28757
hey there this is message 28758
hey there this is message 28759
hey there this is message 28760
hey there this is message 28761
hey there this is message 28762
hey there this is message 28763
hey there this is message 28764
hey there this is message 28765
hey there this is message 28766
hey there this is message 28767
hey there this is message 28768
hey there this is message 28769
hey there this is message 28770
hey there this is message 28771
hey there this is message 28772
hey there this is message 28773
hey there this is message 28774
hey there this is message 28775
hey there this is message 28776
hey there this is message 28777
hey there this is message 28778
hey there this is message 28779
hey there this is message 28780
hey there this is message 28781
hey there this is message 28782
hey there this is message 28783
hey there this is message 28784
hey there this is message 28785
hey there this is message 28786
hey there this is message 28787
hey there this is message 28788
hey there this is message 28789
hey there this is message 28790
hey there this is message 28791
hey there this is message 28792
hey there this is message 28793
hey there this is message 28794
hey there this is message 28795
hey there this is message 28796
hey there this is message 28797
hey there this is message 28798
hey there this is message 28799
hey there this is message 28800
hey there this is message 28801
hey there this is message 28802
hey there this is message 28803
hey there this is message 28804
hey there this is message 28805
hey there this is message 28806
hey there this is message 28807
hey there this is message 28808
hey there this is message 28809
hey there this is message 28810
hey there this is message 28811
hey there this is message 28812
hey there this is message 28813
hey there this is message 28814
hey there this is message 28815
hey there this is message 28816
hey there this is message 28817
hey there this is message 28818
hey there this is message 28819
hey there this is message 28820
hey there this is message 28821
hey there this is message 28822
hey there this is message 28823
hey there this is message 28824
hey there this is message 28825
hey there this is message 28826
hey there this is message 28827
hey there this is message 28828
hey there this is message 28829
hey there this is message 28830
hey there this is message 28831
hey there this is message 28832
hey there this is message 28833
hey there this is message 28834
hey there this is message 28835
hey there this is message 28836
hey there this is message 28837
hey there this is message 28838
hey there this is message 28839
hey there this is message 28840
hey there this is message 28841
hey there this is message 28842
hey there this is message 28843
hey there this is message 28844
hey there this is message 28845
hey there this is message 28846
hey there this is message 28847
hey there this is message 28848
hey there this is message 28849
hey there this is message 28850
hey there this is message 28851
hey there this is message 28852
hey there this is message 28853
hey there this is message 28854
hey there this is message 28855
hey there this is message 28856
hey there this is message 28857
hey there this is message 28858
hey there this is message 28859
hey there this is message 28860
hey there this is message 28861
hey there this is message 28862
hey there this is message 28863
hey there this is message 28864
hey there this is message 28865
hey there this is message 28866
hey there this is message 28867
hey there this is message 28868
hey there this is message 28869
hey there this is message 28870
hey there this is message 28871
hey there this is message 28872
hey there this is message 28873
hey there this is message 28874
hey there this is message 28875
hey there this is message 28876
hey there this is message 28877
hey there this is message 28878
hey there this is message 28879
hey there this is message 28880
hey there this is message 28881
hey there this is message 28882
hey there this is message 28883
hey there this is message 28884
hey there this is message 28885
hey there this is message 28886
hey there this is message 28887
hey there this is message 28888
hey there this is message 28889
hey there this is message 28890
hey there this is message 28891
hey there this is message 28892
hey there this is message 28893
hey there this is message 28894
hey there this is message 28895
hey there this is message 28896
hey there this is message 28897
hey there this is message 28898
hey there this is message 28899
hey there this is message 28900
hey there this is message 28901
hey there this is message 28902
hey there this is message 28903
hey there this is message 28904
hey there this is message 28905
hey there this is message 28906
hey there this is message 28907
hey there this is message 28908
hey there this is message 28909
hey there this is message 28910
hey there this is message 28911
hey there this is message 28912
hey there this is message 28913
hey there this is message 28914
hey there this is message 28915
hey there this is message 28916
hey there this is message 28917
hey there this is message 28918
hey there this is message 28919
hey there this is message 28920
hey there this is message 28921
hey there this is message 28922
hey there this is message 28923
hey there this is message 28924
hey there this is message 28925
hey there this is message 28926
hey there this is message 28927
hey there this is message 28928
hey there this is message 28929
hey there this is message 28930
hey there this is message 28931
hey there this is message 28932
hey there this is message 28933
hey there this is message 28934
hey there this is message 28935
hey there this is message 28936
hey there this is message 28937
hey there this is message 28938
hey there this is message 28939
hey there this is message 28940
hey there this is message 28941
hey there this is message 28942
hey there this is message 28943
hey there this is message 28944
hey there this is message 28945
hey there this is message 28946
hey there this is message 28947
hey there this is message 28948
hey there this is message 28949
hey there this is message 28950
hey there this is message 28951
hey there this is message 28952
hey there this is message 28953
hey there this is message 28954
hey there this is message 28955
hey there this is message 28956
hey there this is message 28957
hey there this is message 28958
hey there this is message 28959
hey there this is message 28960
hey there this is message 28961
hey there this is message 28962
hey there this is message 28963
hey there this is message 28964
hey there this is message 28965
hey there this is message 28966
hey there this is message 28967
hey there this is message 28968
hey there this is message 28969
hey there this is message 28970
hey there this is message 28971
hey there this is message 28972
hey there this is message 28973
hey there this is message 28974
hey there this is message 28975
hey there this is message 28976
hey there this is message 28977
hey there this is message 28978
hey there this is message 28979
hey there this is message 28980
hey there this is message 28981
hey there this is message 28982
hey there this is message 28983
hey there this is message 28984
hey there this is message 28985
hey there this is message 28986
hey there this is message 28987
hey there this is message 28988
hey there this is message 28989
hey there this is message 28990
hey there this is message 28991
hey there this is message 28992
hey there this is message 28993
hey there this is message 28994
hey there this is message 28995
hey there this is message 28996
hey there this is message 28997
hey there this is message 28998
hey there this is message 28999
hey there this is message 29000
hey there this is message 29001
hey there this is message 29002
hey there this is message 29003
hey there this is message 29004
hey there this is message 29005
hey there this is message 29006
hey there this is message 29007
hey there this is message 29008
hey there this is message 29009
hey there this is message 29010
hey there this is message 29011
hey there this is message 29012
hey there this is message 29013
hey there this is message 29014
hey there this is message 29015
hey there this is message 29016
hey there this is message 29017
hey there this is message 29018
hey there this is message 29019
hey there this is message 29020
hey there this is message 29021
hey there this is message 29022
hey there this is message 29023
hey there this is message 29024
hey there this is message 29025
hey there this is message 29026
hey there this is message 29027
hey there this is message 29028
hey there this is message 29029
hey there this is message 29030
hey there this is message 29031
hey there this is message 29032
hey there this is message 29033
hey there this is message 29034
hey there this is message 29035
hey there this is message 29036
hey there this is message 29037
hey there this is message 29038
hey there this is message 29039
hey there this is message 29040
hey there this is message 29041
hey there this is message 29042
hey there this is message 29043
hey there this is message 29044
hey there this is message 29045
hey there this is message 29046
hey there this is message 29047
hey there this is message 29048
hey there this is message 29049
hey there this is message 29050
hey there this is message 29051
hey there this is message 29052
hey there this is message 29053
hey there this is message 29054
hey there this is message 29055
hey there this is message 29056
hey there this is message 29057
hey there this is message 29058
hey there this is message 29059
hey there this is message 29060
hey there this is message 29061
hey there this is message 29062
hey there this is message 29063
hey there this is message 29064
hey there this is message 29065
hey there this is message 29066
hey there this is message 29067
hey there this is message 29068
hey there this is message 29069
hey there this is message 29070
hey there this is message 29071
hey there this is message 29072
hey there this is message 29073
hey there this is message 29074
hey there this is message 29075
hey there this is message 29076
hey there this is message 29077
hey there this is message 29078
hey there this is message 29079
hey there this is message 29080
hey there this is message 29081
hey there this is message 29082
hey there this is message 29083
hey there this is message 29084
hey there this is message 29085
hey there this is message 29086
hey there this is message 29087
hey there this is message 29088
hey there this is message 29089
hey there this is message 29090
hey there this is message 29091
hey there this is message 29092
hey there this is message 29093
hey there this is message 29094
hey there this is message 29095
hey there this is message 29096
hey there this is message 29097
hey there this is message 29098
hey there this is message 29099
hey there this is message 29100
hey there this is message 29101
hey there this is message 29102
hey there this is message 29103
hey there this is message 29104
hey there this is message 29105
hey there this is message 29106
hey there this is message 29107
hey there this is message 29108
hey there this is message 29109
hey there this is message 29110
hey there this is message 29111
hey there this is message 29112
hey there this is message 29113
hey there this is message 29114
hey there this is message 29115
hey there this is message 29116
hey there this is message 29117
hey there this is message 29118
hey there this is message 29119
hey there this is message 29120
hey there this is message 29121
hey there this is message 29122
hey there this is message 29123
hey there this is message 29124
hey there this is message 29125
hey there this is message 29126
hey there this is message 29127
hey there this is message 29128
hey there this is message 29129
hey there this is message 29130
hey there this is message 29131
hey there this is message 29132
hey there this is message 29133
hey there this is message 29134
hey there this is message 29135
hey there this is message 29136
hey there this is message 29137
hey there this is message 29138
hey there this is message 29139
hey there this is message 29140
hey there this is message 29141
hey there this is message 29142
hey there this is message 29143
hey there this is message 29144
hey there this is message 29145
hey there this is message 29146
hey there this is message 29147
hey there this is message 29148
hey there this is message 29149
hey there this is message 29150
hey there this is message 29151
hey there this is message 29152
hey there this is message 29153
hey there this is message 29154
hey there this is message 29155
hey there this is message 29156
hey there this is message 29157
hey there this is message 29158
hey there this is message 29159
hey there this is message 29160
hey there this is message 29161
hey there this is message 29162
hey there this is message 29163
hey there this is message 29164
hey there this is message 29165
hey there this is message 29166
hey there this is message 29167
hey there this is message 29168
hey there this is message 29169
hey there this is message 29170
hey there this is message 29171
hey there this is message 29172
hey there this is message 29173
hey there this is message 29174
hey there this is message 29175
hey there this is message 29176
hey there this is message 29177
hey there this is message 29178
hey there this is message 29179
hey there this is message 29180
hey there this is message 29181
hey there this is message 29182
hey there this is message 29183
hey there this is message 29184
hey there this is message 29185
hey there this is message 29186
hey there this is message 29187
hey there this is message 29188
hey there this is message 29189
hey there this is message 29190
hey there this is message 29191
hey there this is message 29192
hey there this is message 29193
hey there this is message 29194
hey there this is message 29195
hey there this is message 29196
hey there this is message 29197
hey there this is message 29198
hey there this is message 29199
hey there this is message 29200
hey there this is message 29201
hey there this is message 29202
hey there this is message 29203
hey there this is message 29204
hey there this is message 29205
hey there this is message 29206
hey there this is message 29207
hey there this is message 29208
hey there this is message 29209
hey there this is message 29210
hey there this is message 29211
hey there this is message 29212
hey there this is message 29213
hey there this is message 29214
hey there this is message 29215
hey there this is message 29216
hey there this is message 29217
hey there this is message 29218
hey there this is message 29219
hey there this is message 29220
hey there this is message 29221
hey there this is message 29222
hey there this is message 29223
hey there this is message 29224
hey there this is message 29225
hey there this is message 29226
hey there this is message 29227
hey there this is message 29228
hey there this is message 29229
hey there this is message 29230
hey there this is message 29231
hey there this is message 29232
hey there this is message 29233
hey there this is message 29234
hey there this is message 29235
hey there this is message 29236
hey there this is message 29237
hey there this is message 29238
hey there this is message 29239
hey there this is message 29240
hey there this is message 29241
hey there this is message 29242
hey there this is message 29243
hey there this is message 29244
hey there this is message 29245
hey there this is message 29246
hey there this is message 29247
hey there this is message 29248
hey there this is message 29249
hey there this is message 29250
hey there this is message 29251
hey there this is message 29252
hey there this is message 29253
hey there this is message 29254
hey there this is message 29255
hey there this is message 29256
hey there this is message 29257
hey there this is message 29258
hey there this is message 29259
hey there this is message 29260
hey there this is message 29261
hey there this is message 29262
hey there this is message 29263
hey there this is message 29264
hey there this is message 29265
hey there this is message 29266
hey there this is message 29267
hey there this is message 29268
hey there this is message 29269
hey there this is message 29270
hey there this is message 29271
hey there this is message 29272
hey there this is message 29273
hey there this is message 29274
hey there this is message 29275
hey there this is message 29276
hey there this is message 29277
hey there this is message 29278
hey there this is message 29279
hey there this is message 29280
hey there this is message 29281
hey there this is message 29282
hey there this is message 29283
hey there this is message 29284
hey there this is message 29285
hey there this is message 29286
hey there this is message 29287
hey there this is message 29288
hey there this is message 29289
hey there this is message 29290
hey there this is message 29291
hey there this is message 29292
hey there this is message 29293
hey there this is message 29294
hey there this is message 29295
hey there this is message 29296
hey there this is message 29297
hey there this is message 29298
hey there this is message 29299
hey there this is message 29300
hey there this is message 29301
hey there this is message 29302
hey there this is message 29303
hey there this is message 29304
hey there this is message 29305
hey there this is message 29306
hey there this is message 29307
hey there this is message 29308
hey there this is message 29309
hey there this is message 29310
hey there this is message 29311
hey there this is message 29312
hey there this is message 29313
hey there this is message 29314
hey there this is message 29315
hey there this is message 29316
hey there this is message 29317
hey there this is message 29318
hey there this is message 29319
hey there this is message 29320
hey there this is message 29321
hey there this is message 29322
hey there this is message 29323
hey there this is message 29324
hey there this is message 29325
hey there this is message 29326
hey there this is message 29327
hey there this is message 29328
hey there this is message 29329
hey there this is message 29330
hey there this is message 29331
hey there this is message 29332
hey there this is message 29333
hey there this is message 29334
hey there this is message 29335
hey there this is message 29336
hey there this is message 29337
hey there this is message 29338
hey there this is message 29339
hey there this is message 29340
hey there this is message 29341
hey there this is message 29342
hey there this is message 29343
hey there this is message 29344
hey there this is message 29345
hey there this is message 29346
hey there this is message 29347
hey there this is message 29348
hey there this is message 29349
hey there this is message 29350
hey there this is message 29351
hey there this is message 29352
hey there this is message 29353
hey there this is message 29354
hey there this is message 29355
hey there this is message 29356
hey there this is message 29357
hey there this is message 29358
hey there this is message 29359
hey there this is message 29360
hey there this is message 29361
hey there this is message 29362
hey there this is message 29363
hey there this is message 29364
hey there this is message 29365
hey there this is message 29366
hey there this is message 29367
hey there this is message 29368
hey there this is message 29369
hey there this is message 29370
hey there this is message 29371
hey there this is message 29372
hey there this is message 29373
hey there this is message 29374
hey there this is message 29375
hey there this is message 29376
hey there this is message 29377
hey there this is message 29378
hey there this is message 29379
hey there this is message 29380
hey there this is message 29381
hey there this is message 29382
hey there this is message 29383
hey there this is message 29384
hey there this is message 29385
hey there this is message 29386
hey there this is message 29387
hey there this is message 29388
hey there this is message 29389
hey there this is message 29390
hey there this is message 29391
hey there this is message 29392
hey there this is message 29393
hey there this is message 29394
hey there this is message 29395
hey there this is message 29396
hey there this is message 29397
hey there this is message 29398
hey there this is message 29399
hey there this is message 29400
hey there this is message 29401
hey there this is message 29402
hey there this is message 29403
hey there this is message 29404
hey there this is message 29405
hey there this is message 29406
hey there this is message 29407
hey there this is message 29408
hey there this is message 29409
hey there this is message 29410
hey there this is message 29411
hey there this is message 29412
hey there this is message 29413
hey there this is message 29414
hey there this is message 29415
hey there this is message 29416
hey there this is message 29417
hey there this is message 29418
hey there this is message 29419
hey there this is message 29420
hey there this is message 29421
hey there this is message 29422
hey there this is message 29423
hey there this is message 29424
hey there this is message 29425
hey there this is message 29426
hey there this is message 29427
hey there this is message 29428
hey there this is message 29429
hey there this is message 29430
hey there this is message 29431
hey there this is message 29432
hey there this is message 29433
hey there this is message 29434
hey there this is message 29435
hey there this is message 29436
hey there this is message 29437
hey there this is message 29438
hey there this is message 29439
hey there this is message 29440
hey there this is message 29441
hey there this is message 29442
hey there this is message 29443
hey there this is message 29444
hey there this is message 29445
hey there this is message 29446
hey there this is message 29447
hey there this is message 29448
hey there this is message 29449
hey there this is message 29450
hey there this is message 29451
hey there this is message 29452
hey there this is message 29453
hey there this is message 29454
hey there this is message 29455
hey there this is message 29456
hey there this is message 29457
hey there this is message 29458
hey there this is message 29459
hey there this is message 29460
hey there this is message 29461
hey there this is message 29462
hey there this is message 29463
hey there this is message 29464
hey there this is message 29465
hey there this is message 29466
hey there this is message 29467
hey there this is message 29468
hey there this is message 29469
hey there this is message 29470
hey there this is message 29471
hey there this is message 29472
hey there this is message 29473
hey there this is message 29474
hey there this is message 29475
hey there this is message 29476
hey there this is message 29477
hey there this is message 29478
hey there this is message 29479
hey there this is message 29480
hey there this is message 29481
hey there this is message 29482
hey there this is message 29483
hey there this is message 29484
hey there this is message 29485
hey there this is message 29486
hey there this is message 29487
hey there this is message 29488
hey there this is message 29489
hey there this is message 29490
hey there this is message 29491
hey there this is message 29492
hey there this is message 29493
hey there this is message 29494
hey there this is message 29495
hey there this is message 29496
hey there this is message 29497
hey there this is message 29498
hey there this is message 29499
hey there this is message 29500
hey there this is message 29501
hey there this is message 29502
hey there this is message 29503
hey there this is message 29504
hey there this is message 29505
hey there this is message 29506
hey there this is message 29507
hey there this is message 29508
hey there this is message 29509
hey there this is message 29510
hey there this is message 29511
hey there this is message 29512
hey there this is message 29513
hey there this is message 29514
hey there this is message 29515
hey there this is message 29516
hey there this is message 29517
hey there this is message 29518
hey there this is message 29519
hey there this is message 29520
hey there this is message 29521
hey there this is message 29522
hey there this is message 29523
hey there this is message 29524
hey there this is message 29525
hey there this is message 29526
hey there this is message 29527
hey there this is message 29528
hey there this is message 29529
hey there this is message 29530
hey there this is message 29531
hey there this is message 29532
hey there this is message 29533
hey there this is message 29534
hey there this is message 29535
hey there this is message 29536
hey there this is message 29537
hey there this is message 29538
hey there this is message 29539
hey there this is message 29540
hey there this is message 29541
hey there this is message 29542
hey there this is message 29543
hey there this is message 29544
hey there this is message 29545
hey there this is message 29546
hey there this is message 29547
hey there this is message 29548
hey there this is message 29549
hey there this is message 29550
hey there this is message 29551
hey there this is message 29552
hey there this is message 29553
hey there this is message 29554
hey there this is message 29555
hey there this is message 29556
hey there this is message 29557
hey there this is message 29558
hey there this is message 29559
hey there this is message 29560
hey there this is message 29561
hey there this is message 29562
hey there this is message 29563
hey there this is message 29564
hey there this is message 29565
hey there this is message 29566
hey there this is message 29567
hey there this is message 29568
hey there this is message 29569
hey there this is message 29570
hey there this is message 29571
hey there this is message 29572
hey there this is message 29573
hey there this is message 29574
hey there this is message 29575
hey there this is message 29576
hey there this is message 29577
hey there this is message 29578
hey there this is message 29579
hey there this is message 29580
hey there this is message 29581
hey there this is message 29582
hey there this is message 29583
hey there this is message 29584
hey there this is message 29585
hey there this is message 29586
hey there this is message 29587
hey there this is message 29588
hey there this is message 29589
hey there this is message 29590
hey there this is message 29591
hey there this is message 29592
hey there this is message 29593
hey there this is message 29594
hey there this is message 29595
hey there this is message 29596
hey there this is message 29597
hey there this is message 29598
hey there this is message 29599
hey there this is message 29600
hey there this is message 29601
hey there this is message 29602
hey there this is message 29603
hey there this is message 29604
hey there this is message 29605
hey there this is message 29606
hey there this is message 29607
hey there this is message 29608
hey there this is message 29609
hey there this is message 29610
hey there this is message 29611
hey there this is message 29612
hey there this is message 29613
hey there this is message 29614
hey there this is message 29615
hey there this is message 29616
hey there this is message 29617
hey there this is message 29618
hey there this is message 29619
hey there this is message 29620
hey there this is message 29621
hey there this is message 29622
hey there this is message 29623
hey there this is message 29624
hey there this is message 29625
hey there this is message 29626
hey there this is message 29627
hey there this is message 29628
hey there this is message 29629
hey there this is message 29630
hey there this is message 29631
hey there this is message 29632
hey there this is message 29633
hey there this is message 29634
hey there this is message 29635
hey there this is message 29636
hey there this is message 29637
hey there this is message 29638
hey there this is message 29639
hey there this is message 29640
hey there this is message 29641
hey there this is message 29642
hey there this is message 29643
hey there this is message 29644
hey there this is message 29645
hey there this is message 29646
hey there this is message 29647
hey there this is message 29648
hey there this is message 29649
hey there this is message 29650
hey there this is message 29651
hey there this is message 29652
hey there this is message 29653
hey there this is message 29654
hey there this is message 29655
hey there this is message 29656
hey there this is message 29657
hey there this is message 29658
hey there this is message 29659
hey there this is message 29660
hey there this is message 29661
hey there this is message 29662
hey there this is message 29663
hey there this is message 29664
hey there this is message 29665
hey there this is message 29666
hey there this is message 29667
hey there this is message 29668
hey there this is message 29669
hey there this is message 29670
hey there this is message 29671
hey there this is message 29672
hey there this is message 29673
hey there this is message 29674
hey there this is message 29675
hey there this is message 29676
hey there this is message 29677
hey there this is message 29678
hey there this is message 29679
hey there this is message 29680
hey there this is message 29681
hey there this is message 29682
hey there this is message 29683
hey there this is message 29684
hey there this is message 29685
hey there this is message 29686
hey there this is message 29687
hey there this is message 29688
hey there this is message 29689
hey there this is message 29690
hey there this is message 29691
hey there this is message 29692
hey there this is message 29693
hey there this is message 29694
hey there this is message 29695
hey there this is message 29696
hey there this is message 29697
hey there this is message 29698
hey there this is message 29699
hey there this is message 29700
hey there this is message 29701
hey there this is message 29702
hey there this is message 29703
hey there this is message 29704
hey there this is message 29705
hey there this is message 29706
hey there this is message 29707
hey there this is message 29708
hey there this is message 29709
hey there this is message 29710
hey there this is message 29711
hey there this is message 29712
hey there this is message 29713
hey there this is message 29714
hey there this is message 29715
hey there this is message 29716
hey there this is message 29717
hey there this is message 29718
hey there this is message 29719
hey there this is message 29720
hey there this is message 29721
hey there this is message 29722
hey there this is message 29723
hey there this is message 29724
hey there this is message 29725
hey there this is message 29726
hey there this is message 29727
hey there this is message 29728
hey there this is message 29729
hey there this is message 29730
hey there this is message 29731
hey there this is message 29732
hey there this is message 29733
hey there this is message 29734
hey there this is message 29735
hey there this is message 29736
hey there this is message 29737
hey there this is message 29738
hey there this is message 29739
hey there this is message 29740
hey there this is message 29741
hey there this is message 29742
hey there this is message 29743
hey there this is message 29744
hey there this is message 29745
hey there this is message 29746
hey there this is message 29747
hey there this is message 29748
hey there this is message 29749
hey there this is message 29750
hey there this is message 29751
hey there this is message 29752
hey there this is message 29753
hey there this is message 29754
hey there this is message 29755
hey there this is message 29756
hey there this is message 29757
hey there this is message 29758
hey there this is message 29759
hey there this is message 29760
hey there this is message 29761
hey there this is message 29762
hey there this is message 29763
hey there this is message 29764
hey there this is message 29765
hey there this is message 29766
hey there this is message 29767
hey there this is message 29768
hey there this is message 29769
hey there this is message 29770
hey there this is message 29771
hey there this is message 29772
hey there this is message 29773
hey there this is message 29774
hey there this is message 29775
hey there this is message 29776
hey there this is message 29777
hey there this is message 29778
hey there this is message 29779
hey there this is message 29780
hey there this is message 29781
hey there this is message 29782
hey there this is message 29783
hey there this is message 29784
hey there this is message 29785
hey there this is message 29786
hey there this is message 29787
hey there this is message 29788
hey there this is message 29789
hey there this is message 29790
hey there this is message 29791
hey there this is message 29792
hey there this is message 29793
hey there this is message 29794
hey there this is message 29795
hey there this is message 29796
hey there this is message 29797
hey there this is message 29798
hey there this is message 29799
hey there this is message 29800
hey there this is message 29801
hey there this is message 29802
hey there this is message 29803
hey there this is message 29804
hey there this is message 29805
hey there this is message 29806
hey there this is message 29807
hey there this is message 29808
hey there this is message 29809
hey there this is message 29810
hey there this is message 29811
hey there this is message 29812
hey there this is message 29813
hey there this is message 29814
hey there this is message 29815
hey there this is message 29816
hey there this is message 29817
hey there this is message 29818
hey there this is message 29819
hey there this is message 29820
hey there this is message 29821
hey there this is message 29822
hey there this is message 29823
hey there this is message 29824
hey there this is message 29825
hey there this is message 29826
hey there this is message 29827
hey there this is message 29828
hey there this is message 29829
hey there this is message 29830
hey there this is message 29831
hey there this is message 29832
hey there this is message 29833
hey there this is message 29834
hey there this is message 29835
hey there this is message 29836
hey there this is message 29837
hey there this is message 29838
hey there this is message 29839
hey there this is message 29840
hey there this is message 29841
hey there this is message 29842
hey there this is message 29843
hey there this is message 29844
hey there this is message 29845
hey there this is message 29846
hey there this is message 29847
hey there this is message 29848
hey there this is message 29849
hey there this is message 29850
hey there this is message 29851
hey there this is message 29852
hey there this is message 29853
hey there this is message 29854
hey there this is message 29855
hey there this is message 29856
hey there this is message 29857
hey there this is message 29858
hey there this is message 29859
hey there this is message 29860
hey there this is message 29861
hey there this is message 29862
hey there this is message 29863
hey there this is message 29864
hey there this is message 29865
hey there this is message 29866
hey there this is message 29867
hey there this is message 29868
hey there this is message 29869
hey there this is message 29870
hey there this is message 29871
hey there this is message 29872
hey there this is message 29873
hey there this is message 29874
hey there this is message 29875
hey there this is message 29876
hey there this is message 29877
hey there this is message 29878
hey there this is message 29879
hey there this is message 29880
hey there this is message 29881
hey there this is message 29882
hey there this is message 29883
hey there this is message 29884
hey there this is message 29885
hey there this is message 29886
hey there this is message 29887
hey there this is message 29888
hey there this is message 29889
hey there this is message 29890
hey there this is message 29891
hey there this is message 29892
hey there this is message 29893
hey there this is message 29894
hey there this is message 29895
hey there this is message 29896
hey there this is message 29897
hey there this is message 29898
hey there this is message 29899
hey there this is message 29900
hey there this is message 29901
hey there this is message 29902
hey there this is message 29903
hey there this is message 29904
hey there this is message 29905
hey there this is message 29906
hey there this is message 29907
hey there this is message 29908
hey there this is message 29909
hey there this is message 29910
hey there this is message 29911
hey there this is message 29912
hey there this is message 29913
hey there this is message 29914
hey there this is message 29915
hey there this is message 29916
hey there this is message 29917
hey there this is message 29918
hey there this is message 29919
hey there this is message 29920
hey there this is message 29921
hey there this is message 29922
hey there this is message 29923
hey there this is message 29924
hey there this is message 29925
hey there this is message 29926
hey there this is message 29927
hey there this is message 29928
hey there this is message 29929
hey there this is message 29930
hey there this is message 29931
hey there this is message 29932
hey there this is message 29933
hey there this is message 29934
hey there this is message 29935
hey there this is message 29936
hey there this is message 29937
hey there this is message 29938
hey there this is message 29939
hey there this is message 29940
hey there this is message 29941
hey there this is message 29942
hey there this is message 29943
hey there this is message 29944
hey there this is message 29945
hey there this is message 29946
hey there this is message 29947
hey there this is message 29948
hey there this is message 29949
hey there this is message 29950
hey there this is message 29951
hey there this is message 29952
hey there this is message 29953
hey there this is message 29954
hey there this is message 29955
hey there this is message 29956
hey there this is message 29957
hey there this is message 29958
hey there this is message 29959
hey there this is message 29960
hey there this is message 29961
hey there this is message 29962
hey there this is message 29963
hey there this is message 29964
hey there this is message 29965
hey there this is message 29966
hey there this is message 29967
hey there this is message 29968
hey there this is message 29969
hey there this is message 29970
hey there this is message 29971
hey there this is message 29972
hey there this is message 29973
hey there this is message 29974
hey there this is message 29975
hey there this is message 29976
hey there this is message 29977
hey there this is message 29978
hey there this is message 29979
hey there this is message 29980
hey there this is message 29981
hey there this is message 29982
hey there this is message 29983
hey there this is message 29984
hey there this is message 29985
hey there this is message 29986
hey there this is message 29987
hey there this is message 29988
hey there this is message 29989
hey there this is message 29990
hey there this is message 29991
hey there this is message 29992
hey there this is message 29993
hey there this is message 29994
hey there this is message 29995
hey there this is message 29996
hey there this is message 29997
hey there this is message 29998
hey there this is message 29999
hey there this is message 30000
hey there this is message 30001
hey there this is message 30002
hey there this is message 30003
hey there this is message 30004
hey there this is message 30005
hey there this is message 30006
hey there this is message 30007
hey there this is message 30008
hey there this is message 30009
hey there this is message 30010
hey there this is message 30011
hey there this is message 30012
hey there this is message 30013
hey there this is message 30014
hey there this is message 30015
hey there this is message 30016
hey there this is message 30017
hey there this is message 30018
hey there this is message 30019
hey there this is message 30020
hey there this is message 30021
hey there this is message 30022
hey there this is message 30023
hey there this is message 30024
hey there this is message 30025
hey there this is message 30026
hey there this is message 30027
hey there this is message 30028
hey there this is message 30029
hey there this is message 30030
hey there this is message 30031
hey there this is message 30032
hey there this is message 30033
hey there this is message 30034
hey there this is message 30035
hey there this is message 30036
hey there this is message 30037
hey there this is message 30038
hey there this is message 30039
hey there this is message 30040
hey there this is message 30041
hey there this is message 30042
hey there this is message 30043
hey there this is message 30044
hey there this is message 30045
hey there this is message 30046
hey there this is message 30047
hey there this is message 30048
hey there this is message 30049
hey there this is message 30050
hey there this is message 30051
hey there this is message 30052
hey there this is message 30053
hey there this is message 30054
hey there this is message 30055
hey there this is message 30056
hey there this is message 30057
hey there this is message 30058
hey there this is message 30059
hey there this is message 30060
hey there this is message 30061
hey there this is message 30062
hey there this is message 30063
hey there this is message 30064
hey there this is message 30065
hey there this is message 30066
hey there this is message 30067
hey there this is message 30068
hey there this is message 30069
hey there this is message 30070
hey there this is message 30071
hey there this is message 30072
hey there this is message 30073
hey there this is message 30074
hey there this is message 30075
hey there this is message 30076
hey there this is message 30077
hey there this is message 30078
hey there this is message 30079
hey there this is message 30080
hey there this is message 30081
hey there this is message 30082
hey there this is message 30083
hey there this is message 30084
hey there this is message 30085
hey there this is message 30086
hey there this is message 30087
hey there this is message 30088
hey there this is message 30089
hey there this is message 30090
hey there this is message 30091
hey there this is message 30092
hey there this is message 30093
hey there this is message 30094
hey there this is message 30095
hey there this is message 30096
hey there this is message 30097
hey there this is message 30098
hey there this is message 30099
hey there this is message 30100
hey there this is message 30101
hey there this is message 30102
hey there this is message 30103
hey there this is message 30104
hey there this is message 30105
hey there this is message 30106
hey there this is message 30107
hey there this is message 30108
hey there this is message 30109
hey there this is message 30110
hey there this is message 30111
hey there this is message 30112
hey there this is message 30113
hey there this is message 30114
hey there this is message 30115
hey there this is message 30116
hey there this is message 30117
hey there this is message 30118
hey there this is message 30119
hey there this is message 30120
hey there this is message 30121
hey there this is message 30122
hey there this is message 30123
hey there this is message 30124
hey there this is message 30125
hey there this is message 30126
hey there this is message 30127
hey there this is message 30128
hey there this is message 30129
hey there this is message 30130
hey there this is message 30131
hey there this is message 30132
hey there this is message 30133
hey there this is message 30134
hey there this is message 30135
hey there this is message 30136
hey there this is message 30137
hey there this is message 30138
hey there this is message 30139
hey there this is message 30140
hey there this is message 30141
hey there this is message 30142
hey there this is message 30143
hey there this is message 30144
hey there this is message 30145
hey there this is message 30146
hey there this is message 30147
hey there this is message 30148
hey there this is message 30149
hey there this is message 30150
hey there this is message 30151
hey there this is message 30152
hey there this is message 30153
hey there this is message 30154
hey there this is message 30155
hey there this is message 30156
hey there this is message 30157
hey there this is message 30158
hey there this is message 30159
hey there this is message 30160
hey there this is message 30161
hey there this is message 30162
hey there this is message 30163
hey there this is message 30164
hey there this is message 30165
hey there this is message 30166
hey there this is message 30167
hey there this is message 30168
hey there this is message 30169
hey there this is message 30170
hey there this is message 30171
hey there this is message 30172
hey there this is message 30173
hey there this is message 30174
hey there this is message 30175
hey there this is message 30176
hey there this is message 30177
hey there this is message 30178
hey there this is message 30179
hey there this is message 30180
hey there this is message 30181
hey there this is message 30182
hey there this is message 30183
hey there this is message 30184
hey there this is message 30185
hey there this is message 30186
hey there this is message 30187
hey there this is message 30188
hey there this is message 30189
hey there this is message 30190
hey there this is message 30191
hey there this is message 30192
hey there this is message 30193
hey there this is message 30194
hey there this is message 30195
hey there this is message 30196
hey there this is message 30197
hey there this is message 30198
hey there this is message 30199
hey there this is message 30200
hey there this is message 30201
hey there this is message 30202
hey there this is message 30203
hey there this is message 30204
hey there this is message 30205
hey there this is message 30206
hey there this is message 30207
hey there this is message 30208
hey there this is message 30209
hey there this is message 30210
hey there this is message 30211
hey there this is message 30212
hey there this is message 30213
hey there this is message 30214
hey there this is message 30215
hey there this is message 30216
hey there this is message 30217
hey there this is message 30218
hey there this is message 30219
hey there this is message 30220
hey there this is message 30221
hey there this is message 30222
hey there this is message 30223
hey there this is message 30224
hey there this is message 30225
hey there this is message 30226
hey there this is message 30227
hey there this is message 30228
hey there this is message 30229
hey there this is message 30230
hey there this is message 30231
hey there this is message 30232
hey there this is message 30233
hey there this is message 30234
hey there this is message 30235
hey there this is message 30236
hey there this is message 30237
hey there this is message 30238
hey there this is message 30239
hey there this is message 30240
hey there this is message 30241
hey there this is message 30242
hey there this is message 30243
hey there this is message 30244
hey there this is message 30245
hey there this is message 30246
hey there this is message 30247
hey there this is message 30248
hey there this is message 30249
hey there this is message 30250
hey there this is message 30251
hey there this is message 30252
hey there this is message 30253
hey there this is message 30254
hey there this is message 30255
hey there this is message 30256
hey there this is message 30257
hey there this is message 30258
hey there this is message 30259
hey there this is message 30260
hey there this is message 30261
hey there this is message 30262
hey there this is message 30263
hey there this is message 30264
hey there this is message 30265
hey there this is message 30266
hey there this is message 30267
hey there this is message 30268
hey there this is message 30269
hey there this is message 30270
hey there this is message 30271
hey there this is message 30272
hey there this is message 30273
hey there this is message 30274
hey there this is message 30275
hey there this is message 30276
hey there this is message 30277
hey there this is message 30278
hey there this is message 30279
hey there this is message 30280
hey there this is message 30281
hey there this is message 30282
hey there this is message 30283
hey there this is message 30284
hey there this is message 30285
hey there this is message 30286
hey there this is message 30287
hey there this is message 30288
hey there this is message 30289
hey there this is message 30290
hey there this is message 30291
hey there this is message 30292
hey there this is message 30293
hey there this is message 30294
hey there this is message 30295
hey there this is message 30296
hey there this is message 30297
hey there this is message 30298
hey there this is message 30299
hey there this is message 30300
hey there this is message 30301
hey there this is message 30302
hey there this is message 30303
hey there this is message 30304
hey there this is message 30305
hey there this is message 30306
hey there this is message 30307
hey there this is message 30308
hey there this is message 30309
hey there this is message 30310
hey there this is message 30311
hey there this is message 30312
hey there this is message 30313
hey there this is message 30314
hey there this is message 30315
hey there this is message 30316
hey there this is message 30317
hey there this is message 30318
hey there this is message 30319
hey there this is message 30320
hey there this is message 30321
hey there this is message 30322
hey there this is message 30323
hey there this is message 30324
hey there this is message 30325
hey there this is message 30326
hey there this is message 30327
hey there this is message 30328
hey there this is message 30329
hey there this is message 30330
hey there this is message 30331
hey there this is message 30332
hey there this is message 30333
hey there this is message 30334
hey there this is message 30335
hey there this is message 30336
hey there this is message 30337
hey there this is message 30338
hey there this is message 30339
hey there this is message 30340
hey there this is message 30341
hey there this is message 30342
hey there this is message 30343
hey there this is message 30344
hey there this is message 30345
hey there this is message 30346
hey there this is message 30347
hey there this is message 30348
hey there this is message 30349
hey there this is message 30350
hey there this is message 30351
hey there this is message 30352
hey there this is message 30353
hey there this is message 30354
hey there this is message 30355
hey there this is message 30356
hey there this is message 30357
hey there this is message 30358
hey there this is message 30359
hey there this is message 30360
hey there this is message 30361
hey there this is message 30362
hey there this is message 30363
hey there this is message 30364
hey there this is message 30365
hey there this is message 30366
hey there this is message 30367
hey there this is message 30368
hey there this is message 30369
hey there this is message 30370
hey there this is message 30371
hey there this is message 30372
hey there this is message 30373
hey there this is message 30374
hey there this is message 30375
hey there this is message 30376
hey there this is message 30377
hey there this is message 30378
hey there this is message 30379
hey there this is message 30380
hey there this is message 30381
hey there this is message 30382
hey there this is message 30383
hey there this is message 30384
hey there this is message 30385
hey there this is message 30386
hey there this is message 30387
hey there this is message 30388
hey there this is message 30389
hey there this is message 30390
hey there this is message 30391
hey there this is message 30392
hey there this is message 30393
hey there this is message 30394
hey there this is message 30395
hey there this is message 30396
hey there this is message 30397
hey there this is message 30398
hey there this is message 30399
hey there this is message 30400
hey there this is message 30401
hey there this is message 30402
hey there this is message 30403
hey there this is message 30404
hey there this is message 30405
hey there this is message 30406
hey there this is message 30407
hey there this is message 30408
hey there this is message 30409
hey there this is message 30410
hey there this is message 30411
hey there this is message 30412
hey there this is message 30413
hey there this is message 30414
hey there this is message 30415
hey there this is message 30416
hey there this is message 30417
hey there this is message 30418
hey there this is message 30419
hey there this is message 30420
hey there this is message 30421
hey there this is message 30422
hey there this is message 30423
hey there this is message 30424
hey there this is message 30425
hey there this is message 30426
hey there this is message 30427
hey there this is message 30428
hey there this is message 30429
hey there this is message 30430
hey there this is message 30431
hey there this is message 30432
hey there this is message 30433
hey there this is message 30434
hey there this is message 30435
hey there this is message 30436
hey there this is message 30437
hey there this is message 30438
hey there this is message 30439
hey there this is message 30440
hey there this is message 30441
hey there this is message 30442
hey there this is message 30443
hey there this is message 30444
hey there this is message 30445
hey there this is message 30446
hey there this is message 30447
hey there this is message 30448
hey there this is message 30449
hey there this is message 30450
hey there this is message 30451
hey there this is message 30452
hey there this is message 30453
hey there this is message 30454
hey there this is message 30455
hey there this is message 30456
hey there this is message 30457
hey there this is message 30458
hey there this is message 30459
hey there this is message 30460
hey there this is message 30461
hey there this is message 30462
hey there this is message 30463
hey there this is message 30464
hey there this is message 30465
hey there this is message 30466
hey there this is message 30467
hey there this is message 30468
hey there this is message 30469
hey there this is message 30470
hey there this is message 30471
hey there this is message 30472
hey there this is message 30473
hey there this is message 30474
hey there this is message 30475
hey there this is message 30476
hey there this is message 30477
hey there this is message 30478
hey there this is message 30479
hey there this is message 30480
hey there this is message 30481
hey there this is message 30482
hey there this is message 30483
hey there this is message 30484
hey there this is message 30485
hey there this is message 30486
hey there this is message 30487
hey there this is message 30488
hey there this is message 30489
hey there this is message 30490
hey there this is message 30491
hey there this is message 30492
hey there this is message 30493
hey there this is message 30494
hey there this is message 30495
hey there this is message 30496
hey there this is message 30497
hey there this is message 30498
hey there this is message 30499
hey there this is message 30500
hey there this is message 30501
hey there this is message 30502
hey there this is message 30503
hey there this is message 30504
hey there this is message 30505
hey there this is message 30506
hey there this is message 30507
hey there this is message 30508
hey there this is message 30509
hey there this is message 30510
hey there this is message 30511
hey there this is message 30512
hey there this is message 30513
hey there this is message 30514
hey there this is message 30515
hey there this is message 30516
hey there this is message 30517
hey there this is message 30518
hey there this is message 30519
hey there this is message 30520
hey there this is message 30521
hey there this is message 30522
hey there this is message 30523
hey there this is message 30524
hey there this is message 30525
hey there this is message 30526
hey there this is message 30527
hey there this is message 30528
hey there this is message 30529
hey there this is message 30530
hey there this is message 30531
hey there this is message 30532
hey there this is message 30533
hey there this is message 30534
hey there this is message 30535
hey there this is message 30536
hey there this is message 30537
hey there this is message 30538
hey there this is message 30539
hey there this is message 30540
hey there this is message 30541
hey there this is message 30542
hey there this is message 30543
hey there this is message 30544
hey there this is message 30545
hey there this is message 30546
hey there this is message 30547
hey there this is message 30548
hey there this is message 30549
hey there this is message 30550
hey there this is message 30551
hey there this is message 30552
hey there this is message 30553
hey there this is message 30554
hey there this is message 30555
hey there this is message 30556
hey there this is message 30557
hey there this is message 30558
hey there this is message 30559
hey there this is message 30560
hey there this is message 30561
hey there this is message 30562
hey there this is message 30563
hey there this is message 30564
hey there this is message 30565
hey there this is message 30566
hey there this is message 30567
hey there this is message 30568
hey there this is message 30569
hey there this is message 30570
hey there this is message 30571
hey there this is message 30572
hey there this is message 30573
hey there this is message 30574
hey there this is message 30575
hey there this is message 30576
hey there this is message 30577
hey there this is message 30578
hey there this is message 30579
hey there this is message 30580
hey there this is message 30581
hey there this is message 30582
hey there this is message 30583
hey there this is message 30584
hey there this is message 30585
hey there this is message 30586
hey there this is message 30587
hey there this is message 30588
hey there this is message 30589
hey there this is message 30590
hey there this is message 30591
hey there this is message 30592
hey there this is message 30593
hey there this is message 30594
hey there this is message 30595
hey there this is message 30596
hey there this is message 30597
hey there this is message 30598
hey there this is message 30599
hey there this is message 30600
hey there this is message 30601
hey there this is message 30602
hey there this is message 30603
hey there this is message 30604
hey there this is message 30605
hey there this is message 30606
hey there this is message 30607
hey there this is message 30608
hey there this is message 30609
hey there this is message 30610
hey there this is message 30611
hey there this is message 30612
hey there this is message 30613
hey there this is message 30614
hey there this is message 30615
hey there this is message 30616
hey there this is message 30617
hey there this is message 30618
hey there this is message 30619
hey there this is message 30620
hey there this is message 30621
hey there this is message 30622
hey there this is message 30623
hey there this is message 30624
hey there this is message 30625
hey there this is message 30626
hey there this is message 30627
hey there this is message 30628
hey there this is message 30629
hey there this is message 30630
hey there this is message 30631
hey there this is message 30632
hey there this is message 30633
hey there this is message 30634
hey there this is message 30635
hey there this is message 30636
hey there this is message 30637
hey there this is message 30638
hey there this is message 30639
hey there this is message 30640
hey there this is message 30641
hey there this is message 30642
hey there this is message 30643
hey there this is message 30644
hey there this is message 30645
hey there this is message 30646
hey there this is message 30647
hey there this is message 30648
hey there this is message 30649
hey there this is message 30650
hey there this is message 30651
hey there this is message 30652
hey there this is message 30653
hey there this is message 30654
hey there this is message 30655
hey there this is message 30656
hey there this is message 30657
hey there this is message 30658
hey there this is message 30659
hey there this is message 30660
hey there this is message 30661
hey there this is message 30662
hey there this is message 30663
hey there this is message 30664
hey there this is message 30665
hey there this is message 30666
hey there this is message 30667
hey there this is message 30668
hey there this is message 30669
hey there this is message 30670
hey there this is message 30671
hey there this is message 30672
hey there this is message 30673
hey there this is message 30674
hey there this is message 30675
hey there this is message 30676
hey there this is message 30677
hey there this is message 30678
hey there this is message 30679
hey there this is message 30680
hey there this is message 30681
hey there this is message 30682
hey there this is message 30683
hey there this is message 30684
hey there this is message 30685
hey there this is message 30686
hey there this is message 30687
hey there this is message 30688
hey there this is message 30689
hey there this is message 30690
hey there this is message 30691
hey there this is message 30692
hey there this is message 30693
hey there this is message 30694
hey there this is message 30695
hey there this is message 30696
hey there this is message 30697
hey there this is message 30698
hey there this is message 30699
hey there this is message 30700
hey there this is message 30701
hey there this is message 30702
hey there this is message 30703
hey there this is message 30704
hey there this is message 30705
hey there this is message 30706
hey there this is message 30707
hey there this is message 30708
hey there this is message 30709
hey there this is message 30710
hey there this is message 30711
hey there this is message 30712
hey there this is message 30713
hey there this is message 30714
hey there this is message 30715
hey there this is message 30716
hey there this is message 30717
hey there this is message 30718
hey there this is message 30719
hey there this is message 30720
hey there this is message 30721
hey there this is message 30722
hey there this is message 30723
hey there this is message 30724
hey there this is message 30725
hey there this is message 30726
hey there this is message 30727
hey there this is message 30728
hey there this is message 30729
hey there this is message 30730
hey there this is message 30731
hey there this is message 30732
hey there this is message 30733
hey there this is message 30734
hey there this is message 30735
hey there this is message 30736
hey there this is message 30737
hey there this is message 30738
hey there this is message 30739
hey there this is message 30740
hey there this is message 30741
hey there this is message 30742
hey there this is message 30743
hey there this is message 30744
hey there this is message 30745
hey there this is message 30746
hey there this is message 30747
hey there this is message 30748
hey there this is message 30749
hey there this is message 30750
hey there this is message 30751
hey there this is message 30752
hey there this is message 30753
hey there this is message 30754
hey there this is message 30755
hey there this is message 30756
hey there this is message 30757
hey there this is message 30758
hey there this is message 30759
hey there this is message 30760
hey there this is message 30761
hey there this is message 30762
hey there this is message 30763
hey there this is message 30764
hey there this is message 30765
hey there this is message 30766
hey there this is message 30767
hey there this is message 30768
hey there this is message 30769
hey there this is message 30770
hey there this is message 30771
hey there this is message 30772
hey there this is message 30773
hey there this is message 30774
hey there this is message 30775
hey there this is message 30776
hey there this is message 30777
hey there this is message 30778
hey there this is message 30779
hey there this is message 30780
hey there this is message 30781
hey there this is message 30782
hey there this is message 30783
hey there this is message 30784
hey there this is message 30785
hey there this is message 30786
hey there this is message 30787
hey there this is message 30788
hey there this is message 30789
hey there this is message 30790
hey there this is message 30791
hey there this is message 30792
hey there this is message 30793
hey there this is message 30794
hey there this is message 30795
hey there this is message 30796
hey there this is message 30797
hey there this is message 30798
hey there this is message 30799
hey there this is message 30800
hey there this is message 30801
hey there this is message 30802
hey there this is message 30803
hey there this is message 30804
hey there this is message 30805
hey there this is message 30806
hey there this is message 30807
hey there this is message 30808
hey there this is message 30809
hey there this is message 30810
hey there this is message 30811
hey there this is message 30812
hey there this is message 30813
hey there this is message 30814
hey there this is message 30815
hey there this is message 30816
hey there this is message 30817
hey there this is message 30818
hey there this is message 30819
hey there this is message 30820
hey there this is message 30821
hey there this is message 30822
hey there this is message 30823
hey there this is message 30824
hey there this is message 30825
hey there this is message 30826
hey there this is message 30827
hey there this is message 30828
hey there this is message 30829
hey there this is message 30830
hey there this is message 30831
hey there this is message 30832
hey there this is message 30833
hey there this is message 30834
hey there this is message 30835
hey there this is message 30836
hey there this is message 30837
hey there this is message 30838
hey there this is message 30839
hey there this is message 30840
hey there this is message 30841
hey there this is message 30842
hey there this is message 30843
hey there this is message 30844
hey there this is message 30845
hey there this is message 30846
hey there this is message 30847
hey there this is message 30848
hey there this is message 30849
hey there this is message 30850
hey there this is message 30851
hey there this is message 30852
hey there this is message 30853
hey there this is message 30854
hey there this is message 30855
hey there this is message 30856
hey there this is message 30857
hey there this is message 30858
hey there this is message 30859
hey there this is message 30860
hey there this is message 30861
hey there this is message 30862
hey there this is message 30863
hey there this is message 30864
hey there this is message 30865
hey there this is message 30866
hey there this is message 30867
hey there this is message 30868
hey there this is message 30869
hey there this is message 30870
hey there this is message 30871
hey there this is message 30872
hey there this is message 30873
hey there this is message 30874
hey there this is message 30875
hey there this is message 30876
hey there this is message 30877
hey there this is message 30878
hey there this is message 30879
hey there this is message 30880
hey there this is message 30881
hey there this is message 30882
hey there this is message 30883
hey there this is message 30884
hey there this is message 30885
hey there this is message 30886
hey there this is message 30887
hey there this is message 30888
hey there this is message 30889
hey there this is message 30890
hey there this is message 30891
hey there this is message 30892
hey there this is message 30893
hey there this is message 30894
hey there this is message 30895
hey there this is message 30896
hey there this is message 30897
hey there this is message 30898
hey there this is message 30899
hey there this is message 30900
hey there this is message 30901
hey there this is message 30902
hey there this is message 30903
hey there this is message 30904
hey there this is message 30905
hey there this is message 30906
hey there this is message 30907
hey there this is message 30908
hey there this is message 30909
hey there this is message 30910
hey there this is message 30911
hey there this is message 30912
hey there this is message 30913
hey there this is message 30914
hey there this is message 30915
hey there this is message 30916
hey there this is message 30917
hey there this is message 30918
hey there this is message 30919
hey there this is message 30920
hey there this is message 30921
hey there this is message 30922
hey there this is message 30923
hey there this is message 30924
hey there this is message 30925
hey there this is message 30926
hey there this is message 30927
hey there this is message 30928
hey there this is message 30929
hey there this is message 30930
hey there this is message 30931
hey there this is message 30932
hey there this is message 30933
hey there this is message 30934
hey there this is message 30935
hey there this is message 30936
hey there this is message 30937
hey there this is message 30938
hey there this is message 30939
hey there this is message 30940
hey there this is message 30941
hey there this is message 30942
hey there this is message 30943
hey there this is message 30944
hey there this is message 30945
hey there this is message 30946
hey there this is message 30947
hey there this is message 30948
hey there this is message 30949
hey there this is message 30950
hey there this is message 30951
hey there this is message 30952
hey there this is message 30953
hey there this is message 30954
hey there this is message 30955
hey there this is message 30956
hey there this is message 30957
hey there this is message 30958
hey there this is message 30959
hey there this is message 30960
hey there this is message 30961
hey there this is message 30962
hey there this is message 30963
hey there this is message 30964
hey there this is message 30965
hey there this is message 30966
hey there this is message 30967
hey there this is message 30968
hey there this is message 30969
hey there this is message 30970
hey there this is message 30971
hey there this is message 30972
hey there this is message 30973
hey there this is message 30974
hey there this is message 30975
hey there this is message 30976
hey there this is message 30977
hey there this is message 30978
hey there this is message 30979
hey there this is message 30980
hey there this is message 30981
hey there this is message 30982
hey there this is message 30983
hey there this is message 30984
hey there this is message 30985
hey there this is message 30986
hey there this is message 30987
hey there this is message 30988
hey there this is message 30989
hey there this is message 30990
hey there this is message 30991
hey there this is message 30992
hey there this is message 30993
hey there this is message 30994
hey there this is message 30995
hey there this is message 30996
hey there this is message 30997
hey there this is message 30998
hey there this is message 30999
hey there this is message 31000
hey there this is message 31001
hey there this is message 31002
hey there this is message 31003
hey there this is message 31004
hey there this is message 31005
hey there this is message 31006
hey there this is message 31007
hey there this is message 31008
hey there this is message 31009
hey there this is message 31010
hey there this is message 31011
hey there this is message 31012
hey there this is message 31013
hey there this is message 31014
hey there this is message 31015
hey there this is message 31016
hey there this is message 31017
hey there this is message 31018
hey there this is message 31019
hey there this is message 31020
hey there this is message 31021
hey there this is message 31022
hey there this is message 31023
hey there this is message 31024
hey there this is message 31025
hey there this is message 31026
hey there this is message 31027
hey there this is message 31028
hey there this is message 31029
hey there this is message 31030
hey there this is message 31031
hey there this is message 31032
hey there this is message 31033
hey there this is message 31034
hey there this is message 31035
hey there this is message 31036
hey there this is message 31037
hey there this is message 31038
hey there this is message 31039
hey there this is message 31040
hey there this is message 31041
hey there this is message 31042
hey there this is message 31043
hey there this is message 31044
hey there this is message 31045
hey there this is message 31046
hey there this is message 31047
hey there this is message 31048
hey there this is message 31049
hey there this is message 31050
hey there this is message 31051
hey there this is message 31052
hey there this is message 31053
hey there this is message 31054
hey there this is message 31055
hey there this is message 31056
hey there this is message 31057
hey there this is message 31058
hey there this is message 31059
hey there this is message 31060
hey there this is message 31061
hey there this is message 31062
hey there this is message 31063
hey there this is message 31064
hey there this is message 31065
hey there this is message 31066
hey there this is message 31067
hey there this is message 31068
hey there this is message 31069
hey there this is message 31070
hey there this is message 31071
hey there this is message 31072
hey there this is message 31073
hey there this is message 31074
hey there this is message 31075
hey there this is message 31076
hey there this is message 31077
hey there this is message 31078
hey there this is message 31079
hey there this is message 31080
hey there this is message 31081
hey there this is message 31082
hey there this is message 31083
hey there this is message 31084
hey there this is message 31085
hey there this is message 31086
hey there this is message 31087
hey there this is message 31088
hey there this is message 31089
hey there this is message 31090
hey there this is message 31091
hey there this is message 31092
hey there this is message 31093
hey there this is message 31094
hey there this is message 31095
hey there this is message 31096
hey there this is message 31097
hey there this is message 31098
hey there this is message 31099
hey there this is message 31100
hey there this is message 31101
hey there this is message 31102
hey there this is message 31103
hey there this is message 31104
hey there this is message 31105
hey there this is message 31106
hey there this is message 31107
hey there this is message 31108
hey there this is message 31109
hey there this is message 31110
hey there this is message 31111
hey there this is message 31112
hey there this is message 31113
hey there this is message 31114
hey there this is message 31115
hey there this is message 31116
hey there this is message 31117
hey there this is message 31118
hey there this is message 31119
hey there this is message 31120
hey there this is message 31121
hey there this is message 31122
hey there this is message 31123
hey there this is message 31124
hey there this is message 31125
hey there this is message 31126
hey there this is message 31127
hey there this is message 31128
hey there this is message 31129
hey there this is message 31130
hey there this is message 31131
hey there this is message 31132
hey there this is message 31133
hey there this is message 31134
hey there this is message 31135
hey there this is message 31136
hey there this is message 31137
hey there this is message 31138
hey there this is message 31139
hey there this is message 31140
hey there this is message 31141
hey there this is message 31142
hey there this is message 31143
hey there this is message 31144
hey there this is message 31145
hey there this is message 31146
hey there this is message 31147
hey there this is message 31148
hey there this is message 31149
hey there this is message 31150
hey there this is message 31151
hey there this is message 31152
hey there this is message 31153
hey there this is message 31154
hey there this is message 31155
hey there this is message 31156
hey there this is message 31157
hey there this is message 31158
hey there this is message 31159
hey there this is message 31160
hey there this is message 31161
hey there this is message 31162
hey there this is message 31163
hey there this is message 31164
hey there this is message 31165
hey there this is message 31166
hey there this is message 31167
hey there this is message 31168
hey there this is message 31169
hey there this is message 31170
hey there this is message 31171
hey there this is message 31172
hey there this is message 31173
hey there this is message 31174
hey there this is message 31175
hey there this is message 31176
hey there this is message 31177
hey there this is message 31178
hey there this is message 31179
hey there this is message 31180
hey there this is message 31181
hey there this is message 31182
hey there this is message 31183
hey there this is message 31184
hey there this is message 31185
hey there this is message 31186
hey there this is message 31187
hey there this is message 31188
hey there this is message 31189
hey there this is message 31190
hey there this is message 31191
hey there this is message 31192
hey there this is message 31193
hey there this is message 31194
hey there this is message 31195
hey there this is message 31196
hey there this is message 31197
hey there this is message 31198
hey there this is message 31199
hey there this is message 31200
hey there this is message 31201
hey there this is message 31202
hey there this is message 31203
hey there this is message 31204
hey there this is message 31205
hey there this is message 31206
hey there this is message 31207
hey there this is message 31208
hey there this is message 31209
hey there this is message 31210
hey there this is message 31211
hey there this is message 31212
hey there this is message 31213
hey there this is message 31214
hey there this is message 31215
hey there this is message 31216
hey there this is message 31217
hey there this is message 31218
hey there this is message 31219
hey there this is message 31220
hey there this is message 31221
hey there this is message 31222
hey there this is message 31223
hey there this is message 31224
hey there this is message 31225
hey there this is message 31226
hey there this is message 31227
hey there this is message 31228
hey there this is message 31229
hey there this is message 31230
hey there this is message 31231
hey there this is message 31232
hey there this is message 31233
hey there this is message 31234
hey there this is message 31235
hey there this is message 31236
hey there this is message 31237
hey there this is message 31238
hey there this is message 31239
hey there this is message 31240
hey there this is message 31241
hey there this is message 31242
hey there this is message 31243
hey there this is message 31244
hey there this is message 31245
hey there this is message 31246
hey there this is message 31247
hey there this is message 31248
hey there this is message 31249
hey there this is message 31250
hey there this is message 31251
hey there this is message 31252
hey there this is message 31253
hey there this is message 31254
hey there this is message 31255
hey there this is message 31256
hey there this is message 31257
hey there this is message 31258
hey there this is message 31259
hey there this is message 31260
hey there this is message 31261
hey there this is message 31262
hey there this is message 31263
hey there this is message 31264
hey there this is message 31265
hey there this is message 31266
hey there this is message 31267
hey there this is message 31268
hey there this is message 31269
hey there this is message 31270
hey there this is message 31271
hey there this is message 31272
hey there this is message 31273
hey there this is message 31274
hey there this is message 31275
hey there this is message 31276
hey there this is message 31277
hey there this is message 31278
hey there this is message 31279
hey there this is message 31280
hey there this is message 31281
hey there this is message 31282
hey there this is message 31283
hey there this is message 31284
hey there this is message 31285
hey there this is message 31286
hey there this is message 31287
hey there this is message 31288
hey there this is message 31289
hey there this is message 31290
hey there this is message 31291
hey there this is message 31292
hey there this is message 31293
hey there this is message 31294
hey there this is message 31295
hey there this is message 31296
hey there this is message 31297
hey there this is message 31298
hey there this is message 31299
hey there this is message 31300
hey there this is message 31301
hey there this is message 31302
hey there this is message 31303
hey there this is message 31304
hey there this is message 31305
hey there this is message 31306
hey there this is message 31307
hey there this is message 31308
hey there this is message 31309
hey there this is message 31310
hey there this is message 31311
hey there this is message 31312
hey there this is message 31313
hey there this is message 31314
hey there this is message 31315
hey there this is message 31316
hey there this is message 31317
hey there this is message 31318
hey there this is message 31319
hey there this is message 31320
hey there this is message 31321
hey there this is message 31322
hey there this is message 31323
hey there this is message 31324
hey there this is message 31325
hey there this is message 31326
hey there this is message 31327
hey there this is message 31328
hey there this is message 31329
hey there this is message 31330
hey there this is message 31331
hey there this is message 31332
hey there this is message 31333
hey there this is message 31334
hey there this is message 31335
hey there this is message 31336
hey there this is message 31337
hey there this is message 31338
hey there this is message 31339
hey there this is message 31340
hey there this is message 31341
hey there this is message 31342
hey there this is message 31343
hey there this is message 31344
hey there this is message 31345
hey there this is message 31346
hey there this is message 31347
hey there this is message 31348
hey there this is message 31349
hey there this is message 31350
hey there this is message 31351
hey there this is message 31352
hey there this is message 31353
hey there this is message 31354
hey there this is message 31355
hey there this is message 31356
hey there this is message 31357
hey there this is message 31358
hey there this is message 31359
hey there this is message 31360
hey there this is message 31361
hey there this is message 31362
hey there this is message 31363
hey there this is message 31364
hey there this is message 31365
hey there this is message 31366
hey there this is message 31367
hey there this is message 31368
hey there this is message 31369
hey there this is message 31370
hey there this is message 31371
hey there this is message 31372
hey there this is message 31373
hey there this is message 31374
hey there this is message 31375
hey there this is message 31376
hey there this is message 31377
hey there this is message 31378
hey there this is message 31379
hey there this is message 31380
hey there this is message 31381
hey there this is message 31382
hey there this is message 31383
hey there this is message 31384
hey there this is message 31385
hey there this is message 31386
hey there this is message 31387
hey there this is message 31388
hey there this is message 31389
hey there this is message 31390
hey there this is message 31391
hey there this is message 31392
hey there this is message 31393
hey there this is message 31394
hey there this is message 31395
hey there this is message 31396
hey there this is message 31397
hey there this is message 31398
hey there this is message 31399
hey there this is message 31400
hey there this is message 31401
hey there this is message 31402
hey there this is message 31403
hey there this is message 31404
hey there this is message 31405
hey there this is message 31406
hey there this is message 31407
hey there this is message 31408
hey there this is message 31409
hey there this is message 31410
hey there this is message 31411
hey there this is message 31412
hey there this is message 31413
hey there this is message 31414
hey there this is message 31415
hey there this is message 31416
hey there this is message 31417
hey there this is message 31418
hey there this is message 31419
hey there this is message 31420
hey there this is message 31421
hey there this is message 31422
hey there this is message 31423
hey there this is message 31424
hey there this is message 31425
hey there this is message 31426
hey there this is message 31427
hey there this is message 31428
hey there this is message 31429
hey there this is message 31430
hey there this is message 31431
hey there this is message 31432
hey there this is message 31433
hey there this is message 31434
hey there this is message 31435
hey there this is message 31436
hey there this is message 31437
hey there this is message 31438
hey there this is message 31439
hey there this is message 31440
hey there this is message 31441
hey there this is message 31442
hey there this is message 31443
hey there this is message 31444
hey there this is message 31445
hey there this is message 31446
hey there this is message 31447
hey there this is message 31448
hey there this is message 31449
hey there this is message 31450
hey there this is message 31451
hey there this is message 31452
hey there this is message 31453
hey there this is message 31454
hey there this is message 31455
hey there this is message 31456
hey there this is message 31457
hey there this is message 31458
hey there this is message 31459
hey there this is message 31460
hey there this is message 31461
hey there this is message 31462
hey there this is message 31463
hey there this is message 31464
hey there this is message 31465
hey there this is message 31466
hey there this is message 31467
hey there this is message 31468
hey there this is message 31469
hey there this is message 31470
hey there this is message 31471
hey there this is message 31472
hey there this is message 31473
hey there this is message 31474
hey there this is message 31475
hey there this is message 31476
hey there this is message 31477
hey there this is message 31478
hey there this is message 31479
hey there this is message 31480
hey there this is message 31481
hey there this is message 31482
hey there this is message 31483
hey there this is message 31484
hey there this is message 31485
hey there this is message 31486
hey there this is message 31487
hey there this is message 31488
hey there this is message 31489
hey there this is message 31490
hey there this is message 31491
hey there this is message 31492
hey there this is message 31493
hey there this is message 31494
hey there this is message 31495
hey there this is message 31496
hey there this is message 31497
hey there this is message 31498
hey there this is message 31499
hey there this is message 31500
hey there this is message 31501
hey there this is message 31502
hey there this is message 31503
hey there this is message 31504
hey there this is message 31505
hey there this is message 31506
hey there this is message 31507
hey there this is message 31508
hey there this is message 31509
hey there this is message 31510
hey there this is message 31511
hey there this is message 31512
hey there this is message 31513
hey there this is message 31514
hey there this is message 31515
hey there this is message 31516
hey there this is message 31517
hey there this is message 31518
hey there this is message 31519
hey there this is message 31520
hey there this is message 31521
hey there this is message 31522
hey there this is message 31523
hey there this is message 31524
hey there this is message 31525
hey there this is message 31526
hey there this is message 31527
hey there this is message 31528
hey there this is message 31529
hey there this is message 31530
hey there this is message 31531
hey there this is message 31532
hey there this is message 31533
hey there this is message 31534
hey there this is message 31535
hey there this is message 31536
hey there this is message 31537
hey there this is message 31538
hey there this is message 31539
hey there this is message 31540
hey there this is message 31541
hey there this is message 31542
hey there this is message 31543
hey there this is message 31544
hey there this is message 31545
hey there this is message 31546
hey there this is message 31547
hey there this is message 31548
hey there this is message 31549
hey there this is message 31550
hey there this is message 31551
hey there this is message 31552
hey there this is message 31553
hey there this is message 31554
hey there this is message 31555
hey there this is message 31556
hey there this is message 31557
hey there this is message 31558
hey there this is message 31559
hey there this is message 31560
hey there this is message 31561
hey there this is message 31562
hey there this is message 31563
hey there this is message 31564
hey there this is message 31565
hey there this is message 31566
hey there this is message 31567
hey there this is message 31568
hey there this is message 31569
hey there this is message 31570
hey there this is message 31571
hey there this is message 31572
hey there this is message 31573
hey there this is message 31574
hey there this is message 31575
hey there this is message 31576
hey there this is message 31577
hey there this is message 31578
hey there this is message 31579
hey there this is message 31580
hey there this is message 31581
hey there this is message 31582
hey there this is message 31583
hey there this is message 31584
hey there this is message 31585
hey there this is message 31586
hey there this is message 31587
hey there this is message 31588
hey there this is message 31589
hey there this is message 31590
hey there this is message 31591
hey there this is message 31592
hey there this is message 31593
hey there this is message 31594
hey there this is message 31595
hey there this is message 31596
hey there this is message 31597
hey there this is message 31598
hey there this is message 31599
hey there this is message 31600
hey there this is message 31601
hey there this is message 31602
hey there this is message 31603
hey there this is message 31604
hey there this is message 31605
hey there this is message 31606
hey there this is message 31607
hey there this is message 31608
hey there this is message 31609
hey there this is message 31610
hey there this is message 31611
hey there this is message 31612
hey there this is message 31613
hey there this is message 31614
hey there this is message 31615
hey there this is message 31616
hey there this is message 31617
hey there this is message 31618
hey there this is message 31619
hey there this is message 31620
hey there this is message 31621
hey there this is message 31622
hey there this is message 31623
hey there this is message 31624
hey there this is message 31625
hey there this is message 31626
hey there this is message 31627
hey there this is message 31628
hey there this is message 31629
hey there this is message 31630
hey there this is message 31631
hey there this is message 31632
hey there this is message 31633
hey there this is message 31634
hey there this is message 31635
hey there this is message 31636
hey there this is message 31637
hey there this is message 31638
hey there this is message 31639
hey there this is message 31640
hey there this is message 31641
hey there this is message 31642
hey there this is message 31643
hey there this is message 31644
hey there this is message 31645
hey there this is message 31646
hey there this is message 31647
hey there this is message 31648
hey there this is message 31649
hey there this is message 31650
hey there this is message 31651
hey there this is message 31652
hey there this is message 31653
hey there this is message 31654
hey there this is message 31655
hey there this is message 31656
hey there this is message 31657
hey there this is message 31658
hey there this is message 31659
hey there this is message 31660
hey there this is message 31661
hey there this is message 31662
hey there this is message 31663
hey there this is message 31664
hey there this is message 31665
hey there this is message 31666
hey there this is message 31667
hey there this is message 31668
hey there this is message 31669
hey there this is message 31670
hey there this is message 31671
hey there this is message 31672
hey there this is message 31673
hey there this is message 31674
hey there this is message 31675
hey there this is message 31676
hey there this is message 31677
hey there this is message 31678
hey there this is message 31679
hey there this is message 31680
hey there this is message 31681
hey there this is message 31682
hey there this is message 31683
hey there this is message 31684
hey there this is message 31685
hey there this is message 31686
hey there this is message 31687
hey there this is message 31688
hey there this is message 31689
hey there this is message 31690
hey there this is message 31691
hey there this is message 31692
hey there this is message 31693
hey there this is message 31694
hey there this is message 31695
hey there this is message 31696
hey there this is message 31697
hey there this is message 31698
hey there this is message 31699
hey there this is message 31700
hey there this is message 31701
hey there this is message 31702
hey there this is message 31703
hey there this is message 31704
hey there this is message 31705
hey there this is message 31706
hey there this is message 31707
hey there this is message 31708
hey there this is message 31709
hey there this is message 31710
hey there this is message 31711
hey there this is message 31712
hey there this is message 31713
hey there this is message 31714
hey there this is message 31715
hey there this is message 31716
hey there this is message 31717
hey there this is message 31718
hey there this is message 31719
hey there this is message 31720
hey there this is message 31721
hey there this is message 31722
hey there this is message 31723
hey there this is message 31724
hey there this is message 31725
hey there this is message 31726
hey there this is message 31727
hey there this is message 31728
hey there this is message 31729
hey there this is message 31730
hey there this is message 31731
hey there this is message 31732
hey there this is message 31733
hey there this is message 31734
hey there this is message 31735
hey there this is message 31736
hey there this is message 31737
hey there this is message 31738
hey there this is message 31739
hey there this is message 31740
hey there this is message 31741
hey there this is message 31742
hey there this is message 31743
hey there this is message 31744
hey there this is message 31745
hey there this is message 31746
hey there this is message 31747
hey there this is message 31748
hey there this is message 31749
hey there this is message 31750
hey there this is message 31751
hey there this is message 31752
hey there this is message 31753
hey there this is message 31754
hey there this is message 31755
hey there this is message 31756
hey there this is message 31757
hey there this is message 31758
hey there this is message 31759
hey there this is message 31760
hey there this is message 31761
hey there this is message 31762
hey there this is message 31763
hey there this is message 31764
hey there this is message 31765
hey there this is message 31766
hey there this is message 31767
hey there this is message 31768
hey there this is message 31769
hey there this is message 31770
hey there this is message 31771
hey there this is message 31772
hey there this is message 31773
hey there this is message 31774
hey there this is message 31775
hey there this is message 31776
hey there this is message 31777
hey there this is message 31778
hey there this is message 31779
hey there this is message 31780
hey there this is message 31781
hey there this is message 31782
hey there this is message 31783
hey there this is message 31784
hey there this is message 31785
hey there this is message 31786
hey there this is message 31787
hey there this is message 31788
hey there this is message 31789
hey there this is message 31790
hey there this is message 31791
hey there this is message 31792
hey there this is message 31793
hey there this is message 31794
hey there this is message 31795
hey there this is message 31796
hey there this is message 31797
hey there this is message 31798
hey there this is message 31799
hey there this is message 31800
hey there this is message 31801
hey there this is message 31802
hey there this is message 31803
hey there this is message 31804
hey there this is message 31805
hey there this is message 31806
hey there this is message 31807
hey there this is message 31808
hey there this is message 31809
hey there this is message 31810
hey there this is message 31811
hey there this is message 31812
hey there this is message 31813
hey there this is message 31814
hey there this is message 31815
hey there this is message 31816
hey there this is message 31817
hey there this is message 31818
hey there this is message 31819
hey there this is message 31820
hey there this is message 31821
hey there this is message 31822
hey there this is message 31823
hey there this is message 31824
hey there this is message 31825
hey there this is message 31826
hey there this is message 31827
hey there this is message 31828
hey there this is message 31829
hey there this is message 31830
hey there this is message 31831
hey there this is message 31832
hey there this is message 31833
hey there this is message 31834
hey there this is message 31835
hey there this is message 31836
hey there this is message 31837
hey there this is message 31838
hey there this is message 31839
hey there this is message 31840
hey there this is message 31841
hey there this is message 31842
hey there this is message 31843
hey there this is message 31844
hey there this is message 31845
hey there this is message 31846
hey there this is message 31847
hey there this is message 31848
hey there this is message 31849
hey there this is message 31850
hey there this is message 31851
hey there this is message 31852
hey there this is message 31853
hey there this is message 31854
hey there this is message 31855
hey there this is message 31856
hey there this is message 31857
hey there this is message 31858
hey there this is message 31859
hey there this is message 31860
hey there this is message 31861
hey there this is message 31862
hey there this is message 31863
hey there this is message 31864
hey there this is message 31865
hey there this is message 31866
hey there this is message 31867
hey there this is message 31868
hey there this is message 31869
hey there this is message 31870
hey there this is message 31871
hey there this is message 31872
hey there this is message 31873
hey there this is message 31874
hey there this is message 31875
hey there this is message 31876
hey there this is message 31877
hey there this is message 31878
hey there this is message 31879
hey there this is message 31880
hey there this is message 31881
hey there this is message 31882
hey there this is message 31883
hey there this is message 31884
hey there this is message 31885
hey there this is message 31886
hey there this is message 31887
hey there this is message 31888
hey there this is message 31889
hey there this is message 31890
hey there this is message 31891
hey there this is message 31892
hey there this is message 31893
hey there this is message 31894
hey there this is message 31895
hey there this is message 31896
hey there this is message 31897
hey there this is message 31898
hey there this is message 31899
hey there this is message 31900
hey there this is message 31901
hey there this is message 31902
hey there this is message 31903
hey there this is message 31904
hey there this is message 31905
hey there this is message 31906
hey there this is message 31907
hey there this is message 31908
hey there this is message 31909
hey there this is message 31910
hey there this is message 31911
hey there this is message 31912
hey there this is message 31913
hey there this is message 31914
hey there this is message 31915
hey there this is message 31916
hey there this is message 31917
hey there this is message 31918
hey there this is message 31919
hey there this is message 31920
hey there this is message 31921
hey there this is message 31922
hey there this is message 31923
hey there this is message 31924
hey there this is message 31925
hey there this is message 31926
hey there this is message 31927
hey there this is message 31928
hey there this is message 31929
hey there this is message 31930
hey there this is message 31931
hey there this is message 31932
hey there this is message 31933
hey there this is message 31934
hey there this is message 31935
hey there this is message 31936
hey there this is message 31937
hey there this is message 31938
hey there this is message 31939
hey there this is message 31940
hey there this is message 31941
hey there this is message 31942
hey there this is message 31943
hey there this is message 31944
hey there this is message 31945
hey there this is message 31946
hey there this is message 31947
hey there this is message 31948
hey there this is message 31949
hey there this is message 31950
hey there this is message 31951
hey there this is message 31952
hey there this is message 31953
hey there this is message 31954
hey there this is message 31955
hey there this is message 31956
hey there this is message 31957
hey there this is message 31958
hey there this is message 31959
hey there this is message 31960
hey there this is message 31961
hey there this is message 31962
hey there this is message 31963
hey there this is message 31964
hey there this is message 31965
hey there this is message 31966
hey there this is message 31967
hey there this is message 31968
hey there this is message 31969
hey there this is message 31970
hey there this is message 31971
hey there this is message 31972
hey there this is message 31973
hey there this is message 31974
hey there this is message 31975
hey there this is message 31976
hey there this is message 31977
hey there this is message 31978
hey there this is message 31979
hey there this is message 31980
hey there this is message 31981
hey there this is message 31982
hey there this is message 31983
hey there this is message 31984
hey there this is message 31985
hey there this is message 31986
hey there this is message 31987
hey there this is message 31988
hey there this is message 31989
hey there this is message 31990
hey there this is message 31991
hey there this is message 31992
hey there this is message 31993
hey there this is message 31994
hey there this is message 31995
hey there this is message 31996
hey there this is message 31997
hey there this is message 31998
hey there this is message 31999
hey there this is message 32000
hey there this is message 32001
hey there this is message 32002
hey there this is message 32003
hey there this is message 32004
hey there this is message 32005
hey there this is message 32006
hey there this is message 32007
hey there this is message 32008
hey there this is message 32009
hey there this is message 32010
hey there this is message 32011
hey there this is message 32012
hey there this is message 32013
hey there this is message 32014
hey there this is message 32015
hey there this is message 32016
hey there this is message 32017
hey there this is message 32018
hey there this is message 32019
hey there this is message 32020
hey there this is message 32021
hey there this is message 32022
hey there this is message 32023
hey there this is message 32024
hey there this is message 32025
hey there this is message 32026
hey there this is message 32027
hey there this is message 32028
hey there this is message 32029
hey there this is message 32030
hey there this is message 32031
hey there this is message 32032
hey there this is message 32033
hey there this is message 32034
hey there this is message 32035
hey there this is message 32036
hey there this is message 32037
hey there this is message 32038
hey there this is message 32039
hey there this is message 32040
hey there this is message 32041
hey there this is message 32042
hey there this is message 32043
hey there this is message 32044
hey there this is message 32045
hey there this is message 32046
hey there this is message 32047
hey there this is message 32048
hey there this is message 32049
hey there this is message 32050
hey there this is message 32051
hey there this is message 32052
hey there this is message 32053
hey there this is message 32054
hey there this is message 32055
hey there this is message 32056
hey there this is message 32057
hey there this is message 32058
hey there this is message 32059
hey there this is message 32060
hey there this is message 32061
hey there this is message 32062
hey there this is message 32063
hey there this is message 32064
hey there this is message 32065
hey there this is message 32066
hey there this is message 32067
hey there this is message 32068
hey there this is message 32069
hey there this is message 32070
hey there this is message 32071
hey there this is message 32072
hey there this is message 32073
hey there this is message 32074
hey there this is message 32075
hey there this is message 32076
hey there this is message 32077
hey there this is message 32078
hey there this is message 32079
hey there this is message 32080
hey there this is message 32081
hey there this is message 32082
hey there this is message 32083
hey there this is message 32084
hey there this is message 32085
hey there this is message 32086
hey there this is message 32087
hey there this is message 32088
hey there this is message 32089
hey there this is message 32090
hey there this is message 32091
hey there this is message 32092
hey there this is message 32093
hey there this is message 32094
hey there this is message 32095
hey there this is message 32096
hey there this is message 32097
hey there this is message 32098
hey there this is message 32099
hey there this is message 32100
hey there this is message 32101
hey there this is message 32102
hey there this is message 32103
hey there this is message 32104
hey there this is message 32105
hey there this is message 32106
hey there this is message 32107
hey there this is message 32108
hey there this is message 32109
hey there this is message 32110
hey there this is message 32111
hey there this is message 32112
hey there this is message 32113
hey there this is message 32114
hey there this is message 32115
hey there this is message 32116
hey there this is message 32117
hey there this is message 32118
hey there this is message 32119
hey there this is message 32120
hey there this is message 32121
hey there this is message 32122
hey there this is message 32123
hey there this is message 32124
hey there this is message 32125
hey there this is message 32126
hey there this is message 32127
hey there this is message 32128
hey there this is message 32129
hey there this is message 32130
hey there this is message 32131
hey there this is message 32132
hey there this is message 32133
hey there this is message 32134
hey there this is message 32135
hey there this is message 32136
hey there this is message 32137
hey there this is message 32138
hey there this is message 32139
hey there this is message 32140
hey there this is message 32141
hey there this is message 32142
hey there this is message 32143
hey there this is message 32144
hey there this is message 32145
hey there this is message 32146
hey there this is message 32147
hey there this is message 32148
hey there this is message 32149
hey there this is message 32150
hey there this is message 32151
hey there this is message 32152
hey there this is message 32153
hey there this is message 32154
hey there this is message 32155
hey there this is message 32156
hey there this is message 32157
hey there this is message 32158
hey there this is message 32159
hey there this is message 32160
hey there this is message 32161
hey there this is message 32162
hey there this is message 32163
hey there this is message 32164
hey there this is message 32165
hey there this is message 32166
hey there this is message 32167
hey there this is message 32168
hey there this is message 32169
hey there this is message 32170
hey there this is message 32171
hey there this is message 32172
hey there this is message 32173
hey there this is message 32174
hey there this is message 32175
hey there this is message 32176
hey there this is message 32177
hey there this is message 32178
hey there this is message 32179
hey there this is message 32180
hey there this is message 32181
hey there this is message 32182
hey there this is message 32183
hey there this is message 32184
hey there this is message 32185
hey there this is message 32186
hey there this is message 32187
hey there this is message 32188
hey there this is message 32189
hey there this is message 32190
hey there this is message 32191
hey there this is message 32192
hey there this is message 32193
hey there this is message 32194
hey there this is message 32195
hey there this is message 32196
hey there this is message 32197
hey there this is message 32198
hey there this is message 32199
hey there this is message 32200
hey there this is message 32201
hey there this is message 32202
hey there this is message 32203
hey there this is message 32204
hey there this is message 32205
hey there this is message 32206
hey there this is message 32207
hey there this is message 32208
hey there this is message 32209
hey there this is message 32210
hey there this is message 32211
hey there this is message 32212
hey there this is message 32213
hey there this is message 32214
hey there this is message 32215
hey there this is message 32216
hey there this is message 32217
hey there this is message 32218
hey there this is message 32219
hey there this is message 32220
hey there this is message 32221
hey there this is message 32222
hey there this is message 32223
hey there this is message 32224
hey there this is message 32225
hey there this is message 32226
hey there this is message 32227
hey there this is message 32228
hey there this is message 32229
hey there this is message 32230
hey there this is message 32231
hey there this is message 32232
hey there this is message 32233
hey there this is message 32234
hey there this is message 32235
hey there this is message 32236
hey there this is message 32237
hey there this is message 32238
hey there this is message 32239
hey there this is message 32240
hey there this is message 32241
hey there this is message 32242
hey there this is message 32243
hey there this is message 32244
hey there this is message 32245
hey there this is message 32246
hey there this is message 32247
hey there this is message 32248
hey there this is message 32249
hey there this is message 32250
hey there this is message 32251
hey there this is message 32252
hey there this is message 32253
hey there this is message 32254
hey there this is message 32255
hey there this is message 32256
hey there this is message 32257
hey there this is message 32258
hey there this is message 32259
hey there this is message 32260
hey there this is message 32261
hey there this is message 32262
hey there this is message 32263
hey there this is message 32264
hey there this is message 32265
hey there this is message 32266
hey there this is message 32267
hey there this is message 32268
hey there this is message 32269
hey there this is message 32270
hey there this is message 32271
hey there this is message 32272
hey there this is message 32273
hey there this is message 32274
hey there this is message 32275
hey there this is message 32276
hey there this is message 32277
hey there this is message 32278
hey there this is message 32279
hey there this is message 32280
hey there this is message 32281
hey there this is message 32282
hey there this is message 32283
hey there this is message 32284
hey there this is message 32285
hey there this is message 32286
hey there this is message 32287
hey there this is message 32288
hey there this is message 32289
hey there this is message 32290
hey there this is message 32291
hey there this is message 32292
hey there this is message 32293
hey there this is message 32294
hey there this is message 32295
hey there this is message 32296
hey there this is message 32297
hey there this is message 32298
hey there this is message 32299
hey there this is message 32300
hey there this is message 32301
hey there this is message 32302
hey there this is message 32303
hey there this is message 32304
hey there this is message 32305
hey there this is message 32306
hey there this is message 32307
hey there this is message 32308
hey there this is message 32309
hey there this is message 32310
hey there this is message 32311
hey there this is message 32312
hey there this is message 32313
hey there this is message 32314
hey there this is message 32315
hey there this is message 32316
hey there this is message 32317
hey there this is message 32318
hey there this is message 32319
hey there this is message 32320
hey there this is message 32321
hey there this is message 32322
hey there this is message 32323
hey there this is message 32324
hey there this is message 32325
hey there this is message 32326
hey there this is message 32327
hey there this is message 32328
hey there this is message 32329
hey there this is message 32330
hey there this is message 32331
hey there this is message 32332
hey there this is message 32333
hey there this is message 32334
hey there this is message 32335
hey there this is message 32336
hey there this is message 32337
hey there this is message 32338
hey there this is message 32339
hey there this is message 32340
hey there this is message 32341
hey there this is message 32342
hey there this is message 32343
hey there this is message 32344
hey there this is message 32345
hey there this is message 32346
hey there this is message 32347
hey there this is message 32348
hey there this is message 32349
hey there this is message 32350
hey there this is message 32351
hey there this is message 32352
hey there this is message 32353
hey there this is message 32354
hey there this is message 32355
hey there this is message 32356
hey there this is message 32357
hey there this is message 32358
hey there this is message 32359
hey there this is message 32360
hey there this is message 32361
hey there this is message 32362
hey there this is message 32363
hey there this is message 32364
hey there this is message 32365
hey there this is message 32366
hey there this is message 32367
hey there this is message 32368
hey there this is message 32369
hey there this is message 32370
hey there this is message 32371
hey there this is message 32372
hey there this is message 32373
hey there this is message 32374
hey there this is message 32375
hey there this is message 32376
hey there this is message 32377
hey there this is message 32378
hey there this is message 32379
hey there this is message 32380
hey there this is message 32381
hey there this is message 32382
hey there this is message 32383
hey there this is message 32384
hey there this is message 32385
hey there this is message 32386
hey there this is message 32387
hey there this is message 32388
hey there this is message 32389
hey there this is message 32390
hey there this is message 32391
hey there this is message 32392
hey there this is message 32393
hey there this is message 32394
hey there this is message 32395
hey there this is message 32396
hey there this is message 32397
hey there this is message 32398
hey there this is message 32399
hey there this is message 32400
hey there this is message 32401
hey there this is message 32402
hey there this is message 32403
hey there this is message 32404
hey there this is message 32405
hey there this is message 32406
hey there this is message 32407
hey there this is message 32408
hey there this is message 32409
hey there this is message 32410
hey there this is message 32411
hey there this is message 32412
hey there this is message 32413
hey there this is message 32414
hey there this is message 32415
hey there this is message 32416
hey there this is message 32417
hey there this is message 32418
hey there this is message 32419
hey there this is message 32420
hey there this is message 32421
hey there this is message 32422
hey there this is message 32423
hey there this is message 32424
hey there this is message 32425
hey there this is message 32426
hey there this is message 32427
hey there this is message 32428
hey there this is message 32429
hey there this is message 32430
hey there this is message 32431
hey there this is message 32432
hey there this is message 32433
hey there this is message 32434
hey there this is message 32435
hey there this is message 32436
hey there this is message 32437
hey there this is message 32438
hey there this is message 32439
hey there this is message 32440
hey there this is message 32441
hey there this is message 32442
hey there this is message 32443
hey there this is message 32444
hey there this is message 32445
hey there this is message 32446
hey there this is message 32447
hey there this is message 32448
hey there this is message 32449
hey there this is message 32450
hey there this is message 32451
hey there this is message 32452
hey there this is message 32453
hey there this is message 32454
hey there this is message 32455
hey there this is message 32456
hey there this is message 32457
hey there this is message 32458
hey there this is message 32459
hey there this is message 32460
hey there this is message 32461
hey there this is message 32462
hey there this is message 32463
hey there this is message 32464
hey there this is message 32465
hey there this is message 32466
hey there this is message 32467
hey there this is message 32468
hey there this is message 32469
hey there this is message 32470
hey there this is message 32471
hey there this is message 32472
hey there this is message 32473
hey there this is message 32474
hey there this is message 32475
hey there this is message 32476
hey there this is message 32477
hey there this is message 32478
hey there this is message 32479
hey there this is message 32480
hey there this is message 32481
hey there this is message 32482
hey there this is message 32483
hey there this is message 32484
hey there this is message 32485
hey there this is message 32486
hey there this is message 32487
hey there this is message 32488
hey there this is message 32489
hey there this is message 32490
hey there this is message 32491
hey there this is message 32492
hey there this is message 32493
hey there this is message 32494
hey there this is message 32495
hey there this is message 32496
hey there this is message 32497
hey there this is message 32498
hey there this is message 32499
hey there this is message 32500
hey there this is message 32501
hey there this is message 32502
hey there this is message 32503
hey there this is message 32504
hey there this is message 32505
hey there this is message 32506
hey there this is message 32507
hey there this is message 32508
hey there this is message 32509
hey there this is message 32510
hey there this is message 32511
hey there this is message 32512
hey there this is message 32513
hey there this is message 32514
hey there this is message 32515
hey there this is message 32516
hey there this is message 32517
hey there this is message 32518
hey there this is message 32519
hey there this is message 32520
hey there this is message 32521
hey there this is message 32522
hey there this is message 32523
hey there this is message 32524
hey there this is message 32525
hey there this is message 32526
hey there this is message 32527
hey there this is message 32528
hey there this is message 32529
hey there this is message 32530
hey there this is message 32531
hey there this is message 32532
hey there this is message 32533
hey there this is message 32534
hey there this is message 32535
hey there this is message 32536
hey there this is message 32537
hey there this is message 32538
hey there this is message 32539
hey there this is message 32540
hey there this is message 32541
hey there this is message 32542
hey there this is message 32543
hey there this is message 32544
hey there this is message 32545
hey there this is message 32546
hey there this is message 32547
hey there this is message 32548
hey there this is message 32549
hey there this is message 32550
hey there this is message 32551
hey there this is message 32552
hey there this is message 32553
hey there this is message 32554
hey there this is message 32555
hey there this is message 32556
hey there this is message 32557
hey there this is message 32558
hey there this is message 32559
hey there this is message 32560
hey there this is message 32561
hey there this is message 32562
hey there this is message 32563
hey there this is message 32564
hey there this is message 32565
hey there this is message 32566
hey there this is message 32567
hey there this is message 32568
hey there this is message 32569
hey there this is message 32570
hey there this is message 32571
hey there this is message 32572
hey there this is message 32573
hey there this is message 32574
hey there this is message 32575
hey there this is message 32576
hey there this is message 32577
hey there this is message 32578
hey there this is message 32579
hey there this is message 32580
hey there this is message 32581
hey there this is message 32582
hey there this is message 32583
hey there this is message 32584
hey there this is message 32585
hey there this is message 32586
hey there this is message 32587
hey there this is message 32588
hey there this is message 32589
hey there this is message 32590
hey there this is message 32591
hey there this is message 32592
hey there this is message 32593
hey there this is message 32594
hey there this is message 32595
hey there this is message 32596
hey there this is message 32597
hey there this is message 32598
hey there this is message 32599
hey there this is message 32600
hey there this is message 32601
hey there this is message 32602
hey there this is message 32603
hey there this is message 32604
hey there this is message 32605
hey there this is message 32606
hey there this is message 32607
hey there this is message 32608
hey there this is message 32609
hey there this is message 32610
hey there this is message 32611
hey there this is message 32612
hey there this is message 32613
hey there this is message 32614
hey there this is message 32615
hey there this is message 32616
hey there this is message 32617
hey there this is message 32618
hey there this is message 32619
hey there this is message 32620
hey there this is message 32621
hey there this is message 32622
hey there this is message 32623
hey there this is message 32624
hey there this is message 32625
hey there this is message 32626
hey there this is message 32627
hey there this is message 32628
hey there this is message 32629
hey there this is message 32630
hey there this is message 32631
hey there this is message 32632
hey there this is message 32633
hey there this is message 32634
hey there this is message 32635
hey there this is message 32636
hey there this is message 32637
hey there this is message 32638
hey there this is message 32639
hey there this is message 32640
hey there this is message 32641
hey there this is message 32642
hey there this is message 32643
hey there this is message 32644
hey there this is message 32645
hey there this is message 32646
hey there this is message 32647
hey there this is message 32648
hey there this is message 32649
hey there this is message 32650
hey there this is message 32651
hey there this is message 32652
hey there this is message 32653
hey there this is message 32654
hey there this is message 32655
hey there this is message 32656
hey there this is message 32657
hey there this is message 32658
hey there this is message 32659
hey there this is message 32660
hey there this is message 32661
hey there this is message 32662
hey there this is message 32663
hey there this is message 32664
hey there this is message 32665
hey there this is message 32666
hey there this is message 32667
hey there this is message 32668
hey there this is message 32669
hey there this is message 32670
hey there this is message 32671
hey there this is message 32672
hey there this is message 32673
hey there this is message 32674
hey there this is message 32675
hey there this is message 32676
hey there this is message 32677
hey there this is message 32678
hey there this is message 32679
hey there this is message 32680
hey there this is message 32681
hey there this is message 32682
hey there this is message 32683
hey there this is message 32684
hey there this is message 32685
hey there this is message 32686
hey there this is message 32687
hey there this is message 32688
hey there this is message 32689
hey there this is message 32690
hey there this is message 32691
hey there this is message 32692
hey there this is message 32693
hey there this is message 32694
hey there this is message 32695
hey there this is message 32696
hey there this is message 32697
hey there this is message 32698
hey there this is message 32699
hey there this is message 32700
hey there this is message 32701
hey there this is message 32702
hey there this is message 32703
hey there this is message 32704
hey there this is message 32705
hey there this is message 32706
hey there this is message 32707
hey there this is message 32708
hey there this is message 32709
hey there this is message 32710
hey there this is message 32711
hey there this is message 32712
hey there this is message 32713
hey there this is message 32714
hey there this is message 32715
hey there this is message 32716
hey there this is message 32717
hey there this is message 32718
hey there this is message 32719
hey there this is message 32720
hey there this is message 32721
hey there this is message 32722
hey there this is message 32723
hey there this is message 32724
hey there this is message 32725
hey there this is message 32726
hey there this is message 32727
hey there this is message 32728
hey there this is message 32729
hey there this is message 32730
hey there this is message 32731
hey there this is message 32732
hey there this is message 32733
hey there this is message 32734
hey there this is message 32735
hey there this is message 32736
hey there this is message 32737
hey there this is message 32738
hey there this is message 32739
hey there this is message 32740
hey there this is message 32741
hey there this is message 32742
hey there this is message 32743
hey there this is message 32744
hey there this is message 32745
hey there this is message 32746
hey there this is message 32747
hey there this is message 32748
hey there this is message 32749
hey there this is message 32750
hey there this is message 32751
hey there this is message 32752
hey there this is message 32753
hey there this is message 32754
hey there this is message 32755
hey there this is message 32756
hey there this is message 32757
hey there this is message 32758
hey there this is message 32759
hey there this is message 32760
hey there this is message 32761
hey there this is message 32762
hey there this is message 32763
hey there this is message 32764
hey there this is message 32765
hey there this is message 32766
hey there this is message 32767
hey there this is message 32768
hey there this is message 32769
hey there this is message 32770
hey there this is message 32771
hey there this is message 32772
hey there this is message 32773
hey there this is message 32774
hey there this is message 32775
hey there this is message 32776
hey there this is message 32777
hey there this is message 32778
hey there this is message 32779
hey there this is message 32780
hey there this is message 32781
hey there this is message 32782
hey there this is message 32783
hey there this is message 32784
hey there this is message 32785
hey there this is message 32786
hey there this is message 32787
hey there this is message 32788
hey there this is message 32789
hey there this is message 32790
hey there this is message 32791
hey there this is message 32792
hey there this is message 32793
hey there this is message 32794
hey there this is message 32795
hey there this is message 32796
hey there this is message 32797
hey there this is message 32798
hey there this is message 32799
hey there this is message 32800
hey there this is message 32801
hey there this is message 32802
hey there this is message 32803
hey there this is message 32804
hey there this is message 32805
hey there this is message 32806
hey there this is message 32807
hey there this is message 32808
hey there this is message 32809
hey there this is message 32810
hey there this is message 32811
hey there this is message 32812
hey there this is message 32813
hey there this is message 32814
hey there this is message 32815
hey there this is message 32816
hey there this is message 32817
hey there this is message 32818
hey there this is message 32819
hey there this is message 32820
hey there this is message 32821
hey there this is message 32822
hey there this is message 32823
hey there this is message 32824
hey there this is message 32825
hey there this is message 32826
hey there this is message 32827
hey there this is message 32828
hey there this is message 32829
hey there this is message 32830
hey there this is message 32831
hey there this is message 32832
hey there this is message 32833
hey there this is message 32834
hey there this is message 32835
hey there this is message 32836
hey there this is message 32837
hey there this is message 32838
hey there this is message 32839
hey there this is message 32840
hey there this is message 32841
hey there this is message 32842
hey there this is message 32843
hey there this is message 32844
hey there this is message 32845
hey there this is message 32846
hey there this is message 32847
hey there this is message 32848
hey there this is message 32849
hey there this is message 32850
hey there this is message 32851
hey there this is message 32852
hey there this is message 32853
hey there this is message 32854
hey there this is message 32855
hey there this is message 32856
hey there this is message 32857
hey there this is message 32858
hey there this is message 32859
hey there this is message 32860
hey there this is message 32861
hey there this is message 32862
hey there this is message 32863
hey there this is message 32864
hey there this is message 32865
hey there this is message 32866
hey there this is message 32867
hey there this is message 32868
hey there this is message 32869
hey there this is message 32870
hey there this is message 32871
hey there this is message 32872
hey there this is message 32873
hey there this is message 32874
hey there this is message 32875
hey there this is message 32876
hey there this is message 32877
hey there this is message 32878
hey there this is message 32879
hey there this is message 32880
hey there this is message 32881
hey there this is message 32882
hey there this is message 32883
hey there this is message 32884
hey there this is message 32885
hey there this is message 32886
hey there this is message 32887
hey there this is message 32888
hey there this is message 32889
hey there this is message 32890
hey there this is message 32891
hey there this is message 32892
hey there this is message 32893
hey there this is message 32894
hey there this is message 32895
hey there this is message 32896
hey there this is message 32897
hey there this is message 32898
hey there this is message 32899
hey there this is message 32900
hey there this is message 32901
hey there this is message 32902
hey there this is message 32903
hey there this is message 32904
hey there this is message 32905
hey there this is message 32906
hey there this is message 32907
hey there this is message 32908
hey there this is message 32909
hey there this is message 32910
hey there this is message 32911
hey there this is message 32912
hey there this is message 32913
hey there this is message 32914
hey there this is message 32915
hey there this is message 32916
hey there this is message 32917
hey there this is message 32918
hey there this is message 32919
hey there this is message 32920
hey there this is message 32921
hey there this is message 32922
hey there this is message 32923
hey there this is message 32924
hey there this is message 32925
hey there this is message 32926
hey there this is message 32927
hey there this is message 32928
hey there this is message 32929
hey there this is message 32930
hey there this is message 32931
hey there this is message 32932
hey there this is message 32933
hey there this is message 32934
hey there this is message 32935
hey there this is message 32936
hey there this is message 32937
hey there this is message 32938
hey there this is message 32939
hey there this is message 32940
hey there this is message 32941
hey there this is message 32942
hey there this is message 32943
hey there this is message 32944
hey there this is message 32945
hey there this is message 32946
hey there this is message 32947
hey there this is message 32948
hey there this is message 32949
hey there this is message 32950
hey there this is message 32951
hey there this is message 32952
hey there this is message 32953
hey there this is message 32954
hey there this is message 32955
hey there this is message 32956
hey there this is message 32957
hey there this is message 32958
hey there this is message 32959
hey there this is message 32960
hey there this is message 32961
hey there this is message 32962
hey there this is message 32963
hey there this is message 32964
hey there this is message 32965
hey there this is message 32966
hey there this is message 32967
hey there this is message 32968
hey there this is message 32969
hey there this is message 32970
hey there this is message 32971
hey there this is message 32972
hey there this is message 32973
hey there this is message 32974
hey there this is message 32975
hey there this is message 32976
hey there this is message 32977
hey there this is message 32978
hey there this is message 32979
hey there this is message 32980
hey there this is message 32981
hey there this is message 32982
hey there this is message 32983
hey there this is message 32984
hey there this is message 32985
hey there this is message 32986
hey there this is message 32987
hey there this is message 32988
hey there this is message 32989
hey there this is message 32990
hey there this is message 32991
hey there this is message 32992
hey there this is message 32993
hey there this is message 32994
hey there this is message 32995
hey there this is message 32996
hey there this is message 32997
hey there this is message 32998
hey there this is message 32999
hey there this is message 33000
hey there this is message 33001
hey there this is message 33002
hey there this is message 33003
hey there this is message 33004
hey there this is message 33005
hey there this is message 33006
hey there this is message 33007
hey there this is message 33008
hey there this is message 33009
hey there this is message 33010
hey there this is message 33011
hey there this is message 33012
hey there this is message 33013
hey there this is message 33014
hey there this is message 33015
hey there this is message 33016
hey there this is message 33017
hey there this is message 33018
hey there this is message 33019
hey there this is message 33020
hey there this is message 33021
hey there this is message 33022
hey there this is message 33023
hey there this is message 33024
hey there this is message 33025
hey there this is message 33026
hey there this is message 33027
hey there this is message 33028
hey there this is message 33029
hey there this is message 33030
hey there this is message 33031
hey there this is message 33032
hey there this is message 33033
hey there this is message 33034
hey there this is message 33035
hey there this is message 33036
hey there this is message 33037
hey there this is message 33038
hey there this is message 33039
hey there this is message 33040
hey there this is message 33041
hey there this is message 33042
hey there this is message 33043
hey there this is message 33044
hey there this is message 33045
hey there this is message 33046
hey there this is message 33047
hey there this is message 33048
hey there this is message 33049
hey there this is message 33050
hey there this is message 33051
hey there this is message 33052
hey there this is message 33053
hey there this is message 33054
hey there this is message 33055
hey there this is message 33056
hey there this is message 33057
hey there this is message 33058
hey there this is message 33059
hey there this is message 33060
hey there this is message 33061
hey there this is message 33062
hey there this is message 33063
hey there this is message 33064
hey there this is message 33065
hey there this is message 33066
hey there this is message 33067
hey there this is message 33068
hey there this is message 33069
hey there this is message 33070
hey there this is message 33071
hey there this is message 33072
hey there this is message 33073
hey there this is message 33074
hey there this is message 33075
hey there this is message 33076
hey there this is message 33077
hey there this is message 33078
hey there this is message 33079
hey there this is message 33080
hey there this is message 33081
hey there this is message 33082
hey there this is message 33083
hey there this is message 33084
hey there this is message 33085
hey there this is message 33086
hey there this is message 33087
hey there this is message 33088
hey there this is message 33089
hey there this is message 33090
hey there this is message 33091
hey there this is message 33092
hey there this is message 33093
hey there this is message 33094
hey there this is message 33095
hey there this is message 33096
hey there this is message 33097
hey there this is message 33098
hey there this is message 33099
hey there this is message 33100
hey there this is message 33101
hey there this is message 33102
hey there this is message 33103
hey there this is message 33104
hey there this is message 33105
hey there this is message 33106
hey there this is message 33107
hey there this is message 33108
hey there this is message 33109
hey there this is message 33110
hey there this is message 33111
hey there this is message 33112
hey there this is message 33113
hey there this is message 33114
hey there this is message 33115
hey there this is message 33116
hey there this is message 33117
hey there this is message 33118
hey there this is message 33119
hey there this is message 33120
hey there this is message 33121
hey there this is message 33122
hey there this is message 33123
hey there this is message 33124
hey there this is message 33125
hey there this is message 33126
hey there this is message 33127
hey there this is message 33128
hey there this is message 33129
hey there this is message 33130
hey there this is message 33131
hey there this is message 33132
hey there this is message 33133
hey there this is message 33134
hey there this is message 33135
hey there this is message 33136
hey there this is message 33137
hey there this is message 33138
hey there this is message 33139
hey there this is message 33140
hey there this is message 33141
hey there this is message 33142
hey there this is message 33143
hey there this is message 33144
hey there this is message 33145
hey there this is message 33146
hey there this is message 33147
hey there this is message 33148
hey there this is message 33149
hey there this is message 33150
hey there this is message 33151
hey there this is message 33152
hey there this is message 33153
hey there this is message 33154
hey there this is message 33155
hey there this is message 33156
hey there this is message 33157
hey there this is message 33158
hey there this is message 33159
hey there this is message 33160
hey there this is message 33161
hey there this is message 33162
hey there this is message 33163
hey there this is message 33164
hey there this is message 33165
hey there this is message 33166
hey there this is message 33167
hey there this is message 33168
hey there this is message 33169
hey there this is message 33170
hey there this is message 33171
hey there this is message 33172
hey there this is message 33173
hey there this is message 33174
hey there this is message 33175
hey there this is message 33176
hey there this is message 33177
hey there this is message 33178
hey there this is message 33179
hey there this is message 33180
hey there this is message 33181
hey there this is message 33182
hey there this is message 33183
hey there this is message 33184
hey there this is message 33185
hey there this is message 33186
hey there this is message 33187
hey there this is message 33188
hey there this is message 33189
hey there this is message 33190
hey there this is message 33191
hey there this is message 33192
hey there this is message 33193
hey there this is message 33194
hey there this is message 33195
hey there this is message 33196
hey there this is message 33197
hey there this is message 33198
hey there this is message 33199
hey there this is message 33200
hey there this is message 33201
hey there this is message 33202
hey there this is message 33203
hey there this is message 33204
hey there this is message 33205
hey there this is message 33206
hey there this is message 33207
hey there this is message 33208
hey there this is message 33209
hey there this is message 33210
hey there this is message 33211
hey there this is message 33212
hey there this is message 33213
hey there this is message 33214
hey there this is message 33215
hey there this is message 33216
hey there this is message 33217
hey there this is message 33218
hey there this is message 33219
hey there this is message 33220
hey there this is message 33221
hey there this is message 33222
hey there this is message 33223
hey there this is message 33224
hey there this is message 33225
hey there this is message 33226
hey there this is message 33227
hey there this is message 33228
hey there this is message 33229
hey there this is message 33230
hey there this is message 33231
hey there this is message 33232
hey there this is message 33233
hey there this is message 33234
hey there this is message 33235
hey there this is message 33236
hey there this is message 33237
hey there this is message 33238
hey there this is message 33239
hey there this is message 33240
hey there this is message 33241
hey there this is message 33242
hey there this is message 33243
hey there this is message 33244
hey there this is message 33245
hey there this is message 33246
hey there this is message 33247
hey there this is message 33248
hey there this is message 33249
hey there this is message 33250
hey there this is message 33251
hey there this is message 33252
hey there this is message 33253
hey there this is message 33254
hey there this is message 33255
hey there this is message 33256
hey there this is message 33257
hey there this is message 33258
hey there this is message 33259
hey there this is message 33260
hey there this is message 33261
hey there this is message 33262
hey there this is message 33263
hey there this is message 33264
hey there this is message 33265
hey there this is message 33266
hey there this is message 33267
hey there this is message 33268
hey there this is message 33269
hey there this is message 33270
hey there this is message 33271
hey there this is message 33272
hey there this is message 33273
hey there this is message 33274
hey there this is message 33275
hey there this is message 33276
hey there this is message 33277
hey there this is message 33278
hey there this is message 33279
hey there this is message 33280
hey there this is message 33281
hey there this is message 33282
hey there this is message 33283
hey there this is message 33284
hey there this is message 33285
hey there this is message 33286
hey there this is message 33287
hey there this is message 33288
hey there this is message 33289
hey there this is message 33290
hey there this is message 33291
hey there this is message 33292
hey there this is message 33293
hey there this is message 33294
hey there this is message 33295
hey there this is message 33296
hey there this is message 33297
hey there this is message 33298
hey there this is message 33299
hey there this is message 33300
hey there this is message 33301
hey there this is message 33302
hey there this is message 33303
hey there this is message 33304
hey there this is message 33305
hey there this is message 33306
hey there this is message 33307
hey there this is message 33308
hey there this is message 33309
hey there this is message 33310
hey there this is message 33311
hey there this is message 33312
hey there this is message 33313
hey there this is message 33314
hey there this is message 33315
hey there this is message 33316
hey there this is message 33317
hey there this is message 33318
hey there this is message 33319
hey there this is message 33320
hey there this is message 33321
hey there this is message 33322
hey there this is message 33323
hey there this is message 33324
hey there this is message 33325
hey there this is message 33326
hey there this is message 33327
hey there this is message 33328
hey there this is message 33329
hey there this is message 33330
hey there this is message 33331
hey there this is message 33332
hey there this is message 33333
hey there this is message 33334
hey there this is message 33335
hey there this is message 33336
hey there this is message 33337
hey there this is message 33338
hey there this is message 33339
hey there this is message 33340
hey there this is message 33341
hey there this is message 33342
hey there this is message 33343
hey there this is message 33344
hey there this is message 33345
hey there this is message 33346
hey there this is message 33347
hey there this is message 33348
hey there this is message 33349
hey there this is message 33350
hey there this is message 33351
hey there this is message 33352
hey there this is message 33353
hey there this is message 33354
hey there this is message 33355
hey there this is message 33356
hey there this is message 33357
hey there this is message 33358
hey there this is message 33359
hey there this is message 33360
hey there this is message 33361
hey there this is message 33362
hey there this is message 33363
hey there this is message 33364
hey there this is message 33365
hey there this is message 33366
hey there this is message 33367
hey there this is message 33368
hey there this is message 33369
hey there this is message 33370
hey there this is message 33371
hey there this is message 33372
hey there this is message 33373
hey there this is message 33374
hey there this is message 33375
hey there this is message 33376
hey there this is message 33377
hey there this is message 33378
hey there this is message 33379
hey there this is message 33380
hey there this is message 33381
hey there this is message 33382
hey there this is message 33383
hey there this is message 33384
hey there this is message 33385
hey there this is message 33386
hey there this is message 33387
hey there this is message 33388
hey there this is message 33389
hey there this is message 33390
hey there this is message 33391
hey there this is message 33392
hey there this is message 33393
hey there this is message 33394
hey there this is message 33395
hey there this is message 33396
hey there this is message 33397
hey there this is message 33398
hey there this is message 33399
hey there this is message 33400
hey there this is message 33401
hey there this is message 33402
hey there this is message 33403
hey there this is message 33404
hey there this is message 33405
hey there this is message 33406
hey there this is message 33407
hey there this is message 33408
hey there this is message 33409
hey there this is message 33410
hey there this is message 33411
hey there this is message 33412
hey there this is message 33413
hey there this is message 33414
hey there this is message 33415
hey there this is message 33416
hey there this is message 33417
hey there this is message 33418
hey there this is message 33419
hey there this is message 33420
hey there this is message 33421
hey there this is message 33422
hey there this is message 33423
hey there this is message 33424
hey there this is message 33425
hey there this is message 33426
hey there this is message 33427
hey there this is message 33428
hey there this is message 33429
hey there this is message 33430
hey there this is message 33431
hey there this is message 33432
hey there this is message 33433
hey there this is message 33434
hey there this is message 33435
hey there this is message 33436
hey there this is message 33437
hey there this is message 33438
hey there this is message 33439
hey there this is message 33440
hey there this is message 33441
hey there this is message 33442
hey there this is message 33443
hey there this is message 33444
hey there this is message 33445
hey there this is message 33446
hey there this is message 33447
hey there this is message 33448
hey there this is message 33449
hey there this is message 33450
hey there this is message 33451
hey there this is message 33452
hey there this is message 33453
hey there this is message 33454
hey there this is message 33455
hey there this is message 33456
hey there this is message 33457
hey there this is message 33458
hey there this is message 33459
hey there this is message 33460
hey there this is message 33461
hey there this is message 33462
hey there this is message 33463
hey there this is message 33464
hey there this is message 33465
hey there this is message 33466
hey there this is message 33467
hey there this is message 33468
hey there this is message 33469
hey there this is message 33470
hey there this is message 33471
hey there this is message 33472
hey there this is message 33473
hey there this is message 33474
hey there this is message 33475
hey there this is message 33476
hey there this is message 33477
hey there this is message 33478
hey there this is message 33479
hey there this is message 33480
hey there this is message 33481
hey there this is message 33482
hey there this is message 33483
hey there this is message 33484
hey there this is message 33485
hey there this is message 33486
hey there this is message 33487
hey there this is message 33488
hey there this is message 33489
hey there this is message 33490
hey there this is message 33491
hey there this is message 33492
hey there this is message 33493
hey there this is message 33494
hey there this is message 33495
hey there this is message 33496
hey there this is message 33497
hey there this is message 33498
hey there this is message 33499
hey there this is message 33500
hey there this is message 33501
hey there this is message 33502
hey there this is message 33503
hey there this is message 33504
hey there this is message 33505
hey there this is message 33506
hey there this is message 33507
hey there this is message 33508
hey there this is message 33509
hey there this is message 33510
hey there this is message 33511
hey there this is message 33512
hey there this is message 33513
hey there this is message 33514
hey there this is message 33515
hey there this is message 33516
hey there this is message 33517
hey there this is message 33518
hey there this is message 33519
hey there this is message 33520
hey there this is message 33521
hey there this is message 33522
hey there this is message 33523
hey there this is message 33524
hey there this is message 33525
hey there this is message 33526
hey there this is message 33527
hey there this is message 33528
hey there this is message 33529
hey there this is message 33530
hey there this is message 33531
hey there this is message 33532
hey there this is message 33533
hey there this is message 33534
hey there this is message 33535
hey there this is message 33536
hey there this is message 33537
hey there this is message 33538
hey there this is message 33539
hey there this is message 33540
hey there this is message 33541
hey there this is message 33542
hey there this is message 33543
hey there this is message 33544
hey there this is message 33545
hey there this is message 33546
hey there this is message 33547
hey there this is message 33548
hey there this is message 33549
hey there this is message 33550
hey there this is message 33551
hey there this is message 33552
hey there this is message 33553
hey there this is message 33554
hey there this is message 33555
hey there this is message 33556
hey there this is message 33557
hey there this is message 33558
hey there this is message 33559
hey there this is message 33560
hey there this is message 33561
hey there this is message 33562
hey there this is message 33563
hey there this is message 33564
hey there this is message 33565
hey there this is message 33566
hey there this is message 33567
hey there this is message 33568
hey there this is message 33569
hey there this is message 33570
hey there this is message 33571
hey there this is message 33572
hey there this is message 33573
hey there this is message 33574
hey there this is message 33575
hey there this is message 33576
hey there this is message 33577
hey there this is message 33578
hey there this is message 33579
hey there this is message 33580
hey there this is message 33581
hey there this is message 33582
hey there this is message 33583
hey there this is message 33584
hey there this is message 33585
hey there this is message 33586
hey there this is message 33587
hey there this is message 33588
hey there this is message 33589
hey there this is message 33590
hey there this is message 33591
hey there this is message 33592
hey there this is message 33593
hey there this is message 33594
hey there this is message 33595
hey there this is message 33596
hey there this is message 33597
hey there this is message 33598
hey there this is message 33599
hey there this is message 33600
hey there this is message 33601
hey there this is message 33602
hey there this is message 33603
hey there this is message 33604
hey there this is message 33605
hey there this is message 33606
hey there this is message 33607
hey there this is message 33608
hey there this is message 33609
hey there this is message 33610
hey there this is message 33611
hey there this is message 33612
hey there this is message 33613
hey there this is message 33614
hey there this is message 33615
hey there this is message 33616
hey there this is message 33617
hey there this is message 33618
hey there this is message 33619
hey there this is message 33620
hey there this is message 33621
hey there this is message 33622
hey there this is message 33623
hey there this is message 33624
hey there this is message 33625
hey there this is message 33626
hey there this is message 33627
hey there this is message 33628
hey there this is message 33629
hey there this is message 33630
hey there this is message 33631
hey there this is message 33632
hey there this is message 33633
hey there this is message 33634
hey there this is message 33635
hey there this is message 33636
hey there this is message 33637
hey there this is message 33638
hey there this is message 33639
hey there this is message 33640
hey there this is message 33641
hey there this is message 33642
hey there this is message 33643
hey there this is message 33644
hey there this is message 33645
hey there this is message 33646
hey there this is message 33647
hey there this is message 33648
hey there this is message 33649
hey there this is message 33650
hey there this is message 33651
hey there this is message 33652
hey there this is message 33653
hey there this is message 33654
hey there this is message 33655
hey there this is message 33656
hey there this is message 33657
hey there this is message 33658
hey there this is message 33659
hey there this is message 33660
hey there this is message 33661
hey there this is message 33662
hey there this is message 33663
hey there this is message 33664
hey there this is message 33665
hey there this is message 33666
hey there this is message 33667
hey there this is message 33668
hey there this is message 33669
hey there this is message 33670
hey there this is message 33671
hey there this is message 33672
hey there this is message 33673
hey there this is message 33674
hey there this is message 33675
hey there this is message 33676
hey there this is message 33677
hey there this is message 33678
hey there this is message 33679
hey there this is message 33680
hey there this is message 33681
hey there this is message 33682
hey there this is message 33683
hey there this is message 33684
hey there this is message 33685
hey there this is message 33686
hey there this is message 33687
hey there this is message 33688
hey there this is message 33689
hey there this is message 33690
hey there this is message 33691
hey there this is message 33692
hey there this is message 33693
hey there this is message 33694
hey there this is message 33695
hey there this is message 33696
hey there this is message 33697
hey there this is message 33698
hey there this is message 33699
hey there this is message 33700
hey there this is message 33701
hey there this is message 33702
hey there this is message 33703
hey there this is message 33704
hey there this is message 33705
hey there this is message 33706
hey there this is message 33707
hey there this is message 33708
hey there this is message 33709
hey there this is message 33710
hey there this is message 33711
hey there this is message 33712
hey there this is message 33713
hey there this is message 33714
hey there this is message 33715
hey there this is message 33716
hey there this is message 33717
hey there this is message 33718
hey there this is message 33719
hey there this is message 33720
hey there this is message 33721
hey there this is message 33722
hey there this is message 33723
hey there this is message 33724
hey there this is message 33725
hey there this is message 33726
hey there this is message 33727
hey there this is message 33728
hey there this is message 33729
hey there this is message 33730
hey there this is message 33731
hey there this is message 33732
hey there this is message 33733
hey there this is message 33734
hey there this is message 33735
hey there this is message 33736
hey there this is message 33737
hey there this is message 33738
hey there this is message 33739
hey there this is message 33740
hey there this is message 33741
hey there this is message 33742
hey there this is message 33743
hey there this is message 33744
hey there this is message 33745
hey there this is message 33746
hey there this is message 33747
hey there this is message 33748
hey there this is message 33749
hey there this is message 33750
hey there this is message 33751
hey there this is message 33752
hey there this is message 33753
hey there this is message 33754
hey there this is message 33755
hey there this is message 33756
hey there this is message 33757
hey there this is message 33758
hey there this is message 33759
hey there this is message 33760
hey there this is message 33761
hey there this is message 33762
hey there this is message 33763
hey there this is message 33764
hey there this is message 33765
hey there this is message 33766
hey there this is message 33767
hey there this is message 33768
hey there this is message 33769
hey there this is message 33770
hey there this is message 33771
hey there this is message 33772
hey there this is message 33773
hey there this is message 33774
hey there this is message 33775
hey there this is message 33776
hey there this is message 33777
hey there this is message 33778
hey there this is message 33779
hey there this is message 33780
hey there this is message 33781
hey there this is message 33782
hey there this is message 33783
hey there this is message 33784
hey there this is message 33785
hey there this is message 33786
hey there this is message 33787
hey there this is message 33788
hey there this is message 33789
hey there this is message 33790
hey there this is message 33791
hey there this is message 33792
hey there this is message 33793
hey there this is message 33794
hey there this is message 33795
hey there this is message 33796
hey there this is message 33797
hey there this is message 33798
hey there this is message 33799
hey there this is message 33800
hey there this is message 33801
hey there this is message 33802
hey there this is message 33803
hey there this is message 33804
hey there this is message 33805
hey there this is message 33806
hey there this is message 33807
hey there this is message 33808
hey there this is message 33809
hey there this is message 33810
hey there this is message 33811
hey there this is message 33812
hey there this is message 33813
hey there this is message 33814
hey there this is message 33815
hey there this is message 33816
hey there this is message 33817
hey there this is message 33818
hey there this is message 33819
hey there this is message 33820
hey there this is message 33821
hey there this is message 33822
hey there this is message 33823
hey there this is message 33824
hey there this is message 33825
hey there this is message 33826
hey there this is message 33827
hey there this is message 33828
hey there this is message 33829
hey there this is message 33830
hey there this is message 33831
hey there this is message 33832
hey there this is message 33833
hey there this is message 33834
hey there this is message 33835
hey there this is message 33836
hey there this is message 33837
hey there this is message 33838
hey there this is message 33839
hey there this is message 33840
hey there this is message 33841
hey there this is message 33842
hey there this is message 33843
hey there this is message 33844
hey there this is message 33845
hey there this is message 33846
hey there this is message 33847
hey there this is message 33848
hey there this is message 33849
hey there this is message 33850
hey there this is message 33851
hey there this is message 33852
hey there this is message 33853
hey there this is message 33854
hey there this is message 33855
hey there this is message 33856
hey there this is message 33857
hey there this is message 33858
hey there this is message 33859
hey there this is message 33860
hey there this is message 33861
hey there this is message 33862
hey there this is message 33863
hey there this is message 33864
hey there this is message 33865
hey there this is message 33866
hey there this is message 33867
hey there this is message 33868
hey there this is message 33869
hey there this is message 33870
hey there this is message 33871
hey there this is message 33872
hey there this is message 33873
hey there this is message 33874
hey there this is message 33875
hey there this is message 33876
hey there this is message 33877
hey there this is message 33878
hey there this is message 33879
hey there this is message 33880
hey there this is message 33881
hey there this is message 33882
hey there this is message 33883
hey there this is message 33884
hey there this is message 33885
hey there this is message 33886
hey there this is message 33887
hey there this is message 33888
hey there this is message 33889
hey there this is message 33890
hey there this is message 33891
hey there this is message 33892
hey there this is message 33893
hey there this is message 33894
hey there this is message 33895
hey there this is message 33896
hey there this is message 33897
hey there this is message 33898
hey there this is message 33899
hey there this is message 33900
hey there this is message 33901
hey there this is message 33902
hey there this is message 33903
hey there this is message 33904
hey there this is message 33905
hey there this is message 33906
hey there this is message 33907
hey there this is message 33908
hey there this is message 33909
hey there this is message 33910
hey there this is message 33911
hey there this is message 33912
hey there this is message 33913
hey there this is message 33914
hey there this is message 33915
hey there this is message 33916
hey there this is message 33917
hey there this is message 33918
hey there this is message 33919
hey there this is message 33920
hey there this is message 33921
hey there this is message 33922
hey there this is message 33923
hey there this is message 33924
hey there this is message 33925
hey there this is message 33926
hey there this is message 33927
hey there this is message 33928
hey there this is message 33929
hey there this is message 33930
hey there this is message 33931
hey there this is message 33932
hey there this is message 33933
hey there this is message 33934
hey there this is message 33935
hey there this is message 33936
hey there this is message 33937
hey there this is message 33938
hey there this is message 33939
hey there this is message 33940
hey there this is message 33941
hey there this is message 33942
hey there this is message 33943
hey there this is message 33944
hey there this is message 33945
hey there this is message 33946
hey there this is message 33947
hey there this is message 33948
hey there this is message 33949
hey there this is message 33950
hey there this is message 33951
hey there this is message 33952
hey there this is message 33953
hey there this is message 33954
hey there this is message 33955
hey there this is message 33956
hey there this is message 33957
hey there this is message 33958
hey there this is message 33959
hey there this is message 33960
hey there this is message 33961
hey there this is message 33962
hey there this is message 33963
hey there this is message 33964
hey there this is message 33965
hey there this is message 33966
hey there this is message 33967
hey there this is message 33968
hey there this is message 33969
hey there this is message 33970
hey there this is message 33971
hey there this is message 33972
hey there this is message 33973
hey there this is message 33974
hey there this is message 33975
hey there this is message 33976
hey there this is message 33977
hey there this is message 33978
hey there this is message 33979
hey there this is message 33980
hey there this is message 33981
hey there this is message 33982
hey there this is message 33983
hey there this is message 33984
hey there this is message 33985
hey there this is message 33986
hey there this is message 33987
hey there this is message 33988
hey there this is message 33989
hey there this is message 33990
hey there this is message 33991
hey there this is message 33992
hey there this is message 33993
hey there this is message 33994
hey there this is message 33995
hey there this is message 33996
hey there this is message 33997
hey there this is message 33998
hey there this is message 33999
hey there this is message 34000
hey there this is message 34001
hey there this is message 34002
hey there this is message 34003
hey there this is message 34004
hey there this is message 34005
hey there this is message 34006
hey there this is message 34007
hey there this is message 34008
hey there this is message 34009
hey there this is message 34010
hey there this is message 34011
hey there this is message 34012
hey there this is message 34013
hey there this is message 34014
hey there this is message 34015
hey there this is message 34016
hey there this is message 34017
hey there this is message 34018
hey there this is message 34019
hey there this is message 34020
hey there this is message 34021
hey there this is message 34022
hey there this is message 34023
hey there this is message 34024
hey there this is message 34025
hey there this is message 34026
hey there this is message 34027
hey there this is message 34028
hey there this is message 34029
hey there this is message 34030
hey there this is message 34031
hey there this is message 34032
hey there this is message 34033
hey there this is message 34034
hey there this is message 34035
hey there this is message 34036
hey there this is message 34037
hey there this is message 34038
hey there this is message 34039
hey there this is message 34040
hey there this is message 34041
hey there this is message 34042
hey there this is message 34043
hey there this is message 34044
hey there this is message 34045
hey there this is message 34046
hey there this is message 34047
hey there this is message 34048
hey there this is message 34049
hey there this is message 34050
hey there this is message 34051
hey there this is message 34052
hey there this is message 34053
hey there this is message 34054
hey there this is message 34055
hey there this is message 34056
hey there this is message 34057
hey there this is message 34058
hey there this is message 34059
hey there this is message 34060
hey there this is message 34061
hey there this is message 34062
hey there this is message 34063
hey there this is message 34064
hey there this is message 34065
hey there this is message 34066
hey there this is message 34067
hey there this is message 34068
hey there this is message 34069
hey there this is message 34070
hey there this is message 34071
hey there this is message 34072
hey there this is message 34073
hey there this is message 34074
hey there this is message 34075
hey there this is message 34076
hey there this is message 34077
hey there this is message 34078
hey there this is message 34079
hey there this is message 34080
hey there this is message 34081
hey there this is message 34082
hey there this is message 34083
hey there this is message 34084
hey there this is message 34085
hey there this is message 34086
hey there this is message 34087
hey there this is message 34088
hey there this is message 34089
hey there this is message 34090
hey there this is message 34091
hey there this is message 34092
hey there this is message 34093
hey there this is message 34094
hey there this is message 34095
hey there this is message 34096
hey there this is message 34097
hey there this is message 34098
hey there this is message 34099
hey there this is message 34100
hey there this is message 34101
hey there this is message 34102
hey there this is message 34103
hey there this is message 34104
hey there this is message 34105
hey there this is message 34106
hey there this is message 34107
hey there this is message 34108
hey there this is message 34109
hey there this is message 34110
hey there this is message 34111
hey there this is message 34112
hey there this is message 34113
hey there this is message 34114
hey there this is message 34115
hey there this is message 34116
hey there this is message 34117
hey there this is message 34118
hey there this is message 34119
hey there this is message 34120
hey there this is message 34121
hey there this is message 34122
hey there this is message 34123
hey there this is message 34124
hey there this is message 34125
hey there this is message 34126
hey there this is message 34127
hey there this is message 34128
hey there this is message 34129
hey there this is message 34130
hey there this is message 34131
hey there this is message 34132
hey there this is message 34133
hey there this is message 34134
hey there this is message 34135
hey there this is message 34136
hey there this is message 34137
hey there this is message 34138
hey there this is message 34139
hey there this is message 34140
hey there this is message 34141
hey there this is message 34142
hey there this is message 34143
hey there this is message 34144
hey there this is message 34145
hey there this is message 34146
hey there this is message 34147
hey there this is message 34148
hey there this is message 34149
hey there this is message 34150
hey there this is message 34151
hey there this is message 34152
hey there this is message 34153
hey there this is message 34154
hey there this is message 34155
hey there this is message 34156
hey there this is message 34157
hey there this is message 34158
hey there this is message 34159
hey there this is message 34160
hey there this is message 34161
hey there this is message 34162
hey there this is message 34163
hey there this is message 34164
hey there this is message 34165
hey there this is message 34166
hey there this is message 34167
hey there this is message 34168
hey there this is message 34169
hey there this is message 34170
hey there this is message 34171
hey there this is message 34172
hey there this is message 34173
hey there this is message 34174
hey there this is message 34175
hey there this is message 34176
hey there this is message 34177
hey there this is message 34178
hey there this is message 34179
hey there this is message 34180
hey there this is message 34181
hey there this is message 34182
hey there this is message 34183
hey there this is message 34184
hey there this is message 34185
hey there this is message 34186
hey there this is message 34187
hey there this is message 34188
hey there this is message 34189
hey there this is message 34190
hey there this is message 34191
hey there this is message 34192
hey there this is message 34193
hey there this is message 34194
hey there this is message 34195
hey there this is message 34196
hey there this is message 34197
hey there this is message 34198
hey there this is message 34199
hey there this is message 34200
hey there this is message 34201
hey there this is message 34202
hey there this is message 34203
hey there this is message 34204
hey there this is message 34205
hey there this is message 34206
hey there this is message 34207
hey there this is message 34208
hey there this is message 34209
hey there this is message 34210
hey there this is message 34211
hey there this is message 34212
hey there this is message 34213
hey there this is message 34214
hey there this is message 34215
hey there this is message 34216
hey there this is message 34217
hey there this is message 34218
hey there this is message 34219
hey there this is message 34220
hey there this is message 34221
hey there this is message 34222
hey there this is message 34223
hey there this is message 34224
hey there this is message 34225
hey there this is message 34226
hey there this is message 34227
hey there this is message 34228
hey there this is message 34229
hey there this is message 34230
hey there this is message 34231
hey there this is message 34232
hey there this is message 34233
hey there this is message 34234
hey there this is message 34235
hey there this is message 34236
hey there this is message 34237
hey there this is message 34238
hey there this is message 34239
hey there this is message 34240
hey there this is message 34241
hey there this is message 34242
hey there this is message 34243
hey there this is message 34244
hey there this is message 34245
hey there this is message 34246
hey there this is message 34247
hey there this is message 34248
hey there this is message 34249
hey there this is message 34250
hey there this is message 34251
hey there this is message 34252
hey there this is message 34253
hey there this is message 34254
hey there this is message 34255
hey there this is message 34256
hey there this is message 34257
hey there this is message 34258
hey there this is message 34259
hey there this is message 34260
hey there this is message 34261
hey there this is message 34262
hey there this is message 34263
hey there this is message 34264
hey there this is message 34265
hey there this is message 34266
hey there this is message 34267
hey there this is message 34268
hey there this is message 34269
hey there this is message 34270
hey there this is message 34271
hey there this is message 34272
hey there this is message 34273
hey there this is message 34274
hey there this is message 34275
hey there this is message 34276
hey there this is message 34277
hey there this is message 34278
hey there this is message 34279
hey there this is message 34280
hey there this is message 34281
hey there this is message 34282
hey there this is message 34283
hey there this is message 34284
hey there this is message 34285
hey there this is message 34286
hey there this is message 34287
hey there this is message 34288
hey there this is message 34289
hey there this is message 34290
hey there this is message 34291
hey there this is message 34292
hey there this is message 34293
hey there this is message 34294
hey there this is message 34295
hey there this is message 34296
hey there this is message 34297
hey there this is message 34298
hey there this is message 34299
hey there this is message 34300
hey there this is message 34301
hey there this is message 34302
hey there this is message 34303
hey there this is message 34304
hey there this is message 34305
hey there this is message 34306
hey there this is message 34307
hey there this is message 34308
hey there this is message 34309
hey there this is message 34310
hey there this is message 34311
hey there this is message 34312
hey there this is message 34313
hey there this is message 34314
hey there this is message 34315
hey there this is message 34316
hey there this is message 34317
hey there this is message 34318
hey there this is message 34319
hey there this is message 34320
hey there this is message 34321
hey there this is message 34322
hey there this is message 34323
hey there this is message 34324
hey there this is message 34325
hey there this is message 34326
hey there this is message 34327
hey there this is message 34328
hey there this is message 34329
hey there this is message 34330
hey there this is message 34331
hey there this is message 34332
hey there this is message 34333
hey there this is message 34334
hey there this is message 34335
hey there this is message 34336
hey there this is message 34337
hey there this is message 34338
hey there this is message 34339
hey there this is message 34340
hey there this is message 34341
hey there this is message 34342
hey there this is message 34343
hey there this is message 34344
hey there this is message 34345
hey there this is message 34346
hey there this is message 34347
hey there this is message 34348
hey there this is message 34349
hey there this is message 34350
hey there this is message 34351
hey there this is message 34352
hey there this is message 34353
hey there this is message 34354
hey there this is message 34355
hey there this is message 34356
hey there this is message 34357
hey there this is message 34358
hey there this is message 34359
hey there this is message 34360
hey there this is message 34361
hey there this is message 34362
hey there this is message 34363
hey there this is message 34364
hey there this is message 34365
hey there this is message 34366
hey there this is message 34367
hey there this is message 34368
hey there this is message 34369
hey there this is message 34370
hey there this is message 34371
hey there this is message 34372
hey there this is message 34373
hey there this is message 34374
hey there this is message 34375
hey there this is message 34376
hey there this is message 34377
hey there this is message 34378
hey there this is message 34379
hey there this is message 34380
hey there this is message 34381
hey there this is message 34382
hey there this is message 34383
hey there this is message 34384
hey there this is message 34385
hey there this is message 34386
hey there this is message 34387
hey there this is message 34388
hey there this is message 34389
hey there this is message 34390
hey there this is message 34391
hey there this is message 34392
hey there this is message 34393
hey there this is message 34394
hey there this is message 34395
hey there this is message 34396
hey there this is message 34397
hey there this is message 34398
hey there this is message 34399
hey there this is message 34400
hey there this is message 34401
hey there this is message 34402
hey there this is message 34403
hey there this is message 34404
hey there this is message 34405
hey there this is message 34406
hey there this is message 34407
hey there this is message 34408
hey there this is message 34409
hey there this is message 34410
hey there this is message 34411
hey there this is message 34412
hey there this is message 34413
hey there this is message 34414
hey there this is message 34415
hey there this is message 34416
hey there this is message 34417
hey there this is message 34418
hey there this is message 34419
hey there this is message 34420
hey there this is message 34421
hey there this is message 34422
hey there this is message 34423
hey there this is message 34424
hey there this is message 34425
hey there this is message 34426
hey there this is message 34427
hey there this is message 34428
hey there this is message 34429
hey there this is message 34430
hey there this is message 34431
hey there this is message 34432
hey there this is message 34433
hey there this is message 34434
hey there this is message 34435
hey there this is message 34436
hey there this is message 34437
hey there this is message 34438
hey there this is message 34439
hey there this is message 34440
hey there this is message 34441
hey there this is message 34442
hey there this is message 34443
hey there this is message 34444
hey there this is message 34445
hey there this is message 34446
hey there this is message 34447
hey there this is message 34448
hey there this is message 34449
hey there this is message 34450
hey there this is message 34451
hey there this is message 34452
hey there this is message 34453
hey there this is message 34454
hey there this is message 34455
hey there this is message 34456
hey there this is message 34457
hey there this is message 34458
hey there this is message 34459
hey there this is message 34460
hey there this is message 34461
hey there this is message 34462
hey there this is message 34463
hey there this is message 34464
hey there this is message 34465
hey there this is message 34466
hey there this is message 34467
hey there this is message 34468
hey there this is message 34469
hey there this is message 34470
hey there this is message 34471
hey there this is message 34472
hey there this is message 34473
hey there this is message 34474
hey there this is message 34475
hey there this is message 34476
hey there this is message 34477
hey there this is message 34478
hey there this is message 34479
hey there this is message 34480
hey there this is message 34481
hey there this is message 34482
hey there this is message 34483
hey there this is message 34484
hey there this is message 34485
hey there this is message 34486
hey there this is message 34487
hey there this is message 34488
hey there this is message 34489
hey there this is message 34490
hey there this is message 34491
hey there this is message 34492
hey there this is message 34493
hey there this is message 34494
hey there this is message 34495
hey there this is message 34496
hey there this is message 34497
hey there this is message 34498
hey there this is message 34499
hey there this is message 34500
hey there this is message 34501
hey there this is message 34502
hey there this is message 34503
hey there this is message 34504
hey there this is message 34505
hey there this is message 34506
hey there this is message 34507
hey there this is message 34508
hey there this is message 34509
hey there this is message 34510
hey there this is message 34511
hey there this is message 34512
hey there this is message 34513
hey there this is message 34514
hey there this is message 34515
hey there this is message 34516
hey there this is message 34517
hey there this is message 34518
hey there this is message 34519
hey there this is message 34520
hey there this is message 34521
hey there this is message 34522
hey there this is message 34523
hey there this is message 34524
hey there this is message 34525
hey there this is message 34526
hey there this is message 34527
hey there this is message 34528
hey there this is message 34529
hey there this is message 34530
hey there this is message 34531
hey there this is message 34532
hey there this is message 34533
hey there this is message 34534
hey there this is message 34535
hey there this is message 34536
hey there this is message 34537
hey there this is message 34538
hey there this is message 34539
hey there this is message 34540
hey there this is message 34541
hey there this is message 34542
hey there this is message 34543
hey there this is message 34544
hey there this is message 34545
hey there this is message 34546
hey there this is message 34547
hey there this is message 34548
hey there this is message 34549
hey there this is message 34550
hey there this is message 34551
hey there this is message 34552
hey there this is message 34553
hey there this is message 34554
hey there this is message 34555
hey there this is message 34556
hey there this is message 34557
hey there this is message 34558
hey there this is message 34559
hey there this is message 34560
hey there this is message 34561
hey there this is message 34562
hey there this is message 34563
hey there this is message 34564
hey there this is message 34565
hey there this is message 34566
hey there this is message 34567
hey there this is message 34568
hey there this is message 34569
hey there this is message 34570
hey there this is message 34571
hey there this is message 34572
hey there this is message 34573
hey there this is message 34574
hey there this is message 34575
hey there this is message 34576
hey there this is message 34577
hey there this is message 34578
hey there this is message 34579
hey there this is message 34580
hey there this is message 34581
hey there this is message 34582
hey there this is message 34583
hey there this is message 34584
hey there this is message 34585
hey there this is message 34586
hey there this is message 34587
hey there this is message 34588
hey there this is message 34589
hey there this is message 34590
hey there this is message 34591
hey there this is message 34592
hey there this is message 34593
hey there this is message 34594
hey there this is message 34595
hey there this is message 34596
hey there this is message 34597
hey there this is message 34598
hey there this is message 34599
hey there this is message 34600
hey there this is message 34601
hey there this is message 34602
hey there this is message 34603
hey there this is message 34604
hey there this is message 34605
hey there this is message 34606
hey there this is message 34607
hey there this is message 34608
hey there this is message 34609
hey there this is message 34610
hey there this is message 34611
hey there this is message 34612
hey there this is message 34613
hey there this is message 34614
hey there this is message 34615
hey there this is message 34616
hey there this is message 34617
hey there this is message 34618
hey there this is message 34619
hey there this is message 34620
hey there this is message 34621
hey there this is message 34622
hey there this is message 34623
hey there this is message 34624
hey there this is message 34625
hey there this is message 34626
hey there this is message 34627
hey there this is message 34628
hey there this is message 34629
hey there this is message 34630
hey there this is message 34631
hey there this is message 34632
hey there this is message 34633
hey there this is message 34634
hey there this is message 34635
hey there this is message 34636
hey there this is message 34637
hey there this is message 34638
hey there this is message 34639
hey there this is message 34640
hey there this is message 34641
hey there this is message 34642
hey there this is message 34643
hey there this is message 34644
hey there this is message 34645
hey there this is message 34646
hey there this is message 34647
hey there this is message 34648
hey there this is message 34649
hey there this is message 34650
hey there this is message 34651
hey there this is message 34652
hey there this is message 34653
hey there this is message 34654
hey there this is message 34655
hey there this is message 34656
hey there this is message 34657
hey there this is message 34658
hey there this is message 34659
hey there this is message 34660
hey there this is message 34661
hey there this is message 34662
hey there this is message 34663
hey there this is message 34664
hey there this is message 34665
hey there this is message 34666
hey there this is message 34667
hey there this is message 34668
hey there this is message 34669
hey there this is message 34670
hey there this is message 34671
hey there this is message 34672
hey there this is message 34673
hey there this is message 34674
hey there this is message 34675
hey there this is message 34676
hey there this is message 34677
hey there this is message 34678
hey there this is message 34679
hey there this is message 34680
hey there this is message 34681
hey there this is message 34682
hey there this is message 34683
hey there this is message 34684
hey there this is message 34685
hey there this is message 34686
hey there this is message 34687
hey there this is message 34688
hey there this is message 34689
hey there this is message 34690
hey there this is message 34691
hey there this is message 34692
hey there this is message 34693
hey there this is message 34694
hey there this is message 34695
hey there this is message 34696
hey there this is message 34697
hey there this is message 34698
hey there this is message 34699
hey there this is message 34700
hey there this is message 34701
hey there this is message 34702
hey there this is message 34703
hey there this is message 34704
hey there this is message 34705
hey there this is message 34706
hey there this is message 34707
hey there this is message 34708
hey there this is message 34709
hey there this is message 34710
hey there this is message 34711
hey there this is message 34712
hey there this is message 34713
hey there this is message 34714
hey there this is message 34715
hey there this is message 34716
hey there this is message 34717
hey there this is message 34718
hey there this is message 34719
hey there this is message 34720
hey there this is message 34721
hey there this is message 34722
hey there this is message 34723
hey there this is message 34724
hey there this is message 34725
hey there this is message 34726
hey there this is message 34727
hey there this is message 34728
hey there this is message 34729
hey there this is message 34730
hey there this is message 34731
hey there this is message 34732
hey there this is message 34733
hey there this is message 34734
hey there this is message 34735
hey there this is message 34736
hey there this is message 34737
hey there this is message 34738
hey there this is message 34739
hey there this is message 34740
hey there this is message 34741
hey there this is message 34742
hey there this is message 34743
hey there this is message 34744
hey there this is message 34745
hey there this is message 34746
hey there this is message 34747
hey there this is message 34748
hey there this is message 34749
hey there this is message 34750
hey there this is message 34751
hey there this is message 34752
hey there this is message 34753
hey there this is message 34754
hey there this is message 34755
hey there this is message 34756
hey there this is message 34757
hey there this is message 34758
hey there this is message 34759
hey there this is message 34760
hey there this is message 34761
hey there this is message 34762
hey there this is message 34763
hey there this is message 34764
hey there this is message 34765
hey there this is message 34766
hey there this is message 34767
hey there this is message 34768
hey there this is message 34769
hey there this is message 34770
hey there this is message 34771
hey there this is message 34772
hey there this is message 34773
hey there this is message 34774
hey there this is message 34775
hey there this is message 34776
hey there this is message 34777
hey there this is message 34778
hey there this is message 34779
hey there this is message 34780
hey there this is message 34781
hey there this is message 34782
hey there this is message 34783
hey there this is message 34784
hey there this is message 34785
hey there this is message 34786
hey there this is message 34787
hey there this is message 34788
hey there this is message 34789
hey there this is message 34790
hey there this is message 34791
hey there this is message 34792
hey there this is message 34793
hey there this is message 34794
hey there this is message 34795
hey there this is message 34796
hey there this is message 34797
hey there this is message 34798
hey there this is message 34799
hey there this is message 34800
hey there this is message 34801
hey there this is message 34802
hey there this is message 34803
hey there this is message 34804
hey there this is message 34805
hey there this is message 34806
hey there this is message 34807
hey there this is message 34808
hey there this is message 34809
hey there this is message 34810
hey there this is message 34811
hey there this is message 34812
hey there this is message 34813
hey there this is message 34814
hey there this is message 34815
hey there this is message 34816
hey there this is message 34817
hey there this is message 34818
hey there this is message 34819
hey there this is message 34820
hey there this is message 34821
hey there this is message 34822
hey there this is message 34823
hey there this is message 34824
hey there this is message 34825
hey there this is message 34826
hey there this is message 34827
hey there this is message 34828
hey there this is message 34829
hey there this is message 34830
hey there this is message 34831
hey there this is message 34832
hey there this is message 34833
hey there this is message 34834
hey there this is message 34835
hey there this is message 34836
hey there this is message 34837
hey there this is message 34838
hey there this is message 34839
hey there this is message 34840
hey there this is message 34841
hey there this is message 34842
hey there this is message 34843
hey there this is message 34844
hey there this is message 34845
hey there this is message 34846
hey there this is message 34847
hey there this is message 34848
hey there this is message 34849
hey there this is message 34850
hey there this is message 34851
hey there this is message 34852
hey there this is message 34853
hey there this is message 34854
hey there this is message 34855
hey there this is message 34856
hey there this is message 34857
hey there this is message 34858
hey there this is message 34859
hey there this is message 34860
hey there this is message 34861
hey there this is message 34862
hey there this is message 34863
hey there this is message 34864
hey there this is message 34865
hey there this is message 34866
hey there this is message 34867
hey there this is message 34868
hey there this is message 34869
hey there this is message 34870
hey there this is message 34871
hey there this is message 34872
hey there this is message 34873
hey there this is message 34874
hey there this is message 34875
hey there this is message 34876
hey there this is message 34877
hey there this is message 34878
hey there this is message 34879
hey there this is message 34880
hey there this is message 34881
hey there this is message 34882
hey there this is message 34883
hey there this is message 34884
hey there this is message 34885
hey there this is message 34886
hey there this is message 34887
hey there this is message 34888
hey there this is message 34889
hey there this is message 34890
hey there this is message 34891
hey there this is message 34892
hey there this is message 34893
hey there this is message 34894
hey there this is message 34895
hey there this is message 34896
hey there this is message 34897
hey there this is message 34898
hey there this is message 34899
hey there this is message 34900
hey there this is message 34901
hey there this is message 34902
hey there this is message 34903
hey there this is message 34904
hey there this is message 34905
hey there this is message 34906
hey there this is message 34907
hey there this is message 34908
hey there this is message 34909
hey there this is message 34910
hey there this is message 34911
hey there this is message 34912
hey there this is message 34913
hey there this is message 34914
hey there this is message 34915
hey there this is message 34916
hey there this is message 34917
hey there this is message 34918
hey there this is message 34919
hey there this is message 34920
hey there this is message 34921
hey there this is message 34922
hey there this is message 34923
hey there this is message 34924
hey there this is message 34925
hey there this is message 34926
hey there this is message 34927
hey there this is message 34928
hey there this is message 34929
hey there this is message 34930
hey there this is message 34931
hey there this is message 34932
hey there this is message 34933
hey there this is message 34934
hey there this is message 34935
hey there this is message 34936
hey there this is message 34937
hey there this is message 34938
hey there this is message 34939
hey there this is message 34940
hey there this is message 34941
hey there this is message 34942
hey there this is message 34943
hey there this is message 34944
hey there this is message 34945
hey there this is message 34946
hey there this is message 34947
hey there this is message 34948
hey there this is message 34949
hey there this is message 34950
hey there this is message 34951
hey there this is message 34952
hey there this is message 34953
hey there this is message 34954
hey there this is message 34955
hey there this is message 34956
hey there this is message 34957
hey there this is message 34958
hey there this is message 34959
hey there this is message 34960
hey there this is message 34961
hey there this is message 34962
hey there this is message 34963
hey there this is message 34964
hey there this is message 34965
hey there this is message 34966
hey there this is message 34967
hey there this is message 34968
hey there this is message 34969
hey there this is message 34970
hey there this is message 34971
hey there this is message 34972
hey there this is message 34973
hey there this is message 34974
hey there this is message 34975
hey there this is message 34976
hey there this is message 34977
hey there this is message 34978
hey there this is message 34979
hey there this is message 34980
hey there this is message 34981
hey there this is message 34982
hey there this is message 34983
hey there this is message 34984
hey there this is message 34985
hey there this is message 34986
hey there this is message 34987
hey there this is message 34988
hey there this is message 34989
hey there this is message 34990
hey there this is message 34991
hey there this is message 34992
hey there this is message 34993
hey there this is message 34994
hey there this is message 34995
hey there this is message 34996
hey there this is message 34997
hey there this is message 34998
hey there this is message 34999
hey there this is message 35000
hey there this is message 35001
hey there this is message 35002
hey there this is message 35003
hey there this is message 35004
hey there this is message 35005
hey there this is message 35006
hey there this is message 35007
hey there this is message 35008
hey there this is message 35009
hey there this is message 35010
hey there this is message 35011
hey there this is message 35012
hey there this is message 35013
hey there this is message 35014
hey there this is message 35015
hey there this is message 35016
hey there this is message 35017
hey there this is message 35018
hey there this is message 35019
hey there this is message 35020
hey there this is message 35021
hey there this is message 35022
hey there this is message 35023
hey there this is message 35024
hey there this is message 35025
hey there this is message 35026
hey there this is message 35027
hey there this is message 35028
hey there this is message 35029
hey there this is message 35030
hey there this is message 35031
hey there this is message 35032
hey there this is message 35033
hey there this is message 35034
hey there this is message 35035
hey there this is message 35036
hey there this is message 35037
hey there this is message 35038
hey there this is message 35039
hey there this is message 35040
hey there this is message 35041
hey there this is message 35042
hey there this is message 35043
hey there this is message 35044
hey there this is message 35045
hey there this is message 35046
hey there this is message 35047
hey there this is message 35048
hey there this is message 35049
hey there this is message 35050
hey there this is message 35051
hey there this is message 35052
hey there this is message 35053
hey there this is message 35054
hey there this is message 35055
hey there this is message 35056
hey there this is message 35057
hey there this is message 35058
hey there this is message 35059
hey there this is message 35060
hey there this is message 35061
hey there this is message 35062
hey there this is message 35063
hey there this is message 35064
hey there this is message 35065
hey there this is message 35066
hey there this is message 35067
hey there this is message 35068
hey there this is message 35069
hey there this is message 35070
hey there this is message 35071
hey there this is message 35072
hey there this is message 35073
hey there this is message 35074
hey there this is message 35075
hey there this is message 35076
hey there this is message 35077
hey there this is message 35078
hey there this is message 35079
hey there this is message 35080
hey there this is message 35081
hey there this is message 35082
hey there this is message 35083
hey there this is message 35084
hey there this is message 35085
hey there this is message 35086
hey there this is message 35087
hey there this is message 35088
hey there this is message 35089
hey there this is message 35090
hey there this is message 35091
hey there this is message 35092
hey there this is message 35093
hey there this is message 35094
hey there this is message 35095
hey there this is message 35096
hey there this is message 35097
hey there this is message 35098
hey there this is message 35099
hey there this is message 35100
hey there this is message 35101
hey there this is message 35102
hey there this is message 35103
hey there this is message 35104
hey there this is message 35105
hey there this is message 35106
hey there this is message 35107
hey there this is message 35108
hey there this is message 35109
hey there this is message 35110
hey there this is message 35111
hey there this is message 35112
hey there this is message 35113
hey there this is message 35114
hey there this is message 35115
hey there this is message 35116
hey there this is message 35117
hey there this is message 35118
hey there this is message 35119
hey there this is message 35120
hey there this is message 35121
hey there this is message 35122
hey there this is message 35123
hey there this is message 35124
hey there this is message 35125
hey there this is message 35126
hey there this is message 35127
hey there this is message 35128
hey there this is message 35129
hey there this is message 35130
hey there this is message 35131
hey there this is message 35132
hey there this is message 35133
hey there this is message 35134
hey there this is message 35135
hey there this is message 35136
hey there this is message 35137
hey there this is message 35138
hey there this is message 35139
hey there this is message 35140
hey there this is message 35141
hey there this is message 35142
hey there this is message 35143
hey there this is message 35144
hey there this is message 35145
hey there this is message 35146
hey there this is message 35147
hey there this is message 35148
hey there this is message 35149
hey there this is message 35150
hey there this is message 35151
hey there this is message 35152
hey there this is message 35153
hey there this is message 35154
hey there this is message 35155
hey there this is message 35156
hey there this is message 35157
hey there this is message 35158
hey there this is message 35159
hey there this is message 35160
hey there this is message 35161
hey there this is message 35162
hey there this is message 35163
hey there this is message 35164
hey there this is message 35165
hey there this is message 35166
hey there this is message 35167
hey there this is message 35168
hey there this is message 35169
hey there this is message 35170
hey there this is message 35171
hey there this is message 35172
hey there this is message 35173
hey there this is message 35174
hey there this is message 35175
hey there this is message 35176
hey there this is message 35177
hey there this is message 35178
hey there this is message 35179
hey there this is message 35180
hey there this is message 35181
hey there this is message 35182
hey there this is message 35183
hey there this is message 35184
hey there this is message 35185
hey there this is message 35186
hey there this is message 35187
hey there this is message 35188
hey there this is message 35189
hey there this is message 35190
hey there this is message 35191
hey there this is message 35192
hey there this is message 35193
hey there this is message 35194
hey there this is message 35195
hey there this is message 35196
hey there this is message 35197
hey there this is message 35198
hey there this is message 35199
hey there this is message 35200
hey there this is message 35201
hey there this is message 35202
hey there this is message 35203
hey there this is message 35204
hey there this is message 35205
hey there this is message 35206
hey there this is message 35207
hey there this is message 35208
hey there this is message 35209
hey there this is message 35210
hey there this is message 35211
hey there this is message 35212
hey there this is message 35213
hey there this is message 35214
hey there this is message 35215
hey there this is message 35216
hey there this is message 35217
hey there this is message 35218
hey there this is message 35219
hey there this is message 35220
hey there this is message 35221
hey there this is message 35222
hey there this is message 35223
hey there this is message 35224
hey there this is message 35225
hey there this is message 35226
hey there this is message 35227
hey there this is message 35228
hey there this is message 35229
hey there this is message 35230
hey there this is message 35231
hey there this is message 35232
hey there this is message 35233
hey there this is message 35234
hey there this is message 35235
hey there this is message 35236
hey there this is message 35237
hey there this is message 35238
hey there this is message 35239
hey there this is message 35240
hey there this is message 35241
hey there this is message 35242
hey there this is message 35243
hey there this is message 35244
hey there this is message 35245
hey there this is message 35246
hey there this is message 35247
hey there this is message 35248
hey there this is message 35249
hey there this is message 35250
hey there this is message 35251
hey there this is message 35252
hey there this is message 35253
hey there this is message 35254
hey there this is message 35255
hey there this is message 35256
hey there this is message 35257
hey there this is message 35258
hey there this is message 35259
hey there this is message 35260
hey there this is message 35261
hey there this is message 35262
hey there this is message 35263
hey there this is message 35264
hey there this is message 35265
hey there this is message 35266
hey there this is message 35267
hey there this is message 35268
hey there this is message 35269
hey there this is message 35270
hey there this is message 35271
hey there this is message 35272
hey there this is message 35273
hey there this is message 35274
hey there this is message 35275
hey there this is message 35276
hey there this is message 35277
hey there this is message 35278
hey there this is message 35279
hey there this is message 35280
hey there this is message 35281
hey there this is message 35282
hey there this is message 35283
hey there this is message 35284
hey there this is message 35285
hey there this is message 35286
hey there this is message 35287
hey there this is message 35288
hey there this is message 35289
hey there this is message 35290
hey there this is message 35291
hey there this is message 35292
hey there this is message 35293
hey there this is message 35294
hey there this is message 35295
hey there this is message 35296
hey there this is message 35297
hey there this is message 35298
hey there this is message 35299
hey there this is message 35300
hey there this is message 35301
hey there this is message 35302
hey there this is message 35303
hey there this is message 35304
hey there this is message 35305
hey there this is message 35306
hey there this is message 35307
hey there this is message 35308
hey there this is message 35309
hey there this is message 35310
hey there this is message 35311
hey there this is message 35312
hey there this is message 35313
hey there this is message 35314
hey there this is message 35315
hey there this is message 35316
hey there this is message 35317
hey there this is message 35318
hey there this is message 35319
hey there this is message 35320
hey there this is message 35321
hey there this is message 35322
hey there this is message 35323
hey there this is message 35324
hey there this is message 35325
hey there this is message 35326
hey there this is message 35327
hey there this is message 35328
hey there this is message 35329
hey there this is message 35330
hey there this is message 35331
hey there this is message 35332
hey there this is message 35333
hey there this is message 35334
hey there this is message 35335
hey there this is message 35336
hey there this is message 35337
hey there this is message 35338
hey there this is message 35339
hey there this is message 35340
hey there this is message 35341
hey there this is message 35342
hey there this is message 35343
hey there this is message 35344
hey there this is message 35345
hey there this is message 35346
hey there this is message 35347
hey there this is message 35348
hey there this is message 35349
hey there this is message 35350
hey there this is message 35351
hey there this is message 35352
hey there this is message 35353
hey there this is message 35354
hey there this is message 35355
hey there this is message 35356
hey there this is message 35357
hey there this is message 35358
hey there this is message 35359
hey there this is message 35360
hey there this is message 35361
hey there this is message 35362
hey there this is message 35363
hey there this is message 35364
hey there this is message 35365
hey there this is message 35366
hey there this is message 35367
hey there this is message 35368
hey there this is message 35369
hey there this is message 35370
hey there this is message 35371
hey there this is message 35372
hey there this is message 35373
hey there this is message 35374
hey there this is message 35375
hey there this is message 35376
hey there this is message 35377
hey there this is message 35378
hey there this is message 35379
hey there this is message 35380
hey there this is message 35381
hey there this is message 35382
hey there this is message 35383
hey there this is message 35384
hey there this is message 35385
hey there this is message 35386
hey there this is message 35387
hey there this is message 35388
hey there this is message 35389
hey there this is message 35390
hey there this is message 35391
hey there this is message 35392
hey there this is message 35393
hey there this is message 35394
hey there this is message 35395
hey there this is message 35396
hey there this is message 35397
hey there this is message 35398
hey there this is message 35399
hey there this is message 35400
hey there this is message 35401
hey there this is message 35402
hey there this is message 35403
hey there this is message 35404
hey there this is message 35405
hey there this is message 35406
hey there this is message 35407
hey there this is message 35408
hey there this is message 35409
hey there this is message 35410
hey there this is message 35411
hey there this is message 35412
hey there this is message 35413
hey there this is message 35414
hey there this is message 35415
hey there this is message 35416
hey there this is message 35417
hey there this is message 35418
hey there this is message 35419
hey there this is message 35420
hey there this is message 35421
hey there this is message 35422
hey there this is message 35423
hey there this is message 35424
hey there this is message 35425
hey there this is message 35426
hey there this is message 35427
hey there this is message 35428
hey there this is message 35429
hey there this is message 35430
hey there this is message 35431
hey there this is message 35432
hey there this is message 35433
hey there this is message 35434
hey there this is message 35435
hey there this is message 35436
hey there this is message 35437
hey there this is message 35438
hey there this is message 35439
hey there this is message 35440
hey there this is message 35441
hey there this is message 35442
hey there this is message 35443
hey there this is message 35444
hey there this is message 35445
hey there this is message 35446
hey there this is message 35447
hey there this is message 35448
hey there this is message 35449
hey there this is message 35450
hey there this is message 35451
hey there this is message 35452
hey there this is message 35453
hey there this is message 35454
hey there this is message 35455
hey there this is message 35456
hey there this is message 35457
hey there this is message 35458
hey there this is message 35459
hey there this is message 35460
hey there this is message 35461
hey there this is message 35462
hey there this is message 35463
hey there this is message 35464
hey there this is message 35465
hey there this is message 35466
hey there this is message 35467
hey there this is message 35468
hey there this is message 35469
hey there this is message 35470
hey there this is message 35471
hey there this is message 35472
hey there this is message 35473
hey there this is message 35474
hey there this is message 35475
hey there this is message 35476
hey there this is message 35477
hey there this is message 35478
hey there this is message 35479
hey there this is message 35480
hey there this is message 35481
hey there this is message 35482
hey there this is message 35483
hey there this is message 35484
hey there this is message 35485
hey there this is message 35486
hey there this is message 35487
hey there this is message 35488
hey there this is message 35489
hey there this is message 35490
hey there this is message 35491
hey there this is message 35492
hey there this is message 35493
hey there this is message 35494
hey there this is message 35495
hey there this is message 35496
hey there this is message 35497
hey there this is message 35498
hey there this is message 35499
hey there this is message 35500
hey there this is message 35501
hey there this is message 35502
hey there this is message 35503
hey there this is message 35504
hey there this is message 35505
hey there this is message 35506
hey there this is message 35507
hey there this is message 35508
hey there this is message 35509
hey there this is message 35510
hey there this is message 35511
hey there this is message 35512
hey there this is message 35513
hey there this is message 35514
hey there this is message 35515
hey there this is message 35516
hey there this is message 35517
hey there this is message 35518
hey there this is message 35519
hey there this is message 35520
hey there this is message 35521
hey there this is message 35522
hey there this is message 35523
hey there this is message 35524
hey there this is message 35525
hey there this is message 35526
hey there this is message 35527
hey there this is message 35528
hey there this is message 35529
hey there this is message 35530
hey there this is message 35531
hey there this is message 35532
hey there this is message 35533
hey there this is message 35534
hey there this is message 35535
hey there this is message 35536
hey there this is message 35537
hey there this is message 35538
hey there this is message 35539
hey there this is message 35540
hey there this is message 35541
hey there this is message 35542
hey there this is message 35543
hey there this is message 35544
hey there this is message 35545
hey there this is message 35546
hey there this is message 35547
hey there this is message 35548
hey there this is message 35549
hey there this is message 35550
hey there this is message 35551
hey there this is message 35552
hey there this is message 35553
hey there this is message 35554
hey there this is message 35555
hey there this is message 35556
hey there this is message 35557
hey there this is message 35558
hey there this is message 35559
hey there this is message 35560
hey there this is message 35561
hey there this is message 35562
hey there this is message 35563
hey there this is message 35564
hey there this is message 35565
hey there this is message 35566
hey there this is message 35567
hey there this is message 35568
hey there this is message 35569
hey there this is message 35570
hey there this is message 35571
hey there this is message 35572
hey there this is message 35573
hey there this is message 35574
hey there this is message 35575
hey there this is message 35576
hey there this is message 35577
hey there this is message 35578
hey there this is message 35579
hey there this is message 35580
hey there this is message 35581
hey there this is message 35582
hey there this is message 35583
hey there this is message 35584
hey there this is message 35585
hey there this is message 35586
hey there this is message 35587
hey there this is message 35588
hey there this is message 35589
hey there this is message 35590
hey there this is message 35591
hey there this is message 35592
hey there this is message 35593
hey there this is message 35594
hey there this is message 35595
hey there this is message 35596
hey there this is message 35597
hey there this is message 35598
hey there this is message 35599
hey there this is message 35600
hey there this is message 35601
hey there this is message 35602
hey there this is message 35603
hey there this is message 35604
hey there this is message 35605
hey there this is message 35606
hey there this is message 35607
hey there this is message 35608
hey there this is message 35609
hey there this is message 35610
hey there this is message 35611
hey there this is message 35612
hey there this is message 35613
hey there this is message 35614
hey there this is message 35615
hey there this is message 35616
hey there this is message 35617
hey there this is message 35618
hey there this is message 35619
hey there this is message 35620
hey there this is message 35621
hey there this is message 35622
hey there this is message 35623
hey there this is message 35624
hey there this is message 35625
hey there this is message 35626
hey there this is message 35627
hey there this is message 35628
hey there this is message 35629
hey there this is message 35630
hey there this is message 35631
hey there this is message 35632
hey there this is message 35633
hey there this is message 35634
hey there this is message 35635
hey there this is message 35636
hey there this is message 35637
hey there this is message 35638
hey there this is message 35639
hey there this is message 35640
hey there this is message 35641
hey there this is message 35642
hey there this is message 35643
hey there this is message 35644
hey there this is message 35645
hey there this is message 35646
hey there this is message 35647
hey there this is message 35648
hey there this is message 35649
hey there this is message 35650
hey there this is message 35651
hey there this is message 35652
hey there this is message 35653
hey there this is message 35654
hey there this is message 35655
hey there this is message 35656
hey there this is message 35657
hey there this is message 35658
hey there this is message 35659
hey there this is message 35660
hey there this is message 35661
hey there this is message 35662
hey there this is message 35663
hey there this is message 35664
hey there this is message 35665
hey there this is message 35666
hey there this is message 35667
hey there this is message 35668
hey there this is message 35669
hey there this is message 35670
hey there this is message 35671
hey there this is message 35672
hey there this is message 35673
hey there this is message 35674
hey there this is message 35675
hey there this is message 35676
hey there this is message 35677
hey there this is message 35678
hey there this is message 35679
hey there this is message 35680
hey there this is message 35681
hey there this is message 35682
hey there this is message 35683
hey there this is message 35684
hey there this is message 35685
hey there this is message 35686
hey there this is message 35687
hey there this is message 35688
hey there this is message 35689
hey there this is message 35690
hey there this is message 35691
hey there this is message 35692
hey there this is message 35693
hey there this is message 35694
hey there this is message 35695
hey there this is message 35696
hey there this is message 35697
hey there this is message 35698
hey there this is message 35699
hey there this is message 35700
hey there this is message 35701
hey there this is message 35702
hey there this is message 35703
hey there this is message 35704
hey there this is message 35705
hey there this is message 35706
hey there this is message 35707
hey there this is message 35708
hey there this is message 35709
hey there this is message 35710
hey there this is message 35711
hey there this is message 35712
hey there this is message 35713
hey there this is message 35714
hey there this is message 35715
hey there this is message 35716
hey there this is message 35717
hey there this is message 35718
hey there this is message 35719
hey there this is message 35720
hey there this is message 35721
hey there this is message 35722
hey there this is message 35723
hey there this is message 35724
hey there this is message 35725
hey there this is message 35726
hey there this is message 35727
hey there this is message 35728
hey there this is message 35729
hey there this is message 35730
hey there this is message 35731
hey there this is message 35732
hey there this is message 35733
hey there this is message 35734
hey there this is message 35735
hey there this is message 35736
hey there this is message 35737
hey there this is message 35738
hey there this is message 35739
hey there this is message 35740
hey there this is message 35741
hey there this is message 35742
hey there this is message 35743
hey there this is message 35744
hey there this is message 35745
hey there this is message 35746
hey there this is message 35747
hey there this is message 35748
hey there this is message 35749
hey there this is message 35750
hey there this is message 35751
hey there this is message 35752
hey there this is message 35753
hey there this is message 35754
hey there this is message 35755
hey there this is message 35756
hey there this is message 35757
hey there this is message 35758
hey there this is message 35759
hey there this is message 35760
hey there this is message 35761
hey there this is message 35762
hey there this is message 35763
hey there this is message 35764
hey there this is message 35765
hey there this is message 35766
hey there this is message 35767
hey there this is message 35768
hey there this is message 35769
hey there this is message 35770
hey there this is message 35771
hey there this is message 35772
hey there this is message 35773
hey there this is message 35774
hey there this is message 35775
hey there this is message 35776
hey there this is message 35777
hey there this is message 35778
hey there this is message 35779
hey there this is message 35780
hey there this is message 35781
hey there this is message 35782
hey there this is message 35783
hey there this is message 35784
hey there this is message 35785
hey there this is message 35786
hey there this is message 35787
hey there this is message 35788
hey there this is message 35789
hey there this is message 35790
hey there this is message 35791
hey there this is message 35792
hey there this is message 35793
hey there this is message 35794
hey there this is message 35795
hey there this is message 35796
hey there this is message 35797
hey there this is message 35798
hey there this is message 35799
hey there this is message 35800
hey there this is message 35801
hey there this is message 35802
hey there this is message 35803
hey there this is message 35804
hey there this is message 35805
hey there this is message 35806
hey there this is message 35807
hey there this is message 35808
hey there this is message 35809
hey there this is message 35810
hey there this is message 35811
hey there this is message 35812
hey there this is message 35813
hey there this is message 35814
hey there this is message 35815
hey there this is message 35816
hey there this is message 35817
hey there this is message 35818
hey there this is message 35819
hey there this is message 35820
hey there this is message 35821
hey there this is message 35822
hey there this is message 35823
hey there this is message 35824
hey there this is message 35825
hey there this is message 35826
hey there this is message 35827
hey there this is message 35828
hey there this is message 35829
hey there this is message 35830
hey there this is message 35831
hey there this is message 35832
hey there this is message 35833
hey there this is message 35834
hey there this is message 35835
hey there this is message 35836
hey there this is message 35837
hey there this is message 35838
hey there this is message 35839
hey there this is message 35840
hey there this is message 35841
hey there this is message 35842
hey there this is message 35843
hey there this is message 35844
hey there this is message 35845
hey there this is message 35846
hey there this is message 35847
hey there this is message 35848
hey there this is message 35849
hey there this is message 35850
hey there this is message 35851
hey there this is message 35852
hey there this is message 35853
hey there this is message 35854
hey there this is message 35855
hey there this is message 35856
hey there this is message 35857
hey there this is message 35858
hey there this is message 35859
hey there this is message 35860
hey there this is message 35861
hey there this is message 35862
hey there this is message 35863
hey there this is message 35864
hey there this is message 35865
hey there this is message 35866
hey there this is message 35867
hey there this is message 35868
hey there this is message 35869
hey there this is message 35870
hey there this is message 35871
hey there this is message 35872
hey there this is message 35873
hey there this is message 35874
hey there this is message 35875
hey there this is message 35876
hey there this is message 35877
hey there this is message 35878
hey there this is message 35879
hey there this is message 35880
hey there this is message 35881
hey there this is message 35882
hey there this is message 35883
hey there this is message 35884
hey there this is message 35885
hey there this is message 35886
hey there this is message 35887
hey there this is message 35888
hey there this is message 35889
hey there this is message 35890
hey there this is message 35891
hey there this is message 35892
hey there this is message 35893
hey there this is message 35894
hey there this is message 35895
hey there this is message 35896
hey there this is message 35897
hey there this is message 35898
hey there this is message 35899
hey there this is message 35900
hey there this is message 35901
hey there this is message 35902
hey there this is message 35903
hey there this is message 35904
hey there this is message 35905
hey there this is message 35906
hey there this is message 35907
hey there this is message 35908
hey there this is message 35909
hey there this is message 35910
hey there this is message 35911
hey there this is message 35912
hey there this is message 35913
hey there this is message 35914
hey there this is message 35915
hey there this is message 35916
hey there this is message 35917
hey there this is message 35918
hey there this is message 35919
hey there this is message 35920
hey there this is message 35921
hey there this is message 35922
hey there this is message 35923
hey there this is message 35924
hey there this is message 35925
hey there this is message 35926
hey there this is message 35927
hey there this is message 35928
hey there this is message 35929
hey there this is message 35930
hey there this is message 35931
hey there this is message 35932
hey there this is message 35933
hey there this is message 35934
hey there this is message 35935
hey there this is message 35936
hey there this is message 35937
hey there this is message 35938
hey there this is message 35939
hey there this is message 35940
hey there this is message 35941
hey there this is message 35942
hey there this is message 35943
hey there this is message 35944
hey there this is message 35945
hey there this is message 35946
hey there this is message 35947
hey there this is message 35948
hey there this is message 35949
hey there this is message 35950
hey there this is message 35951
hey there this is message 35952
hey there this is message 35953
hey there this is message 35954
hey there this is message 35955
hey there this is message 35956
hey there this is message 35957
hey there this is message 35958
hey there this is message 35959
hey there this is message 35960
hey there this is message 35961
hey there this is message 35962
hey there this is message 35963
hey there this is message 35964
hey there this is message 35965
hey there this is message 35966
hey there this is message 35967
hey there this is message 35968
hey there this is message 35969
hey there this is message 35970
hey there this is message 35971
hey there this is message 35972
hey there this is message 35973
hey there this is message 35974
hey there this is message 35975
hey there this is message 35976
hey there this is message 35977
hey there this is message 35978
hey there this is message 35979
hey there this is message 35980
hey there this is message 35981
hey there this is message 35982
hey there this is message 35983
hey there this is message 35984
hey there this is message 35985
hey there this is message 35986
hey there this is message 35987
hey there this is message 35988
hey there this is message 35989
hey there this is message 35990
hey there this is message 35991
hey there this is message 35992
hey there this is message 35993
hey there this is message 35994
hey there this is message 35995
hey there this is message 35996
hey there this is message 35997
hey there this is message 35998
hey there this is message 35999
hey there this is message 36000
hey there this is message 36001
hey there this is message 36002
hey there this is message 36003
hey there this is message 36004
hey there this is message 36005
hey there this is message 36006
hey there this is message 36007
hey there this is message 36008
hey there this is message 36009
hey there this is message 36010
hey there this is message 36011
hey there this is message 36012
hey there this is message 36013
hey there this is message 36014
hey there this is message 36015
hey there this is message 36016
hey there this is message 36017
hey there this is message 36018
hey there this is message 36019
hey there this is message 36020
hey there this is message 36021
hey there this is message 36022
hey there this is message 36023
hey there this is message 36024
hey there this is message 36025
hey there this is message 36026
hey there this is message 36027
hey there this is message 36028
hey there this is message 36029
hey there this is message 36030
hey there this is message 36031
hey there this is message 36032
hey there this is message 36033
hey there this is message 36034
hey there this is message 36035
hey there this is message 36036
hey there this is message 36037
hey there this is message 36038
hey there this is message 36039
hey there this is message 36040
hey there this is message 36041
hey there this is message 36042
hey there this is message 36043
hey there this is message 36044
hey there this is message 36045
hey there this is message 36046
hey there this is message 36047
hey there this is message 36048
hey there this is message 36049
hey there this is message 36050
hey there this is message 36051
hey there this is message 36052
hey there this is message 36053
hey there this is message 36054
hey there this is message 36055
hey there this is message 36056
hey there this is message 36057
hey there this is message 36058
hey there this is message 36059
hey there this is message 36060
hey there this is message 36061
hey there this is message 36062
hey there this is message 36063
hey there this is message 36064
hey there this is message 36065
hey there this is message 36066
hey there this is message 36067
hey there this is message 36068
hey there this is message 36069
hey there this is message 36070
hey there this is message 36071
hey there this is message 36072
hey there this is message 36073
hey there this is message 36074
hey there this is message 36075
hey there this is message 36076
hey there this is message 36077
hey there this is message 36078
hey there this is message 36079
hey there this is message 36080
hey there this is message 36081
hey there this is message 36082
hey there this is message 36083
hey there this is message 36084
hey there this is message 36085
hey there this is message 36086
hey there this is message 36087
hey there this is message 36088
hey there this is message 36089
hey there this is message 36090
hey there this is message 36091
hey there this is message 36092
hey there this is message 36093
hey there this is message 36094
hey there this is message 36095
hey there this is message 36096
hey there this is message 36097
hey there this is message 36098
hey there this is message 36099
hey there this is message 36100
hey there this is message 36101
hey there this is message 36102
hey there this is message 36103
hey there this is message 36104
hey there this is message 36105
hey there this is message 36106
hey there this is message 36107
hey there this is message 36108
hey there this is message 36109
hey there this is message 36110
hey there this is message 36111
hey there this is message 36112
hey there this is message 36113
hey there this is message 36114
hey there this is message 36115
hey there this is message 36116
hey there this is message 36117
hey there this is message 36118
hey there this is message 36119
hey there this is message 36120
hey there this is message 36121
hey there this is message 36122
hey there this is message 36123
hey there this is message 36124
hey there this is message 36125
hey there this is message 36126
hey there this is message 36127
hey there this is message 36128
hey there this is message 36129
hey there this is message 36130
hey there this is message 36131
hey there this is message 36132
hey there this is message 36133
hey there this is message 36134
hey there this is message 36135
hey there this is message 36136
hey there this is message 36137
hey there this is message 36138
hey there this is message 36139
hey there this is message 36140
hey there this is message 36141
hey there this is message 36142
hey there this is message 36143
hey there this is message 36144
hey there this is message 36145
hey there this is message 36146
hey there this is message 36147
hey there this is message 36148
hey there this is message 36149
hey there this is message 36150
hey there this is message 36151
hey there this is message 36152
hey there this is message 36153
hey there this is message 36154
hey there this is message 36155
hey there this is message 36156
hey there this is message 36157
hey there this is message 36158
hey there this is message 36159
hey there this is message 36160
hey there this is message 36161
hey there this is message 36162
hey there this is message 36163
hey there this is message 36164
hey there this is message 36165
hey there this is message 36166
hey there this is message 36167
hey there this is message 36168
hey there this is message 36169
hey there this is message 36170
hey there this is message 36171
hey there this is message 36172
hey there this is message 36173
hey there this is message 36174
hey there this is message 36175
hey there this is message 36176
hey there this is message 36177
hey there this is message 36178
hey there this is message 36179
hey there this is message 36180
hey there this is message 36181
hey there this is message 36182
hey there this is message 36183
hey there this is message 36184
hey there this is message 36185
hey there this is message 36186
hey there this is message 36187
hey there this is message 36188
hey there this is message 36189
hey there this is message 36190
hey there this is message 36191
hey there this is message 36192
hey there this is message 36193
hey there this is message 36194
hey there this is message 36195
hey there this is message 36196
hey there this is message 36197
hey there this is message 36198
hey there this is message 36199
hey there this is message 36200
hey there this is message 36201
hey there this is message 36202
hey there this is message 36203
hey there this is message 36204
hey there this is message 36205
hey there this is message 36206
hey there this is message 36207
hey there this is message 36208
hey there this is message 36209
hey there this is message 36210
hey there this is message 36211
hey there this is message 36212
hey there this is message 36213
hey there this is message 36214
hey there this is message 36215
hey there this is message 36216
hey there this is message 36217
hey there this is message 36218
hey there this is message 36219
hey there this is message 36220
hey there this is message 36221
hey there this is message 36222
hey there this is message 36223
hey there this is message 36224
hey there this is message 36225
hey there this is message 36226
hey there this is message 36227
hey there this is message 36228
hey there this is message 36229
hey there this is message 36230
hey there this is message 36231
hey there this is message 36232
hey there this is message 36233
hey there this is message 36234
hey there this is message 36235
hey there this is message 36236
hey there this is message 36237
hey there this is message 36238
hey there this is message 36239
hey there this is message 36240
hey there this is message 36241
hey there this is message 36242
hey there this is message 36243
hey there this is message 36244
hey there this is message 36245
hey there this is message 36246
hey there this is message 36247
hey there this is message 36248
hey there this is message 36249
hey there this is message 36250
hey there this is message 36251
hey there this is message 36252
hey there this is message 36253
hey there this is message 36254
hey there this is message 36255
hey there this is message 36256
hey there this is message 36257
hey there this is message 36258
hey there this is message 36259
hey there this is message 36260
hey there this is message 36261
hey there this is message 36262
hey there this is message 36263
hey there this is message 36264
hey there this is message 36265
hey there this is message 36266
hey there this is message 36267
hey there this is message 36268
hey there this is message 36269
hey there this is message 36270
hey there this is message 36271
hey there this is message 36272
hey there this is message 36273
hey there this is message 36274
hey there this is message 36275
hey there this is message 36276
hey there this is message 36277
hey there this is message 36278
hey there this is message 36279
hey there this is message 36280
hey there this is message 36281
hey there this is message 36282
hey there this is message 36283
hey there this is message 36284
hey there this is message 36285
hey there this is message 36286
hey there this is message 36287
hey there this is message 36288
hey there this is message 36289
hey there this is message 36290
hey there this is message 36291
hey there this is message 36292
hey there this is message 36293
hey there this is message 36294
hey there this is message 36295
hey there this is message 36296
hey there this is message 36297
hey there this is message 36298
hey there this is message 36299
hey there this is message 36300
hey there this is message 36301
hey there this is message 36302
hey there this is message 36303
hey there this is message 36304
hey there this is message 36305
hey there this is message 36306
hey there this is message 36307
hey there this is message 36308
hey there this is message 36309
hey there this is message 36310
hey there this is message 36311
hey there this is message 36312
hey there this is message 36313
hey there this is message 36314
hey there this is message 36315
hey there this is message 36316
hey there this is message 36317
hey there this is message 36318
hey there this is message 36319
hey there this is message 36320
hey there this is message 36321
hey there this is message 36322
hey there this is message 36323
hey there this is message 36324
hey there this is message 36325
hey there this is message 36326
hey there this is message 36327
hey there this is message 36328
hey there this is message 36329
hey there this is message 36330
hey there this is message 36331
hey there this is message 36332
hey there this is message 36333
hey there this is message 36334
hey there this is message 36335
hey there this is message 36336
hey there this is message 36337
hey there this is message 36338
hey there this is message 36339
hey there this is message 36340
hey there this is message 36341
hey there this is message 36342
hey there this is message 36343
hey there this is message 36344
hey there this is message 36345
hey there this is message 36346
hey there this is message 36347
hey there this is message 36348
hey there this is message 36349
hey there this is message 36350
hey there this is message 36351
hey there this is message 36352
hey there this is message 36353
hey there this is message 36354
hey there this is message 36355
hey there this is message 36356
hey there this is message 36357
hey there this is message 36358
hey there this is message 36359
hey there this is message 36360
hey there this is message 36361
hey there this is message 36362
hey there this is message 36363
hey there this is message 36364
hey there this is message 36365
hey there this is message 36366
hey there this is message 36367
hey there this is message 36368
hey there this is message 36369
hey there this is message 36370
hey there this is message 36371
hey there this is message 36372
hey there this is message 36373
hey there this is message 36374
hey there this is message 36375
hey there this is message 36376
hey there this is message 36377
hey there this is message 36378
hey there this is message 36379
hey there this is message 36380
hey there this is message 36381
hey there this is message 36382
hey there this is message 36383
hey there this is message 36384
hey there this is message 36385
hey there this is message 36386
hey there this is message 36387
hey there this is message 36388
hey there this is message 36389
hey there this is message 36390
hey there this is message 36391
hey there this is message 36392
hey there this is message 36393
hey there this is message 36394
hey there this is message 36395
hey there this is message 36396
hey there this is message 36397
hey there this is message 36398
hey there this is message 36399
hey there this is message 36400
hey there this is message 36401
hey there this is message 36402
hey there this is message 36403
hey there this is message 36404
hey there this is message 36405
hey there this is message 36406
hey there this is message 36407
hey there this is message 36408
hey there this is message 36409
hey there this is message 36410
hey there this is message 36411
hey there this is message 36412
hey there this is message 36413
hey there this is message 36414
hey there this is message 36415
hey there this is message 36416
hey there this is message 36417
hey there this is message 36418
hey there this is message 36419
hey there this is message 36420
hey there this is message 36421
hey there this is message 36422
hey there this is message 36423
hey there this is message 36424
hey there this is message 36425
hey there this is message 36426
hey there this is message 36427
hey there this is message 36428
hey there this is message 36429
hey there this is message 36430
hey there this is message 36431
hey there this is message 36432
hey there this is message 36433
hey there this is message 36434
hey there this is message 36435
hey there this is message 36436
hey there this is message 36437
hey there this is message 36438
hey there this is message 36439
hey there this is message 36440
hey there this is message 36441
hey there this is message 36442
hey there this is message 36443
hey there this is message 36444
hey there this is message 36445
hey there this is message 36446
hey there this is message 36447
hey there this is message 36448
hey there this is message 36449
hey there this is message 36450
hey there this is message 36451
hey there this is message 36452
hey there this is message 36453
hey there this is message 36454
hey there this is message 36455
hey there this is message 36456
hey there this is message 36457
hey there this is message 36458
hey there this is message 36459
hey there this is message 36460
hey there this is message 36461
hey there this is message 36462
hey there this is message 36463
hey there this is message 36464
hey there this is message 36465
hey there this is message 36466
hey there this is message 36467
hey there this is message 36468
hey there this is message 36469
hey there this is message 36470
hey there this is message 36471
hey there this is message 36472
hey there this is message 36473
hey there this is message 36474
hey there this is message 36475
hey there this is message 36476
hey there this is message 36477
hey there this is message 36478
hey there this is message 36479
hey there this is message 36480
hey there this is message 36481
hey there this is message 36482
hey there this is message 36483
hey there this is message 36484
hey there this is message 36485
hey there this is message 36486
hey there this is message 36487
hey there this is message 36488
hey there this is message 36489
hey there this is message 36490
hey there this is message 36491
hey there this is message 36492
hey there this is message 36493
hey there this is message 36494
hey there this is message 36495
hey there this is message 36496
hey there this is message 36497
hey there this is message 36498
hey there this is message 36499
hey there this is message 36500
hey there this is message 36501
hey there this is message 36502
hey there this is message 36503
hey there this is message 36504
hey there this is message 36505
hey there this is message 36506
hey there this is message 36507
hey there this is message 36508
hey there this is message 36509
hey there this is message 36510
hey there this is message 36511
hey there this is message 36512
hey there this is message 36513
hey there this is message 36514
hey there this is message 36515
hey there this is message 36516
hey there this is message 36517
hey there this is message 36518
hey there this is message 36519
hey there this is message 36520
hey there this is message 36521
hey there this is message 36522
hey there this is message 36523
hey there this is message 36524
hey there this is message 36525
hey there this is message 36526
hey there this is message 36527
hey there this is message 36528
hey there this is message 36529
hey there this is message 36530
hey there this is message 36531
hey there this is message 36532
hey there this is message 36533
hey there this is message 36534
hey there this is message 36535
hey there this is message 36536
hey there this is message 36537
hey there this is message 36538
hey there this is message 36539
hey there this is message 36540
hey there this is message 36541
hey there this is message 36542
hey there this is message 36543
hey there this is message 36544
hey there this is message 36545
hey there this is message 36546
hey there this is message 36547
hey there this is message 36548
hey there this is message 36549
hey there this is message 36550
hey there this is message 36551
hey there this is message 36552
hey there this is message 36553
hey there this is message 36554
hey there this is message 36555
hey there this is message 36556
hey there this is message 36557
hey there this is message 36558
hey there this is message 36559
hey there this is message 36560
hey there this is message 36561
hey there this is message 36562
hey there this is message 36563
hey there this is message 36564
hey there this is message 36565
hey there this is message 36566
hey there this is message 36567
hey there this is message 36568
hey there this is message 36569
hey there this is message 36570
hey there this is message 36571
hey there this is message 36572
hey there this is message 36573
hey there this is message 36574
hey there this is message 36575
hey there this is message 36576
hey there this is message 36577
hey there this is message 36578
hey there this is message 36579
hey there this is message 36580
hey there this is message 36581
hey there this is message 36582
hey there this is message 36583
hey there this is message 36584
hey there this is message 36585
hey there this is message 36586
hey there this is message 36587
hey there this is message 36588
hey there this is message 36589
hey there this is message 36590
hey there this is message 36591
hey there this is message 36592
hey there this is message 36593
hey there this is message 36594
hey there this is message 36595
hey there this is message 36596
hey there this is message 36597
hey there this is message 36598
hey there this is message 36599
hey there this is message 36600
hey there this is message 36601
hey there this is message 36602
hey there this is message 36603
hey there this is message 36604
hey there this is message 36605
hey there this is message 36606
hey there this is message 36607
hey there this is message 36608
hey there this is message 36609
hey there this is message 36610
hey there this is message 36611
hey there this is message 36612
hey there this is message 36613
hey there this is message 36614
hey there this is message 36615
hey there this is message 36616
hey there this is message 36617
hey there this is message 36618
hey there this is message 36619
hey there this is message 36620
hey there this is message 36621
hey there this is message 36622
hey there this is message 36623
hey there this is message 36624
hey there this is message 36625
hey there this is message 36626
hey there this is message 36627
hey there this is message 36628
hey there this is message 36629
hey there this is message 36630
hey there this is message 36631
hey there this is message 36632
hey there this is message 36633
hey there this is message 36634
hey there this is message 36635
hey there this is message 36636
hey there this is message 36637
hey there this is message 36638
hey there this is message 36639
hey there this is message 36640
hey there this is message 36641
hey there this is message 36642
hey there this is message 36643
hey there this is message 36644
hey there this is message 36645
hey there this is message 36646
hey there this is message 36647
hey there this is message 36648
hey there this is message 36649
hey there this is message 36650
hey there this is message 36651
hey there this is message 36652
hey there this is message 36653
hey there this is message 36654
hey there this is message 36655
hey there this is message 36656
hey there this is message 36657
hey there this is message 36658
hey there this is message 36659
hey there this is message 36660
hey there this is message 36661
hey there this is message 36662
hey there this is message 36663
hey there this is message 36664
hey there this is message 36665
hey there this is message 36666
hey there this is message 36667
hey there this is message 36668
hey there this is message 36669
hey there this is message 36670
hey there this is message 36671
hey there this is message 36672
hey there this is message 36673
hey there this is message 36674
hey there this is message 36675
hey there this is message 36676
hey there this is message 36677
hey there this is message 36678
hey there this is message 36679
hey there this is message 36680
hey there this is message 36681
hey there this is message 36682
hey there this is message 36683
hey there this is message 36684
hey there this is message 36685
hey there this is message 36686
hey there this is message 36687
hey there this is message 36688
hey there this is message 36689
hey there this is message 36690
hey there this is message 36691
hey there this is message 36692
hey there this is message 36693
hey there this is message 36694
hey there this is message 36695
hey there this is message 36696
hey there this is message 36697
hey there this is message 36698
hey there this is message 36699
hey there this is message 36700
hey there this is message 36701
hey there this is message 36702
hey there this is message 36703
hey there this is message 36704
hey there this is message 36705
hey there this is message 36706
hey there this is message 36707
hey there this is message 36708
hey there this is message 36709
hey there this is message 36710
hey there this is message 36711
hey there this is message 36712
hey there this is message 36713
hey there this is message 36714
hey there this is message 36715
hey there this is message 36716
hey there this is message 36717
hey there this is message 36718
hey there this is message 36719
hey there this is message 36720
hey there this is message 36721
hey there this is message 36722
hey there this is message 36723
hey there this is message 36724
hey there this is message 36725
hey there this is message 36726
hey there this is message 36727
hey there this is message 36728
hey there this is message 36729
hey there this is message 36730
hey there this is message 36731
hey there this is message 36732
hey there this is message 36733
hey there this is message 36734
hey there this is message 36735
hey there this is message 36736
hey there this is message 36737
hey there this is message 36738
hey there this is message 36739
hey there this is message 36740
hey there this is message 36741
hey there this is message 36742
hey there this is message 36743
hey there this is message 36744
hey there this is message 36745
hey there this is message 36746
hey there this is message 36747
hey there this is message 36748
hey there this is message 36749
hey there this is message 36750
hey there this is message 36751
hey there this is message 36752
hey there this is message 36753
hey there this is message 36754
hey there this is message 36755
hey there this is message 36756
hey there this is message 36757
hey there this is message 36758
hey there this is message 36759
hey there this is message 36760
hey there this is message 36761
hey there this is message 36762
hey there this is message 36763
hey there this is message 36764
hey there this is message 36765
hey there this is message 36766
hey there this is message 36767
hey there this is message 36768
hey there this is message 36769
hey there this is message 36770
hey there this is message 36771
hey there this is message 36772
hey there this is message 36773
hey there this is message 36774
hey there this is message 36775
hey there this is message 36776
hey there this is message 36777
hey there this is message 36778
hey there this is message 36779
hey there this is message 36780
hey there this is message 36781
hey there this is message 36782
hey there this is message 36783
hey there this is message 36784
hey there this is message 36785
hey there this is message 36786
hey there this is message 36787
hey there this is message 36788
hey there this is message 36789
hey there this is message 36790
hey there this is message 36791
hey there this is message 36792
hey there this is message 36793
hey there this is message 36794
hey there this is message 36795
hey there this is message 36796
hey there this is message 36797
hey there this is message 36798
hey there this is message 36799
hey there this is message 36800
hey there this is message 36801
hey there this is message 36802
hey there this is message 36803
hey there this is message 36804
hey there this is message 36805
hey there this is message 36806
hey there this is message 36807
hey there this is message 36808
hey there this is message 36809
hey there this is message 36810
hey there this is message 36811
hey there this is message 36812
hey there this is message 36813
hey there this is message 36814
hey there this is message 36815
hey there this is message 36816
hey there this is message 36817
hey there this is message 36818
hey there this is message 36819
hey there this is message 36820
hey there this is message 36821
hey there this is message 36822
hey there this is message 36823
hey there this is message 36824
hey there this is message 36825
hey there this is message 36826
hey there this is message 36827
hey there this is message 36828
hey there this is message 36829
hey there this is message 36830
hey there this is message 36831
hey there this is message 36832
hey there this is message 36833
hey there this is message 36834
hey there this is message 36835
hey there this is message 36836
hey there this is message 36837
hey there this is message 36838
hey there this is message 36839
hey there this is message 36840
hey there this is message 36841
hey there this is message 36842
hey there this is message 36843
hey there this is message 36844
hey there this is message 36845
hey there this is message 36846
hey there this is message 36847
hey there this is message 36848
hey there this is message 36849
hey there this is message 36850
hey there this is message 36851
hey there this is message 36852
hey there this is message 36853
hey there this is message 36854
hey there this is message 36855
hey there this is message 36856
hey there this is message 36857
hey there this is message 36858
hey there this is message 36859
hey there this is message 36860
hey there this is message 36861
hey there this is message 36862
hey there this is message 36863
hey there this is message 36864
hey there this is message 36865
hey there this is message 36866
hey there this is message 36867
hey there this is message 36868
hey there this is message 36869
hey there this is message 36870
hey there this is message 36871
hey there this is message 36872
hey there this is message 36873
hey there this is message 36874
hey there this is message 36875
hey there this is message 36876
hey there this is message 36877
hey there this is message 36878
hey there this is message 36879
hey there this is message 36880
hey there this is message 36881
hey there this is message 36882
hey there this is message 36883
hey there this is message 36884
hey there this is message 36885
hey there this is message 36886
hey there this is message 36887
hey there this is message 36888
hey there this is message 36889
hey there this is message 36890
hey there this is message 36891
hey there this is message 36892
hey there this is message 36893
hey there this is message 36894
hey there this is message 36895
hey there this is message 36896
hey there this is message 36897
hey there this is message 36898
hey there this is message 36899
hey there this is message 36900
hey there this is message 36901
hey there this is message 36902
hey there this is message 36903
hey there this is message 36904
hey there this is message 36905
hey there this is message 36906
hey there this is message 36907
hey there this is message 36908
hey there this is message 36909
hey there this is message 36910
hey there this is message 36911
hey there this is message 36912
hey there this is message 36913
hey there this is message 36914
hey there this is message 36915
hey there this is message 36916
hey there this is message 36917
hey there this is message 36918
hey there this is message 36919
hey there this is message 36920
hey there this is message 36921
hey there this is message 36922
hey there this is message 36923
hey there this is message 36924
hey there this is message 36925
hey there this is message 36926
hey there this is message 36927
hey there this is message 36928
hey there this is message 36929
hey there this is message 36930
hey there this is message 36931
hey there this is message 36932
hey there this is message 36933
hey there this is message 36934
hey there this is message 36935
hey there this is message 36936
hey there this is message 36937
hey there this is message 36938
hey there this is message 36939
hey there this is message 36940
hey there this is message 36941
hey there this is message 36942
hey there this is message 36943
hey there this is message 36944
hey there this is message 36945
hey there this is message 36946
hey there this is message 36947
hey there this is message 36948
hey there this is message 36949
hey there this is message 36950
hey there this is message 36951
hey there this is message 36952
hey there this is message 36953
hey there this is message 36954
hey there this is message 36955
hey there this is message 36956
hey there this is message 36957
hey there this is message 36958
hey there this is message 36959
hey there this is message 36960
hey there this is message 36961
hey there this is message 36962
hey there this is message 36963
hey there this is message 36964
hey there this is message 36965
hey there this is message 36966
hey there this is message 36967
hey there this is message 36968
hey there this is message 36969
hey there this is message 36970
hey there this is message 36971
hey there this is message 36972
hey there this is message 36973
hey there this is message 36974
hey there this is message 36975
hey there this is message 36976
hey there this is message 36977
hey there this is message 36978
hey there this is message 36979
hey there this is message 36980
hey there this is message 36981
hey there this is message 36982
hey there this is message 36983
hey there this is message 36984
hey there this is message 36985
hey there this is message 36986
hey there this is message 36987
hey there this is message 36988
hey there this is message 36989
hey there this is message 36990
hey there this is message 36991
hey there this is message 36992
hey there this is message 36993
hey there this is message 36994
hey there this is message 36995
hey there this is message 36996
hey there this is message 36997
hey there this is message 36998
hey there this is message 36999
hey there this is message 37000
hey there this is message 37001
hey there this is message 37002
hey there this is message 37003
hey there this is message 37004
hey there this is message 37005
hey there this is message 37006
hey there this is message 37007
hey there this is message 37008
hey there this is message 37009
hey there this is message 37010
hey there this is message 37011
hey there this is message 37012
hey there this is message 37013
hey there this is message 37014
hey there this is message 37015
hey there this is message 37016
hey there this is message 37017
hey there this is message 37018
hey there this is message 37019
hey there this is message 37020
hey there this is message 37021
hey there this is message 37022
hey there this is message 37023
hey there this is message 37024
hey there this is message 37025
hey there this is message 37026
hey there this is message 37027
hey there this is message 37028
hey there this is message 37029
hey there this is message 37030
hey there this is message 37031
hey there this is message 37032
hey there this is message 37033
hey there this is message 37034
hey there this is message 37035
hey there this is message 37036
hey there this is message 37037
hey there this is message 37038
hey there this is message 37039
hey there this is message 37040
hey there this is message 37041
hey there this is message 37042
hey there this is message 37043
hey there this is message 37044
hey there this is message 37045
hey there this is message 37046
hey there this is message 37047
hey there this is message 37048
hey there this is message 37049
hey there this is message 37050
hey there this is message 37051
hey there this is message 37052
hey there this is message 37053
hey there this is message 37054
hey there this is message 37055
hey there this is message 37056
hey there this is message 37057
hey there this is message 37058
hey there this is message 37059
hey there this is message 37060
hey there this is message 37061
hey there this is message 37062
hey there this is message 37063
hey there this is message 37064
hey there this is message 37065
hey there this is message 37066
hey there this is message 37067
hey there this is message 37068
hey there this is message 37069
hey there this is message 37070
hey there this is message 37071
hey there this is message 37072
hey there this is message 37073
hey there this is message 37074
hey there this is message 37075
hey there this is message 37076
hey there this is message 37077
hey there this is message 37078
hey there this is message 37079
hey there this is message 37080
hey there this is message 37081
hey there this is message 37082
hey there this is message 37083
hey there this is message 37084
hey there this is message 37085
hey there this is message 37086
hey there this is message 37087
hey there this is message 37088
hey there this is message 37089
hey there this is message 37090
hey there this is message 37091
hey there this is message 37092
hey there this is message 37093
hey there this is message 37094
hey there this is message 37095
hey there this is message 37096
hey there this is message 37097
hey there this is message 37098
hey there this is message 37099
hey there this is message 37100
hey there this is message 37101
hey there this is message 37102
hey there this is message 37103
hey there this is message 37104
hey there this is message 37105
hey there this is message 37106
hey there this is message 37107
hey there this is message 37108
hey there this is message 37109
hey there this is message 37110
hey there this is message 37111
hey there this is message 37112
hey there this is message 37113
hey there this is message 37114
hey there this is message 37115
hey there this is message 37116
hey there this is message 37117
hey there this is message 37118
hey there this is message 37119
hey there this is message 37120
hey there this is message 37121
hey there this is message 37122
hey there this is message 37123
hey there this is message 37124
hey there this is message 37125
hey there this is message 37126
hey there this is message 37127
hey there this is message 37128
hey there this is message 37129
hey there this is message 37130
hey there this is message 37131
hey there this is message 37132
hey there this is message 37133
hey there this is message 37134
hey there this is message 37135
hey there this is message 37136
hey there this is message 37137
hey there this is message 37138
hey there this is message 37139
hey there this is message 37140
hey there this is message 37141
hey there this is message 37142
hey there this is message 37143
hey there this is message 37144
hey there this is message 37145
hey there this is message 37146
hey there this is message 37147
hey there this is message 37148
hey there this is message 37149
hey there this is message 37150
hey there this is message 37151
hey there this is message 37152
hey there this is message 37153
hey there this is message 37154
hey there this is message 37155
hey there this is message 37156
hey there this is message 37157
hey there this is message 37158
hey there this is message 37159
hey there this is message 37160
hey there this is message 37161
hey there this is message 37162
hey there this is message 37163
hey there this is message 37164
hey there this is message 37165
hey there this is message 37166
hey there this is message 37167
hey there this is message 37168
hey there this is message 37169
hey there this is message 37170
hey there this is message 37171
hey there this is message 37172
hey there this is message 37173
hey there this is message 37174
hey there this is message 37175
hey there this is message 37176
hey there this is message 37177
hey there this is message 37178
hey there this is message 37179
hey there this is message 37180
hey there this is message 37181
hey there this is message 37182
hey there this is message 37183
hey there this is message 37184
hey there this is message 37185
hey there this is message 37186
hey there this is message 37187
hey there this is message 37188
hey there this is message 37189
hey there this is message 37190
hey there this is message 37191
hey there this is message 37192
hey there this is message 37193
hey there this is message 37194
hey there this is message 37195
hey there this is message 37196
hey there this is message 37197
hey there this is message 37198
hey there this is message 37199
hey there this is message 37200
hey there this is message 37201
hey there this is message 37202
hey there this is message 37203
hey there this is message 37204
hey there this is message 37205
hey there this is message 37206
hey there this is message 37207
hey there this is message 37208
hey there this is message 37209
hey there this is message 37210
hey there this is message 37211
hey there this is message 37212
hey there this is message 37213
hey there this is message 37214
hey there this is message 37215
hey there this is message 37216
hey there this is message 37217
hey there this is message 37218
hey there this is message 37219
hey there this is message 37220
hey there this is message 37221
hey there this is message 37222
hey there this is message 37223
hey there this is message 37224
hey there this is message 37225
hey there this is message 37226
hey there this is message 37227
hey there this is message 37228
hey there this is message 37229
hey there this is message 37230
hey there this is message 37231
hey there this is message 37232
hey there this is message 37233
hey there this is message 37234
hey there this is message 37235
hey there this is message 37236
hey there this is message 37237
hey there this is message 37238
hey there this is message 37239
hey there this is message 37240
hey there this is message 37241
hey there this is message 37242
hey there this is message 37243
hey there this is message 37244
hey there this is message 37245
hey there this is message 37246
hey there this is message 37247
hey there this is message 37248
hey there this is message 37249
hey there this is message 37250
hey there this is message 37251
hey there this is message 37252
hey there this is message 37253
hey there this is message 37254
hey there this is message 37255
hey there this is message 37256
hey there this is message 37257
hey there this is message 37258
hey there this is message 37259
hey there this is message 37260
hey there this is message 37261
hey there this is message 37262
hey there this is message 37263
hey there this is message 37264
hey there this is message 37265
hey there this is message 37266
hey there this is message 37267
hey there this is message 37268
hey there this is message 37269
hey there this is message 37270
hey there this is message 37271
hey there this is message 37272
hey there this is message 37273
hey there this is message 37274
hey there this is message 37275
hey there this is message 37276
hey there this is message 37277
hey there this is message 37278
hey there this is message 37279
hey there this is message 37280
hey there this is message 37281
hey there this is message 37282
hey there this is message 37283
hey there this is message 37284
hey there this is message 37285
hey there this is message 37286
hey there this is message 37287
hey there this is message 37288
hey there this is message 37289
hey there this is message 37290
hey there this is message 37291
hey there this is message 37292
hey there this is message 37293
hey there this is message 37294
hey there this is message 37295
hey there this is message 37296
hey there this is message 37297
hey there this is message 37298
hey there this is message 37299
hey there this is message 37300
hey there this is message 37301
hey there this is message 37302
hey there this is message 37303
hey there this is message 37304
hey there this is message 37305
hey there this is message 37306
hey there this is message 37307
hey there this is message 37308
hey there this is message 37309
hey there this is message 37310
hey there this is message 37311
hey there this is message 37312
hey there this is message 37313
hey there this is message 37314
hey there this is message 37315
hey there this is message 37316
hey there this is message 37317
hey there this is message 37318
hey there this is message 37319
hey there this is message 37320
hey there this is message 37321
hey there this is message 37322
hey there this is message 37323
hey there this is message 37324
hey there this is message 37325
hey there this is message 37326
hey there this is message 37327
hey there this is message 37328
hey there this is message 37329
hey there this is message 37330
hey there this is message 37331
hey there this is message 37332
hey there this is message 37333
hey there this is message 37334
hey there this is message 37335
hey there this is message 37336
hey there this is message 37337
hey there this is message 37338
hey there this is message 37339
hey there this is message 37340
hey there this is message 37341
hey there this is message 37342
hey there this is message 37343
hey there this is message 37344
hey there this is message 37345
hey there this is message 37346
hey there this is message 37347
hey there this is message 37348
hey there this is message 37349
hey there this is message 37350
hey there this is message 37351
hey there this is message 37352
hey there this is message 37353
hey there this is message 37354
hey there this is message 37355
hey there this is message 37356
hey there this is message 37357
hey there this is message 37358
hey there this is message 37359
hey there this is message 37360
hey there this is message 37361
hey there this is message 37362
hey there this is message 37363
hey there this is message 37364
hey there this is message 37365
hey there this is message 37366
hey there this is message 37367
hey there this is message 37368
hey there this is message 37369
hey there this is message 37370
hey there this is message 37371
hey there this is message 37372
hey there this is message 37373
hey there this is message 37374
hey there this is message 37375
hey there this is message 37376
hey there this is message 37377
hey there this is message 37378
hey there this is message 37379
hey there this is message 37380
hey there this is message 37381
hey there this is message 37382
hey there this is message 37383
hey there this is message 37384
hey there this is message 37385
hey there this is message 37386
hey there this is message 37387
hey there this is message 37388
hey there this is message 37389
hey there this is message 37390
hey there this is message 37391
hey there this is message 37392
hey there this is message 37393
hey there this is message 37394
hey there this is message 37395
hey there this is message 37396
hey there this is message 37397
hey there this is message 37398
hey there this is message 37399
hey there this is message 37400
hey there this is message 37401
hey there this is message 37402
hey there this is message 37403
hey there this is message 37404
hey there this is message 37405
hey there this is message 37406
hey there this is message 37407
hey there this is message 37408
hey there this is message 37409
hey there this is message 37410
hey there this is message 37411
hey there this is message 37412
hey there this is message 37413
hey there this is message 37414
hey there this is message 37415
hey there this is message 37416
hey there this is message 37417
hey there this is message 37418
hey there this is message 37419
hey there this is message 37420
hey there this is message 37421
hey there this is message 37422
hey there this is message 37423
hey there this is message 37424
hey there this is message 37425
hey there this is message 37426
hey there this is message 37427
hey there this is message 37428
hey there this is message 37429
hey there this is message 37430
hey there this is message 37431
hey there this is message 37432
hey there this is message 37433
hey there this is message 37434
hey there this is message 37435
hey there this is message 37436
hey there this is message 37437
hey there this is message 37438
hey there this is message 37439
hey there this is message 37440
hey there this is message 37441
hey there this is message 37442
hey there this is message 37443
hey there this is message 37444
hey there this is message 37445
hey there this is message 37446
hey there this is message 37447
hey there this is message 37448
hey there this is message 37449
hey there this is message 37450
hey there this is message 37451
hey there this is message 37452
hey there this is message 37453
hey there this is message 37454
hey there this is message 37455
hey there this is message 37456
hey there this is message 37457
hey there this is message 37458
hey there this is message 37459
hey there this is message 37460
hey there this is message 37461
hey there this is message 37462
hey there this is message 37463
hey there this is message 37464
hey there this is message 37465
hey there this is message 37466
hey there this is message 37467
hey there this is message 37468
hey there this is message 37469
hey there this is message 37470
hey there this is message 37471
hey there this is message 37472
hey there this is message 37473
hey there this is message 37474
hey there this is message 37475
hey there this is message 37476
hey there this is message 37477
hey there this is message 37478
hey there this is message 37479
hey there this is message 37480
hey there this is message 37481
hey there this is message 37482
hey there this is message 37483
hey there this is message 37484
hey there this is message 37485
hey there this is message 37486
hey there this is message 37487
hey there this is message 37488
hey there this is message 37489
hey there this is message 37490
hey there this is message 37491
hey there this is message 37492
hey there this is message 37493
hey there this is message 37494
hey there this is message 37495
hey there this is message 37496
hey there this is message 37497
hey there this is message 37498
hey there this is message 37499
hey there this is message 37500
hey there this is message 37501
hey there this is message 37502
hey there this is message 37503
hey there this is message 37504
hey there this is message 37505
hey there this is message 37506
hey there this is message 37507
hey there this is message 37508
hey there this is message 37509
hey there this is message 37510
hey there this is message 37511
hey there this is message 37512
hey there this is message 37513
hey there this is message 37514
hey there this is message 37515
hey there this is message 37516
hey there this is message 37517
hey there this is message 37518
hey there this is message 37519
hey there this is message 37520
hey there this is message 37521
hey there this is message 37522
hey there this is message 37523
hey there this is message 37524
hey there this is message 37525
hey there this is message 37526
hey there this is message 37527
hey there this is message 37528
hey there this is message 37529
hey there this is message 37530
hey there this is message 37531
hey there this is message 37532
hey there this is message 37533
hey there this is message 37534
hey there this is message 37535
hey there this is message 37536
hey there this is message 37537
hey there this is message 37538
hey there this is message 37539
hey there this is message 37540
hey there this is message 37541
hey there this is message 37542
hey there this is message 37543
hey there this is message 37544
hey there this is message 37545
hey there this is message 37546
hey there this is message 37547
hey there this is message 37548
hey there this is message 37549
hey there this is message 37550
hey there this is message 37551
hey there this is message 37552
hey there this is message 37553
hey there this is message 37554
hey there this is message 37555
hey there this is message 37556
hey there this is message 37557
hey there this is message 37558
hey there this is message 37559
hey there this is message 37560
hey there this is message 37561
hey there this is message 37562
hey there this is message 37563
hey there this is message 37564
hey there this is message 37565
hey there this is message 37566
hey there this is message 37567
hey there this is message 37568
hey there this is message 37569
hey there this is message 37570
hey there this is message 37571
hey there this is message 37572
hey there this is message 37573
hey there this is message 37574
hey there this is message 37575
hey there this is message 37576
hey there this is message 37577
hey there this is message 37578
hey there this is message 37579
hey there this is message 37580
hey there this is message 37581
hey there this is message 37582
hey there this is message 37583
hey there this is message 37584
hey there this is message 37585
hey there this is message 37586
hey there this is message 37587
hey there this is message 37588
hey there this is message 37589
hey there this is message 37590
hey there this is message 37591
hey there this is message 37592
hey there this is message 37593
hey there this is message 37594
hey there this is message 37595
hey there this is message 37596
hey there this is message 37597
hey there this is message 37598
hey there this is message 37599
hey there this is message 37600
hey there this is message 37601
hey there this is message 37602
hey there this is message 37603
hey there this is message 37604
hey there this is message 37605
hey there this is message 37606
hey there this is message 37607
hey there this is message 37608
hey there this is message 37609
hey there this is message 37610
hey there this is message 37611
hey there this is message 37612
hey there this is message 37613
hey there this is message 37614
hey there this is message 37615
hey there this is message 37616
hey there this is message 37617
hey there this is message 37618
hey there this is message 37619
hey there this is message 37620
hey there this is message 37621
hey there this is message 37622
hey there this is message 37623
hey there this is message 37624
hey there this is message 37625
hey there this is message 37626
hey there this is message 37627
hey there this is message 37628
hey there this is message 37629
hey there this is message 37630
hey there this is message 37631
hey there this is message 37632
hey there this is message 37633
hey there this is message 37634
hey there this is message 37635
hey there this is message 37636
hey there this is message 37637
hey there this is message 37638
hey there this is message 37639
hey there this is message 37640
hey there this is message 37641
hey there this is message 37642
hey there this is message 37643
hey there this is message 37644
hey there this is message 37645
hey there this is message 37646
hey there this is message 37647
hey there this is message 37648
hey there this is message 37649
hey there this is message 37650
hey there this is message 37651
hey there this is message 37652
hey there this is message 37653
hey there this is message 37654
hey there this is message 37655
hey there this is message 37656
hey there this is message 37657
hey there this is message 37658
hey there this is message 37659
hey there this is message 37660
hey there this is message 37661
hey there this is message 37662
hey there this is message 37663
hey there this is message 37664
hey there this is message 37665
hey there this is message 37666
hey there this is message 37667
hey there this is message 37668
hey there this is message 37669
hey there this is message 37670
hey there this is message 37671
hey there this is message 37672
hey there this is message 37673
hey there this is message 37674
hey there this is message 37675
hey there this is message 37676
hey there this is message 37677
hey there this is message 37678
hey there this is message 37679
hey there this is message 37680
hey there this is message 37681
hey there this is message 37682
hey there this is message 37683
hey there this is message 37684
hey there this is message 37685
hey there this is message 37686
hey there this is message 37687
hey there this is message 37688
hey there this is message 37689
hey there this is message 37690
hey there this is message 37691
hey there this is message 37692
hey there this is message 37693
hey there this is message 37694
hey there this is message 37695
hey there this is message 37696
hey there this is message 37697
hey there this is message 37698
hey there this is message 37699
hey there this is message 37700
hey there this is message 37701
hey there this is message 37702
hey there this is message 37703
hey there this is message 37704
hey there this is message 37705
hey there this is message 37706
hey there this is message 37707
hey there this is message 37708
hey there this is message 37709
hey there this is message 37710
hey there this is message 37711
hey there this is message 37712
hey there this is message 37713
hey there this is message 37714
hey there this is message 37715
hey there this is message 37716
hey there this is message 37717
hey there this is message 37718
hey there this is message 37719
hey there this is message 37720
hey there this is message 37721
hey there this is message 37722
hey there this is message 37723
hey there this is message 37724
hey there this is message 37725
hey there this is message 37726
hey there this is message 37727
hey there this is message 37728
hey there this is message 37729
hey there this is message 37730
hey there this is message 37731
hey there this is message 37732
hey there this is message 37733
hey there this is message 37734
hey there this is message 37735
hey there this is message 37736
hey there this is message 37737
hey there this is message 37738
hey there this is message 37739
hey there this is message 37740
hey there this is message 37741
hey there this is message 37742
hey there this is message 37743
hey there this is message 37744
hey there this is message 37745
hey there this is message 37746
hey there this is message 37747
hey there this is message 37748
hey there this is message 37749
hey there this is message 37750
hey there this is message 37751
hey there this is message 37752
hey there this is message 37753
hey there this is message 37754
hey there this is message 37755
hey there this is message 37756
hey there this is message 37757
hey there this is message 37758
hey there this is message 37759
hey there this is message 37760
hey there this is message 37761
hey there this is message 37762
hey there this is message 37763
hey there this is message 37764
hey there this is message 37765
hey there this is message 37766
hey there this is message 37767
hey there this is message 37768
hey there this is message 37769
hey there this is message 37770
hey there this is message 37771
hey there this is message 37772
hey there this is message 37773
hey there this is message 37774
hey there this is message 37775
hey there this is message 37776
hey there this is message 37777
hey there this is message 37778
hey there this is message 37779
hey there this is message 37780
hey there this is message 37781
hey there this is message 37782
hey there this is message 37783
hey there this is message 37784
hey there this is message 37785
hey there this is message 37786
hey there this is message 37787
hey there this is message 37788
hey there this is message 37789
hey there this is message 37790
hey there this is message 37791
hey there this is message 37792
hey there this is message 37793
hey there this is message 37794
hey there this is message 37795
hey there this is message 37796
hey there this is message 37797
hey there this is message 37798
hey there this is message 37799
hey there this is message 37800
hey there this is message 37801
hey there this is message 37802
hey there this is message 37803
hey there this is message 37804
hey there this is message 37805
hey there this is message 37806
hey there this is message 37807
hey there this is message 37808
hey there this is message 37809
hey there this is message 37810
hey there this is message 37811
hey there this is message 37812
hey there this is message 37813
hey there this is message 37814
hey there this is message 37815
hey there this is message 37816
hey there this is message 37817
hey there this is message 37818
hey there this is message 37819
hey there this is message 37820
hey there this is message 37821
hey there this is message 37822
hey there this is message 37823
hey there this is message 37824
hey there this is message 37825
hey there this is message 37826
hey there this is message 37827
hey there this is message 37828
hey there this is message 37829
hey there this is message 37830
hey there this is message 37831
hey there this is message 37832
hey there this is message 37833
hey there this is message 37834
hey there this is message 37835
hey there this is message 37836
hey there this is message 37837
hey there this is message 37838
hey there this is message 37839
hey there this is message 37840
hey there this is message 37841
hey there this is message 37842
hey there this is message 37843
hey there this is message 37844
hey there this is message 37845
hey there this is message 37846
hey there this is message 37847
hey there this is message 37848
hey there this is message 37849
hey there this is message 37850
hey there this is message 37851
hey there this is message 37852
hey there this is message 37853
hey there this is message 37854
hey there this is message 37855
hey there this is message 37856
hey there this is message 37857
hey there this is message 37858
hey there this is message 37859
hey there this is message 37860
hey there this is message 37861
hey there this is message 37862
hey there this is message 37863
hey there this is message 37864
hey there this is message 37865
hey there this is message 37866
hey there this is message 37867
hey there this is message 37868
hey there this is message 37869
hey there this is message 37870
hey there this is message 37871
hey there this is message 37872
hey there this is message 37873
hey there this is message 37874
hey there this is message 37875
hey there this is message 37876
hey there this is message 37877
hey there this is message 37878
hey there this is message 37879
hey there this is message 37880
hey there this is message 37881
hey there this is message 37882
hey there this is message 37883
hey there this is message 37884
hey there this is message 37885
hey there this is message 37886
hey there this is message 37887
hey there this is message 37888
hey there this is message 37889
hey there this is message 37890
hey there this is message 37891
hey there this is message 37892
hey there this is message 37893
hey there this is message 37894
hey there this is message 37895
hey there this is message 37896
hey there this is message 37897
hey there this is message 37898
hey there this is message 37899
hey there this is message 37900
hey there this is message 37901
hey there this is message 37902
hey there this is message 37903
hey there this is message 37904
hey there this is message 37905
hey there this is message 37906
hey there this is message 37907
hey there this is message 37908
hey there this is message 37909
hey there this is message 37910
hey there this is message 37911
hey there this is message 37912
hey there this is message 37913
hey there this is message 37914
hey there this is message 37915
hey there this is message 37916
hey there this is message 37917
hey there this is message 37918
hey there this is message 37919
hey there this is message 37920
hey there this is message 37921
hey there this is message 37922
hey there this is message 37923
hey there this is message 37924
hey there this is message 37925
hey there this is message 37926
hey there this is message 37927
hey there this is message 37928
hey there this is message 37929
hey there this is message 37930
hey there this is message 37931
hey there this is message 37932
hey there this is message 37933
hey there this is message 37934
hey there this is message 37935
hey there this is message 37936
hey there this is message 37937
hey there this is message 37938
hey there this is message 37939
hey there this is message 37940
hey there this is message 37941
hey there this is message 37942
hey there this is message 37943
hey there this is message 37944
hey there this is message 37945
hey there this is message 37946
hey there this is message 37947
hey there this is message 37948
hey there this is message 37949
hey there this is message 37950
hey there this is message 37951
hey there this is message 37952
hey there this is message 37953
hey there this is message 37954
hey there this is message 37955
hey there this is message 37956
hey there this is message 37957
hey there this is message 37958
hey there this is message 37959
hey there this is message 37960
hey there this is message 37961
hey there this is message 37962
hey there this is message 37963
hey there this is message 37964
hey there this is message 37965
hey there this is message 37966
hey there this is message 37967
hey there this is message 37968
hey there this is message 37969
hey there this is message 37970
hey there this is message 37971
hey there this is message 37972
hey there this is message 37973
hey there this is message 37974
hey there this is message 37975
hey there this is message 37976
hey there this is message 37977
hey there this is message 37978
hey there this is message 37979
hey there this is message 37980
hey there this is message 37981
hey there this is message 37982
hey there this is message 37983
hey there this is message 37984
hey there this is message 37985
hey there this is message 37986
hey there this is message 37987
hey there this is message 37988
hey there this is message 37989
hey there this is message 37990
hey there this is message 37991
hey there this is message 37992
hey there this is message 37993
hey there this is message 37994
hey there this is message 37995
hey there this is message 37996
hey there this is message 37997
hey there this is message 37998
hey there this is message 37999
hey there this is message 38000
hey there this is message 38001
hey there this is message 38002
hey there this is message 38003
hey there this is message 38004
hey there this is message 38005
hey there this is message 38006
hey there this is message 38007
hey there this is message 38008
hey there this is message 38009
hey there this is message 38010
hey there this is message 38011
hey there this is message 38012
hey there this is message 38013
hey there this is message 38014
hey there this is message 38015
hey there this is message 38016
hey there this is message 38017
hey there this is message 38018
hey there this is message 38019
hey there this is message 38020
hey there this is message 38021
hey there this is message 38022
hey there this is message 38023
hey there this is message 38024
hey there this is message 38025
hey there this is message 38026
hey there this is message 38027
hey there this is message 38028
hey there this is message 38029
hey there this is message 38030
hey there this is message 38031
hey there this is message 38032
hey there this is message 38033
hey there this is message 38034
hey there this is message 38035
hey there this is message 38036
hey there this is message 38037
hey there this is message 38038
hey there this is message 38039
hey there this is message 38040
hey there this is message 38041
hey there this is message 38042
hey there this is message 38043
hey there this is message 38044
hey there this is message 38045
hey there this is message 38046
hey there this is message 38047
hey there this is message 38048
hey there this is message 38049
hey there this is message 38050
hey there this is message 38051
hey there this is message 38052
hey there this is message 38053
hey there this is message 38054
hey there this is message 38055
hey there this is message 38056
hey there this is message 38057
hey there this is message 38058
hey there this is message 38059
hey there this is message 38060
hey there this is message 38061
hey there this is message 38062
hey there this is message 38063
hey there this is message 38064
hey there this is message 38065
hey there this is message 38066
hey there this is message 38067
hey there this is message 38068
hey there this is message 38069
hey there this is message 38070
hey there this is message 38071
hey there this is message 38072
hey there this is message 38073
hey there this is message 38074
hey there this is message 38075
hey there this is message 38076
hey there this is message 38077
hey there this is message 38078
hey there this is message 38079
hey there this is message 38080
hey there this is message 38081
hey there this is message 38082
hey there this is message 38083
hey there this is message 38084
hey there this is message 38085
hey there this is message 38086
hey there this is message 38087
hey there this is message 38088
hey there this is message 38089
hey there this is message 38090
hey there this is message 38091
hey there this is message 38092
hey there this is message 38093
hey there this is message 38094
hey there this is message 38095
hey there this is message 38096
hey there this is message 38097
hey there this is message 38098
hey there this is message 38099
hey there this is message 38100
hey there this is message 38101
hey there this is message 38102
hey there this is message 38103
hey there this is message 38104
hey there this is message 38105
hey there this is message 38106
hey there this is message 38107
hey there this is message 38108
hey there this is message 38109
hey there this is message 38110
hey there this is message 38111
hey there this is message 38112
hey there this is message 38113
hey there this is message 38114
hey there this is message 38115
hey there this is message 38116
hey there this is message 38117
hey there this is message 38118
hey there this is message 38119
hey there this is message 38120
hey there this is message 38121
hey there this is message 38122
hey there this is message 38123
hey there this is message 38124
hey there this is message 38125
hey there this is message 38126
hey there this is message 38127
hey there this is message 38128
hey there this is message 38129
hey there this is message 38130
hey there this is message 38131
hey there this is message 38132
hey there this is message 38133
hey there this is message 38134
hey there this is message 38135
hey there this is message 38136
hey there this is message 38137
hey there this is message 38138
hey there this is message 38139
hey there this is message 38140
hey there this is message 38141
hey there this is message 38142
hey there this is message 38143
hey there this is message 38144
hey there this is message 38145
hey there this is message 38146
hey there this is message 38147
hey there this is message 38148
hey there this is message 38149
hey there this is message 38150
hey there this is message 38151
hey there this is message 38152
hey there this is message 38153
hey there this is message 38154
hey there this is message 38155
hey there this is message 38156
hey there this is message 38157
hey there this is message 38158
hey there this is message 38159
hey there this is message 38160
hey there this is message 38161
hey there this is message 38162
hey there this is message 38163
hey there this is message 38164
hey there this is message 38165
hey there this is message 38166
hey there this is message 38167
hey there this is message 38168
hey there this is message 38169
hey there this is message 38170
hey there this is message 38171
hey there this is message 38172
hey there this is message 38173
hey there this is message 38174
hey there this is message 38175
hey there this is message 38176
hey there this is message 38177
hey there this is message 38178
hey there this is message 38179
hey there this is message 38180
hey there this is message 38181
hey there this is message 38182
hey there this is message 38183
hey there this is message 38184
hey there this is message 38185
hey there this is message 38186
hey there this is message 38187
hey there this is message 38188
hey there this is message 38189
hey there this is message 38190
hey there this is message 38191
hey there this is message 38192
hey there this is message 38193
hey there this is message 38194
hey there this is message 38195
hey there this is message 38196
hey there this is message 38197
hey there this is message 38198
hey there this is message 38199
hey there this is message 38200
hey there this is message 38201
hey there this is message 38202
hey there this is message 38203
hey there this is message 38204
hey there this is message 38205
hey there this is message 38206
hey there this is message 38207
hey there this is message 38208
hey there this is message 38209
hey there this is message 38210
hey there this is message 38211
hey there this is message 38212
hey there this is message 38213
hey there this is message 38214
hey there this is message 38215
hey there this is message 38216
hey there this is message 38217
hey there this is message 38218
hey there this is message 38219
hey there this is message 38220
hey there this is message 38221
hey there this is message 38222
hey there this is message 38223
hey there this is message 38224
hey there this is message 38225
hey there this is message 38226
hey there this is message 38227
hey there this is message 38228
hey there this is message 38229
hey there this is message 38230
hey there this is message 38231
hey there this is message 38232
hey there this is message 38233
hey there this is message 38234
hey there this is message 38235
hey there this is message 38236
hey there this is message 38237
hey there this is message 38238
hey there this is message 38239
hey there this is message 38240
hey there this is message 38241
hey there this is message 38242
hey there this is message 38243
hey there this is message 38244
hey there this is message 38245
hey there this is message 38246
hey there this is message 38247
hey there this is message 38248
hey there this is message 38249
hey there this is message 38250
hey there this is message 38251
hey there this is message 38252
hey there this is message 38253
hey there this is message 38254
hey there this is message 38255
hey there this is message 38256
hey there this is message 38257
hey there this is message 38258
hey there this is message 38259
hey there this is message 38260
hey there this is message 38261
hey there this is message 38262
hey there this is message 38263
hey there this is message 38264
hey there this is message 38265
hey there this is message 38266
hey there this is message 38267
hey there this is message 38268
hey there this is message 38269
hey there this is message 38270
hey there this is message 38271
hey there this is message 38272
hey there this is message 38273
hey there this is message 38274
hey there this is message 38275
hey there this is message 38276
hey there this is message 38277
hey there this is message 38278
hey there this is message 38279
hey there this is message 38280
hey there this is message 38281
hey there this is message 38282
hey there this is message 38283
hey there this is message 38284
hey there this is message 38285
hey there this is message 38286
hey there this is message 38287
hey there this is message 38288
hey there this is message 38289
hey there this is message 38290
hey there this is message 38291
hey there this is message 38292
hey there this is message 38293
hey there this is message 38294
hey there this is message 38295
hey there this is message 38296
hey there this is message 38297
hey there this is message 38298
hey there this is message 38299
hey there this is message 38300
hey there this is message 38301
hey there this is message 38302
hey there this is message 38303
hey there this is message 38304
hey there this is message 38305
hey there this is message 38306
hey there this is message 38307
hey there this is message 38308
hey there this is message 38309
hey there this is message 38310
hey there this is message 38311
hey there this is message 38312
hey there this is message 38313
hey there this is message 38314
hey there this is message 38315
hey there this is message 38316
hey there this is message 38317
hey there this is message 38318
hey there this is message 38319
hey there this is message 38320
hey there this is message 38321
hey there this is message 38322
hey there this is message 38323
hey there this is message 38324
hey there this is message 38325
hey there this is message 38326
hey there this is message 38327
hey there this is message 38328
hey there this is message 38329
hey there this is message 38330
hey there this is message 38331
hey there this is message 38332
hey there this is message 38333
hey there this is message 38334
hey there this is message 38335
hey there this is message 38336
hey there this is message 38337
hey there this is message 38338
hey there this is message 38339
hey there this is message 38340
hey there this is message 38341
hey there this is message 38342
hey there this is message 38343
hey there this is message 38344
hey there this is message 38345
hey there this is message 38346
hey there this is message 38347
hey there this is message 38348
hey there this is message 38349
hey there this is message 38350
hey there this is message 38351
hey there this is message 38352
hey there this is message 38353
hey there this is message 38354
hey there this is message 38355
hey there this is message 38356
hey there this is message 38357
hey there this is message 38358
hey there this is message 38359
hey there this is message 38360
hey there this is message 38361
hey there this is message 38362
hey there this is message 38363
hey there this is message 38364
hey there this is message 38365
hey there this is message 38366
hey there this is message 38367
hey there this is message 38368
hey there this is message 38369
hey there this is message 38370
hey there this is message 38371
hey there this is message 38372
hey there this is message 38373
hey there this is message 38374
hey there this is message 38375
hey there this is message 38376
hey there this is message 38377
hey there this is message 38378
hey there this is message 38379
hey there this is message 38380
hey there this is message 38381
hey there this is message 38382
hey there this is message 38383
hey there this is message 38384
hey there this is message 38385
hey there this is message 38386
hey there this is message 38387
hey there this is message 38388
hey there this is message 38389
hey there this is message 38390
hey there this is message 38391
hey there this is message 38392
hey there this is message 38393
hey there this is message 38394
hey there this is message 38395
hey there this is message 38396
hey there this is message 38397
hey there this is message 38398
hey there this is message 38399
hey there this is message 38400
hey there this is message 38401
hey there this is message 38402
hey there this is message 38403
hey there this is message 38404
hey there this is message 38405
hey there this is message 38406
hey there this is message 38407
hey there this is message 38408
hey there this is message 38409
hey there this is message 38410
hey there this is message 38411
hey there this is message 38412
hey there this is message 38413
hey there this is message 38414
hey there this is message 38415
hey there this is message 38416
hey there this is message 38417
hey there this is message 38418
hey there this is message 38419
hey there this is message 38420
hey there this is message 38421
hey there this is message 38422
hey there this is message 38423
hey there this is message 38424
hey there this is message 38425
hey there this is message 38426
hey there this is message 38427
hey there this is message 38428
hey there this is message 38429
hey there this is message 38430
hey there this is message 38431
hey there this is message 38432
hey there this is message 38433
hey there this is message 38434
hey there this is message 38435
hey there this is message 38436
hey there this is message 38437
hey there this is message 38438
hey there this is message 38439
hey there this is message 38440
hey there this is message 38441
hey there this is message 38442
hey there this is message 38443
hey there this is message 38444
hey there this is message 38445
hey there this is message 38446
hey there this is message 38447
hey there this is message 38448
hey there this is message 38449
hey there this is message 38450
hey there this is message 38451
hey there this is message 38452
hey there this is message 38453
hey there this is message 38454
hey there this is message 38455
hey there this is message 38456
hey there this is message 38457
hey there this is message 38458
hey there this is message 38459
hey there this is message 38460
hey there this is message 38461
hey there this is message 38462
hey there this is message 38463
hey there this is message 38464
hey there this is message 38465
hey there this is message 38466
hey there this is message 38467
hey there this is message 38468
hey there this is message 38469
hey there this is message 38470
hey there this is message 38471
hey there this is message 38472
hey there this is message 38473
hey there this is message 38474
hey there this is message 38475
hey there this is message 38476
hey there this is message 38477
hey there this is message 38478
hey there this is message 38479
hey there this is message 38480
hey there this is message 38481
hey there this is message 38482
hey there this is message 38483
hey there this is message 38484
hey there this is message 38485
hey there this is message 38486
hey there this is message 38487
hey there this is message 38488
hey there this is message 38489
hey there this is message 38490
hey there this is message 38491
hey there this is message 38492
hey there this is message 38493
hey there this is message 38494
hey there this is message 38495
hey there this is message 38496
hey there this is message 38497
hey there this is message 38498
hey there this is message 38499
hey there this is message 38500
hey there this is message 38501
hey there this is message 38502
hey there this is message 38503
hey there this is message 38504
hey there this is message 38505
hey there this is message 38506
hey there this is message 38507
hey there this is message 38508
hey there this is message 38509
hey there this is message 38510
hey there this is message 38511
hey there this is message 38512
hey there this is message 38513
hey there this is message 38514
hey there this is message 38515
hey there this is message 38516
hey there this is message 38517
hey there this is message 38518
hey there this is message 38519
hey there this is message 38520
hey there this is message 38521
hey there this is message 38522
hey there this is message 38523
hey there this is message 38524
hey there this is message 38525
hey there this is message 38526
hey there this is message 38527
hey there this is message 38528
hey there this is message 38529
hey there this is message 38530
hey there this is message 38531
hey there this is message 38532
hey there this is message 38533
hey there this is message 38534
hey there this is message 38535
hey there this is message 38536
hey there this is message 38537
hey there this is message 38538
hey there this is message 38539
hey there this is message 38540
hey there this is message 38541
hey there this is message 38542
hey there this is message 38543
hey there this is message 38544
hey there this is message 38545
hey there this is message 38546
hey there this is message 38547
hey there this is message 38548
hey there this is message 38549
hey there this is message 38550
hey there this is message 38551
hey there this is message 38552
hey there this is message 38553
hey there this is message 38554
hey there this is message 38555
hey there this is message 38556
hey there this is message 38557
hey there this is message 38558
hey there this is message 38559
hey there this is message 38560
hey there this is message 38561
hey there this is message 38562
hey there this is message 38563
hey there this is message 38564
hey there this is message 38565
hey there this is message 38566
hey there this is message 38567
hey there this is message 38568
hey there this is message 38569
hey there this is message 38570
hey there this is message 38571
hey there this is message 38572
hey there this is message 38573
hey there this is message 38574
hey there this is message 38575
hey there this is message 38576
hey there this is message 38577
hey there this is message 38578
hey there this is message 38579
hey there this is message 38580
hey there this is message 38581
hey there this is message 38582
hey there this is message 38583
hey there this is message 38584
hey there this is message 38585
hey there this is message 38586
hey there this is message 38587
hey there this is message 38588
hey there this is message 38589
hey there this is message 38590
hey there this is message 38591
hey there this is message 38592
hey there this is message 38593
hey there this is message 38594
hey there this is message 38595
hey there this is message 38596
hey there this is message 38597
hey there this is message 38598
hey there this is message 38599
hey there this is message 38600
hey there this is message 38601
hey there this is message 38602
hey there this is message 38603
hey there this is message 38604
hey there this is message 38605
hey there this is message 38606
hey there this is message 38607
hey there this is message 38608
hey there this is message 38609
hey there this is message 38610
hey there this is message 38611
hey there this is message 38612
hey there this is message 38613
hey there this is message 38614
hey there this is message 38615
hey there this is message 38616
hey there this is message 38617
hey there this is message 38618
hey there this is message 38619
hey there this is message 38620
hey there this is message 38621
hey there this is message 38622
hey there this is message 38623
hey there this is message 38624
hey there this is message 38625
hey there this is message 38626
hey there this is message 38627
hey there this is message 38628
hey there this is message 38629
hey there this is message 38630
hey there this is message 38631
hey there this is message 38632
hey there this is message 38633
hey there this is message 38634
hey there this is message 38635
hey there this is message 38636
hey there this is message 38637
hey there this is message 38638
hey there this is message 38639
hey there this is message 38640
hey there this is message 38641
hey there this is message 38642
hey there this is message 38643
hey there this is message 38644
hey there this is message 38645
hey there this is message 38646
hey there this is message 38647
hey there this is message 38648
hey there this is message 38649
hey there this is message 38650
hey there this is message 38651
hey there this is message 38652
hey there this is message 38653
hey there this is message 38654
hey there this is message 38655
hey there this is message 38656
hey there this is message 38657
hey there this is message 38658
hey there this is message 38659
hey there this is message 38660
hey there this is message 38661
hey there this is message 38662
hey there this is message 38663
hey there this is message 38664
hey there this is message 38665
hey there this is message 38666
hey there this is message 38667
hey there this is message 38668
hey there this is message 38669
hey there this is message 38670
hey there this is message 38671
hey there this is message 38672
hey there this is message 38673
hey there this is message 38674
hey there this is message 38675
hey there this is message 38676
hey there this is message 38677
hey there this is message 38678
hey there this is message 38679
hey there this is message 38680
hey there this is message 38681
hey there this is message 38682
hey there this is message 38683
hey there this is message 38684
hey there this is message 38685
hey there this is message 38686
hey there this is message 38687
hey there this is message 38688
hey there this is message 38689
hey there this is message 38690
hey there this is message 38691
hey there this is message 38692
hey there this is message 38693
hey there this is message 38694
hey there this is message 38695
hey there this is message 38696
hey there this is message 38697
hey there this is message 38698
hey there this is message 38699
hey there this is message 38700
hey there this is message 38701
hey there this is message 38702
hey there this is message 38703
hey there this is message 38704
hey there this is message 38705
hey there this is message 38706
hey there this is message 38707
hey there this is message 38708
hey there this is message 38709
hey there this is message 38710
hey there this is message 38711
hey there this is message 38712
hey there this is message 38713
hey there this is message 38714
hey there this is message 38715
hey there this is message 38716
hey there this is message 38717
hey there this is message 38718
hey there this is message 38719
hey there this is message 38720
hey there this is message 38721
hey there this is message 38722
hey there this is message 38723
hey there this is message 38724
hey there this is message 38725
hey there this is message 38726
hey there this is message 38727
hey there this is message 38728
hey there this is message 38729
hey there this is message 38730
hey there this is message 38731
hey there this is message 38732
hey there this is message 38733
hey there this is message 38734
hey there this is message 38735
hey there this is message 38736
hey there this is message 38737
hey there this is message 38738
hey there this is message 38739
hey there this is message 38740
hey there this is message 38741
hey there this is message 38742
hey there this is message 38743
hey there this is message 38744
hey there this is message 38745
hey there this is message 38746
hey there this is message 38747
hey there this is message 38748
hey there this is message 38749
hey there this is message 38750
hey there this is message 38751
hey there this is message 38752
hey there this is message 38753
hey there this is message 38754
hey there this is message 38755
hey there this is message 38756
hey there this is message 38757
hey there this is message 38758
hey there this is message 38759
hey there this is message 38760
hey there this is message 38761
hey there this is message 38762
hey there this is message 38763
hey there this is message 38764
hey there this is message 38765
hey there this is message 38766
hey there this is message 38767
hey there this is message 38768
hey there this is message 38769
hey there this is message 38770
hey there this is message 38771
hey there this is message 38772
hey there this is message 38773
hey there this is message 38774
hey there this is message 38775
hey there this is message 38776
hey there this is message 38777
hey there this is message 38778
hey there this is message 38779
hey there this is message 38780
hey there this is message 38781
hey there this is message 38782
hey there this is message 38783
hey there this is message 38784
hey there this is message 38785
hey there this is message 38786
hey there this is message 38787
hey there this is message 38788
hey there this is message 38789
hey there this is message 38790
hey there this is message 38791
hey there this is message 38792
hey there this is message 38793
hey there this is message 38794
hey there this is message 38795
hey there this is message 38796
hey there this is message 38797
hey there this is message 38798
hey there this is message 38799
hey there this is message 38800
hey there this is message 38801
hey there this is message 38802
hey there this is message 38803
hey there this is message 38804
hey there this is message 38805
hey there this is message 38806
hey there this is message 38807
hey there this is message 38808
hey there this is message 38809
hey there this is message 38810
hey there this is message 38811
hey there this is message 38812
hey there this is message 38813
hey there this is message 38814
hey there this is message 38815
hey there this is message 38816
hey there this is message 38817
hey there this is message 38818
hey there this is message 38819
hey there this is message 38820
hey there this is message 38821
hey there this is message 38822
hey there this is message 38823
hey there this is message 38824
hey there this is message 38825
hey there this is message 38826
hey there this is message 38827
hey there this is message 38828
hey there this is message 38829
hey there this is message 38830
hey there this is message 38831
hey there this is message 38832
hey there this is message 38833
hey there this is message 38834
hey there this is message 38835
hey there this is message 38836
hey there this is message 38837
hey there this is message 38838
hey there this is message 38839
hey there this is message 38840
hey there this is message 38841
hey there this is message 38842
hey there this is message 38843
hey there this is message 38844
hey there this is message 38845
hey there this is message 38846
hey there this is message 38847
hey there this is message 38848
hey there this is message 38849
hey there this is message 38850
hey there this is message 38851
hey there this is message 38852
hey there this is message 38853
hey there this is message 38854
hey there this is message 38855
hey there this is message 38856
hey there this is message 38857
hey there this is message 38858
hey there this is message 38859
hey there this is message 38860
hey there this is message 38861
hey there this is message 38862
hey there this is message 38863
hey there this is message 38864
hey there this is message 38865
hey there this is message 38866
hey there this is message 38867
hey there this is message 38868
hey there this is message 38869
hey there this is message 38870
hey there this is message 38871
hey there this is message 38872
hey there this is message 38873
hey there this is message 38874
hey there this is message 38875
hey there this is message 38876
hey there this is message 38877
hey there this is message 38878
hey there this is message 38879
hey there this is message 38880
hey there this is message 38881
hey there this is message 38882
hey there this is message 38883
hey there this is message 38884
hey there this is message 38885
hey there this is message 38886
hey there this is message 38887
hey there this is message 38888
hey there this is message 38889
hey there this is message 38890
hey there this is message 38891
hey there this is message 38892
hey there this is message 38893
hey there this is message 38894
hey there this is message 38895
hey there this is message 38896
hey there this is message 38897
hey there this is message 38898
hey there this is message 38899
hey there this is message 38900
hey there this is message 38901
hey there this is message 38902
hey there this is message 38903
hey there this is message 38904
hey there this is message 38905
hey there this is message 38906
hey there this is message 38907
hey there this is message 38908
hey there this is message 38909
hey there this is message 38910
hey there this is message 38911
hey there this is message 38912
hey there this is message 38913
hey there this is message 38914
hey there this is message 38915
hey there this is message 38916
hey there this is message 38917
hey there this is message 38918
hey there this is message 38919
hey there this is message 38920
hey there this is message 38921
hey there this is message 38922
hey there this is message 38923
hey there this is message 38924
hey there this is message 38925
hey there this is message 38926
hey there this is message 38927
hey there this is message 38928
hey there this is message 38929
hey there this is message 38930
hey there this is message 38931
hey there this is message 38932
hey there this is message 38933
hey there this is message 38934
hey there this is message 38935
hey there this is message 38936
hey there this is message 38937
hey there this is message 38938
hey there this is message 38939
hey there this is message 38940
hey there this is message 38941
hey there this is message 38942
hey there this is message 38943
hey there this is message 38944
hey there this is message 38945
hey there this is message 38946
hey there this is message 38947
hey there this is message 38948
hey there this is message 38949
hey there this is message 38950
hey there this is message 38951
hey there this is message 38952
hey there this is message 38953
hey there this is message 38954
hey there this is message 38955
hey there this is message 38956
hey there this is message 38957
hey there this is message 38958
hey there this is message 38959
hey there this is message 38960
hey there this is message 38961
hey there this is message 38962
hey there this is message 38963
hey there this is message 38964
hey there this is message 38965
hey there this is message 38966
hey there this is message 38967
hey there this is message 38968
hey there this is message 38969
hey there this is message 38970
hey there this is message 38971
hey there this is message 38972
hey there this is message 38973
hey there this is message 38974
hey there this is message 38975
hey there this is message 38976
hey there this is message 38977
hey there this is message 38978
hey there this is message 38979
hey there this is message 38980
hey there this is message 38981
hey there this is message 38982
hey there this is message 38983
hey there this is message 38984
hey there this is message 38985
hey there this is message 38986
hey there this is message 38987
hey there this is message 38988
hey there this is message 38989
hey there this is message 38990
hey there this is message 38991
hey there this is message 38992
hey there this is message 38993
hey there this is message 38994
hey there this is message 38995
hey there this is message 38996
hey there this is message 38997
hey there this is message 38998
hey there this is message 38999
hey there this is message 39000
hey there this is message 39001
hey there this is message 39002
hey there this is message 39003
hey there this is message 39004
hey there this is message 39005
hey there this is message 39006
hey there this is message 39007
hey there this is message 39008
hey there this is message 39009
hey there this is message 39010
hey there this is message 39011
hey there this is message 39012
hey there this is message 39013
hey there this is message 39014
hey there this is message 39015
hey there this is message 39016
hey there this is message 39017
hey there this is message 39018
hey there this is message 39019
hey there this is message 39020
hey there this is message 39021
hey there this is message 39022
hey there this is message 39023
hey there this is message 39024
hey there this is message 39025
hey there this is message 39026
hey there this is message 39027
hey there this is message 39028
hey there this is message 39029
hey there this is message 39030
hey there this is message 39031
hey there this is message 39032
hey there this is message 39033
hey there this is message 39034
hey there this is message 39035
hey there this is message 39036
hey there this is message 39037
hey there this is message 39038
hey there this is message 39039
hey there this is message 39040
hey there this is message 39041
hey there this is message 39042
hey there this is message 39043
hey there this is message 39044
hey there this is message 39045
hey there this is message 39046
hey there this is message 39047
hey there this is message 39048
hey there this is message 39049
hey there this is message 39050
hey there this is message 39051
hey there this is message 39052
hey there this is message 39053
hey there this is message 39054
hey there this is message 39055
hey there this is message 39056
hey there this is message 39057
hey there this is message 39058
hey there this is message 39059
hey there this is message 39060
hey there this is message 39061
hey there this is message 39062
hey there this is message 39063
hey there this is message 39064
hey there this is message 39065
hey there this is message 39066
hey there this is message 39067
hey there this is message 39068
hey there this is message 39069
hey there this is message 39070
hey there this is message 39071
hey there this is message 39072
hey there this is message 39073
hey there this is message 39074
hey there this is message 39075
hey there this is message 39076
hey there this is message 39077
hey there this is message 39078
hey there this is message 39079
hey there this is message 39080
hey there this is message 39081
hey there this is message 39082
hey there this is message 39083
hey there this is message 39084
hey there this is message 39085
hey there this is message 39086
hey there this is message 39087
hey there this is message 39088
hey there this is message 39089
hey there this is message 39090
hey there this is message 39091
hey there this is message 39092
hey there this is message 39093
hey there this is message 39094
hey there this is message 39095
hey there this is message 39096
hey there this is message 39097
hey there this is message 39098
hey there this is message 39099
hey there this is message 39100
hey there this is message 39101
hey there this is message 39102
hey there this is message 39103
hey there this is message 39104
hey there this is message 39105
hey there this is message 39106
hey there this is message 39107
hey there this is message 39108
hey there this is message 39109
hey there this is message 39110
hey there this is message 39111
hey there this is message 39112
hey there this is message 39113
hey there this is message 39114
hey there this is message 39115
hey there this is message 39116
hey there this is message 39117
hey there this is message 39118
hey there this is message 39119
hey there this is message 39120
hey there this is message 39121
hey there this is message 39122
hey there this is message 39123
hey there this is message 39124
hey there this is message 39125
hey there this is message 39126
hey there this is message 39127
hey there this is message 39128
hey there this is message 39129
hey there this is message 39130
hey there this is message 39131
hey there this is message 39132
hey there this is message 39133
hey there this is message 39134
hey there this is message 39135
hey there this is message 39136
hey there this is message 39137
hey there this is message 39138
hey there this is message 39139
hey there this is message 39140
hey there this is message 39141
hey there this is message 39142
hey there this is message 39143
hey there this is message 39144
hey there this is message 39145
hey there this is message 39146
hey there this is message 39147
hey there this is message 39148
hey there this is message 39149
hey there this is message 39150
hey there this is message 39151
hey there this is message 39152
hey there this is message 39153
hey there this is message 39154
hey there this is message 39155
hey there this is message 39156
hey there this is message 39157
hey there this is message 39158
hey there this is message 39159
hey there this is message 39160
hey there this is message 39161
hey there this is message 39162
hey there this is message 39163
hey there this is message 39164
hey there this is message 39165
hey there this is message 39166
hey there this is message 39167
hey there this is message 39168
hey there this is message 39169
hey there this is message 39170
hey there this is message 39171
hey there this is message 39172
hey there this is message 39173
hey there this is message 39174
hey there this is message 39175
hey there this is message 39176
hey there this is message 39177
hey there this is message 39178
hey there this is message 39179
hey there this is message 39180
hey there this is message 39181
hey there this is message 39182
hey there this is message 39183
hey there this is message 39184
hey there this is message 39185
hey there this is message 39186
hey there this is message 39187
hey there this is message 39188
hey there this is message 39189
hey there this is message 39190
hey there this is message 39191
hey there this is message 39192
hey there this is message 39193
hey there this is message 39194
hey there this is message 39195
hey there this is message 39196
hey there this is message 39197
hey there this is message 39198
hey there this is message 39199
hey there this is message 39200
hey there this is message 39201
hey there this is message 39202
hey there this is message 39203
hey there this is message 39204
hey there this is message 39205
hey there this is message 39206
hey there this is message 39207
hey there this is message 39208
hey there this is message 39209
hey there this is message 39210
hey there this is message 39211
hey there this is message 39212
hey there this is message 39213
hey there this is message 39214
hey there this is message 39215
hey there this is message 39216
hey there this is message 39217
hey there this is message 39218
hey there this is message 39219
hey there this is message 39220
hey there this is message 39221
hey there this is message 39222
hey there this is message 39223
hey there this is message 39224
hey there this is message 39225
hey there this is message 39226
hey there this is message 39227
hey there this is message 39228
hey there this is message 39229
hey there this is message 39230
hey there this is message 39231
hey there this is message 39232
hey there this is message 39233
hey there this is message 39234
hey there this is message 39235
hey there this is message 39236
hey there this is message 39237
hey there this is message 39238
hey there this is message 39239
hey there this is message 39240
hey there this is message 39241
hey there this is message 39242
hey there this is message 39243
hey there this is message 39244
hey there this is message 39245
hey there this is message 39246
hey there this is message 39247
hey there this is message 39248
hey there this is message 39249
hey there this is message 39250
hey there this is message 39251
hey there this is message 39252
hey there this is message 39253
hey there this is message 39254
hey there this is message 39255
hey there this is message 39256
hey there this is message 39257
hey there this is message 39258
hey there this is message 39259
hey there this is message 39260
hey there this is message 39261
hey there this is message 39262
hey there this is message 39263
hey there this is message 39264
hey there this is message 39265
hey there this is message 39266
hey there this is message 39267
hey there this is message 39268
hey there this is message 39269
hey there this is message 39270
hey there this is message 39271
hey there this is message 39272
hey there this is message 39273
hey there this is message 39274
hey there this is message 39275
hey there this is message 39276
hey there this is message 39277
hey there this is message 39278
hey there this is message 39279
hey there this is message 39280
hey there this is message 39281
hey there this is message 39282
hey there this is message 39283
hey there this is message 39284
hey there this is message 39285
hey there this is message 39286
hey there this is message 39287
hey there this is message 39288
hey there this is message 39289
hey there this is message 39290
hey there this is message 39291
hey there this is message 39292
hey there this is message 39293
hey there this is message 39294
hey there this is message 39295
hey there this is message 39296
hey there this is message 39297
hey there this is message 39298
hey there this is message 39299
hey there this is message 39300
hey there this is message 39301
hey there this is message 39302
hey there this is message 39303
hey there this is message 39304
hey there this is message 39305
hey there this is message 39306
hey there this is message 39307
hey there this is message 39308
hey there this is message 39309
hey there this is message 39310
hey there this is message 39311
hey there this is message 39312
hey there this is message 39313
hey there this is message 39314
hey there this is message 39315
hey there this is message 39316
hey there this is message 39317
hey there this is message 39318
hey there this is message 39319
hey there this is message 39320
hey there this is message 39321
hey there this is message 39322
hey there this is message 39323
hey there this is message 39324
hey there this is message 39325
hey there this is message 39326
hey there this is message 39327
hey there this is message 39328
hey there this is message 39329
hey there this is message 39330
hey there this is message 39331
hey there this is message 39332
hey there this is message 39333
hey there this is message 39334
hey there this is message 39335
hey there this is message 39336
hey there this is message 39337
hey there this is message 39338
hey there this is message 39339
hey there this is message 39340
hey there this is message 39341
hey there this is message 39342
hey there this is message 39343
hey there this is message 39344
hey there this is message 39345
hey there this is message 39346
hey there this is message 39347
hey there this is message 39348
hey there this is message 39349
hey there this is message 39350
hey there this is message 39351
hey there this is message 39352
hey there this is message 39353
hey there this is message 39354
hey there this is message 39355
hey there this is message 39356
hey there this is message 39357
hey there this is message 39358
hey there this is message 39359
hey there this is message 39360
hey there this is message 39361
hey there this is message 39362
hey there this is message 39363
hey there this is message 39364
hey there this is message 39365
hey there this is message 39366
hey there this is message 39367
hey there this is message 39368
hey there this is message 39369
hey there this is message 39370
hey there this is message 39371
hey there this is message 39372
hey there this is message 39373
hey there this is message 39374
hey there this is message 39375
hey there this is message 39376
hey there this is message 39377
hey there this is message 39378
hey there this is message 39379
hey there this is message 39380
hey there this is message 39381
hey there this is message 39382
hey there this is message 39383
hey there this is message 39384
hey there this is message 39385
hey there this is message 39386
hey there this is message 39387
hey there this is message 39388
hey there this is message 39389
hey there this is message 39390
hey there this is message 39391
hey there this is message 39392
hey there this is message 39393
hey there this is message 39394
hey there this is message 39395
hey there this is message 39396
hey there this is message 39397
hey there this is message 39398
hey there this is message 39399
hey there this is message 39400
hey there this is message 39401
hey there this is message 39402
hey there this is message 39403
hey there this is message 39404
hey there this is message 39405
hey there this is message 39406
hey there this is message 39407
hey there this is message 39408
hey there this is message 39409
hey there this is message 39410
hey there this is message 39411
hey there this is message 39412
hey there this is message 39413
hey there this is message 39414
hey there this is message 39415
hey there this is message 39416
hey there this is message 39417
hey there this is message 39418
hey there this is message 39419
hey there this is message 39420
hey there this is message 39421
hey there this is message 39422
hey there this is message 39423
hey there this is message 39424
hey there this is message 39425
hey there this is message 39426
hey there this is message 39427
hey there this is message 39428
hey there this is message 39429
hey there this is message 39430
hey there this is message 39431
hey there this is message 39432
hey there this is message 39433
hey there this is message 39434
hey there this is message 39435
hey there this is message 39436
hey there this is message 39437
hey there this is message 39438
hey there this is message 39439
hey there this is message 39440
hey there this is message 39441
hey there this is message 39442
hey there this is message 39443
hey there this is message 39444
hey there this is message 39445
hey there this is message 39446
hey there this is message 39447
hey there this is message 39448
hey there this is message 39449
hey there this is message 39450
hey there this is message 39451
hey there this is message 39452
hey there this is message 39453
hey there this is message 39454
hey there this is message 39455
hey there this is message 39456
hey there this is message 39457
hey there this is message 39458
hey there this is message 39459
hey there this is message 39460
hey there this is message 39461
hey there this is message 39462
hey there this is message 39463
hey there this is message 39464
hey there this is message 39465
hey there this is message 39466
hey there this is message 39467
hey there this is message 39468
hey there this is message 39469
hey there this is message 39470
hey there this is message 39471
hey there this is message 39472
hey there this is message 39473
hey there this is message 39474
hey there this is message 39475
hey there this is message 39476
hey there this is message 39477
hey there this is message 39478
hey there this is message 39479
hey there this is message 39480
hey there this is message 39481
hey there this is message 39482
hey there this is message 39483
hey there this is message 39484
hey there this is message 39485
hey there this is message 39486
hey there this is message 39487
hey there this is message 39488
hey there this is message 39489
hey there this is message 39490
hey there this is message 39491
hey there this is message 39492
hey there this is message 39493
hey there this is message 39494
hey there this is message 39495
hey there this is message 39496
hey there this is message 39497
hey there this is message 39498
hey there this is message 39499
hey there this is message 39500
hey there this is message 39501
hey there this is message 39502
hey there this is message 39503
hey there this is message 39504
hey there this is message 39505
hey there this is message 39506
hey there this is message 39507
hey there this is message 39508
hey there this is message 39509
hey there this is message 39510
hey there this is message 39511
hey there this is message 39512
hey there this is message 39513
hey there this is message 39514
hey there this is message 39515
hey there this is message 39516
hey there this is message 39517
hey there this is message 39518
hey there this is message 39519
hey there this is message 39520
hey there this is message 39521
hey there this is message 39522
hey there this is message 39523
hey there this is message 39524
hey there this is message 39525
hey there this is message 39526
hey there this is message 39527
hey there this is message 39528
hey there this is message 39529
hey there this is message 39530
hey there this is message 39531
hey there this is message 39532
hey there this is message 39533
hey there this is message 39534
hey there this is message 39535
hey there this is message 39536
hey there this is message 39537
hey there this is message 39538
hey there this is message 39539
hey there this is message 39540
hey there this is message 39541
hey there this is message 39542
hey there this is message 39543
hey there this is message 39544
hey there this is message 39545
hey there this is message 39546
hey there this is message 39547
hey there this is message 39548
hey there this is message 39549
hey there this is message 39550
hey there this is message 39551
hey there this is message 39552
hey there this is message 39553
hey there this is message 39554
hey there this is message 39555
hey there this is message 39556
hey there this is message 39557
hey there this is message 39558
hey there this is message 39559
hey there this is message 39560
hey there this is message 39561
hey there this is message 39562
hey there this is message 39563
hey there this is message 39564
hey there this is message 39565
hey there this is message 39566
hey there this is message 39567
hey there this is message 39568
hey there this is message 39569
hey there this is message 39570
hey there this is message 39571
hey there this is message 39572
hey there this is message 39573
hey there this is message 39574
hey there this is message 39575
hey there this is message 39576
hey there this is message 39577
hey there this is message 39578
hey there this is message 39579
hey there this is message 39580
hey there this is message 39581
hey there this is message 39582
hey there this is message 39583
hey there this is message 39584
hey there this is message 39585
hey there this is message 39586
hey there this is message 39587
hey there this is message 39588
hey there this is message 39589
hey there this is message 39590
hey there this is message 39591
hey there this is message 39592
hey there this is message 39593
hey there this is message 39594
hey there this is message 39595
hey there this is message 39596
hey there this is message 39597
hey there this is message 39598
hey there this is message 39599
hey there this is message 39600
hey there this is message 39601
hey there this is message 39602
hey there this is message 39603
hey there this is message 39604
hey there this is message 39605
hey there this is message 39606
hey there this is message 39607
hey there this is message 39608
hey there this is message 39609
hey there this is message 39610
hey there this is message 39611
hey there this is message 39612
hey there this is message 39613
hey there this is message 39614
hey there this is message 39615
hey there this is message 39616
hey there this is message 39617
hey there this is message 39618
hey there this is message 39619
hey there this is message 39620
hey there this is message 39621
hey there this is message 39622
hey there this is message 39623
hey there this is message 39624
hey there this is message 39625
hey there this is message 39626
hey there this is message 39627
hey there this is message 39628
hey there this is message 39629
hey there this is message 39630
hey there this is message 39631
hey there this is message 39632
hey there this is message 39633
hey there this is message 39634
hey there this is message 39635
hey there this is message 39636
hey there this is message 39637
hey there this is message 39638
hey there this is message 39639
hey there this is message 39640
hey there this is message 39641
hey there this is message 39642
hey there this is message 39643
hey there this is message 39644
hey there this is message 39645
hey there this is message 39646
hey there this is message 39647
hey there this is message 39648
hey there this is message 39649
hey there this is message 39650
hey there this is message 39651
hey there this is message 39652
hey there this is message 39653
hey there this is message 39654
hey there this is message 39655
hey there this is message 39656
hey there this is message 39657
hey there this is message 39658
hey there this is message 39659
hey there this is message 39660
hey there this is message 39661
hey there this is message 39662
hey there this is message 39663
hey there this is message 39664
hey there this is message 39665
hey there this is message 39666
hey there this is message 39667
hey there this is message 39668
hey there this is message 39669
hey there this is message 39670
hey there this is message 39671
hey there this is message 39672
hey there this is message 39673
hey there this is message 39674
hey there this is message 39675
hey there this is message 39676
hey there this is message 39677
hey there this is message 39678
hey there this is message 39679
hey there this is message 39680
hey there this is message 39681
hey there this is message 39682
hey there this is message 39683
hey there this is message 39684
hey there this is message 39685
hey there this is message 39686
hey there this is message 39687
hey there this is message 39688
hey there this is message 39689
hey there this is message 39690
hey there this is message 39691
hey there this is message 39692
hey there this is message 39693
hey there this is message 39694
hey there this is message 39695
hey there this is message 39696
hey there this is message 39697
hey there this is message 39698
hey there this is message 39699
hey there this is message 39700
hey there this is message 39701
hey there this is message 39702
hey there this is message 39703
hey there this is message 39704
hey there this is message 39705
hey there this is message 39706
hey there this is message 39707
hey there this is message 39708
hey there this is message 39709
hey there this is message 39710
hey there this is message 39711
hey there this is message 39712
hey there this is message 39713
hey there this is message 39714
hey there this is message 39715
hey there this is message 39716
hey there this is message 39717
hey there this is message 39718
hey there this is message 39719
hey there this is message 39720
hey there this is message 39721
hey there this is message 39722
hey there this is message 39723
hey there this is message 39724
hey there this is message 39725
hey there this is message 39726
hey there this is message 39727
hey there this is message 39728
hey there this is message 39729
hey there this is message 39730
hey there this is message 39731
hey there this is message 39732
hey there this is message 39733
hey there this is message 39734
hey there this is message 39735
hey there this is message 39736
hey there this is message 39737
hey there this is message 39738
hey there this is message 39739
hey there this is message 39740
hey there this is message 39741
hey there this is message 39742
hey there this is message 39743
hey there this is message 39744
hey there this is message 39745
hey there this is message 39746
hey there this is message 39747
hey there this is message 39748
hey there this is message 39749
hey there this is message 39750
hey there this is message 39751
hey there this is message 39752
hey there this is message 39753
hey there this is message 39754
hey there this is message 39755
hey there this is message 39756
hey there this is message 39757
hey there this is message 39758
hey there this is message 39759
hey there this is message 39760
hey there this is message 39761
hey there this is message 39762
hey there this is message 39763
hey there this is message 39764
hey there this is message 39765
hey there this is message 39766
hey there this is message 39767
hey there this is message 39768
hey there this is message 39769
hey there this is message 39770
hey there this is message 39771
hey there this is message 39772
hey there this is message 39773
hey there this is message 39774
hey there this is message 39775
hey there this is message 39776
hey there this is message 39777
hey there this is message 39778
hey there this is message 39779
hey there this is message 39780
hey there this is message 39781
hey there this is message 39782
hey there this is message 39783
hey there this is message 39784
hey there this is message 39785
hey there this is message 39786
hey there this is message 39787
hey there this is message 39788
hey there this is message 39789
hey there this is message 39790
hey there this is message 39791
hey there this is message 39792
hey there this is message 39793
hey there this is message 39794
hey there this is message 39795
hey there this is message 39796
hey there this is message 39797
hey there this is message 39798
hey there this is message 39799
hey there this is message 39800
hey there this is message 39801
hey there this is message 39802
hey there this is message 39803
hey there this is message 39804
hey there this is message 39805
hey there this is message 39806
hey there this is message 39807
hey there this is message 39808
hey there this is message 39809
hey there this is message 39810
hey there this is message 39811
hey there this is message 39812
hey there this is message 39813
hey there this is message 39814
hey there this is message 39815
hey there this is message 39816
hey there this is message 39817
hey there this is message 39818
hey there this is message 39819
hey there this is message 39820
hey there this is message 39821
hey there this is message 39822
hey there this is message 39823
hey there this is message 39824
hey there this is message 39825
hey there this is message 39826
hey there this is message 39827
hey there this is message 39828
hey there this is message 39829
hey there this is message 39830
hey there this is message 39831
hey there this is message 39832
hey there this is message 39833
hey there this is message 39834
hey there this is message 39835
hey there this is message 39836
hey there this is message 39837
hey there this is message 39838
hey there this is message 39839
hey there this is message 39840
hey there this is message 39841
hey there this is message 39842
hey there this is message 39843
hey there this is message 39844
hey there this is message 39845
hey there this is message 39846
hey there this is message 39847
hey there this is message 39848
hey there this is message 39849
hey there this is message 39850
hey there this is message 39851
hey there this is message 39852
hey there this is message 39853
hey there this is message 39854
hey there this is message 39855
hey there this is message 39856
hey there this is message 39857
hey there this is message 39858
hey there this is message 39859
hey there this is message 39860
hey there this is message 39861
hey there this is message 39862
hey there this is message 39863
hey there this is message 39864
hey there this is message 39865
hey there this is message 39866
hey there this is message 39867
hey there this is message 39868
hey there this is message 39869
hey there this is message 39870
hey there this is message 39871
hey there this is message 39872
hey there this is message 39873
hey there this is message 39874
hey there this is message 39875
hey there this is message 39876
hey there this is message 39877
hey there this is message 39878
hey there this is message 39879
hey there this is message 39880
hey there this is message 39881
hey there this is message 39882
hey there this is message 39883
hey there this is message 39884
hey there this is message 39885
hey there this is message 39886
hey there this is message 39887
hey there this is message 39888
hey there this is message 39889
hey there this is message 39890
hey there this is message 39891
hey there this is message 39892
hey there this is message 39893
hey there this is message 39894
hey there this is message 39895
hey there this is message 39896
hey there this is message 39897
hey there this is message 39898
hey there this is message 39899
hey there this is message 39900
hey there this is message 39901
hey there this is message 39902
hey there this is message 39903
hey there this is message 39904
hey there this is message 39905
hey there this is message 39906
hey there this is message 39907
hey there this is message 39908
hey there this is message 39909
hey there this is message 39910
hey there this is message 39911
hey there this is message 39912
hey there this is message 39913
hey there this is message 39914
hey there this is message 39915
hey there this is message 39916
hey there this is message 39917
hey there this is message 39918
hey there this is message 39919
hey there this is message 39920
hey there this is message 39921
hey there this is message 39922
hey there this is message 39923
hey there this is message 39924
hey there this is message 39925
hey there this is message 39926
hey there this is message 39927
hey there this is message 39928
hey there this is message 39929
hey there this is message 39930
hey there this is message 39931
hey there this is message 39932
hey there this is message 39933
hey there this is message 39934
hey there this is message 39935
hey there this is message 39936
hey there this is message 39937
hey there this is message 39938
hey there this is message 39939
hey there this is message 39940
hey there this is message 39941
hey there this is message 39942
hey there this is message 39943
hey there this is message 39944
hey there this is message 39945
hey there this is message 39946
hey there this is message 39947
hey there this is message 39948
hey there this is message 39949
hey there this is message 39950
hey there this is message 39951
hey there this is message 39952
hey there this is message 39953
hey there this is message 39954
hey there this is message 39955
hey there this is message 39956
hey there this is message 39957
hey there this is message 39958
hey there this is message 39959
hey there this is message 39960
hey there this is message 39961
hey there this is message 39962
hey there this is message 39963
hey there this is message 39964
hey there this is message 39965
hey there this is message 39966
hey there this is message 39967
hey there this is message 39968
hey there this is message 39969
hey there this is message 39970
hey there this is message 39971
hey there this is message 39972
hey there this is message 39973
hey there this is message 39974
hey there this is message 39975
hey there this is message 39976
hey there this is message 39977
hey there this is message 39978
hey there this is message 39979
hey there this is message 39980
hey there this is message 39981
hey there this is message 39982
hey there this is message 39983
hey there this is message 39984
hey there this is message 39985
hey there this is message 39986
hey there this is message 39987
hey there this is message 39988
hey there this is message 39989
hey there this is message 39990
hey there this is message 39991
hey there this is message 39992
hey there this is message 39993
hey there this is message 39994
hey there this is message 39995
hey there this is message 39996
hey there this is message 39997
hey there this is message 39998
hey there this is message 39999
hey there this is message 40000
hey there this is message 40001
hey there this is message 40002
hey there this is message 40003
hey there this is message 40004
hey there this is message 40005
hey there this is message 40006
hey there this is message 40007
hey there this is message 40008
hey there this is message 40009
hey there this is message 40010
hey there this is message 40011
hey there this is message 40012
hey there this is message 40013
hey there this is message 40014
hey there this is message 40015
hey there this is message 40016
hey there this is message 40017
hey there this is message 40018
hey there this is message 40019
hey there this is message 40020
hey there this is message 40021
hey there this is message 40022
hey there this is message 40023
hey there this is message 40024
hey there this is message 40025
hey there this is message 40026
hey there this is message 40027
hey there this is message 40028
hey there this is message 40029
hey there this is message 40030
hey there this is message 40031
hey there this is message 40032
hey there this is message 40033
hey there this is message 40034
hey there this is message 40035
hey there this is message 40036
hey there this is message 40037
hey there this is message 40038
hey there this is message 40039
hey there this is message 40040
hey there this is message 40041
hey there this is message 40042
hey there this is message 40043
hey there this is message 40044
hey there this is message 40045
hey there this is message 40046
hey there this is message 40047
hey there this is message 40048
hey there this is message 40049
hey there this is message 40050
hey there this is message 40051
hey there this is message 40052
hey there this is message 40053
hey there this is message 40054
hey there this is message 40055
hey there this is message 40056
hey there this is message 40057
hey there this is message 40058
hey there this is message 40059
hey there this is message 40060
hey there this is message 40061
hey there this is message 40062
hey there this is message 40063
hey there this is message 40064
hey there this is message 40065
hey there this is message 40066
hey there this is message 40067
hey there this is message 40068
hey there this is message 40069
hey there this is message 40070
hey there this is message 40071
hey there this is message 40072
hey there this is message 40073
hey there this is message 40074
hey there this is message 40075
hey there this is message 40076
hey there this is message 40077
hey there this is message 40078
hey there this is message 40079
hey there this is message 40080
hey there this is message 40081
hey there this is message 40082
hey there this is message 40083
hey there this is message 40084
hey there this is message 40085
hey there this is message 40086
hey there this is message 40087
hey there this is message 40088
hey there this is message 40089
hey there this is message 40090
hey there this is message 40091
hey there this is message 40092
hey there this is message 40093
hey there this is message 40094
hey there this is message 40095
hey there this is message 40096
hey there this is message 40097
hey there this is message 40098
hey there this is message 40099
hey there this is message 40100
hey there this is message 40101
hey there this is message 40102
hey there this is message 40103
hey there this is message 40104
hey there this is message 40105
hey there this is message 40106
hey there this is message 40107
hey there this is message 40108
hey there this is message 40109
hey there this is message 40110
hey there this is message 40111
hey there this is message 40112
hey there this is message 40113
hey there this is message 40114
hey there this is message 40115
hey there this is message 40116
hey there this is message 40117
hey there this is message 40118
hey there this is message 40119
hey there this is message 40120
hey there this is message 40121
hey there this is message 40122
hey there this is message 40123
hey there this is message 40124
hey there this is message 40125
hey there this is message 40126
hey there this is message 40127
hey there this is message 40128
hey there this is message 40129
hey there this is message 40130
hey there this is message 40131
hey there this is message 40132
hey there this is message 40133
hey there this is message 40134
hey there this is message 40135
hey there this is message 40136
hey there this is message 40137
hey there this is message 40138
hey there this is message 40139
hey there this is message 40140
hey there this is message 40141
hey there this is message 40142
hey there this is message 40143
hey there this is message 40144
hey there this is message 40145
hey there this is message 40146
hey there this is message 40147
hey there this is message 40148
hey there this is message 40149
hey there this is message 40150
hey there this is message 40151
hey there this is message 40152
hey there this is message 40153
hey there this is message 40154
hey there this is message 40155
hey there this is message 40156
hey there this is message 40157
hey there this is message 40158
hey there this is message 40159
hey there this is message 40160
hey there this is message 40161
hey there this is message 40162
hey there this is message 40163
hey there this is message 40164
hey there this is message 40165
hey there this is message 40166
hey there this is message 40167
hey there this is message 40168
hey there this is message 40169
hey there this is message 40170
hey there this is message 40171
hey there this is message 40172
hey there this is message 40173
hey there this is message 40174
hey there this is message 40175
hey there this is message 40176
hey there this is message 40177
hey there this is message 40178
hey there this is message 40179
hey there this is message 40180
hey there this is message 40181
hey there this is message 40182
hey there this is message 40183
hey there this is message 40184
hey there this is message 40185
hey there this is message 40186
hey there this is message 40187
hey there this is message 40188
hey there this is message 40189
hey there this is message 40190
hey there this is message 40191
hey there this is message 40192
hey there this is message 40193
hey there this is message 40194
hey there this is message 40195
hey there this is message 40196
hey there this is message 40197
hey there this is message 40198
hey there this is message 40199
hey there this is message 40200
hey there this is message 40201
hey there this is message 40202
hey there this is message 40203
hey there this is message 40204
hey there this is message 40205
hey there this is message 40206
hey there this is message 40207
hey there this is message 40208
hey there this is message 40209
hey there this is message 40210
hey there this is message 40211
hey there this is message 40212
hey there this is message 40213
hey there this is message 40214
hey there this is message 40215
hey there this is message 40216
hey there this is message 40217
hey there this is message 40218
hey there this is message 40219
hey there this is message 40220
hey there this is message 40221
hey there this is message 40222
hey there this is message 40223
hey there this is message 40224
hey there this is message 40225
hey there this is message 40226
hey there this is message 40227
hey there this is message 40228
hey there this is message 40229
hey there this is message 40230
hey there this is message 40231
hey there this is message 40232
hey there this is message 40233
hey there this is message 40234
hey there this is message 40235
hey there this is message 40236
hey there this is message 40237
hey there this is message 40238
hey there this is message 40239
hey there this is message 40240
hey there this is message 40241
hey there this is message 40242
hey there this is message 40243
hey there this is message 40244
hey there this is message 40245
hey there this is message 40246
hey there this is message 40247
hey there this is message 40248
hey there this is message 40249
hey there this is message 40250
hey there this is message 40251
hey there this is message 40252
hey there this is message 40253
hey there this is message 40254
hey there this is message 40255
hey there this is message 40256
hey there this is message 40257
hey there this is message 40258
hey there this is message 40259
hey there this is message 40260
hey there this is message 40261
hey there this is message 40262
hey there this is message 40263
hey there this is message 40264
hey there this is message 40265
hey there this is message 40266
hey there this is message 40267
hey there this is message 40268
hey there this is message 40269
hey there this is message 40270
hey there this is message 40271
hey there this is message 40272
hey there this is message 40273
hey there this is message 40274
hey there this is message 40275
hey there this is message 40276
hey there this is message 40277
hey there this is message 40278
hey there this is message 40279
hey there this is message 40280
hey there this is message 40281
hey there this is message 40282
hey there this is message 40283
hey there this is message 40284
hey there this is message 40285
hey there this is message 40286
hey there this is message 40287
hey there this is message 40288
hey there this is message 40289
hey there this is message 40290
hey there this is message 40291
hey there this is message 40292
hey there this is message 40293
hey there this is message 40294
hey there this is message 40295
hey there this is message 40296
hey there this is message 40297
hey there this is message 40298
hey there this is message 40299
hey there this is message 40300
hey there this is message 40301
hey there this is message 40302
hey there this is message 40303
hey there this is message 40304
hey there this is message 40305
hey there this is message 40306
hey there this is message 40307
hey there this is message 40308
hey there this is message 40309
hey there this is message 40310
hey there this is message 40311
hey there this is message 40312
hey there this is message 40313
hey there this is message 40314
hey there this is message 40315
hey there this is message 40316
hey there this is message 40317
hey there this is message 40318
hey there this is message 40319
hey there this is message 40320
hey there this is message 40321
hey there this is message 40322
hey there this is message 40323
hey there this is message 40324
hey there this is message 40325
hey there this is message 40326
hey there this is message 40327
hey there this is message 40328
hey there this is message 40329
hey there this is message 40330
hey there this is message 40331
hey there this is message 40332
hey there this is message 40333
hey there this is message 40334
hey there this is message 40335
hey there this is message 40336
hey there this is message 40337
hey there this is message 40338
hey there this is message 40339
hey there this is message 40340
hey there this is message 40341
hey there this is message 40342
hey there this is message 40343
hey there this is message 40344
hey there this is message 40345
hey there this is message 40346
hey there this is message 40347
hey there this is message 40348
hey there this is message 40349
hey there this is message 40350
hey there this is message 40351
hey there this is message 40352
hey there this is message 40353
hey there this is message 40354
hey there this is message 40355
hey there this is message 40356
hey there this is message 40357
hey there this is message 40358
hey there this is message 40359
hey there this is message 40360
hey there this is message 40361
hey there this is message 40362
hey there this is message 40363
hey there this is message 40364
hey there this is message 40365
hey there this is message 40366
hey there this is message 40367
hey there this is message 40368
hey there this is message 40369
hey there this is message 40370
hey there this is message 40371
hey there this is message 40372
hey there this is message 40373
hey there this is message 40374
hey there this is message 40375
hey there this is message 40376
hey there this is message 40377
hey there this is message 40378
hey there this is message 40379
hey there this is message 40380
hey there this is message 40381
hey there this is message 40382
hey there this is message 40383
hey there this is message 40384
hey there this is message 40385
hey there this is message 40386
hey there this is message 40387
hey there this is message 40388
hey there this is message 40389
hey there this is message 40390
hey there this is message 40391
hey there this is message 40392
hey there this is message 40393
hey there this is message 40394
hey there this is message 40395
hey there this is message 40396
hey there this is message 40397
hey there this is message 40398
hey there this is message 40399
hey there this is message 40400
hey there this is message 40401
hey there this is message 40402
hey there this is message 40403
hey there this is message 40404
hey there this is message 40405
hey there this is message 40406
hey there this is message 40407
hey there this is message 40408
hey there this is message 40409
hey there this is message 40410
hey there this is message 40411
hey there this is message 40412
hey there this is message 40413
hey there this is message 40414
hey there this is message 40415
hey there this is message 40416
hey there this is message 40417
hey there this is message 40418
hey there this is message 40419
hey there this is message 40420
hey there this is message 40421
hey there this is message 40422
hey there this is message 40423
hey there this is message 40424
hey there this is message 40425
hey there this is message 40426
hey there this is message 40427
hey there this is message 40428
hey there this is message 40429
hey there this is message 40430
hey there this is message 40431
hey there this is message 40432
hey there this is message 40433
hey there this is message 40434
hey there this is message 40435
hey there this is message 40436
hey there this is message 40437
hey there this is message 40438
hey there this is message 40439
hey there this is message 40440
hey there this is message 40441
hey there this is message 40442
hey there this is message 40443
hey there this is message 40444
hey there this is message 40445
hey there this is message 40446
hey there this is message 40447
hey there this is message 40448
hey there this is message 40449
hey there this is message 40450
hey there this is message 40451
hey there this is message 40452
hey there this is message 40453
hey there this is message 40454
hey there this is message 40455
hey there this is message 40456
hey there this is message 40457
hey there this is message 40458
hey there this is message 40459
hey there this is message 40460
hey there this is message 40461
hey there this is message 40462
hey there this is message 40463
hey there this is message 40464
hey there this is message 40465
hey there this is message 40466
hey there this is message 40467
hey there this is message 40468
hey there this is message 40469
hey there this is message 40470
hey there this is message 40471
hey there this is message 40472
hey there this is message 40473
hey there this is message 40474
hey there this is message 40475
hey there this is message 40476
hey there this is message 40477
hey there this is message 40478
hey there this is message 40479
hey there this is message 40480
hey there this is message 40481
hey there this is message 40482
hey there this is message 40483
hey there this is message 40484
hey there this is message 40485
hey there this is message 40486
hey there this is message 40487
hey there this is message 40488
hey there this is message 40489
hey there this is message 40490
hey there this is message 40491
hey there this is message 40492
hey there this is message 40493
hey there this is message 40494
hey there this is message 40495
hey there this is message 40496
hey there this is message 40497
hey there this is message 40498
hey there this is message 40499
hey there this is message 40500
hey there this is message 40501
hey there this is message 40502
hey there this is message 40503
hey there this is message 40504
hey there this is message 40505
hey there this is message 40506
hey there this is message 40507
hey there this is message 40508
hey there this is message 40509
hey there this is message 40510
hey there this is message 40511
hey there this is message 40512
hey there this is message 40513
hey there this is message 40514
hey there this is message 40515
hey there this is message 40516
hey there this is message 40517
hey there this is message 40518
hey there this is message 40519
hey there this is message 40520
hey there this is message 40521
hey there this is message 40522
hey there this is message 40523
hey there this is message 40524
hey there this is message 40525
hey there this is message 40526
hey there this is message 40527
hey there this is message 40528
hey there this is message 40529
hey there this is message 40530
hey there this is message 40531
hey there this is message 40532
hey there this is message 40533
hey there this is message 40534
hey there this is message 40535
hey there this is message 40536
hey there this is message 40537
hey there this is message 40538
hey there this is message 40539
hey there this is message 40540
hey there this is message 40541
hey there this is message 40542
hey there this is message 40543
hey there this is message 40544
hey there this is message 40545
hey there this is message 40546
hey there this is message 40547
hey there this is message 40548
hey there this is message 40549
hey there this is message 40550
hey there this is message 40551
hey there this is message 40552
hey there this is message 40553
hey there this is message 40554
hey there this is message 40555
hey there this is message 40556
hey there this is message 40557
hey there this is message 40558
hey there this is message 40559
hey there this is message 40560
hey there this is message 40561
hey there this is message 40562
hey there this is message 40563
hey there this is message 40564
hey there this is message 40565
hey there this is message 40566
hey there this is message 40567
hey there this is message 40568
hey there this is message 40569
hey there this is message 40570
hey there this is message 40571
hey there this is message 40572
hey there this is message 40573
hey there this is message 40574
hey there this is message 40575
hey there this is message 40576
hey there this is message 40577
hey there this is message 40578
hey there this is message 40579
hey there this is message 40580
hey there this is message 40581
hey there this is message 40582
hey there this is message 40583
hey there this is message 40584
hey there this is message 40585
hey there this is message 40586
hey there this is message 40587
hey there this is message 40588
hey there this is message 40589
hey there this is message 40590
hey there this is message 40591
hey there this is message 40592
hey there this is message 40593
hey there this is message 40594
hey there this is message 40595
hey there this is message 40596
hey there this is message 40597
hey there this is message 40598
hey there this is message 40599
hey there this is message 40600
hey there this is message 40601
hey there this is message 40602
hey there this is message 40603
hey there this is message 40604
hey there this is message 40605
hey there this is message 40606
hey there this is message 40607
hey there this is message 40608
hey there this is message 40609
hey there this is message 40610
hey there this is message 40611
hey there this is message 40612
hey there this is message 40613
hey there this is message 40614
hey there this is message 40615
hey there this is message 40616
hey there this is message 40617
hey there this is message 40618
hey there this is message 40619
hey there this is message 40620
hey there this is message 40621
hey there this is message 40622
hey there this is message 40623
hey there this is message 40624
hey there this is message 40625
hey there this is message 40626
hey there this is message 40627
hey there this is message 40628
hey there this is message 40629
hey there this is message 40630
hey there this is message 40631
hey there this is message 40632
hey there this is message 40633
hey there this is message 40634
hey there this is message 40635
hey there this is message 40636
hey there this is message 40637
hey there this is message 40638
hey there this is message 40639
hey there this is message 40640
hey there this is message 40641
hey there this is message 40642
hey there this is message 40643
hey there this is message 40644
hey there this is message 40645
hey there this is message 40646
hey there this is message 40647
hey there this is message 40648
hey there this is message 40649
hey there this is message 40650
hey there this is message 40651
hey there this is message 40652
hey there this is message 40653
hey there this is message 40654
hey there this is message 40655
hey there this is message 40656
hey there this is message 40657
hey there this is message 40658
hey there this is message 40659
hey there this is message 40660
hey there this is message 40661
hey there this is message 40662
hey there this is message 40663
hey there this is message 40664
hey there this is message 40665
hey there this is message 40666
hey there this is message 40667
hey there this is message 40668
hey there this is message 40669
hey there this is message 40670
hey there this is message 40671
hey there this is message 40672
hey there this is message 40673
hey there this is message 40674
hey there this is message 40675
hey there this is message 40676
hey there this is message 40677
hey there this is message 40678
hey there this is message 40679
hey there this is message 40680
hey there this is message 40681
hey there this is message 40682
hey there this is message 40683
hey there this is message 40684
hey there this is message 40685
hey there this is message 40686
hey there this is message 40687
hey there this is message 40688
hey there this is message 40689
hey there this is message 40690
hey there this is message 40691
hey there this is message 40692
hey there this is message 40693
hey there this is message 40694
hey there this is message 40695
hey there this is message 40696
hey there this is message 40697
hey there this is message 40698
hey there this is message 40699
hey there this is message 40700
hey there this is message 40701
hey there this is message 40702
hey there this is message 40703
hey there this is message 40704
hey there this is message 40705
hey there this is message 40706
hey there this is message 40707
hey there this is message 40708
hey there this is message 40709
hey there this is message 40710
hey there this is message 40711
hey there this is message 40712
hey there this is message 40713
hey there this is message 40714
hey there this is message 40715
hey there this is message 40716
hey there this is message 40717
hey there this is message 40718
hey there this is message 40719
hey there this is message 40720
hey there this is message 40721
hey there this is message 40722
hey there this is message 40723
hey there this is message 40724
hey there this is message 40725
hey there this is message 40726
hey there this is message 40727
hey there this is message 40728
hey there this is message 40729
hey there this is message 40730
hey there this is message 40731
hey there this is message 40732
hey there this is message 40733
hey there this is message 40734
hey there this is message 40735
hey there this is message 40736
hey there this is message 40737
hey there this is message 40738
hey there this is message 40739
hey there this is message 40740
hey there this is message 40741
hey there this is message 40742
hey there this is message 40743
hey there this is message 40744
hey there this is message 40745
hey there this is message 40746
hey there this is message 40747
hey there this is message 40748
hey there this is message 40749
hey there this is message 40750
hey there this is message 40751
hey there this is message 40752
hey there this is message 40753
hey there this is message 40754
hey there this is message 40755
hey there this is message 40756
hey there this is message 40757
hey there this is message 40758
hey there this is message 40759
hey there this is message 40760
hey there this is message 40761
hey there this is message 40762
hey there this is message 40763
hey there this is message 40764
hey there this is message 40765
hey there this is message 40766
hey there this is message 40767
hey there this is message 40768
hey there this is message 40769
hey there this is message 40770
hey there this is message 40771
hey there this is message 40772
hey there this is message 40773
hey there this is message 40774
hey there this is message 40775
hey there this is message 40776
hey there this is message 40777
hey there this is message 40778
hey there this is message 40779
hey there this is message 40780
hey there this is message 40781
hey there this is message 40782
hey there this is message 40783
hey there this is message 40784
hey there this is message 40785
hey there this is message 40786
hey there this is message 40787
hey there this is message 40788
hey there this is message 40789
hey there this is message 40790
hey there this is message 40791
hey there this is message 40792
hey there this is message 40793
hey there this is message 40794
hey there this is message 40795
hey there this is message 40796
hey there this is message 40797
hey there this is message 40798
hey there this is message 40799
hey there this is message 40800
hey there this is message 40801
hey there this is message 40802
hey there this is message 40803
hey there this is message 40804
hey there this is message 40805
hey there this is message 40806
hey there this is message 40807
hey there this is message 40808
hey there this is message 40809
hey there this is message 40810
hey there this is message 40811
hey there this is message 40812
hey there this is message 40813
hey there this is message 40814
hey there this is message 40815
hey there this is message 40816
hey there this is message 40817
hey there this is message 40818
hey there this is message 40819
hey there this is message 40820
hey there this is message 40821
hey there this is message 40822
hey there this is message 40823
hey there this is message 40824
hey there this is message 40825
hey there this is message 40826
hey there this is message 40827
hey there this is message 40828
hey there this is message 40829
hey there this is message 40830
hey there this is message 40831
hey there this is message 40832
hey there this is message 40833
hey there this is message 40834
hey there this is message 40835
hey there this is message 40836
hey there this is message 40837
hey there this is message 40838
hey there this is message 40839
hey there this is message 40840
hey there this is message 40841
hey there this is message 40842
hey there this is message 40843
hey there this is message 40844
hey there this is message 40845
hey there this is message 40846
hey there this is message 40847
hey there this is message 40848
hey there this is message 40849
hey there this is message 40850
hey there this is message 40851
hey there this is message 40852
hey there this is message 40853
hey there this is message 40854
hey there this is message 40855
hey there this is message 40856
hey there this is message 40857
hey there this is message 40858
hey there this is message 40859
hey there this is message 40860
hey there this is message 40861
hey there this is message 40862
hey there this is message 40863
hey there this is message 40864
hey there this is message 40865
hey there this is message 40866
hey there this is message 40867
hey there this is message 40868
hey there this is message 40869
hey there this is message 40870
hey there this is message 40871
hey there this is message 40872
hey there this is message 40873
hey there this is message 40874
hey there this is message 40875
hey there this is message 40876
hey there this is message 40877
hey there this is message 40878
hey there this is message 40879
hey there this is message 40880
hey there this is message 40881
hey there this is message 40882
hey there this is message 40883
hey there this is message 40884
hey there this is message 40885
hey there this is message 40886
hey there this is message 40887
hey there this is message 40888
hey there this is message 40889
hey there this is message 40890
hey there this is message 40891
hey there this is message 40892
hey there this is message 40893
hey there this is message 40894
hey there this is message 40895
hey there this is message 40896
hey there this is message 40897
hey there this is message 40898
hey there this is message 40899
hey there this is message 40900
hey there this is message 40901
hey there this is message 40902
hey there this is message 40903
hey there this is message 40904
hey there this is message 40905
hey there this is message 40906
hey there this is message 40907
hey there this is message 40908
hey there this is message 40909
hey there this is message 40910
hey there this is message 40911
hey there this is message 40912
hey there this is message 40913
hey there this is message 40914
hey there this is message 40915
hey there this is message 40916
hey there this is message 40917
hey there this is message 40918
hey there this is message 40919
hey there this is message 40920
hey there this is message 40921
hey there this is message 40922
hey there this is message 40923
hey there this is message 40924
hey there this is message 40925
hey there this is message 40926
hey there this is message 40927
hey there this is message 40928
hey there this is message 40929
hey there this is message 40930
hey there this is message 40931
hey there this is message 40932
hey there this is message 40933
hey there this is message 40934
hey there this is message 40935
hey there this is message 40936
hey there this is message 40937
hey there this is message 40938
hey there this is message 40939
hey there this is message 40940
hey there this is message 40941
hey there this is message 40942
hey there this is message 40943
hey there this is message 40944
hey there this is message 40945
hey there this is message 40946
hey there this is message 40947
hey there this is message 40948
hey there this is message 40949
hey there this is message 40950
hey there this is message 40951
hey there this is message 40952
hey there this is message 40953
hey there this is message 40954
hey there this is message 40955
hey there this is message 40956
hey there this is message 40957
hey there this is message 40958
hey there this is message 40959
hey there this is message 40960
hey there this is message 40961
hey there this is message 40962
hey there this is message 40963
hey there this is message 40964
hey there this is message 40965
hey there this is message 40966
hey there this is message 40967
hey there this is message 40968
hey there this is message 40969
hey there this is message 40970
hey there this is message 40971
hey there this is message 40972
hey there this is message 40973
hey there this is message 40974
hey there this is message 40975
hey there this is message 40976
hey there this is message 40977
hey there this is message 40978
hey there this is message 40979
hey there this is message 40980
hey there this is message 40981
hey there this is message 40982
hey there this is message 40983
hey there this is message 40984
hey there this is message 40985
hey there this is message 40986
hey there this is message 40987
hey there this is message 40988
hey there this is message 40989
hey there this is message 40990
hey there this is message 40991
hey there this is message 40992
hey there this is message 40993
hey there this is message 40994
hey there this is message 40995
hey there this is message 40996
hey there this is message 40997
hey there this is message 40998
hey there this is message 40999
hey there this is message 41000
hey there this is message 41001
hey there this is message 41002
hey there this is message 41003
hey there this is message 41004
hey there this is message 41005
hey there this is message 41006
hey there this is message 41007
hey there this is message 41008
hey there this is message 41009
hey there this is message 41010
hey there this is message 41011
hey there this is message 41012
hey there this is message 41013
hey there this is message 41014
hey there this is message 41015
hey there this is message 41016
hey there this is message 41017
hey there this is message 41018
hey there this is message 41019
hey there this is message 41020
hey there this is message 41021
hey there this is message 41022
hey there this is message 41023
hey there this is message 41024
hey there this is message 41025
hey there this is message 41026
hey there this is message 41027
hey there this is message 41028
hey there this is message 41029
hey there this is message 41030
hey there this is message 41031
hey there this is message 41032
hey there this is message 41033
hey there this is message 41034
hey there this is message 41035
hey there this is message 41036
hey there this is message 41037
hey there this is message 41038
hey there this is message 41039
hey there this is message 41040
hey there this is message 41041
hey there this is message 41042
hey there this is message 41043
hey there this is message 41044
hey there this is message 41045
hey there this is message 41046
hey there this is message 41047
hey there this is message 41048
hey there this is message 41049
hey there this is message 41050
hey there this is message 41051
hey there this is message 41052
hey there this is message 41053
hey there this is message 41054
hey there this is message 41055
hey there this is message 41056
hey there this is message 41057
hey there this is message 41058
hey there this is message 41059
hey there this is message 41060
hey there this is message 41061
hey there this is message 41062
hey there this is message 41063
hey there this is message 41064
hey there this is message 41065
hey there this is message 41066
hey there this is message 41067
hey there this is message 41068
hey there this is message 41069
hey there this is message 41070
hey there this is message 41071
hey there this is message 41072
hey there this is message 41073
hey there this is message 41074
hey there this is message 41075
hey there this is message 41076
hey there this is message 41077
hey there this is message 41078
hey there this is message 41079
hey there this is message 41080
hey there this is message 41081
hey there this is message 41082
hey there this is message 41083
hey there this is message 41084
hey there this is message 41085
hey there this is message 41086
hey there this is message 41087
hey there this is message 41088
hey there this is message 41089
hey there this is message 41090
hey there this is message 41091
hey there this is message 41092
hey there this is message 41093
hey there this is message 41094
hey there this is message 41095
hey there this is message 41096
hey there this is message 41097
hey there this is message 41098
hey there this is message 41099
hey there this is message 41100
hey there this is message 41101
hey there this is message 41102
hey there this is message 41103
hey there this is message 41104
hey there this is message 41105
hey there this is message 41106
hey there this is message 41107
hey there this is message 41108
hey there this is message 41109
hey there this is message 41110
hey there this is message 41111
hey there this is message 41112
hey there this is message 41113
hey there this is message 41114
hey there this is message 41115
hey there this is message 41116
hey there this is message 41117
hey there this is message 41118
hey there this is message 41119
hey there this is message 41120
hey there this is message 41121
hey there this is message 41122
hey there this is message 41123
hey there this is message 41124
hey there this is message 41125
hey there this is message 41126
hey there this is message 41127
hey there this is message 41128
hey there this is message 41129
hey there this is message 41130
hey there this is message 41131
hey there this is message 41132
hey there this is message 41133
hey there this is message 41134
hey there this is message 41135
hey there this is message 41136
hey there this is message 41137
hey there this is message 41138
hey there this is message 41139
hey there this is message 41140
hey there this is message 41141
hey there this is message 41142
hey there this is message 41143
hey there this is message 41144
hey there this is message 41145
hey there this is message 41146
hey there this is message 41147
hey there this is message 41148
hey there this is message 41149
hey there this is message 41150
hey there this is message 41151
hey there this is message 41152
hey there this is message 41153
hey there this is message 41154
hey there this is message 41155
hey there this is message 41156
hey there this is message 41157
hey there this is message 41158
hey there this is message 41159
hey there this is message 41160
hey there this is message 41161
hey there this is message 41162
hey there this is message 41163
hey there this is message 41164
hey there this is message 41165
hey there this is message 41166
hey there this is message 41167
hey there this is message 41168
hey there this is message 41169
hey there this is message 41170
hey there this is message 41171
hey there this is message 41172
hey there this is message 41173
hey there this is message 41174
hey there this is message 41175
hey there this is message 41176
hey there this is message 41177
hey there this is message 41178
hey there this is message 41179
hey there this is message 41180
hey there this is message 41181
hey there this is message 41182
hey there this is message 41183
hey there this is message 41184
hey there this is message 41185
hey there this is message 41186
hey there this is message 41187
hey there this is message 41188
hey there this is message 41189
hey there this is message 41190
hey there this is message 41191
hey there this is message 41192
hey there this is message 41193
hey there this is message 41194
hey there this is message 41195
hey there this is message 41196
hey there this is message 41197
hey there this is message 41198
hey there this is message 41199
hey there this is message 41200
hey there this is message 41201
hey there this is message 41202
hey there this is message 41203
hey there this is message 41204
hey there this is message 41205
hey there this is message 41206
hey there this is message 41207
hey there this is message 41208
hey there this is message 41209
hey there this is message 41210
hey there this is message 41211
hey there this is message 41212
hey there this is message 41213
hey there this is message 41214
hey there this is message 41215
hey there this is message 41216
hey there this is message 41217
hey there this is message 41218
hey there this is message 41219
hey there this is message 41220
hey there this is message 41221
hey there this is message 41222
hey there this is message 41223
hey there this is message 41224
hey there this is message 41225
hey there this is message 41226
hey there this is message 41227
hey there this is message 41228
hey there this is message 41229
hey there this is message 41230
hey there this is message 41231
hey there this is message 41232
hey there this is message 41233
hey there this is message 41234
hey there this is message 41235
hey there this is message 41236
hey there this is message 41237
hey there this is message 41238
hey there this is message 41239
hey there this is message 41240
hey there this is message 41241
hey there this is message 41242
hey there this is message 41243
hey there this is message 41244
hey there this is message 41245
hey there this is message 41246
hey there this is message 41247
hey there this is message 41248
hey there this is message 41249
hey there this is message 41250
hey there this is message 41251
hey there this is message 41252
hey there this is message 41253
hey there this is message 41254
hey there this is message 41255
hey there this is message 41256
hey there this is message 41257
hey there this is message 41258
hey there this is message 41259
hey there this is message 41260
hey there this is message 41261
hey there this is message 41262
hey there this is message 41263
hey there this is message 41264
hey there this is message 41265
hey there this is message 41266
hey there this is message 41267
hey there this is message 41268
hey there this is message 41269
hey there this is message 41270
hey there this is message 41271
hey there this is message 41272
hey there this is message 41273
hey there this is message 41274
hey there this is message 41275
hey there this is message 41276
hey there this is message 41277
hey there this is message 41278
hey there this is message 41279
hey there this is message 41280
hey there this is message 41281
hey there this is message 41282
hey there this is message 41283
hey there this is message 41284
hey there this is message 41285
hey there this is message 41286
hey there this is message 41287
hey there this is message 41288
hey there this is message 41289
hey there this is message 41290
hey there this is message 41291
hey there this is message 41292
hey there this is message 41293
hey there this is message 41294
hey there this is message 41295
hey there this is message 41296
hey there this is message 41297
hey there this is message 41298
hey there this is message 41299
hey there this is message 41300
hey there this is message 41301
hey there this is message 41302
hey there this is message 41303
hey there this is message 41304
hey there this is message 41305
hey there this is message 41306
hey there this is message 41307
hey there this is message 41308
hey there this is message 41309
hey there this is message 41310
hey there this is message 41311
hey there this is message 41312
hey there this is message 41313
hey there this is message 41314
hey there this is message 41315
hey there this is message 41316
hey there this is message 41317
hey there this is message 41318
hey there this is message 41319
hey there this is message 41320
hey there this is message 41321
hey there this is message 41322
hey there this is message 41323
hey there this is message 41324
hey there this is message 41325
hey there this is message 41326
hey there this is message 41327
hey there this is message 41328
hey there this is message 41329
hey there this is message 41330
hey there this is message 41331
hey there this is message 41332
hey there this is message 41333
hey there this is message 41334
hey there this is message 41335
hey there this is message 41336
hey there this is message 41337
hey there this is message 41338
hey there this is message 41339
hey there this is message 41340
hey there this is message 41341
hey there this is message 41342
hey there this is message 41343
hey there this is message 41344
hey there this is message 41345
hey there this is message 41346
hey there this is message 41347
hey there this is message 41348
hey there this is message 41349
hey there this is message 41350
hey there this is message 41351
hey there this is message 41352
hey there this is message 41353
hey there this is message 41354
hey there this is message 41355
hey there this is message 41356
hey there this is message 41357
hey there this is message 41358
hey there this is message 41359
hey there this is message 41360
hey there this is message 41361
hey there this is message 41362
hey there this is message 41363
hey there this is message 41364
hey there this is message 41365
hey there this is message 41366
hey there this is message 41367
hey there this is message 41368
hey there this is message 41369
hey there this is message 41370
hey there this is message 41371
hey there this is message 41372
hey there this is message 41373
hey there this is message 41374
hey there this is message 41375
hey there this is message 41376
hey there this is message 41377
hey there this is message 41378
hey there this is message 41379
hey there this is message 41380
hey there this is message 41381
hey there this is message 41382
hey there this is message 41383
hey there this is message 41384
hey there this is message 41385
hey there this is message 41386
hey there this is message 41387
hey there this is message 41388
hey there this is message 41389
hey there this is message 41390
hey there this is message 41391
hey there this is message 41392
hey there this is message 41393
hey there this is message 41394
hey there this is message 41395
hey there this is message 41396
hey there this is message 41397
hey there this is message 41398
hey there this is message 41399
hey there this is message 41400
hey there this is message 41401
hey there this is message 41402
hey there this is message 41403
hey there this is message 41404
hey there this is message 41405
hey there this is message 41406
hey there this is message 41407
hey there this is message 41408
hey there this is message 41409
hey there this is message 41410
hey there this is message 41411
hey there this is message 41412
hey there this is message 41413
hey there this is message 41414
hey there this is message 41415
hey there this is message 41416
hey there this is message 41417
hey there this is message 41418
hey there this is message 41419
hey there this is message 41420
hey there this is message 41421
hey there this is message 41422
hey there this is message 41423
hey there this is message 41424
hey there this is message 41425
hey there this is message 41426
hey there this is message 41427
hey there this is message 41428
hey there this is message 41429
hey there this is message 41430
hey there this is message 41431
hey there this is message 41432
hey there this is message 41433
hey there this is message 41434
hey there this is message 41435
hey there this is message 41436
hey there this is message 41437
hey there this is message 41438
hey there this is message 41439
hey there this is message 41440
hey there this is message 41441
hey there this is message 41442
hey there this is message 41443
hey there this is message 41444
hey there this is message 41445
hey there this is message 41446
hey there this is message 41447
hey there this is message 41448
hey there this is message 41449
hey there this is message 41450
hey there this is message 41451
hey there this is message 41452
hey there this is message 41453
hey there this is message 41454
hey there this is message 41455
hey there this is message 41456
hey there this is message 41457
hey there this is message 41458
hey there this is message 41459
hey there this is message 41460
hey there this is message 41461
hey there this is message 41462
hey there this is message 41463
hey there this is message 41464
hey there this is message 41465
hey there this is message 41466
hey there this is message 41467
hey there this is message 41468
hey there this is message 41469
hey there this is message 41470
hey there this is message 41471
hey there this is message 41472
hey there this is message 41473
hey there this is message 41474
hey there this is message 41475
hey there this is message 41476
hey there this is message 41477
hey there this is message 41478
hey there this is message 41479
hey there this is message 41480
hey there this is message 41481
hey there this is message 41482
hey there this is message 41483
hey there this is message 41484
hey there this is message 41485
hey there this is message 41486
hey there this is message 41487
hey there this is message 41488
hey there this is message 41489
hey there this is message 41490
hey there this is message 41491
hey there this is message 41492
hey there this is message 41493
hey there this is message 41494
hey there this is message 41495
hey there this is message 41496
hey there this is message 41497
hey there this is message 41498
hey there this is message 41499
hey there this is message 41500
hey there this is message 41501
hey there this is message 41502
hey there this is message 41503
hey there this is message 41504
hey there this is message 41505
hey there this is message 41506
hey there this is message 41507
hey there this is message 41508
hey there this is message 41509
hey there this is message 41510
hey there this is message 41511
hey there this is message 41512
hey there this is message 41513
hey there this is message 41514
hey there this is message 41515
hey there this is message 41516
hey there this is message 41517
hey there this is message 41518
hey there this is message 41519
hey there this is message 41520
hey there this is message 41521
hey there this is message 41522
hey there this is message 41523
hey there this is message 41524
hey there this is message 41525
hey there this is message 41526
hey there this is message 41527
hey there this is message 41528
hey there this is message 41529
hey there this is message 41530
hey there this is message 41531
hey there this is message 41532
hey there this is message 41533
hey there this is message 41534
hey there this is message 41535
hey there this is message 41536
hey there this is message 41537
hey there this is message 41538
hey there this is message 41539
hey there this is message 41540
hey there this is message 41541
hey there this is message 41542
hey there this is message 41543
hey there this is message 41544
hey there this is message 41545
hey there this is message 41546
hey there this is message 41547
hey there this is message 41548
hey there this is message 41549
hey there this is message 41550
hey there this is message 41551
hey there this is message 41552
hey there this is message 41553
hey there this is message 41554
hey there this is message 41555
hey there this is message 41556
hey there this is message 41557
hey there this is message 41558
hey there this is message 41559
hey there this is message 41560
hey there this is message 41561
hey there this is message 41562
hey there this is message 41563
hey there this is message 41564
hey there this is message 41565
hey there this is message 41566
hey there this is message 41567
hey there this is message 41568
hey there this is message 41569
hey there this is message 41570
hey there this is message 41571
hey there this is message 41572
hey there this is message 41573
hey there this is message 41574
hey there this is message 41575
hey there this is message 41576
hey there this is message 41577
hey there this is message 41578
hey there this is message 41579
hey there this is message 41580
hey there this is message 41581
hey there this is message 41582
hey there this is message 41583
hey there this is message 41584
hey there this is message 41585
hey there this is message 41586
hey there this is message 41587
hey there this is message 41588
hey there this is message 41589
hey there this is message 41590
hey there this is message 41591
hey there this is message 41592
hey there this is message 41593
hey there this is message 41594
hey there this is message 41595
hey there this is message 41596
hey there this is message 41597
hey there this is message 41598
hey there this is message 41599
hey there this is message 41600
hey there this is message 41601
hey there this is message 41602
hey there this is message 41603
hey there this is message 41604
hey there this is message 41605
hey there this is message 41606
hey there this is message 41607
hey there this is message 41608
hey there this is message 41609
hey there this is message 41610
hey there this is message 41611
hey there this is message 41612
hey there this is message 41613
hey there this is message 41614
hey there this is message 41615
hey there this is message 41616
hey there this is message 41617
hey there this is message 41618
hey there this is message 41619
hey there this is message 41620
hey there this is message 41621
hey there this is message 41622
hey there this is message 41623
hey there this is message 41624
hey there this is message 41625
hey there this is message 41626
hey there this is message 41627
hey there this is message 41628
hey there this is message 41629
hey there this is message 41630
hey there this is message 41631
hey there this is message 41632
hey there this is message 41633
hey there this is message 41634
hey there this is message 41635
hey there this is message 41636
hey there this is message 41637
hey there this is message 41638
hey there this is message 41639
hey there this is message 41640
hey there this is message 41641
hey there this is message 41642
hey there this is message 41643
hey there this is message 41644
hey there this is message 41645
hey there this is message 41646
hey there this is message 41647
hey there this is message 41648
hey there this is message 41649
hey there this is message 41650
hey there this is message 41651
hey there this is message 41652
hey there this is message 41653
hey there this is message 41654
hey there this is message 41655
hey there this is message 41656
hey there this is message 41657
hey there this is message 41658
hey there this is message 41659
hey there this is message 41660
hey there this is message 41661
hey there this is message 41662
hey there this is message 41663
hey there this is message 41664
hey there this is message 41665
hey there this is message 41666
hey there this is message 41667
hey there this is message 41668
hey there this is message 41669
hey there this is message 41670
hey there this is message 41671
hey there this is message 41672
hey there this is message 41673
hey there this is message 41674
hey there this is message 41675
hey there this is message 41676
hey there this is message 41677
hey there this is message 41678
hey there this is message 41679
hey there this is message 41680
hey there this is message 41681
hey there this is message 41682
hey there this is message 41683
hey there this is message 41684
hey there this is message 41685
hey there this is message 41686
hey there this is message 41687
hey there this is message 41688
hey there this is message 41689
hey there this is message 41690
hey there this is message 41691
hey there this is message 41692
hey there this is message 41693
hey there this is message 41694
hey there this is message 41695
hey there this is message 41696
hey there this is message 41697
hey there this is message 41698
hey there this is message 41699
hey there this is message 41700
hey there this is message 41701
hey there this is message 41702
hey there this is message 41703
hey there this is message 41704
hey there this is message 41705
hey there this is message 41706
hey there this is message 41707
hey there this is message 41708
hey there this is message 41709
hey there this is message 41710
hey there this is message 41711
hey there this is message 41712
hey there this is message 41713
hey there this is message 41714
hey there this is message 41715
hey there this is message 41716
hey there this is message 41717
hey there this is message 41718
hey there this is message 41719
hey there this is message 41720
hey there this is message 41721
hey there this is message 41722
hey there this is message 41723
hey there this is message 41724
hey there this is message 41725
hey there this is message 41726
hey there this is message 41727
hey there this is message 41728
hey there this is message 41729
hey there this is message 41730
hey there this is message 41731
hey there this is message 41732
hey there this is message 41733
hey there this is message 41734
hey there this is message 41735
hey there this is message 41736
hey there this is message 41737
hey there this is message 41738
hey there this is message 41739
hey there this is message 41740
hey there this is message 41741
hey there this is message 41742
hey there this is message 41743
hey there this is message 41744
hey there this is message 41745
hey there this is message 41746
hey there this is message 41747
hey there this is message 41748
hey there this is message 41749
hey there this is message 41750
hey there this is message 41751
hey there this is message 41752
hey there this is message 41753
hey there this is message 41754
hey there this is message 41755
hey there this is message 41756
hey there this is message 41757
hey there this is message 41758
hey there this is message 41759
